I, [2019-09-06T14:31:01.381097 #17183]  INFO -- : [ff141f89-7b05-497c-88ad-b76632c88ef5]   Parameters: {"id"=>"2883"}
I, [2019-09-06T14:31:01.384562 #321]  INFO -- : [56475412-2467-481a-8b06-057fbc862d2b] Completed 200 OK in 19ms (Views: 0.2ms | ActiveRecord: 9.0ms)
I, [2019-09-06T14:31:01.385489 #321]  INFO -- : [7198e2b6-d393-478d-943f-46af2266b1ec] Started GET "/developments/1190" for 104.207.192.42 at 2019-09-06 14:31:01 -0400
I, [2019-09-06T14:31:01.385988 #321]  INFO -- : [7198e2b6-d393-478d-943f-46af2266b1ec] Processing by DevelopmentsController#show as JSONAPI
I, [2019-09-06T14:31:01.386035 #321]  INFO -- : [7198e2b6-d393-478d-943f-46af2266b1ec]   Parameters: {"id"=>"1190"}
I, [2019-09-06T14:31:01.394661 #417]  INFO -- : [e6ec55da-4589-4d4b-8909-3bd517092698] Completed 200 OK in 29ms (Views: 0.3ms | ActiveRecord: 19.0ms)
I, [2019-09-06T14:31:01.396740 #417]  INFO -- : [76cbe1e1-d26f-44eb-a8df-996b97a9fffe] Started GET "/developments/1046" for 104.207.192.42 at 2019-09-06 14:31:01 -0400
I, [2019-09-06T14:31:01.397484 #417]  INFO -- : [76cbe1e1-d26f-44eb-a8df-996b97a9fffe] Processing by DevelopmentsController#show as JSONAPI
I, [2019-09-06T14:31:01.397551 #417]  INFO -- : [76cbe1e1-d26f-44eb-a8df-996b97a9fffe]   Parameters: {"id"=>"1046"}
I, [2019-09-06T14:31:01.398624 #17183]  INFO -- : [ff141f89-7b05-497c-88ad-b76632c88ef5] Completed 200 OK in 17ms (Views: 0.3ms | ActiveRecord: 9.1ms)
I, [2019-09-06T14:31:01.399922 #17183]  INFO -- : [770f2bb8-598f-4957-83cd-0ec20e513300] Started GET "/developments/3173" for 104.207.192.42 at 2019-09-06 14:31:01 -0400
I, [2019-09-06T14:31:01.400791 #17183]  INFO -- : [770f2bb8-598f-4957-83cd-0ec20e513300] Processing by DevelopmentsController#show as JSONAPI
I, [2019-09-06T14:31:01.400857 #17183]  INFO -- : [770f2bb8-598f-4957-83cd-0ec20e513300]   Parameters: {"id"=>"3173"}
I, [2019-09-06T14:31:01.404507 #321]  INFO -- : [7198e2b6-d393-478d-943f-46af2266b1ec] Completed 200 OK in 18ms (Views: 0.2ms | ActiveRecord: 10.5ms)
I, [2019-09-06T14:31:01.405339 #321]  INFO -- : [191755c6-d68d-40e3-926f-56ea6c18dbb0] Started GET "/developments/4770" for 104.207.192.42 at 2019-09-06 14:31:01 -0400
I, [2019-09-06T14:31:01.405821 #321]  INFO -- : [191755c6-d68d-40e3-926f-56ea6c18dbb0] Processing by DevelopmentsController#show as JSONAPI
I, [2019-09-06T14:31:01.405868 #321]  INFO -- : [191755c6-d68d-40e3-926f-56ea6c18dbb0]   Parameters: {"id"=>"4770"}
I, [2019-09-06T14:31:01.412484 #417]  INFO -- : [76cbe1e1-d26f-44eb-a8df-996b97a9fffe] Completed 200 OK in 15ms (Views: 0.2ms | ActiveRecord: 7.7ms)
I, [2019-09-06T14:31:01.413898 #417]  INFO -- : [3d8965d4-ea8d-4a3b-ae4d-9a9a264cb82d] Started GET "/developments/4336" for 104.207.192.42 at 2019-09-06 14:31:01 -0400
I, [2019-09-06T14:31:01.414566 #417]  INFO -- : [3d8965d4-ea8d-4a3b-ae4d-9a9a264cb82d] Processing by DevelopmentsController#show as JSONAPI
I, [2019-09-06T14:31:01.414633 #417]  INFO -- : [3d8965d4-ea8d-4a3b-ae4d-9a9a264cb82d]   Parameters: {"id"=>"4336"}
I, [2019-09-06T14:31:01.416871 #17183]  INFO -- : [770f2bb8-598f-4957-83cd-0ec20e513300] Completed 200 OK in 16ms (Views: 0.2ms | ActiveRecord: 8.2ms)
I, [2019-09-06T14:31:01.417961 #17183]  INFO -- : [dc148c92-55b8-47f5-a227-f91e6634caa9] Started GET "/developments/476" for 104.207.192.42 at 2019-09-06 14:31:01 -0400
I, [2019-09-06T14:31:01.418758 #17183]  INFO -- : [dc148c92-55b8-47f5-a227-f91e6634caa9] Processing by DevelopmentsController#show as JSONAPI
I, [2019-09-06T14:31:01.418826 #17183]  INFO -- : [dc148c92-55b8-47f5-a227-f91e6634caa9]   Parameters: {"id"=>"476"}
I, [2019-09-06T14:31:01.422102 #321]  INFO -- : [191755c6-d68d-40e3-926f-56ea6c18dbb0] Completed 200 OK in 16ms (Views: 0.3ms | ActiveRecord: 6.4ms)
I, [2019-09-06T14:31:01.423560 #321]  INFO -- : [a2437976-b4d7-4922-92c2-f19e0e9cba22] Started GET "/developments/2687" for 104.207.192.42 at 2019-09-06 14:31:01 -0400
I, [2019-09-06T14:31:01.424261 #321]  INFO -- : [a2437976-b4d7-4922-92c2-f19e0e9cba22] Processing by DevelopmentsController#show as JSONAPI
I, [2019-09-06T14:31:01.424327 #321]  INFO -- : [a2437976-b4d7-4922-92c2-f19e0e9cba22]   Parameters: {"id"=>"2687"}
I, [2019-09-06T14:31:01.429665 #417]  INFO -- : [3d8965d4-ea8d-4a3b-ae4d-9a9a264cb82d] Completed 200 OK in 15ms (Views: 1.7ms | ActiveRecord: 6.4ms)
I, [2019-09-06T14:31:01.431066 #417]  INFO -- : [1801a5fd-5142-4cae-8baf-3676074c31fc] Started GET "/developments/446" for 104.207.192.42 at 2019-09-06 14:31:01 -0400
I, [2019-09-06T14:31:01.431570 #17183]  INFO -- : [dc148c92-55b8-47f5-a227-f91e6634caa9] Completed 200 OK in 13ms (Views: 0.2ms | ActiveRecord: 4.7ms)
I, [2019-09-06T14:31:01.431771 #417]  INFO -- : [1801a5fd-5142-4cae-8baf-3676074c31fc] Processing by DevelopmentsController#show as JSONAPI
I, [2019-09-06T14:31:01.431837 #417]  INFO -- : [1801a5fd-5142-4cae-8baf-3676074c31fc]   Parameters: {"id"=>"446"}
I, [2019-09-06T14:31:01.432849 #17183]  INFO -- : [6bb01a9a-c968-44dd-9a37-fff084d8ac09] Started GET "/developments/1451" for 104.207.192.42 at 2019-09-06 14:31:01 -0400
I, [2019-09-06T14:31:01.433582 #17183]  INFO -- : [6bb01a9a-c968-44dd-9a37-fff084d8ac09] Processing by DevelopmentsController#show as JSONAPI
I, [2019-09-06T14:31:01.433634 #17183]  INFO -- : [6bb01a9a-c968-44dd-9a37-fff084d8ac09]   Parameters: {"id"=>"1451"}
I, [2019-09-06T14:31:01.437811 #321]  INFO -- : [a2437976-b4d7-4922-92c2-f19e0e9cba22] Completed 200 OK in 13ms (Views: 0.2ms | ActiveRecord: 6.7ms)
I, [2019-09-06T14:31:01.439199 #321]  INFO -- : [d2f40487-5f6f-4c20-b3c3-18691e642b35] Started GET "/developments/1490" for 104.207.192.42 at 2019-09-06 14:31:01 -0400
I, [2019-09-06T14:31:01.439877 #321]  INFO -- : [d2f40487-5f6f-4c20-b3c3-18691e642b35] Processing by DevelopmentsController#show as JSONAPI
I, [2019-09-06T14:31:01.439965 #321]  INFO -- : [d2f40487-5f6f-4c20-b3c3-18691e642b35]   Parameters: {"id"=>"1490"}
I, [2019-09-06T14:31:01.446055 #417]  INFO -- : [1801a5fd-5142-4cae-8baf-3676074c31fc] Completed 200 OK in 14ms (Views: 0.2ms | ActiveRecord: 6.9ms)
I, [2019-09-06T14:31:01.447447 #417]  INFO -- : [6e59250a-be9c-40a1-8f66-0e0b94bea7d7] Started GET "/developments/4337" for 104.207.192.42 at 2019-09-06 14:31:01 -0400
I, [2019-09-06T14:31:01.447473 #17183]  INFO -- : [6bb01a9a-c968-44dd-9a37-fff084d8ac09] Completed 200 OK in 14ms (Views: 0.2ms | ActiveRecord: 6.4ms)
I, [2019-09-06T14:31:01.448530 #417]  INFO -- : [6e59250a-be9c-40a1-8f66-0e0b94bea7d7] Processing by DevelopmentsController#show as JSONAPI
I, [2019-09-06T14:31:01.448607 #417]  INFO -- : [6e59250a-be9c-40a1-8f66-0e0b94bea7d7]   Parameters: {"id"=>"4337"}
I, [2019-09-06T14:31:01.449287 #17183]  INFO -- : [a547acb8-c234-4c89-8b08-4dc38d6fb3b7] Started GET "/developments/4370" for 104.207.192.42 at 2019-09-06 14:31:01 -0400
I, [2019-09-06T14:31:01.449731 #17183]  INFO -- : [a547acb8-c234-4c89-8b08-4dc38d6fb3b7] Processing by DevelopmentsController#show as JSONAPI
I, [2019-09-06T14:31:01.449777 #17183]  INFO -- : [a547acb8-c234-4c89-8b08-4dc38d6fb3b7]   Parameters: {"id"=>"4370"}
I, [2019-09-06T14:31:01.458614 #321]  INFO -- : [d2f40487-5f6f-4c20-b3c3-18691e642b35] Completed 200 OK in 19ms (Views: 0.2ms | ActiveRecord: 11.5ms)
I, [2019-09-06T14:31:01.459984 #321]  INFO -- : [39d3fc39-542c-4757-9b83-d4f502195e9a] Started GET "/developments/329" for 104.207.192.42 at 2019-09-06 14:31:01 -0400
I, [2019-09-06T14:31:01.460533 #321]  INFO -- : [39d3fc39-542c-4757-9b83-d4f502195e9a] Processing by DevelopmentsController#show as JSONAPI
I, [2019-09-06T14:31:01.460601 #321]  INFO -- : [39d3fc39-542c-4757-9b83-d4f502195e9a]   Parameters: {"id"=>"329"}
I, [2019-09-06T14:31:01.467274 #417]  INFO -- : [6e59250a-be9c-40a1-8f66-0e0b94bea7d7] Completed 200 OK in 19ms (Views: 0.2ms | ActiveRecord: 6.7ms)
I, [2019-09-06T14:31:01.468269 #417]  INFO -- : [42423c47-a74b-4994-bc1c-05a754880bf3] Started GET "/developments/928" for 104.207.192.42 at 2019-09-06 14:31:01 -0400
I, [2019-09-06T14:31:01.468696 #417]  INFO -- : [42423c47-a74b-4994-bc1c-05a754880bf3] Processing by DevelopmentsController#show as JSONAPI
I, [2019-09-06T14:31:01.468743 #417]  INFO -- : [42423c47-a74b-4994-bc1c-05a754880bf3]   Parameters: {"id"=>"928"}
I, [2019-09-06T14:31:01.471074 #321]  INFO -- : [39d3fc39-542c-4757-9b83-d4f502195e9a] Completed 200 OK in 10ms (Views: 0.2ms | ActiveRecord: 3.6ms)
I, [2019-09-06T14:31:01.471104 #17183]  INFO -- : [a547acb8-c234-4c89-8b08-4dc38d6fb3b7] Completed 200 OK in 21ms (Views: 0.2ms | ActiveRecord: 5.1ms)
I, [2019-09-06T14:31:01.472340 #17183]  INFO -- : [47700328-7671-4d11-bf65-b6725b5a99d5] Started GET "/developments/1230" for 104.207.192.42 at 2019-09-06 14:31:01 -0400
I, [2019-09-06T14:31:01.472995 #321]  INFO -- : [0197d935-6b10-4442-a2f4-3c09079e3049] Started GET "/developments/4367" for 104.207.192.42 at 2019-09-06 14:31:01 -0400
I, [2019-09-06T14:31:01.473598 #321]  INFO -- : [0197d935-6b10-4442-a2f4-3c09079e3049] Processing by DevelopmentsController#show as JSONAPI
I, [2019-09-06T14:31:01.473664 #321]  INFO -- : [0197d935-6b10-4442-a2f4-3c09079e3049]   Parameters: {"id"=>"4367"}
I, [2019-09-06T14:31:01.474290 #17183]  INFO -- : [47700328-7671-4d11-bf65-b6725b5a99d5] Processing by DevelopmentsController#show as JSONAPI
I, [2019-09-06T14:31:01.474358 #17183]  INFO -- : [47700328-7671-4d11-bf65-b6725b5a99d5]   Parameters: {"id"=>"1230"}
I, [2019-09-06T14:31:01.482892 #417]  INFO -- : [42423c47-a74b-4994-bc1c-05a754880bf3] Completed 200 OK in 14ms (Views: 0.2ms | ActiveRecord: 5.1ms)
I, [2019-09-06T14:31:01.485575 #321]  INFO -- : [0197d935-6b10-4442-a2f4-3c09079e3049] Completed 200 OK in 12ms (Views: 0.2ms | ActiveRecord: 5.3ms)
I, [2019-09-06T14:31:01.486495 #321]  INFO -- : [c95166a5-a22e-4676-b257-6d40463a5d1d] Started GET "/developments/3561" for 104.207.192.42 at 2019-09-06 14:31:01 -0400
I, [2019-09-06T14:31:01.486922 #17183]  INFO -- : [47700328-7671-4d11-bf65-b6725b5a99d5] Completed 200 OK in 12ms (Views: 0.2ms | ActiveRecord: 4.5ms)
I, [2019-09-06T14:31:01.487102 #321]  INFO -- : [c95166a5-a22e-4676-b257-6d40463a5d1d] Processing by DevelopmentsController#show as JSONAPI
I, [2019-09-06T14:31:01.487167 #321]  INFO -- : [c95166a5-a22e-4676-b257-6d40463a5d1d]   Parameters: {"id"=>"3561"}
I, [2019-09-06T14:31:01.487905 #417]  INFO -- : [8ec87b7f-0782-43b8-a948-b0d87d8fd4ad] Started GET "/developments/3842" for 104.207.192.42 at 2019-09-06 14:31:01 -0400
I, [2019-09-06T14:31:01.488437 #17183]  INFO -- : [f0eba9bf-aabc-492f-ac8c-f1343f96c496] Started GET "/developments/782" for 104.207.192.42 at 2019-09-06 14:31:01 -0400
I, [2019-09-06T14:31:01.488567 #417]  INFO -- : [8ec87b7f-0782-43b8-a948-b0d87d8fd4ad] Processing by DevelopmentsController#show as JSONAPI
I, [2019-09-06T14:31:01.488632 #417]  INFO -- : [8ec87b7f-0782-43b8-a948-b0d87d8fd4ad]   Parameters: {"id"=>"3842"}
I, [2019-09-06T14:31:01.489200 #17183]  INFO -- : [f0eba9bf-aabc-492f-ac8c-f1343f96c496] Processing by DevelopmentsController#show as JSONAPI
I, [2019-09-06T14:31:01.489267 #17183]  INFO -- : [f0eba9bf-aabc-492f-ac8c-f1343f96c496]   Parameters: {"id"=>"782"}
I, [2019-09-06T14:31:01.499450 #417]  INFO -- : [8ec87b7f-0782-43b8-a948-b0d87d8fd4ad] Completed 200 OK in 11ms (Views: 0.2ms | ActiveRecord: 4.3ms)
I, [2019-09-06T14:31:01.500902 #417]  INFO -- : [0e5fe758-88b6-4909-b5de-8844e8419414] Started GET "/developments/3340" for 104.207.192.42 at 2019-09-06 14:31:01 -0400
I, [2019-09-06T14:31:01.501548 #417]  INFO -- : [0e5fe758-88b6-4909-b5de-8844e8419414] Processing by DevelopmentsController#show as JSONAPI
I, [2019-09-06T14:31:01.501612 #417]  INFO -- : [0e5fe758-88b6-4909-b5de-8844e8419414]   Parameters: {"id"=>"3340"}
I, [2019-09-06T14:31:01.502102 #17183]  INFO -- : [f0eba9bf-aabc-492f-ac8c-f1343f96c496] Completed 200 OK in 13ms (Views: 0.2ms | ActiveRecord: 5.2ms)
I, [2019-09-06T14:31:01.503095 #17183]  INFO -- : [a4d85952-c53a-4235-88fe-f426427856ff] Started GET "/developments/4579" for 104.207.192.42 at 2019-09-06 14:31:01 -0400
I, [2019-09-06T14:31:01.503723 #17183]  INFO -- : [a4d85952-c53a-4235-88fe-f426427856ff] Processing by DevelopmentsController#show as JSONAPI
I, [2019-09-06T14:31:01.503851 #17183]  INFO -- : [a4d85952-c53a-4235-88fe-f426427856ff]   Parameters: {"id"=>"4579"}
I, [2019-09-06T14:31:01.504781 #321]  INFO -- : [c95166a5-a22e-4676-b257-6d40463a5d1d] Completed 200 OK in 18ms (Views: 0.3ms | ActiveRecord: 8.4ms)
I, [2019-09-06T14:31:01.506213 #321]  INFO -- : [ba3de055-ffda-41f5-9f95-fcf3b8a1e17e] Started GET "/developments/326" for 104.207.192.42 at 2019-09-06 14:31:01 -0400
I, [2019-09-06T14:31:01.506872 #321]  INFO -- : [ba3de055-ffda-41f5-9f95-fcf3b8a1e17e] Processing by DevelopmentsController#show as JSONAPI
I, [2019-09-06T14:31:01.506935 #321]  INFO -- : [ba3de055-ffda-41f5-9f95-fcf3b8a1e17e]   Parameters: {"id"=>"326"}
I, [2019-09-06T14:31:01.514143 #417]  INFO -- : [0e5fe758-88b6-4909-b5de-8844e8419414] Completed 200 OK in 12ms (Views: 0.2ms | ActiveRecord: 4.1ms)
I, [2019-09-06T14:31:01.515656 #417]  INFO -- : [94c3782e-e3de-4bd8-980c-42d7e3167b15] Started GET "/developments/2031" for 104.207.192.42 at 2019-09-06 14:31:01 -0400
I, [2019-09-06T14:31:01.516355 #417]  INFO -- : [94c3782e-e3de-4bd8-980c-42d7e3167b15] Processing by DevelopmentsController#show as JSONAPI
I, [2019-09-06T14:31:01.516422 #417]  INFO -- : [94c3782e-e3de-4bd8-980c-42d7e3167b15]   Parameters: {"id"=>"2031"}
I, [2019-09-06T14:31:01.518017 #17183]  INFO -- : [a4d85952-c53a-4235-88fe-f426427856ff] Completed 200 OK in 14ms (Views: 0.2ms | ActiveRecord: 4.5ms)
I, [2019-09-06T14:31:01.519639 #17183]  INFO -- : [74c67083-034d-4458-b973-16d4e2c16d98] Started GET "/developments/4414" for 104.207.192.42 at 2019-09-06 14:31:01 -0400
I, [2019-09-06T14:31:01.520470 #17183]  INFO -- : [74c67083-034d-4458-b973-16d4e2c16d98] Processing by DevelopmentsController#show as JSONAPI
I, [2019-09-06T14:31:01.520537 #17183]  INFO -- : [74c67083-034d-4458-b973-16d4e2c16d98]   Parameters: {"id"=>"4414"}
I, [2019-09-06T14:31:01.521518 #321]  INFO -- : [ba3de055-ffda-41f5-9f95-fcf3b8a1e17e] Completed 200 OK in 14ms (Views: 0.2ms | ActiveRecord: 7.3ms)
I, [2019-09-06T14:31:01.522437 #321]  INFO -- : [f847cbef-1785-4de9-a080-5090d45e16bb] Started GET "/developments/3844" for 104.207.192.42 at 2019-09-06 14:31:01 -0400
I, [2019-09-06T14:31:01.523135 #321]  INFO -- : [f847cbef-1785-4de9-a080-5090d45e16bb] Processing by DevelopmentsController#show as JSONAPI
I, [2019-09-06T14:31:01.523201 #321]  INFO -- : [f847cbef-1785-4de9-a080-5090d45e16bb]   Parameters: {"id"=>"3844"}
I, [2019-09-06T14:31:01.529653 #417]  INFO -- : [94c3782e-e3de-4bd8-980c-42d7e3167b15] Completed 200 OK in 13ms (Views: 0.2ms | ActiveRecord: 5.9ms)
I, [2019-09-06T14:31:01.531192 #417]  INFO -- : [e5d6e12f-aa87-420e-b625-9d233fb3c27b] Started GET "/developments/2754" for 104.207.192.42 at 2019-09-06 14:31:01 -0400
I, [2019-09-06T14:31:01.531884 #417]  INFO -- : [e5d6e12f-aa87-420e-b625-9d233fb3c27b] Processing by DevelopmentsController#show as JSONAPI
I, [2019-09-06T14:31:01.531986 #417]  INFO -- : [e5d6e12f-aa87-420e-b625-9d233fb3c27b]   Parameters: {"id"=>"2754"}
I, [2019-09-06T14:31:01.534440 #17183]  INFO -- : [74c67083-034d-4458-b973-16d4e2c16d98] Completed 200 OK in 14ms (Views: 0.3ms | ActiveRecord: 4.0ms)
I, [2019-09-06T14:31:01.536684 #17183]  INFO -- : [7e761549-5a24-4f3c-b0db-3bd0c0f293a6] Started GET "/developments/1650" for 104.207.192.42 at 2019-09-06 14:31:01 -0400
I, [2019-09-06T14:31:01.537016 #321]  INFO -- : [f847cbef-1785-4de9-a080-5090d45e16bb] Completed 200 OK in 14ms (Views: 0.2ms | ActiveRecord: 5.9ms)
I, [2019-09-06T14:31:01.537543 #17183]  INFO -- : [7e761549-5a24-4f3c-b0db-3bd0c0f293a6] Processing by DevelopmentsController#show as JSONAPI
I, [2019-09-06T14:31:01.537612 #17183]  INFO -- : [7e761549-5a24-4f3c-b0db-3bd0c0f293a6]   Parameters: {"id"=>"1650"}
I, [2019-09-06T14:31:01.538464 #321]  INFO -- : [ec651aa2-8459-4013-809c-9863f5b85767] Started GET "/developments/3392" for 104.207.192.42 at 2019-09-06 14:31:01 -0400
I, [2019-09-06T14:31:01.539134 #321]  INFO -- : [ec651aa2-8459-4013-809c-9863f5b85767] Processing by DevelopmentsController#show as JSONAPI
I, [2019-09-06T14:31:01.539196 #321]  INFO -- : [ec651aa2-8459-4013-809c-9863f5b85767]   Parameters: {"id"=>"3392"}
I, [2019-09-06T14:31:01.547132 #417]  INFO -- : [e5d6e12f-aa87-420e-b625-9d233fb3c27b] Completed 200 OK in 15ms (Views: 0.3ms | ActiveRecord: 7.2ms)
I, [2019-09-06T14:31:01.548659 #417]  INFO -- : [efb2a707-b47d-480d-88d5-0aa9313535fd] Started GET "/developments/2351" for 104.207.192.42 at 2019-09-06 14:31:01 -0400
I, [2019-09-06T14:31:01.549360 #417]  INFO -- : [efb2a707-b47d-480d-88d5-0aa9313535fd] Processing by DevelopmentsController#show as JSONAPI
I, [2019-09-06T14:31:01.549453 #417]  INFO -- : [efb2a707-b47d-480d-88d5-0aa9313535fd]   Parameters: {"id"=>"2351"}
I, [2019-09-06T14:31:01.549834 #17183]  INFO -- : [7e761549-5a24-4f3c-b0db-3bd0c0f293a6] Completed 200 OK in 12ms (Views: 0.3ms | ActiveRecord: 3.2ms)
I, [2019-09-06T14:31:01.550810 #17183]  INFO -- : [9b226297-c075-4a0e-b5aa-78a577a5d73e] Started GET "/developments/325" for 104.207.192.42 at 2019-09-06 14:31:01 -0400
I, [2019-09-06T14:31:01.551556 #17183]  INFO -- : [9b226297-c075-4a0e-b5aa-78a577a5d73e] Processing by DevelopmentsController#show as JSONAPI
I, [2019-09-06T14:31:01.551624 #17183]  INFO -- : [9b226297-c075-4a0e-b5aa-78a577a5d73e]   Parameters: {"id"=>"325"}
I, [2019-09-06T14:31:01.556128 #321]  INFO -- : [ec651aa2-8459-4013-809c-9863f5b85767] Completed 200 OK in 17ms (Views: 0.3ms | ActiveRecord: 10.1ms)
I, [2019-09-06T14:31:01.557491 #321]  INFO -- : [394ef656-caaa-4e13-be82-a6617ec23611] Started GET "/developments/3617" for 104.207.192.42 at 2019-09-06 14:31:01 -0400
I, [2019-09-06T14:31:01.558147 #321]  INFO -- : [394ef656-caaa-4e13-be82-a6617ec23611] Processing by DevelopmentsController#show as JSONAPI
I, [2019-09-06T14:31:01.558211 #321]  INFO -- : [394ef656-caaa-4e13-be82-a6617ec23611]   Parameters: {"id"=>"3617"}
I, [2019-09-06T14:31:01.559411 #417]  INFO -- : [efb2a707-b47d-480d-88d5-0aa9313535fd] Completed 200 OK in 10ms (Views: 0.2ms | ActiveRecord: 3.2ms)
I, [2019-09-06T14:31:01.560274 #417]  INFO -- : [779e44d0-5b1e-4e14-b8d8-eb7cefb7ea2d] Started GET "/developments/87" for 104.207.192.42 at 2019-09-06 14:31:01 -0400
I, [2019-09-06T14:31:01.560894 #417]  INFO -- : [779e44d0-5b1e-4e14-b8d8-eb7cefb7ea2d] Processing by DevelopmentsController#show as JSONAPI
I, [2019-09-06T14:31:01.560943 #417]  INFO -- : [779e44d0-5b1e-4e14-b8d8-eb7cefb7ea2d]   Parameters: {"id"=>"87"}
I, [2019-09-06T14:31:01.568864 #321]  INFO -- : [394ef656-caaa-4e13-be82-a6617ec23611] Completed 200 OK in 11ms (Views: 0.2ms | ActiveRecord: 3.8ms)
I, [2019-09-06T14:31:01.569831 #321]  INFO -- : [43604981-c076-467e-a23c-6dc6a8a4403e] Started GET "/developments/1207" for 104.207.192.42 at 2019-09-06 14:31:01 -0400
I, [2019-09-06T14:31:01.570387 #321]  INFO -- : [43604981-c076-467e-a23c-6dc6a8a4403e] Processing by DevelopmentsController#show as JSONAPI
I, [2019-09-06T14:31:01.570461 #321]  INFO -- : [43604981-c076-467e-a23c-6dc6a8a4403e]   Parameters: {"id"=>"1207"}
I, [2019-09-06T14:31:01.573396 #17183]  INFO -- : [9b226297-c075-4a0e-b5aa-78a577a5d73e] Completed 200 OK in 22ms (Views: 0.2ms | ActiveRecord: 7.1ms)
I, [2019-09-06T14:31:01.574177 #417]  INFO -- : [779e44d0-5b1e-4e14-b8d8-eb7cefb7ea2d] Completed 200 OK in 13ms (Views: 0.3ms | ActiveRecord: 4.5ms)
I, [2019-09-06T14:31:01.575797 #417]  INFO -- : [630d71d8-4dfd-42ab-97da-9026c93937e6] Started GET "/developments/4295" for 104.207.192.42 at 2019-09-06 14:31:01 -0400
I, [2019-09-06T14:31:01.576391 #417]  INFO -- : [630d71d8-4dfd-42ab-97da-9026c93937e6] Processing by DevelopmentsController#show as JSONAPI
I, [2019-09-06T14:31:01.579856 #417]  INFO -- : [630d71d8-4dfd-42ab-97da-9026c93937e6]   Parameters: {"id"=>"4295"}
I, [2019-09-06T14:31:01.578073 #17183]  INFO -- : [aa4186c2-e52f-48c7-b90e-7e315d5d1331] Started GET "/developments/2051" for 104.207.192.42 at 2019-09-06 14:31:01 -0400
I, [2019-09-06T14:31:01.581600 #17183]  INFO -- : [aa4186c2-e52f-48c7-b90e-7e315d5d1331] Processing by DevelopmentsController#show as JSONAPI
I, [2019-09-06T14:31:01.581668 #17183]  INFO -- : [aa4186c2-e52f-48c7-b90e-7e315d5d1331]   Parameters: {"id"=>"2051"}
I, [2019-09-06T14:31:01.584509 #321]  INFO -- : [43604981-c076-467e-a23c-6dc6a8a4403e] Completed 200 OK in 14ms (Views: 0.3ms | ActiveRecord: 4.2ms)
I, [2019-09-06T14:31:01.585668 #321]  INFO -- : [b61fbe18-e828-40e0-bfd5-7b5441a5cad5] Started GET "/developments/3693" for 104.207.192.42 at 2019-09-06 14:31:01 -0400
I, [2019-09-06T14:31:01.586327 #321]  INFO -- : [b61fbe18-e828-40e0-bfd5-7b5441a5cad5] Processing by DevelopmentsController#show as JSONAPI
I, [2019-09-06T14:31:01.586394 #321]  INFO -- : [b61fbe18-e828-40e0-bfd5-7b5441a5cad5]   Parameters: {"id"=>"3693"}
I, [2019-09-06T14:31:01.590010 #417]  INFO -- : [630d71d8-4dfd-42ab-97da-9026c93937e6] Completed 200 OK in 10ms (Views: 0.2ms | ActiveRecord: 3.6ms)
I, [2019-09-06T14:31:01.591379 #417]  INFO -- : [4ff0be7a-0567-4ff7-9c6f-23041619a62e] Started GET "/developments/2977" for 104.207.192.42 at 2019-09-06 14:31:01 -0400
I, [2019-09-06T14:31:01.591984 #417]  INFO -- : [4ff0be7a-0567-4ff7-9c6f-23041619a62e] Processing by DevelopmentsController#show as JSONAPI
I, [2019-09-06T14:31:01.592047 #417]  INFO -- : [4ff0be7a-0567-4ff7-9c6f-23041619a62e]   Parameters: {"id"=>"2977"}
I, [2019-09-06T14:31:01.596566 #17183]  INFO -- : [aa4186c2-e52f-48c7-b90e-7e315d5d1331] Completed 200 OK in 15ms (Views: 0.2ms | ActiveRecord: 5.7ms)
I, [2019-09-06T14:31:01.597625 #17183]  INFO -- : [70b0d317-0abe-465f-8ead-c7d0dd6ccb4d] Started GET "/developments/2735" for 104.207.192.42 at 2019-09-06 14:31:01 -0400
I, [2019-09-06T14:31:01.598323 #17183]  INFO -- : [70b0d317-0abe-465f-8ead-c7d0dd6ccb4d] Processing by DevelopmentsController#show as JSONAPI
I, [2019-09-06T14:31:01.598381 #17183]  INFO -- : [70b0d317-0abe-465f-8ead-c7d0dd6ccb4d]   Parameters: {"id"=>"2735"}
I, [2019-09-06T14:31:01.604837 #417]  INFO -- : [4ff0be7a-0567-4ff7-9c6f-23041619a62e] Completed 200 OK in 13ms (Views: 0.2ms | ActiveRecord: 6.3ms)
I, [2019-09-06T14:31:01.607125 #321]  INFO -- : [b61fbe18-e828-40e0-bfd5-7b5441a5cad5] Completed 200 OK in 21ms (Views: 0.2ms | ActiveRecord: 8.2ms)
I, [2019-09-06T14:31:01.608205 #417]  INFO -- : [41c9b3ef-cdb0-4dd5-9dce-f1ec01dc69fe] Started GET "/developments/987" for 104.207.192.42 at 2019-09-06 14:31:01 -0400
I, [2019-09-06T14:31:01.608894 #417]  INFO -- : [41c9b3ef-cdb0-4dd5-9dce-f1ec01dc69fe] Processing by DevelopmentsController#show as JSONAPI
I, [2019-09-06T14:31:01.608947 #417]  INFO -- : [41c9b3ef-cdb0-4dd5-9dce-f1ec01dc69fe]   Parameters: {"id"=>"987"}
I, [2019-09-06T14:31:01.609800 #321]  INFO -- : [d22ad1f4-3ed2-4f89-b152-a9732bc7d999] Started GET "/developments/3077" for 104.207.192.42 at 2019-09-06 14:31:01 -0400
I, [2019-09-06T14:31:01.610294 #321]  INFO -- : [d22ad1f4-3ed2-4f89-b152-a9732bc7d999] Processing by DevelopmentsController#show as JSONAPI
I, [2019-09-06T14:31:01.610339 #321]  INFO -- : [d22ad1f4-3ed2-4f89-b152-a9732bc7d999]   Parameters: {"id"=>"3077"}
I, [2019-09-06T14:31:01.614855 #17183]  INFO -- : [70b0d317-0abe-465f-8ead-c7d0dd6ccb4d] Completed 200 OK in 16ms (Views: 0.3ms | ActiveRecord: 5.5ms)
I, [2019-09-06T14:31:01.615837 #17183]  INFO -- : [70c279c0-135a-4d4a-85a2-5e6a4abe7887] Started GET "/developments/1347" for 104.207.192.42 at 2019-09-06 14:31:01 -0400
I, [2019-09-06T14:31:01.616662 #17183]  INFO -- : [70c279c0-135a-4d4a-85a2-5e6a4abe7887] Processing by DevelopmentsController#show as JSONAPI
I, [2019-09-06T14:31:01.616731 #17183]  INFO -- : [70c279c0-135a-4d4a-85a2-5e6a4abe7887]   Parameters: {"id"=>"1347"}
I, [2019-09-06T14:31:01.620159 #417]  INFO -- : [41c9b3ef-cdb0-4dd5-9dce-f1ec01dc69fe] Completed 200 OK in 11ms (Views: 0.2ms | ActiveRecord: 3.4ms)
I, [2019-09-06T14:31:01.621067 #417]  INFO -- : [75dc3c1a-2f86-400d-8a27-deac87321394] Started GET "/developments/3593" for 104.207.192.42 at 2019-09-06 14:31:01 -0400
I, [2019-09-06T14:31:01.621694 #417]  INFO -- : [75dc3c1a-2f86-400d-8a27-deac87321394] Processing by DevelopmentsController#show as JSONAPI
I, [2019-09-06T14:31:01.621744 #417]  INFO -- : [75dc3c1a-2f86-400d-8a27-deac87321394]   Parameters: {"id"=>"3593"}
I, [2019-09-06T14:31:01.626194 #321]  INFO -- : [d22ad1f4-3ed2-4f89-b152-a9732bc7d999] Completed 200 OK in 16ms (Views: 0.2ms | ActiveRecord: 9.2ms)
I, [2019-09-06T14:31:01.628182 #321]  INFO -- : [b13e195b-f2ec-42c3-8bc6-69ef4d35b81b] Started GET "/developments/4456" for 104.207.192.42 at 2019-09-06 14:31:01 -0400
I, [2019-09-06T14:31:01.628867 #321]  INFO -- : [b13e195b-f2ec-42c3-8bc6-69ef4d35b81b] Processing by DevelopmentsController#show as JSONAPI
I, [2019-09-06T14:31:01.628932 #321]  INFO -- : [b13e195b-f2ec-42c3-8bc6-69ef4d35b81b]   Parameters: {"id"=>"4456"}
I, [2019-09-06T14:31:01.631893 #17183]  INFO -- : [70c279c0-135a-4d4a-85a2-5e6a4abe7887] Completed 200 OK in 15ms (Views: 0.3ms | ActiveRecord: 6.5ms)
I, [2019-09-06T14:31:01.633050 #17183]  INFO -- : [f1c6d25f-652a-442e-929e-de3382de974f] Started GET "/developments/2081" for 104.207.192.42 at 2019-09-06 14:31:01 -0400
I, [2019-09-06T14:31:01.633709 #17183]  INFO -- : [f1c6d25f-652a-442e-929e-de3382de974f] Processing by DevelopmentsController#show as JSONAPI
I, [2019-09-06T14:31:01.633758 #17183]  INFO -- : [f1c6d25f-652a-442e-929e-de3382de974f]   Parameters: {"id"=>"2081"}
I, [2019-09-06T14:31:01.636273 #417]  INFO -- : [75dc3c1a-2f86-400d-8a27-deac87321394] Completed 200 OK in 14ms (Views: 0.2ms | ActiveRecord: 6.1ms)
I, [2019-09-06T14:31:01.637730 #417]  INFO -- : [b718c831-b300-4b22-8a01-4be15a299d3d] Started GET "/developments/4071" for 104.207.192.42 at 2019-09-06 14:31:01 -0400
I, [2019-09-06T14:31:01.638416 #417]  INFO -- : [b718c831-b300-4b22-8a01-4be15a299d3d] Processing by DevelopmentsController#show as JSONAPI
I, [2019-09-06T14:31:01.638485 #417]  INFO -- : [b718c831-b300-4b22-8a01-4be15a299d3d]   Parameters: {"id"=>"4071"}
I, [2019-09-06T14:31:01.644692 #321]  INFO -- : [b13e195b-f2ec-42c3-8bc6-69ef4d35b81b] Completed 200 OK in 16ms (Views: 0.2ms | ActiveRecord: 4.5ms)
I, [2019-09-06T14:31:01.645692 #321]  INFO -- : [6549d016-df48-4a48-83e4-6f00a65d4ffd] Started GET "/developments/3969" for 104.207.192.42 at 2019-09-06 14:31:01 -0400
I, [2019-09-06T14:31:01.646407 #321]  INFO -- : [6549d016-df48-4a48-83e4-6f00a65d4ffd] Processing by DevelopmentsController#show as JSONAPI
I, [2019-09-06T14:31:01.646490 #321]  INFO -- : [6549d016-df48-4a48-83e4-6f00a65d4ffd]   Parameters: {"id"=>"3969"}
I, [2019-09-06T14:31:01.649958 #17183]  INFO -- : [f1c6d25f-652a-442e-929e-de3382de974f] Completed 200 OK in 16ms (Views: 0.3ms | ActiveRecord: 5.4ms)
I, [2019-09-06T14:31:01.651576 #17183]  INFO -- : [bde46129-1e9c-4cb3-ae50-3fb1bcc6a640] Started GET "/developments/253" for 104.207.192.42 at 2019-09-06 14:31:01 -0400
I, [2019-09-06T14:31:01.652205 #417]  INFO -- : [b718c831-b300-4b22-8a01-4be15a299d3d] Completed 200 OK in 14ms (Views: 0.2ms | ActiveRecord: 6.8ms)
I, [2019-09-06T14:31:01.652444 #17183]  INFO -- : [bde46129-1e9c-4cb3-ae50-3fb1bcc6a640] Processing by DevelopmentsController#show as JSONAPI
I, [2019-09-06T14:31:01.652510 #17183]  INFO -- : [bde46129-1e9c-4cb3-ae50-3fb1bcc6a640]   Parameters: {"id"=>"253"}
I, [2019-09-06T14:31:01.653105 #417]  INFO -- : [eec2de3d-e86a-4a70-b7cb-c77a0f93d800] Started GET "/developments/4128" for 104.207.192.42 at 2019-09-06 14:31:01 -0400
I, [2019-09-06T14:31:01.653822 #417]  INFO -- : [eec2de3d-e86a-4a70-b7cb-c77a0f93d800] Processing by DevelopmentsController#show as JSONAPI
I, [2019-09-06T14:31:01.653922 #417]  INFO -- : [eec2de3d-e86a-4a70-b7cb-c77a0f93d800]   Parameters: {"id"=>"4128"}
I, [2019-09-06T14:31:01.662197 #321]  INFO -- : [6549d016-df48-4a48-83e4-6f00a65d4ffd] Completed 200 OK in 16ms (Views: 0.2ms | ActiveRecord: 4.0ms)
I, [2019-09-06T14:31:01.664361 #321]  INFO -- : [d3df6d21-8371-434e-bf8c-cab4aeec946f] Started GET "/developments/3360" for 104.207.192.42 at 2019-09-06 14:31:01 -0400
I, [2019-09-06T14:31:01.665050 #321]  INFO -- : [d3df6d21-8371-434e-bf8c-cab4aeec946f] Processing by DevelopmentsController#show as JSONAPI
I, [2019-09-06T14:31:01.665115 #321]  INFO -- : [d3df6d21-8371-434e-bf8c-cab4aeec946f]   Parameters: {"id"=>"3360"}
I, [2019-09-06T14:31:01.665610 #17183]  INFO -- : [bde46129-1e9c-4cb3-ae50-3fb1bcc6a640] Completed 200 OK in 13ms (Views: 0.2ms | ActiveRecord: 5.0ms)
I, [2019-09-06T14:31:01.668658 #417]  INFO -- : [eec2de3d-e86a-4a70-b7cb-c77a0f93d800] Completed 200 OK in 15ms (Views: 0.2ms | ActiveRecord: 6.7ms)
I, [2019-09-06T14:31:01.669661 #17183]  INFO -- : [8e96f916-9e86-4061-8463-b428f3bc85da] Started GET "/developments/4232" for 104.207.192.42 at 2019-09-06 14:31:01 -0400
I, [2019-09-06T14:31:01.670446 #17183]  INFO -- : [8e96f916-9e86-4061-8463-b428f3bc85da] Processing by DevelopmentsController#show as JSONAPI
I, [2019-09-06T14:31:01.670514 #17183]  INFO -- : [8e96f916-9e86-4061-8463-b428f3bc85da]   Parameters: {"id"=>"4232"}
I, [2019-09-06T14:31:01.671207 #417]  INFO -- : [f5f5bb00-8903-44b3-9e08-93cca4ea7fc5] Started GET "/developments/3010" for 104.207.192.42 at 2019-09-06 14:31:01 -0400
I, [2019-09-06T14:31:01.671868 #417]  INFO -- : [f5f5bb00-8903-44b3-9e08-93cca4ea7fc5] Processing by DevelopmentsController#show as JSONAPI
I, [2019-09-06T14:31:01.673003 #417]  INFO -- : [f5f5bb00-8903-44b3-9e08-93cca4ea7fc5]   Parameters: {"id"=>"3010"}
I, [2019-09-06T14:31:01.675959 #321]  INFO -- : [d3df6d21-8371-434e-bf8c-cab4aeec946f] Completed 200 OK in 11ms (Views: 0.2ms | ActiveRecord: 3.6ms)
I, [2019-09-06T14:31:01.677159 #321]  INFO -- : [a350e673-5b83-4dfe-be0b-229b807151f7] Started GET "/developments/2597" for 104.207.192.42 at 2019-09-06 14:31:01 -0400
I, [2019-09-06T14:31:01.677777 #321]  INFO -- : [a350e673-5b83-4dfe-be0b-229b807151f7] Processing by DevelopmentsController#show as JSONAPI
I, [2019-09-06T14:31:01.677827 #321]  INFO -- : [a350e673-5b83-4dfe-be0b-229b807151f7]   Parameters: {"id"=>"2597"}
I, [2019-09-06T14:31:01.685338 #17183]  INFO -- : [8e96f916-9e86-4061-8463-b428f3bc85da] Completed 200 OK in 15ms (Views: 0.3ms | ActiveRecord: 7.3ms)
I, [2019-09-06T14:31:01.686724 #17183]  INFO -- : [62785c1a-81f6-4957-a0ee-4f9d9807ab12] Started GET "/developments/3706" for 104.207.192.42 at 2019-09-06 14:31:01 -0400
I, [2019-09-06T14:31:01.687583 #17183]  INFO -- : [62785c1a-81f6-4957-a0ee-4f9d9807ab12] Processing by DevelopmentsController#show as JSONAPI
I, [2019-09-06T14:31:01.687651 #17183]  INFO -- : [62785c1a-81f6-4957-a0ee-4f9d9807ab12]   Parameters: {"id"=>"3706"}
I, [2019-09-06T14:31:01.691353 #417]  INFO -- : [f5f5bb00-8903-44b3-9e08-93cca4ea7fc5] Completed 200 OK in 18ms (Views: 0.3ms | ActiveRecord: 8.6ms)
I, [2019-09-06T14:31:01.692538 #417]  INFO -- : [7af664f4-0db2-4200-bebb-0da73f7998d8] Started GET "/developments/4093" for 104.207.192.42 at 2019-09-06 14:31:01 -0400
I, [2019-09-06T14:31:01.693263 #417]  INFO -- : [7af664f4-0db2-4200-bebb-0da73f7998d8] Processing by DevelopmentsController#show as JSONAPI
I, [2019-09-06T14:31:01.693381 #417]  INFO -- : [7af664f4-0db2-4200-bebb-0da73f7998d8]   Parameters: {"id"=>"4093"}
I, [2019-09-06T14:31:01.696430 #321]  INFO -- : [a350e673-5b83-4dfe-be0b-229b807151f7] Completed 200 OK in 19ms (Views: 0.3ms | ActiveRecord: 5.3ms)
I, [2019-09-06T14:31:01.698621 #321]  INFO -- : [9ef695d2-8cf3-4a1b-ad84-6037cb76f219] Started GET "/developments/3940" for 104.207.192.42 at 2019-09-06 14:31:01 -0400
I, [2019-09-06T14:31:01.699360 #321]  INFO -- : [9ef695d2-8cf3-4a1b-ad84-6037cb76f219] Processing by DevelopmentsController#show as JSONAPI
I, [2019-09-06T14:31:01.699428 #321]  INFO -- : [9ef695d2-8cf3-4a1b-ad84-6037cb76f219]   Parameters: {"id"=>"3940"}
I, [2019-09-06T14:31:01.702285 #17183]  INFO -- : [62785c1a-81f6-4957-a0ee-4f9d9807ab12] Completed 200 OK in 15ms (Views: 0.3ms | ActiveRecord: 4.7ms)
I, [2019-09-06T14:31:01.705254 #17183]  INFO -- : [2f581c1d-3b05-499c-b913-f661d7585982] Started GET "/developments/2368" for 104.207.192.42 at 2019-09-06 14:31:01 -0400
I, [2019-09-06T14:31:01.706167 #17183]  INFO -- : [2f581c1d-3b05-499c-b913-f661d7585982] Processing by DevelopmentsController#show as JSONAPI
I, [2019-09-06T14:31:01.706234 #17183]  INFO -- : [2f581c1d-3b05-499c-b913-f661d7585982]   Parameters: {"id"=>"2368"}
I, [2019-09-06T14:31:01.706642 #417]  INFO -- : [7af664f4-0db2-4200-bebb-0da73f7998d8] Completed 200 OK in 13ms (Views: 0.3ms | ActiveRecord: 4.9ms)
I, [2019-09-06T14:31:01.707731 #417]  INFO -- : [585b6be5-90d8-4c4c-a28c-98705bdd8a35] Started GET "/developments/2859" for 104.207.192.42 at 2019-09-06 14:31:01 -0400
I, [2019-09-06T14:31:01.708425 #417]  INFO -- : [585b6be5-90d8-4c4c-a28c-98705bdd8a35] Processing by DevelopmentsController#show as JSONAPI
I, [2019-09-06T14:31:01.708492 #417]  INFO -- : [585b6be5-90d8-4c4c-a28c-98705bdd8a35]   Parameters: {"id"=>"2859"}
I, [2019-09-06T14:31:01.714973 #321]  INFO -- : [9ef695d2-8cf3-4a1b-ad84-6037cb76f219] Completed 200 OK in 15ms (Views: 0.2ms | ActiveRecord: 8.6ms)
I, [2019-09-06T14:31:01.716561 #321]  INFO -- : [84e91f2b-690a-4c25-bee0-4b128f62576d] Started GET "/developments/4235" for 104.207.192.42 at 2019-09-06 14:31:01 -0400
I, [2019-09-06T14:31:01.717264 #321]  INFO -- : [84e91f2b-690a-4c25-bee0-4b128f62576d] Processing by DevelopmentsController#show as JSONAPI
I, [2019-09-06T14:31:01.717329 #321]  INFO -- : [84e91f2b-690a-4c25-bee0-4b128f62576d]   Parameters: {"id"=>"4235"}
I, [2019-09-06T14:31:01.720486 #17183]  INFO -- : [2f581c1d-3b05-499c-b913-f661d7585982] Completed 200 OK in 14ms (Views: 0.3ms | ActiveRecord: 4.4ms)
I, [2019-09-06T14:31:01.722145 #17183]  INFO -- : [5db50c1c-c7f3-49aa-bffb-607c530ba2d8] Started GET "/developments/896" for 104.207.192.42 at 2019-09-06 14:31:01 -0400
I, [2019-09-06T14:31:01.722247 #417]  INFO -- : [585b6be5-90d8-4c4c-a28c-98705bdd8a35] Completed 200 OK in 14ms (Views: 0.2ms | ActiveRecord: 6.2ms)
I, [2019-09-06T14:31:01.723467 #17183]  INFO -- : [5db50c1c-c7f3-49aa-bffb-607c530ba2d8] Processing by DevelopmentsController#show as JSONAPI
I, [2019-09-06T14:31:01.723534 #17183]  INFO -- : [5db50c1c-c7f3-49aa-bffb-607c530ba2d8]   Parameters: {"id"=>"896"}
I, [2019-09-06T14:31:01.724297 #417]  INFO -- : [c8e821c6-b184-461f-a5db-3b2e5e962a2c] Started GET "/developments/1440" for 104.207.192.42 at 2019-09-06 14:31:01 -0400
I, [2019-09-06T14:31:01.724998 #417]  INFO -- : [c8e821c6-b184-461f-a5db-3b2e5e962a2c] Processing by DevelopmentsController#show as JSONAPI
I, [2019-09-06T14:31:01.725054 #417]  INFO -- : [c8e821c6-b184-461f-a5db-3b2e5e962a2c]   Parameters: {"id"=>"1440"}
I, [2019-09-06T14:31:01.739470 #321]  INFO -- : [84e91f2b-690a-4c25-bee0-4b128f62576d] Completed 200 OK in 22ms (Views: 0.3ms | ActiveRecord: 14.4ms)
I, [2019-09-06T14:31:01.740996 #17183]  INFO -- : [5db50c1c-c7f3-49aa-bffb-607c530ba2d8] Completed 200 OK in 17ms (Views: 0.3ms | ActiveRecord: 8.9ms)
I, [2019-09-06T14:31:01.741264 #321]  INFO -- : [9f849f86-e2b6-4552-bb08-4c27bd15d270] Started GET "/developments/4506" for 104.207.192.42 at 2019-09-06 14:31:01 -0400
I, [2019-09-06T14:31:01.742474 #321]  INFO -- : [9f849f86-e2b6-4552-bb08-4c27bd15d270] Processing by DevelopmentsController#show as JSONAPI
I, [2019-09-06T14:31:01.742553 #321]  INFO -- : [9f849f86-e2b6-4552-bb08-4c27bd15d270]   Parameters: {"id"=>"4506"}
I, [2019-09-06T14:31:01.743188 #17183]  INFO -- : [8f5e8b83-e527-41bc-a1f0-ffdccfb6ce50] Started GET "/developments/4216" for 104.207.192.42 at 2019-09-06 14:31:01 -0400
I, [2019-09-06T14:31:01.745338 #417]  INFO -- : [c8e821c6-b184-461f-a5db-3b2e5e962a2c] Completed 200 OK in 20ms (Views: 0.2ms | ActiveRecord: 10.0ms)
I, [2019-09-06T14:31:01.746170 #417]  INFO -- : [91df2d8c-b35f-4dcb-ba01-8199abb84f6e] Started GET "/developments/3712" for 104.207.192.42 at 2019-09-06 14:31:01 -0400
I, [2019-09-06T14:31:01.746634 #17183]  INFO -- : [8f5e8b83-e527-41bc-a1f0-ffdccfb6ce50] Processing by DevelopmentsController#show as JSONAPI
I, [2019-09-06T14:31:01.746701 #17183]  INFO -- : [8f5e8b83-e527-41bc-a1f0-ffdccfb6ce50]   Parameters: {"id"=>"4216"}
I, [2019-09-06T14:31:01.746948 #417]  INFO -- : [91df2d8c-b35f-4dcb-ba01-8199abb84f6e] Processing by DevelopmentsController#show as JSONAPI
I, [2019-09-06T14:31:01.747014 #417]  INFO -- : [91df2d8c-b35f-4dcb-ba01-8199abb84f6e]   Parameters: {"id"=>"3712"}
I, [2019-09-06T14:31:01.759721 #17183]  INFO -- : [8f5e8b83-e527-41bc-a1f0-ffdccfb6ce50] Completed 200 OK in 13ms (Views: 0.3ms | ActiveRecord: 4.5ms)
I, [2019-09-06T14:31:01.761442 #17183]  INFO -- : [aa4e516f-db86-4ffc-ac18-911a21a76e03] Started GET "/developments/1325" for 104.207.192.42 at 2019-09-06 14:31:01 -0400
I, [2019-09-06T14:31:01.761699 #321]  INFO -- : [9f849f86-e2b6-4552-bb08-4c27bd15d270] Completed 200 OK in 19ms (Views: 0.3ms | ActiveRecord: 10.9ms)
I, [2019-09-06T14:31:01.762817 #17183]  INFO -- : [aa4e516f-db86-4ffc-ac18-911a21a76e03] Processing by DevelopmentsController#show as JSONAPI
I, [2019-09-06T14:31:01.762887 #17183]  INFO -- : [aa4e516f-db86-4ffc-ac18-911a21a76e03]   Parameters: {"id"=>"1325"}
I, [2019-09-06T14:31:01.763789 #321]  INFO -- : [f87a0f17-4042-4f7a-9f3f-d660298c5b18] Started GET "/developments/18" for 104.207.192.42 at 2019-09-06 14:31:01 -0400
I, [2019-09-06T14:31:01.764573 #321]  INFO -- : [f87a0f17-4042-4f7a-9f3f-d660298c5b18] Processing by DevelopmentsController#show as JSONAPI
I, [2019-09-06T14:31:01.764637 #321]  INFO -- : [f87a0f17-4042-4f7a-9f3f-d660298c5b18]   Parameters: {"id"=>"18"}
I, [2019-09-06T14:31:01.765118 #417]  INFO -- : [91df2d8c-b35f-4dcb-ba01-8199abb84f6e] Completed 200 OK in 18ms (Views: 0.3ms | ActiveRecord: 10.4ms)
I, [2019-09-06T14:31:01.766275 #417]  INFO -- : [b7fbb602-dba3-4393-ab74-3ab92ba16a19] Started GET "/developments/246" for 104.207.192.42 at 2019-09-06 14:31:01 -0400
I, [2019-09-06T14:31:01.766786 #417]  INFO -- : [b7fbb602-dba3-4393-ab74-3ab92ba16a19] Processing by DevelopmentsController#show as JSONAPI
I, [2019-09-06T14:31:01.766837 #417]  INFO -- : [b7fbb602-dba3-4393-ab74-3ab92ba16a19]   Parameters: {"id"=>"246"}
I, [2019-09-06T14:31:01.783602 #17183]  INFO -- : [aa4e516f-db86-4ffc-ac18-911a21a76e03] Completed 200 OK in 21ms (Views: 0.3ms | ActiveRecord: 10.9ms)
I, [2019-09-06T14:31:01.785567 #17183]  INFO -- : [02ba4fa0-140a-427d-a655-229634cad839] Started GET "/developments/209" for 104.207.192.42 at 2019-09-06 14:31:01 -0400
I, [2019-09-06T14:31:01.786165 #321]  INFO -- : [f87a0f17-4042-4f7a-9f3f-d660298c5b18] Completed 200 OK in 21ms (Views: 0.2ms | ActiveRecord: 12.0ms)
I, [2019-09-06T14:31:01.786384 #17183]  INFO -- : [02ba4fa0-140a-427d-a655-229634cad839] Processing by DevelopmentsController#show as JSONAPI
I, [2019-09-06T14:31:01.786450 #17183]  INFO -- : [02ba4fa0-140a-427d-a655-229634cad839]   Parameters: {"id"=>"209"}
I, [2019-09-06T14:31:01.787145 #321]  INFO -- : [1bd4f077-5c76-45c2-beae-f4d79ef8e88c] Started GET "/developments/4509" for 104.207.192.42 at 2019-09-06 14:31:01 -0400
I, [2019-09-06T14:31:01.787894 #321]  INFO -- : [1bd4f077-5c76-45c2-beae-f4d79ef8e88c] Processing by DevelopmentsController#show as JSONAPI
I, [2019-09-06T14:31:01.787986 #321]  INFO -- : [1bd4f077-5c76-45c2-beae-f4d79ef8e88c]   Parameters: {"id"=>"4509"}
I, [2019-09-06T14:31:01.789684 #417]  INFO -- : [b7fbb602-dba3-4393-ab74-3ab92ba16a19] Completed 200 OK in 23ms (Views: 0.2ms | ActiveRecord: 13.7ms)
I, [2019-09-06T14:31:01.790755 #417]  INFO -- : [7997ef4f-bd47-4881-8c6f-01fdd4107ad7] Started GET "/developments/1221" for 104.207.192.42 at 2019-09-06 14:31:01 -0400
I, [2019-09-06T14:31:01.791306 #417]  INFO -- : [7997ef4f-bd47-4881-8c6f-01fdd4107ad7] Processing by DevelopmentsController#show as JSONAPI
I, [2019-09-06T14:31:01.791354 #417]  INFO -- : [7997ef4f-bd47-4881-8c6f-01fdd4107ad7]   Parameters: {"id"=>"1221"}
I, [2019-09-06T14:31:01.808678 #17183]  INFO -- : [02ba4fa0-140a-427d-a655-229634cad839] Completed 200 OK in 22ms (Views: 0.3ms | ActiveRecord: 11.8ms)
I, [2019-09-06T14:31:01.811081 #17183]  INFO -- : [2093c0a6-692a-4996-bbe2-b22d44218a6c] Started GET "/developments/1216" for 104.207.192.42 at 2019-09-06 14:31:01 -0400
I, [2019-09-06T14:31:01.813724 #321]  INFO -- : [1bd4f077-5c76-45c2-beae-f4d79ef8e88c] Completed 200 OK in 26ms (Views: 0.2ms | ActiveRecord: 14.1ms)
I, [2019-09-06T14:31:01.813851 #17183]  INFO -- : [2093c0a6-692a-4996-bbe2-b22d44218a6c] Processing by DevelopmentsController#show as JSONAPI
I, [2019-09-06T14:31:01.813960 #17183]  INFO -- : [2093c0a6-692a-4996-bbe2-b22d44218a6c]   Parameters: {"id"=>"1216"}
I, [2019-09-06T14:31:01.814919 #321]  INFO -- : [469f8826-9aad-46c0-8a79-6d16dd33c1a2] Started GET "/developments/1643" for 104.207.192.42 at 2019-09-06 14:31:01 -0400
I, [2019-09-06T14:31:01.815537 #321]  INFO -- : [469f8826-9aad-46c0-8a79-6d16dd33c1a2] Processing by DevelopmentsController#show as JSONAPI
I, [2019-09-06T14:31:01.815636 #321]  INFO -- : [469f8826-9aad-46c0-8a79-6d16dd33c1a2]   Parameters: {"id"=>"1643"}
I, [2019-09-06T14:31:01.822380 #417]  INFO -- : [7997ef4f-bd47-4881-8c6f-01fdd4107ad7] Completed 200 OK in 31ms (Views: 0.2ms | ActiveRecord: 17.7ms)
I, [2019-09-06T14:31:01.824101 #417]  INFO -- : [1ec8bab5-193f-4bbe-84ed-48fc3e0f1492] Started GET "/developments/658" for 104.207.192.42 at 2019-09-06 14:31:01 -0400
I, [2019-09-06T14:31:01.824870 #417]  INFO -- : [1ec8bab5-193f-4bbe-84ed-48fc3e0f1492] Processing by DevelopmentsController#show as JSONAPI
I, [2019-09-06T14:31:01.824936 #417]  INFO -- : [1ec8bab5-193f-4bbe-84ed-48fc3e0f1492]   Parameters: {"id"=>"658"}
I, [2019-09-06T14:31:01.827069 #17183]  INFO -- : [2093c0a6-692a-4996-bbe2-b22d44218a6c] Completed 200 OK in 13ms (Views: 0.2ms | ActiveRecord: 4.5ms)
I, [2019-09-06T14:31:01.828316 #17183]  INFO -- : [66a05fc0-cad0-4110-be56-bd6e45053ce4] Started GET "/developments/1955" for 104.207.192.42 at 2019-09-06 14:31:01 -0400
I, [2019-09-06T14:31:01.829174 #17183]  INFO -- : [66a05fc0-cad0-4110-be56-bd6e45053ce4] Processing by DevelopmentsController#show as JSONAPI
I, [2019-09-06T14:31:01.829223 #17183]  INFO -- : [66a05fc0-cad0-4110-be56-bd6e45053ce4]   Parameters: {"id"=>"1955"}
I, [2019-09-06T14:31:01.836151 #321]  INFO -- : [469f8826-9aad-46c0-8a79-6d16dd33c1a2] Completed 200 OK in 20ms (Views: 0.3ms | ActiveRecord: 12.3ms)
I, [2019-09-06T14:31:01.837462 #321]  INFO -- : [c9f0be6b-2533-4f84-9a13-3e062aa6041c] Started GET "/developments/1542" for 104.207.192.42 at 2019-09-06 14:31:01 -0400
I, [2019-09-06T14:31:01.838208 #321]  INFO -- : [c9f0be6b-2533-4f84-9a13-3e062aa6041c] Processing by DevelopmentsController#show as JSONAPI
I, [2019-09-06T14:31:01.838274 #321]  INFO -- : [c9f0be6b-2533-4f84-9a13-3e062aa6041c]   Parameters: {"id"=>"1542"}
I, [2019-09-06T14:31:01.845336 #417]  INFO -- : [1ec8bab5-193f-4bbe-84ed-48fc3e0f1492] Completed 200 OK in 20ms (Views: 0.2ms | ActiveRecord: 10.3ms)
I, [2019-09-06T14:31:01.846850 #17183]  INFO -- : [66a05fc0-cad0-4110-be56-bd6e45053ce4] Completed 200 OK in 18ms (Views: 0.3ms | ActiveRecord: 7.1ms)
I, [2019-09-06T14:31:01.846972 #417]  INFO -- : [6d54a3f8-1484-439b-90aa-0a52a9edac86] Started GET "/developments/436" for 104.207.192.42 at 2019-09-06 14:31:01 -0400
I, [2019-09-06T14:31:01.847910 #17183]  INFO -- : [775336d8-7ba6-422f-b330-64945509452f] Started GET "/developments/404" for 104.207.192.42 at 2019-09-06 14:31:01 -0400
I, [2019-09-06T14:31:01.848159 #417]  INFO -- : [6d54a3f8-1484-439b-90aa-0a52a9edac86] Processing by DevelopmentsController#show as JSONAPI
I, [2019-09-06T14:31:01.848226 #417]  INFO -- : [6d54a3f8-1484-439b-90aa-0a52a9edac86]   Parameters: {"id"=>"436"}
I, [2019-09-06T14:31:01.848785 #17183]  INFO -- : [775336d8-7ba6-422f-b330-64945509452f] Processing by DevelopmentsController#show as JSONAPI
I, [2019-09-06T14:31:01.848900 #17183]  INFO -- : [775336d8-7ba6-422f-b330-64945509452f]   Parameters: {"id"=>"404"}
I, [2019-09-06T14:31:01.854728 #321]  INFO -- : [c9f0be6b-2533-4f84-9a13-3e062aa6041c] Completed 200 OK in 16ms (Views: 0.3ms | ActiveRecord: 8.5ms)
I, [2019-09-06T14:31:01.856527 #321]  INFO -- : [926c6f8b-cd57-4774-80bf-a7a5e09db9a2] Started GET "/developments/2417" for 104.207.192.42 at 2019-09-06 14:31:01 -0400
I, [2019-09-06T14:31:01.857068 #321]  INFO -- : [926c6f8b-cd57-4774-80bf-a7a5e09db9a2] Processing by DevelopmentsController#show as JSONAPI
I, [2019-09-06T14:31:01.857116 #321]  INFO -- : [926c6f8b-cd57-4774-80bf-a7a5e09db9a2]   Parameters: {"id"=>"2417"}
I, [2019-09-06T14:31:01.862428 #417]  INFO -- : [6d54a3f8-1484-439b-90aa-0a52a9edac86] Completed 200 OK in 14ms (Views: 0.3ms | ActiveRecord: 6.7ms)
I, [2019-09-06T14:31:01.864905 #17183]  INFO -- : [775336d8-7ba6-422f-b330-64945509452f] Completed 200 OK in 16ms (Views: 0.3ms | ActiveRecord: 6.8ms)
I, [2019-09-06T14:31:01.865556 #417]  INFO -- : [bd58e9b4-60fc-4a6c-99f6-9fb72d09dce9] Started GET "/developments/3645" for 104.207.192.42 at 2019-09-06 14:31:01 -0400
I, [2019-09-06T14:31:01.866620 #17183]  INFO -- : [5ff097d5-f5c1-470d-9ef1-cce28c140b51] Started GET "/developments/2064" for 104.207.192.42 at 2019-09-06 14:31:01 -0400
I, [2019-09-06T14:31:01.867460 #417]  INFO -- : [bd58e9b4-60fc-4a6c-99f6-9fb72d09dce9] Processing by DevelopmentsController#show as JSONAPI
I, [2019-09-06T14:31:01.867526 #417]  INFO -- : [bd58e9b4-60fc-4a6c-99f6-9fb72d09dce9]   Parameters: {"id"=>"3645"}
I, [2019-09-06T14:31:01.867536 #17183]  INFO -- : [5ff097d5-f5c1-470d-9ef1-cce28c140b51] Processing by DevelopmentsController#show as JSONAPI
I, [2019-09-06T14:31:01.867598 #17183]  INFO -- : [5ff097d5-f5c1-470d-9ef1-cce28c140b51]   Parameters: {"id"=>"2064"}
I, [2019-09-06T14:31:01.872765 #321]  INFO -- : [926c6f8b-cd57-4774-80bf-a7a5e09db9a2] Completed 200 OK in 16ms (Views: 0.2ms | ActiveRecord: 6.9ms)
I, [2019-09-06T14:31:01.874561 #321]  INFO -- : [d6462c49-bc4d-4741-9953-878f17be9686] Started GET "/developments/377" for 104.207.192.42 at 2019-09-06 14:31:01 -0400
I, [2019-09-06T14:31:01.875310 #321]  INFO -- : [d6462c49-bc4d-4741-9953-878f17be9686] Processing by DevelopmentsController#show as JSONAPI
I, [2019-09-06T14:31:01.875360 #321]  INFO -- : [d6462c49-bc4d-4741-9953-878f17be9686]   Parameters: {"id"=>"377"}
I, [2019-09-06T14:31:01.881288 #17183]  INFO -- : [5ff097d5-f5c1-470d-9ef1-cce28c140b51] Completed 200 OK in 14ms (Views: 0.3ms | ActiveRecord: 5.3ms)
I, [2019-09-06T14:31:01.882770 #17183]  INFO -- : [d1748eca-f471-422f-b422-f6bb9800a5c1] Started GET "/developments/2542" for 104.207.192.42 at 2019-09-06 14:31:01 -0400
I, [2019-09-06T14:31:01.883640 #17183]  INFO -- : [d1748eca-f471-422f-b422-f6bb9800a5c1] Processing by DevelopmentsController#show as JSONAPI
I, [2019-09-06T14:31:01.883707 #17183]  INFO -- : [d1748eca-f471-422f-b422-f6bb9800a5c1]   Parameters: {"id"=>"2542"}
I, [2019-09-06T14:31:01.884709 #417]  INFO -- : [bd58e9b4-60fc-4a6c-99f6-9fb72d09dce9] Completed 200 OK in 17ms (Views: 0.2ms | ActiveRecord: 8.9ms)
I, [2019-09-06T14:31:01.885627 #417]  INFO -- : [28cc5b97-f978-4e62-88b3-3d9d0273696d] Started GET "/developments/4359" for 104.207.192.42 at 2019-09-06 14:31:01 -0400
I, [2019-09-06T14:31:01.886343 #417]  INFO -- : [28cc5b97-f978-4e62-88b3-3d9d0273696d] Processing by DevelopmentsController#show as JSONAPI
I, [2019-09-06T14:31:01.886410 #417]  INFO -- : [28cc5b97-f978-4e62-88b3-3d9d0273696d]   Parameters: {"id"=>"4359"}
I, [2019-09-06T14:31:01.891891 #321]  INFO -- : [d6462c49-bc4d-4741-9953-878f17be9686] Completed 200 OK in 16ms (Views: 0.2ms | ActiveRecord: 9.8ms)
I, [2019-09-06T14:31:01.893068 #321]  INFO -- : [ba9f3a52-cd65-4330-9de4-069369eb0811] Started GET "/developments/3880" for 104.207.192.42 at 2019-09-06 14:31:01 -0400
I, [2019-09-06T14:31:01.893570 #321]  INFO -- : [ba9f3a52-cd65-4330-9de4-069369eb0811] Processing by DevelopmentsController#show as JSONAPI
I, [2019-09-06T14:31:01.893615 #321]  INFO -- : [ba9f3a52-cd65-4330-9de4-069369eb0811]   Parameters: {"id"=>"3880"}
I, [2019-09-06T14:31:01.898709 #17183]  INFO -- : [d1748eca-f471-422f-b422-f6bb9800a5c1] Completed 200 OK in 15ms (Views: 0.3ms | ActiveRecord: 6.8ms)
I, [2019-09-06T14:31:01.900433 #17183]  INFO -- : [29857ee7-b349-4d59-b4f9-0224c24ddd65] Started GET "/developments/2420" for 104.207.192.42 at 2019-09-06 14:31:01 -0400
I, [2019-09-06T14:31:01.901263 #17183]  INFO -- : [29857ee7-b349-4d59-b4f9-0224c24ddd65] Processing by DevelopmentsController#show as JSONAPI
I, [2019-09-06T14:31:01.901329 #17183]  INFO -- : [29857ee7-b349-4d59-b4f9-0224c24ddd65]   Parameters: {"id"=>"2420"}
I, [2019-09-06T14:31:01.901618 #417]  INFO -- : [28cc5b97-f978-4e62-88b3-3d9d0273696d] Completed 200 OK in 15ms (Views: 0.2ms | ActiveRecord: 8.0ms)
I, [2019-09-06T14:31:01.902853 #417]  INFO -- : [8e796699-0fbd-4fb8-9408-61ec0f5d9dac] Started GET "/developments/2765" for 104.207.192.42 at 2019-09-06 14:31:01 -0400
I, [2019-09-06T14:31:01.903570 #417]  INFO -- : [8e796699-0fbd-4fb8-9408-61ec0f5d9dac] Processing by DevelopmentsController#show as JSONAPI
I, [2019-09-06T14:31:01.903671 #417]  INFO -- : [8e796699-0fbd-4fb8-9408-61ec0f5d9dac]   Parameters: {"id"=>"2765"}
I, [2019-09-06T14:31:01.908678 #321]  INFO -- : [ba9f3a52-cd65-4330-9de4-069369eb0811] Completed 200 OK in 15ms (Views: 0.2ms | ActiveRecord: 7.1ms)
I, [2019-09-06T14:31:01.910197 #321]  INFO -- : [34a090d7-4699-47a8-99ed-c9bdc86faea5] Started GET "/developments/3893" for 104.207.192.42 at 2019-09-06 14:31:01 -0400
I, [2019-09-06T14:31:01.910904 #321]  INFO -- : [34a090d7-4699-47a8-99ed-c9bdc86faea5] Processing by DevelopmentsController#show as JSONAPI
I, [2019-09-06T14:31:01.910969 #321]  INFO -- : [34a090d7-4699-47a8-99ed-c9bdc86faea5]   Parameters: {"id"=>"3893"}
I, [2019-09-06T14:31:01.913946 #17183]  INFO -- : [29857ee7-b349-4d59-b4f9-0224c24ddd65] Completed 200 OK in 12ms (Views: 0.2ms | ActiveRecord: 4.7ms)
I, [2019-09-06T14:31:01.915028 #17183]  INFO -- : [253b588a-181e-417c-ab44-b867cf889d5a] Started GET "/developments/4511" for 104.207.192.42 at 2019-09-06 14:31:01 -0400
