I, [2019-09-05T10:01:08.198360 #13430]  INFO -- : [a6c54d56-7f56-4851-a0ea-16cb0dd1135b] Started GET "/developments/9" for 104.207.192.42 at 2019-09-05 10:01:08 -0400
I, [2019-09-05T10:01:08.198924 #13430]  INFO -- : [a6c54d56-7f56-4851-a0ea-16cb0dd1135b] Processing by DevelopmentsController#show as JSONAPI
I, [2019-09-05T10:01:08.199005 #13430]  INFO -- : [a6c54d56-7f56-4851-a0ea-16cb0dd1135b]   Parameters: {"id"=>"9"}
I, [2019-09-05T10:01:08.199989 #6632]  INFO -- : [c2c5079b-440d-4d5a-9364-92868d75b09a] Completed 200 OK in 18ms (Views: 0.2ms | ActiveRecord: 11.1ms)
I, [2019-09-05T10:01:08.200856 #6632]  INFO -- : [a28c2309-b8ea-46fa-89fa-a53c7bb5117b] Started GET "/developments/820" for 104.207.192.42 at 2019-09-05 10:01:08 -0400
I, [2019-09-05T10:01:08.201269 #6632]  INFO -- : [a28c2309-b8ea-46fa-89fa-a53c7bb5117b] Processing by DevelopmentsController#show as JSONAPI
I, [2019-09-05T10:01:08.201313 #6632]  INFO -- : [a28c2309-b8ea-46fa-89fa-a53c7bb5117b]   Parameters: {"id"=>"820"}
I, [2019-09-05T10:01:08.212119 #13411]  INFO -- : [12127ac8-d560-4160-8292-93fe84ff8361] Completed 200 OK in 18ms (Views: 0.2ms | ActiveRecord: 8.4ms)
I, [2019-09-05T10:01:08.212921 #13411]  INFO -- : [6627a1cd-cb38-4d38-96f8-22e87b4eaee8] Started GET "/developments/379" for 104.207.192.42 at 2019-09-05 10:01:08 -0400
I, [2019-09-05T10:01:08.213291 #13411]  INFO -- : [6627a1cd-cb38-4d38-96f8-22e87b4eaee8] Processing by DevelopmentsController#show as JSONAPI
I, [2019-09-05T10:01:08.213336 #13411]  INFO -- : [6627a1cd-cb38-4d38-96f8-22e87b4eaee8]   Parameters: {"id"=>"379"}
I, [2019-09-05T10:01:08.227976 #13430]  INFO -- : [a6c54d56-7f56-4851-a0ea-16cb0dd1135b] Completed 200 OK in 29ms (Views: 0.2ms | ActiveRecord: 22.3ms)
I, [2019-09-05T10:01:08.229756 #13430]  INFO -- : [9e184df6-d713-4e0c-a97d-cb3096186444] Started GET "/developments/711" for 104.207.192.42 at 2019-09-05 10:01:08 -0400
I, [2019-09-05T10:01:08.230321 #13430]  INFO -- : [9e184df6-d713-4e0c-a97d-cb3096186444] Processing by DevelopmentsController#show as JSONAPI
I, [2019-09-05T10:01:08.230388 #13430]  INFO -- : [9e184df6-d713-4e0c-a97d-cb3096186444]   Parameters: {"id"=>"711"}
I, [2019-09-05T10:01:08.232043 #6632]  INFO -- : [a28c2309-b8ea-46fa-89fa-a53c7bb5117b] Completed 200 OK in 31ms (Views: 0.2ms | ActiveRecord: 21.6ms)
I, [2019-09-05T10:01:08.232776 #6632]  INFO -- : [98f03793-2914-4a23-aab6-5e0bb6fae5d7] Started GET "/developments/2753" for 104.207.192.42 at 2019-09-05 10:01:08 -0400
I, [2019-09-05T10:01:08.233136 #6632]  INFO -- : [98f03793-2914-4a23-aab6-5e0bb6fae5d7] Processing by DevelopmentsController#show as JSONAPI
I, [2019-09-05T10:01:08.233208 #6632]  INFO -- : [98f03793-2914-4a23-aab6-5e0bb6fae5d7]   Parameters: {"id"=>"2753"}
I, [2019-09-05T10:01:08.242584 #13411]  INFO -- : [6627a1cd-cb38-4d38-96f8-22e87b4eaee8] Completed 200 OK in 29ms (Views: 0.2ms | ActiveRecord: 10.7ms)
I, [2019-09-05T10:01:08.243652 #13411]  INFO -- : [33a57fd6-e870-475d-80ed-8ed848bad247] Started GET "/developments/2253" for 104.207.192.42 at 2019-09-05 10:01:08 -0400
I, [2019-09-05T10:01:08.244217 #13411]  INFO -- : [33a57fd6-e870-475d-80ed-8ed848bad247] Processing by DevelopmentsController#show as JSONAPI
I, [2019-09-05T10:01:08.244281 #13411]  INFO -- : [33a57fd6-e870-475d-80ed-8ed848bad247]   Parameters: {"id"=>"2253"}
I, [2019-09-05T10:01:08.250351 #6632]  INFO -- : [98f03793-2914-4a23-aab6-5e0bb6fae5d7] Completed 200 OK in 17ms (Views: 0.2ms | ActiveRecord: 9.3ms)
I, [2019-09-05T10:01:08.251161 #6632]  INFO -- : [30f7fb95-928b-4251-8621-e4d28e9251bd] Started GET "/developments/4403" for 104.207.192.42 at 2019-09-05 10:01:08 -0400
I, [2019-09-05T10:01:08.251689 #6632]  INFO -- : [30f7fb95-928b-4251-8621-e4d28e9251bd] Processing by DevelopmentsController#show as JSONAPI
I, [2019-09-05T10:01:08.251752 #6632]  INFO -- : [30f7fb95-928b-4251-8621-e4d28e9251bd]   Parameters: {"id"=>"4403"}
I, [2019-09-05T10:01:08.252813 #13430]  INFO -- : [9e184df6-d713-4e0c-a97d-cb3096186444] Completed 200 OK in 22ms (Views: 0.1ms | ActiveRecord: 11.8ms)
I, [2019-09-05T10:01:08.256359 #13430]  INFO -- : [d56ff8ed-f4e8-4459-aba2-c5c224317f84] Started GET "/developments/2706" for 104.207.192.42 at 2019-09-05 10:01:08 -0400
I, [2019-09-05T10:01:08.256952 #13430]  INFO -- : [d56ff8ed-f4e8-4459-aba2-c5c224317f84] Processing by DevelopmentsController#show as JSONAPI
I, [2019-09-05T10:01:08.257030 #13430]  INFO -- : [d56ff8ed-f4e8-4459-aba2-c5c224317f84]   Parameters: {"id"=>"2706"}
I, [2019-09-05T10:01:08.259152 #13411]  INFO -- : [33a57fd6-e870-475d-80ed-8ed848bad247] Completed 200 OK in 15ms (Views: 0.4ms | ActiveRecord: 8.7ms)
I, [2019-09-05T10:01:08.260170 #13411]  INFO -- : [3486b710-2d6b-46a5-8e06-97cfa11c3ab2] Started GET "/developments/1667" for 104.207.192.42 at 2019-09-05 10:01:08 -0400
I, [2019-09-05T10:01:08.260736 #13411]  INFO -- : [3486b710-2d6b-46a5-8e06-97cfa11c3ab2] Processing by DevelopmentsController#show as JSONAPI
I, [2019-09-05T10:01:08.260803 #13411]  INFO -- : [3486b710-2d6b-46a5-8e06-97cfa11c3ab2]   Parameters: {"id"=>"1667"}
I, [2019-09-05T10:01:08.267209 #13430]  INFO -- : [d56ff8ed-f4e8-4459-aba2-c5c224317f84] Completed 200 OK in 10ms (Views: 0.2ms | ActiveRecord: 3.4ms)
I, [2019-09-05T10:01:08.267884 #13430]  INFO -- : [b6913a3e-d7cf-44e2-ad01-3401219be549] Started GET "/developments/4698" for 104.207.192.42 at 2019-09-05 10:01:08 -0400
I, [2019-09-05T10:01:08.268663 #13430]  INFO -- : [b6913a3e-d7cf-44e2-ad01-3401219be549] Processing by DevelopmentsController#show as JSONAPI
I, [2019-09-05T10:01:08.268739 #13430]  INFO -- : [b6913a3e-d7cf-44e2-ad01-3401219be549]   Parameters: {"id"=>"4698"}
I, [2019-09-05T10:01:08.273566 #6632]  INFO -- : [30f7fb95-928b-4251-8621-e4d28e9251bd] Completed 200 OK in 22ms (Views: 0.2ms | ActiveRecord: 7.3ms)
I, [2019-09-05T10:01:08.275293 #6632]  INFO -- : [d03bf04b-6e26-48a9-9ad8-6a7c4edfa05f] Started GET "/developments/343" for 104.207.192.42 at 2019-09-05 10:01:08 -0400
I, [2019-09-05T10:01:08.275691 #6632]  INFO -- : [d03bf04b-6e26-48a9-9ad8-6a7c4edfa05f] Processing by DevelopmentsController#show as JSONAPI
I, [2019-09-05T10:01:08.275736 #6632]  INFO -- : [d03bf04b-6e26-48a9-9ad8-6a7c4edfa05f]   Parameters: {"id"=>"343"}
I, [2019-09-05T10:01:08.278643 #13411]  INFO -- : [3486b710-2d6b-46a5-8e06-97cfa11c3ab2] Completed 200 OK in 18ms (Views: 0.2ms | ActiveRecord: 11.1ms)
I, [2019-09-05T10:01:08.279850 #13411]  INFO -- : [4ac533f9-6e54-4a5a-b483-6ea2a67c69e4] Started GET "/developments/811" for 104.207.192.42 at 2019-09-05 10:01:08 -0400
I, [2019-09-05T10:01:08.280392 #13411]  INFO -- : [4ac533f9-6e54-4a5a-b483-6ea2a67c69e4] Processing by DevelopmentsController#show as JSONAPI
I, [2019-09-05T10:01:08.280458 #13411]  INFO -- : [4ac533f9-6e54-4a5a-b483-6ea2a67c69e4]   Parameters: {"id"=>"811"}
I, [2019-09-05T10:01:08.283985 #13430]  INFO -- : [b6913a3e-d7cf-44e2-ad01-3401219be549] Completed 200 OK in 15ms (Views: 0.2ms | ActiveRecord: 7.5ms)
I, [2019-09-05T10:01:08.285408 #13430]  INFO -- : [5d5757f6-4f59-4505-beb1-b1d16774a27e] Started GET "/developments/3349" for 104.207.192.42 at 2019-09-05 10:01:08 -0400
I, [2019-09-05T10:01:08.285986 #13430]  INFO -- : [5d5757f6-4f59-4505-beb1-b1d16774a27e] Processing by DevelopmentsController#show as JSONAPI
I, [2019-09-05T10:01:08.286063 #13430]  INFO -- : [5d5757f6-4f59-4505-beb1-b1d16774a27e]   Parameters: {"id"=>"3349"}
I, [2019-09-05T10:01:08.290329 #6632]  INFO -- : [d03bf04b-6e26-48a9-9ad8-6a7c4edfa05f] Completed 200 OK in 15ms (Views: 0.2ms | ActiveRecord: 5.4ms)
I, [2019-09-05T10:01:08.292546 #6632]  INFO -- : [3a338fa9-7cb7-4bae-b013-01efba9a8360] Started GET "/developments/1084" for 104.207.192.42 at 2019-09-05 10:01:08 -0400
I, [2019-09-05T10:01:08.293065 #6632]  INFO -- : [3a338fa9-7cb7-4bae-b013-01efba9a8360] Processing by DevelopmentsController#show as JSONAPI
I, [2019-09-05T10:01:08.293120 #6632]  INFO -- : [3a338fa9-7cb7-4bae-b013-01efba9a8360]   Parameters: {"id"=>"1084"}
I, [2019-09-05T10:01:08.295147 #13411]  INFO -- : [4ac533f9-6e54-4a5a-b483-6ea2a67c69e4] Completed 200 OK in 15ms (Views: 0.1ms | ActiveRecord: 7.9ms)
I, [2019-09-05T10:01:08.296460 #13411]  INFO -- : [02c86b40-a3d6-4b1a-a417-baf0188e67a1] Started GET "/developments/597" for 104.207.192.42 at 2019-09-05 10:01:08 -0400
I, [2019-09-05T10:01:08.296975 #13411]  INFO -- : [02c86b40-a3d6-4b1a-a417-baf0188e67a1] Processing by DevelopmentsController#show as JSONAPI
I, [2019-09-05T10:01:08.297052 #13411]  INFO -- : [02c86b40-a3d6-4b1a-a417-baf0188e67a1]   Parameters: {"id"=>"597"}
I, [2019-09-05T10:01:08.305296 #13430]  INFO -- : [5d5757f6-4f59-4505-beb1-b1d16774a27e] Completed 200 OK in 19ms (Views: 0.2ms | ActiveRecord: 7.0ms)
I, [2019-09-05T10:01:08.306528 #13430]  INFO -- : [cd7d4d3e-4131-44e9-8db5-1a43ed86154f] Started GET "/developments/4783" for 104.207.192.42 at 2019-09-05 10:01:08 -0400
I, [2019-09-05T10:01:08.307072 #13430]  INFO -- : [cd7d4d3e-4131-44e9-8db5-1a43ed86154f] Processing by DevelopmentsController#show as JSONAPI
I, [2019-09-05T10:01:08.307138 #13430]  INFO -- : [cd7d4d3e-4131-44e9-8db5-1a43ed86154f]   Parameters: {"id"=>"4783"}
I, [2019-09-05T10:01:08.307969 #6632]  INFO -- : [3a338fa9-7cb7-4bae-b013-01efba9a8360] Completed 200 OK in 15ms (Views: 0.1ms | ActiveRecord: 4.4ms)
I, [2019-09-05T10:01:08.308814 #6632]  INFO -- : [451d3674-d261-4ed9-952c-224c74bd21c3] Started GET "/developments/3041" for 104.207.192.42 at 2019-09-05 10:01:08 -0400
I, [2019-09-05T10:01:08.309509 #6632]  INFO -- : [451d3674-d261-4ed9-952c-224c74bd21c3] Processing by DevelopmentsController#show as JSONAPI
I, [2019-09-05T10:01:08.309576 #6632]  INFO -- : [451d3674-d261-4ed9-952c-224c74bd21c3]   Parameters: {"id"=>"3041"}
I, [2019-09-05T10:01:08.314855 #13411]  INFO -- : [02c86b40-a3d6-4b1a-a417-baf0188e67a1] Completed 200 OK in 18ms (Views: 0.2ms | ActiveRecord: 11.6ms)
I, [2019-09-05T10:01:08.315666 #13411]  INFO -- : [b6a94fb4-c53f-4b8d-aa0e-d03068bb279d] Started GET "/developments/3767" for 104.207.192.42 at 2019-09-05 10:01:08 -0400
I, [2019-09-05T10:01:08.316250 #13411]  INFO -- : [b6a94fb4-c53f-4b8d-aa0e-d03068bb279d] Processing by DevelopmentsController#show as JSONAPI
I, [2019-09-05T10:01:08.316316 #13411]  INFO -- : [b6a94fb4-c53f-4b8d-aa0e-d03068bb279d]   Parameters: {"id"=>"3767"}
I, [2019-09-05T10:01:08.319971 #6632]  INFO -- : [451d3674-d261-4ed9-952c-224c74bd21c3] Completed 200 OK in 10ms (Views: 0.2ms | ActiveRecord: 3.3ms)
I, [2019-09-05T10:01:08.320971 #6632]  INFO -- : [06d2d1ce-5269-477b-9008-913a92508847] Started GET "/developments/3340" for 104.207.192.42 at 2019-09-05 10:01:08 -0400
I, [2019-09-05T10:01:08.321537 #6632]  INFO -- : [06d2d1ce-5269-477b-9008-913a92508847] Processing by DevelopmentsController#show as JSONAPI
I, [2019-09-05T10:01:08.321604 #6632]  INFO -- : [06d2d1ce-5269-477b-9008-913a92508847]   Parameters: {"id"=>"3340"}
I, [2019-09-05T10:01:08.325678 #13430]  INFO -- : [cd7d4d3e-4131-44e9-8db5-1a43ed86154f] Completed 200 OK in 18ms (Views: 0.2ms | ActiveRecord: 8.6ms)
I, [2019-09-05T10:01:08.326643 #13430]  INFO -- : [3bb1654b-150f-40c6-a8a4-8c4bf5f107cb] Started GET "/developments/347" for 104.207.192.42 at 2019-09-05 10:01:08 -0400
I, [2019-09-05T10:01:08.327204 #13430]  INFO -- : [3bb1654b-150f-40c6-a8a4-8c4bf5f107cb] Processing by DevelopmentsController#show as JSONAPI
I, [2019-09-05T10:01:08.327267 #13430]  INFO -- : [3bb1654b-150f-40c6-a8a4-8c4bf5f107cb]   Parameters: {"id"=>"347"}
I, [2019-09-05T10:01:08.329380 #13411]  INFO -- : [b6a94fb4-c53f-4b8d-aa0e-d03068bb279d] Completed 200 OK in 13ms (Views: 0.1ms | ActiveRecord: 4.6ms)
I, [2019-09-05T10:01:08.331182 #13411]  INFO -- : [c2ff6103-9a7b-4ce2-97c6-448787ef7d68] Started GET "/developments/2090" for 104.207.192.42 at 2019-09-05 10:01:08 -0400
I, [2019-09-05T10:01:08.331781 #13411]  INFO -- : [c2ff6103-9a7b-4ce2-97c6-448787ef7d68] Processing by DevelopmentsController#show as JSONAPI
I, [2019-09-05T10:01:08.331845 #13411]  INFO -- : [c2ff6103-9a7b-4ce2-97c6-448787ef7d68]   Parameters: {"id"=>"2090"}
I, [2019-09-05T10:01:08.334034 #6632]  INFO -- : [06d2d1ce-5269-477b-9008-913a92508847] Completed 200 OK in 12ms (Views: 0.1ms | ActiveRecord: 4.5ms)
I, [2019-09-05T10:01:08.335327 #6632]  INFO -- : [4e00c2d6-0748-4671-9aab-5914ab41a7d4] Started GET "/developments/380" for 104.207.192.42 at 2019-09-05 10:01:08 -0400
I, [2019-09-05T10:01:08.335811 #6632]  INFO -- : [4e00c2d6-0748-4671-9aab-5914ab41a7d4] Processing by DevelopmentsController#show as JSONAPI
I, [2019-09-05T10:01:08.335858 #6632]  INFO -- : [4e00c2d6-0748-4671-9aab-5914ab41a7d4]   Parameters: {"id"=>"380"}
I, [2019-09-05T10:01:08.338169 #13430]  INFO -- : [3bb1654b-150f-40c6-a8a4-8c4bf5f107cb] Completed 200 OK in 11ms (Views: 0.2ms | ActiveRecord: 4.7ms)
I, [2019-09-05T10:01:08.342902 #13430]  INFO -- : [1abfbded-25e3-474e-b406-ec7db01e4799] Started GET "/developments/4335" for 104.207.192.42 at 2019-09-05 10:01:08 -0400
I, [2019-09-05T10:01:08.343281 #13430]  INFO -- : [1abfbded-25e3-474e-b406-ec7db01e4799] Processing by DevelopmentsController#show as JSONAPI
I, [2019-09-05T10:01:08.343327 #13430]  INFO -- : [1abfbded-25e3-474e-b406-ec7db01e4799]   Parameters: {"id"=>"4335"}
I, [2019-09-05T10:01:08.348402 #6632]  INFO -- : [4e00c2d6-0748-4671-9aab-5914ab41a7d4] Completed 200 OK in 12ms (Views: 0.2ms | ActiveRecord: 4.0ms)
I, [2019-09-05T10:01:08.349403 #6632]  INFO -- : [17274646-b614-4944-ab36-7896e7e05ad7] Started GET "/developments/586" for 104.207.192.42 at 2019-09-05 10:01:08 -0400
I, [2019-09-05T10:01:08.349745 #13411]  INFO -- : [c2ff6103-9a7b-4ce2-97c6-448787ef7d68] Completed 200 OK in 18ms (Views: 0.2ms | ActiveRecord: 6.2ms)
I, [2019-09-05T10:01:08.350002 #6632]  INFO -- : [17274646-b614-4944-ab36-7896e7e05ad7] Processing by DevelopmentsController#show as JSONAPI
I, [2019-09-05T10:01:08.350276 #6632]  INFO -- : [17274646-b614-4944-ab36-7896e7e05ad7]   Parameters: {"id"=>"586"}
I, [2019-09-05T10:01:08.352820 #13411]  INFO -- : [6871c02a-1055-4b6c-bb60-3e4a5ac0c7d7] Started GET "/developments/648" for 104.207.192.42 at 2019-09-05 10:01:08 -0400
I, [2019-09-05T10:01:08.353434 #13411]  INFO -- : [6871c02a-1055-4b6c-bb60-3e4a5ac0c7d7] Processing by DevelopmentsController#show as JSONAPI
I, [2019-09-05T10:01:08.353500 #13411]  INFO -- : [6871c02a-1055-4b6c-bb60-3e4a5ac0c7d7]   Parameters: {"id"=>"648"}
I, [2019-09-05T10:01:08.359704 #13430]  INFO -- : [1abfbded-25e3-474e-b406-ec7db01e4799] Completed 200 OK in 16ms (Views: 0.2ms | ActiveRecord: 8.7ms)
I, [2019-09-05T10:01:08.360551 #13430]  INFO -- : [2783e6d0-20c2-47cb-ab7f-0a5ce04c6a16] Started GET "/developments/615" for 104.207.192.42 at 2019-09-05 10:01:08 -0400
I, [2019-09-05T10:01:08.361246 #13430]  INFO -- : [2783e6d0-20c2-47cb-ab7f-0a5ce04c6a16] Processing by DevelopmentsController#show as JSONAPI
I, [2019-09-05T10:01:08.361311 #13430]  INFO -- : [2783e6d0-20c2-47cb-ab7f-0a5ce04c6a16]   Parameters: {"id"=>"615"}
I, [2019-09-05T10:01:08.363039 #6632]  INFO -- : [17274646-b614-4944-ab36-7896e7e05ad7] Completed 200 OK in 12ms (Views: 0.2ms | ActiveRecord: 4.7ms)
I, [2019-09-05T10:01:08.364841 #6632]  INFO -- : [14371f63-056c-4bb6-a504-b2737afae3d7] Started GET "/developments/2349" for 104.207.192.42 at 2019-09-05 10:01:08 -0400
I, [2019-09-05T10:01:08.365512 #6632]  INFO -- : [14371f63-056c-4bb6-a504-b2737afae3d7] Processing by DevelopmentsController#show as JSONAPI
I, [2019-09-05T10:01:08.365578 #6632]  INFO -- : [14371f63-056c-4bb6-a504-b2737afae3d7]   Parameters: {"id"=>"2349"}
I, [2019-09-05T10:01:08.367430 #13411]  INFO -- : [6871c02a-1055-4b6c-bb60-3e4a5ac0c7d7] Completed 200 OK in 14ms (Views: 0.2ms | ActiveRecord: 6.5ms)
I, [2019-09-05T10:01:08.369914 #13411]  INFO -- : [6e6d0b39-6a08-4a7e-99da-5aa1a0a3441f] Started GET "/developments/4336" for 104.207.192.42 at 2019-09-05 10:01:08 -0400
I, [2019-09-05T10:01:08.370599 #13411]  INFO -- : [6e6d0b39-6a08-4a7e-99da-5aa1a0a3441f] Processing by DevelopmentsController#show as JSONAPI
I, [2019-09-05T10:01:08.370654 #13411]  INFO -- : [6e6d0b39-6a08-4a7e-99da-5aa1a0a3441f]   Parameters: {"id"=>"4336"}
I, [2019-09-05T10:01:08.376269 #13430]  INFO -- : [2783e6d0-20c2-47cb-ab7f-0a5ce04c6a16] Completed 200 OK in 15ms (Views: 0.2ms | ActiveRecord: 6.9ms)
I, [2019-09-05T10:01:08.378085 #13430]  INFO -- : [87154748-2803-43d8-8368-3f8713c8e484] Started GET "/developments/3919" for 104.207.192.42 at 2019-09-05 10:01:08 -0400
I, [2019-09-05T10:01:08.378551 #6632]  INFO -- : [14371f63-056c-4bb6-a504-b2737afae3d7] Completed 200 OK in 13ms (Views: 0.2ms | ActiveRecord: 5.3ms)
I, [2019-09-05T10:01:08.378691 #13430]  INFO -- : [87154748-2803-43d8-8368-3f8713c8e484] Processing by DevelopmentsController#show as JSONAPI
I, [2019-09-05T10:01:08.378767 #13430]  INFO -- : [87154748-2803-43d8-8368-3f8713c8e484]   Parameters: {"id"=>"3919"}
I, [2019-09-05T10:01:08.380578 #6632]  INFO -- : [002e2ce0-f9dc-4e36-85f4-06ce48466ea6] Started GET "/developments/1325" for 104.207.192.42 at 2019-09-05 10:01:08 -0400
I, [2019-09-05T10:01:08.381021 #6632]  INFO -- : [002e2ce0-f9dc-4e36-85f4-06ce48466ea6] Processing by DevelopmentsController#show as JSONAPI
I, [2019-09-05T10:01:08.381120 #6632]  INFO -- : [002e2ce0-f9dc-4e36-85f4-06ce48466ea6]   Parameters: {"id"=>"1325"}
I, [2019-09-05T10:01:08.383427 #13411]  INFO -- : [6e6d0b39-6a08-4a7e-99da-5aa1a0a3441f] Completed 200 OK in 13ms (Views: 0.5ms | ActiveRecord: 6.2ms)
I, [2019-09-05T10:01:08.384758 #13411]  INFO -- : [f4eb190b-c293-4ccc-9655-1f6d09eb4a4c] Started GET "/developments/54" for 104.207.192.42 at 2019-09-05 10:01:08 -0400
I, [2019-09-05T10:01:08.385304 #13411]  INFO -- : [f4eb190b-c293-4ccc-9655-1f6d09eb4a4c] Processing by DevelopmentsController#show as JSONAPI
I, [2019-09-05T10:01:08.385368 #13411]  INFO -- : [f4eb190b-c293-4ccc-9655-1f6d09eb4a4c]   Parameters: {"id"=>"54"}
I, [2019-09-05T10:01:08.391303 #13430]  INFO -- : [87154748-2803-43d8-8368-3f8713c8e484] Completed 200 OK in 12ms (Views: 0.2ms | ActiveRecord: 4.1ms)
I, [2019-09-05T10:01:08.395850 #6632]  INFO -- : [002e2ce0-f9dc-4e36-85f4-06ce48466ea6] Completed 200 OK in 15ms (Views: 0.1ms | ActiveRecord: 7.6ms)
I, [2019-09-05T10:01:08.400573 #6632]  INFO -- : [94f0278e-d343-4e48-b7ef-60b10ab5fb88] Started GET "/developments/23" for 104.207.192.42 at 2019-09-05 10:01:08 -0400
I, [2019-09-05T10:01:08.401994 #6632]  INFO -- : [94f0278e-d343-4e48-b7ef-60b10ab5fb88] Processing by DevelopmentsController#show as JSONAPI
I, [2019-09-05T10:01:08.402061 #6632]  INFO -- : [94f0278e-d343-4e48-b7ef-60b10ab5fb88]   Parameters: {"id"=>"23"}
I, [2019-09-05T10:01:08.403029 #13411]  INFO -- : [f4eb190b-c293-4ccc-9655-1f6d09eb4a4c] Completed 200 OK in 18ms (Views: 0.6ms | ActiveRecord: 5.6ms)
I, [2019-09-05T10:01:08.404023 #13430]  INFO -- : [0cc75abb-469c-49ac-9dba-1d7b1dd9af39] Started GET "/developments/4827" for 104.207.192.42 at 2019-09-05 10:01:08 -0400
I, [2019-09-05T10:01:08.404649 #13411]  INFO -- : [df0177aa-3f51-42b8-bd51-84448b5670b4] Started GET "/developments/3884" for 104.207.192.42 at 2019-09-05 10:01:08 -0400
I, [2019-09-05T10:01:08.404691 #13430]  INFO -- : [0cc75abb-469c-49ac-9dba-1d7b1dd9af39] Processing by DevelopmentsController#show as JSONAPI
I, [2019-09-05T10:01:08.404751 #13430]  INFO -- : [0cc75abb-469c-49ac-9dba-1d7b1dd9af39]   Parameters: {"id"=>"4827"}
I, [2019-09-05T10:01:08.405161 #13411]  INFO -- : [df0177aa-3f51-42b8-bd51-84448b5670b4] Processing by DevelopmentsController#show as JSONAPI
I, [2019-09-05T10:01:08.405210 #13411]  INFO -- : [df0177aa-3f51-42b8-bd51-84448b5670b4]   Parameters: {"id"=>"3884"}
I, [2019-09-05T10:01:08.415333 #13430]  INFO -- : [0cc75abb-469c-49ac-9dba-1d7b1dd9af39] Completed 200 OK in 10ms (Views: 0.2ms | ActiveRecord: 3.8ms)
I, [2019-09-05T10:01:08.416270 #13430]  INFO -- : [53a09f5e-2ed5-43c6-ad9c-b02ff443b2b6] Started GET "/developments/4829" for 104.207.192.42 at 2019-09-05 10:01:08 -0400
I, [2019-09-05T10:01:08.416782 #13430]  INFO -- : [53a09f5e-2ed5-43c6-ad9c-b02ff443b2b6] Processing by DevelopmentsController#show as JSONAPI
I, [2019-09-05T10:01:08.416864 #13430]  INFO -- : [53a09f5e-2ed5-43c6-ad9c-b02ff443b2b6]   Parameters: {"id"=>"4829"}
I, [2019-09-05T10:01:08.418343 #6632]  INFO -- : [94f0278e-d343-4e48-b7ef-60b10ab5fb88] Completed 200 OK in 16ms (Views: 0.2ms | ActiveRecord: 7.2ms)
I, [2019-09-05T10:01:08.420215 #13411]  INFO -- : [df0177aa-3f51-42b8-bd51-84448b5670b4] Completed 200 OK in 15ms (Views: 0.4ms | ActiveRecord: 8.2ms)
I, [2019-09-05T10:01:08.422896 #13411]  INFO -- : [068f4725-284c-488d-a0c8-709646c6ca41] Started GET "/developments/3818" for 104.207.192.42 at 2019-09-05 10:01:08 -0400
I, [2019-09-05T10:01:08.423437 #13411]  INFO -- : [068f4725-284c-488d-a0c8-709646c6ca41] Processing by DevelopmentsController#show as JSONAPI
I, [2019-09-05T10:01:08.423510 #13411]  INFO -- : [068f4725-284c-488d-a0c8-709646c6ca41]   Parameters: {"id"=>"3818"}
I, [2019-09-05T10:01:08.424708 #6632]  INFO -- : [b46c89c2-53d8-4b90-8926-0ef1dce62181] Started GET "/developments/4826" for 104.207.192.42 at 2019-09-05 10:01:08 -0400
I, [2019-09-05T10:01:08.425264 #6632]  INFO -- : [b46c89c2-53d8-4b90-8926-0ef1dce62181] Processing by DevelopmentsController#show as JSONAPI
I, [2019-09-05T10:01:08.425328 #6632]  INFO -- : [b46c89c2-53d8-4b90-8926-0ef1dce62181]   Parameters: {"id"=>"4826"}
I, [2019-09-05T10:01:08.432442 #13430]  INFO -- : [53a09f5e-2ed5-43c6-ad9c-b02ff443b2b6] Completed 200 OK in 15ms (Views: 0.2ms | ActiveRecord: 4.7ms)
I, [2019-09-05T10:01:08.433098 #13430]  INFO -- : [e136b934-fb9c-4a95-9eab-64bfc671a351] Started GET "/developments/4791" for 104.207.192.42 at 2019-09-05 10:01:08 -0400
I, [2019-09-05T10:01:08.433464 #13430]  INFO -- : [e136b934-fb9c-4a95-9eab-64bfc671a351] Processing by DevelopmentsController#show as JSONAPI
I, [2019-09-05T10:01:08.433510 #13430]  INFO -- : [e136b934-fb9c-4a95-9eab-64bfc671a351]   Parameters: {"id"=>"4791"}
I, [2019-09-05T10:01:08.440464 #6632]  INFO -- : [b46c89c2-53d8-4b90-8926-0ef1dce62181] Completed 200 OK in 15ms (Views: 0.2ms | ActiveRecord: 6.1ms)
I, [2019-09-05T10:01:08.440853 #13411]  INFO -- : [068f4725-284c-488d-a0c8-709646c6ca41] Completed 200 OK in 17ms (Views: 0.2ms | ActiveRecord: 6.6ms)
I, [2019-09-05T10:01:08.442452 #6632]  INFO -- : [61500ebe-b50e-45a6-b0e8-0a6d2cff0c8a] Started GET "/developments/4278" for 104.207.192.42 at 2019-09-05 10:01:08 -0400
I, [2019-09-05T10:01:08.443126 #6632]  INFO -- : [61500ebe-b50e-45a6-b0e8-0a6d2cff0c8a] Processing by DevelopmentsController#show as JSONAPI
I, [2019-09-05T10:01:08.443193 #6632]  INFO -- : [61500ebe-b50e-45a6-b0e8-0a6d2cff0c8a]   Parameters: {"id"=>"4278"}
I, [2019-09-05T10:01:08.443315 #13411]  INFO -- : [1135548a-5855-4a6a-a46c-53a22c4f9770] Started GET "/developments/1684" for 104.207.192.42 at 2019-09-05 10:01:08 -0400
I, [2019-09-05T10:01:08.443856 #13411]  INFO -- : [1135548a-5855-4a6a-a46c-53a22c4f9770] Processing by DevelopmentsController#show as JSONAPI
I, [2019-09-05T10:01:08.443983 #13411]  INFO -- : [1135548a-5855-4a6a-a46c-53a22c4f9770]   Parameters: {"id"=>"1684"}
I, [2019-09-05T10:01:08.445468 #13430]  INFO -- : [e136b934-fb9c-4a95-9eab-64bfc671a351] Completed 200 OK in 12ms (Views: 0.2ms | ActiveRecord: 5.9ms)
I, [2019-09-05T10:01:08.446488 #13430]  INFO -- : [2354007a-9ad4-442d-b6e7-dc10f6f02f13] Started GET "/developments/4277" for 104.207.192.42 at 2019-09-05 10:01:08 -0400
I, [2019-09-05T10:01:08.447073 #13430]  INFO -- : [2354007a-9ad4-442d-b6e7-dc10f6f02f13] Processing by DevelopmentsController#show as JSONAPI
I, [2019-09-05T10:01:08.447139 #13430]  INFO -- : [2354007a-9ad4-442d-b6e7-dc10f6f02f13]   Parameters: {"id"=>"4277"}
I, [2019-09-05T10:01:08.455230 #13411]  INFO -- : [1135548a-5855-4a6a-a46c-53a22c4f9770] Completed 200 OK in 11ms (Views: 0.2ms | ActiveRecord: 3.7ms)
I, [2019-09-05T10:01:08.455990 #13411]  INFO -- : [033d862d-0eb3-4994-ac22-4a9a2a285d06] Started GET "/developments/4279" for 104.207.192.42 at 2019-09-05 10:01:08 -0400
I, [2019-09-05T10:01:08.456669 #13411]  INFO -- : [033d862d-0eb3-4994-ac22-4a9a2a285d06] Processing by DevelopmentsController#show as JSONAPI
I, [2019-09-05T10:01:08.456736 #13411]  INFO -- : [033d862d-0eb3-4994-ac22-4a9a2a285d06]   Parameters: {"id"=>"4279"}
I, [2019-09-05T10:01:08.459711 #6632]  INFO -- : [61500ebe-b50e-45a6-b0e8-0a6d2cff0c8a] Completed 200 OK in 16ms (Views: 1.5ms | ActiveRecord: 6.9ms)
I, [2019-09-05T10:01:08.460792 #6632]  INFO -- : [ef2005b6-7cee-4b78-98a6-3f7ad805ea11] Started GET "/developments/4808" for 104.207.192.42 at 2019-09-05 10:01:08 -0400
I, [2019-09-05T10:01:08.461346 #6632]  INFO -- : [ef2005b6-7cee-4b78-98a6-3f7ad805ea11] Processing by DevelopmentsController#show as JSONAPI
I, [2019-09-05T10:01:08.461414 #6632]  INFO -- : [ef2005b6-7cee-4b78-98a6-3f7ad805ea11]   Parameters: {"id"=>"4808"}
I, [2019-09-05T10:01:08.462734 #13430]  INFO -- : [2354007a-9ad4-442d-b6e7-dc10f6f02f13] Completed 200 OK in 15ms (Views: 0.2ms | ActiveRecord: 8.4ms)
I, [2019-09-05T10:01:08.464380 #13430]  INFO -- : [f25ec991-ace2-4b85-aac8-68840c269375] Started GET "/developments/4280" for 104.207.192.42 at 2019-09-05 10:01:08 -0400
I, [2019-09-05T10:01:08.464938 #13430]  INFO -- : [f25ec991-ace2-4b85-aac8-68840c269375] Processing by DevelopmentsController#show as JSONAPI
I, [2019-09-05T10:01:08.465004 #13430]  INFO -- : [f25ec991-ace2-4b85-aac8-68840c269375]   Parameters: {"id"=>"4280"}
I, [2019-09-05T10:01:08.469623 #13411]  INFO -- : [033d862d-0eb3-4994-ac22-4a9a2a285d06] Completed 200 OK in 13ms (Views: 0.2ms | ActiveRecord: 3.8ms)
I, [2019-09-05T10:01:08.470633 #13411]  INFO -- : [2cb721e3-81c6-48cf-8412-e6913b57a159] Started GET "/developments/4475" for 104.207.192.42 at 2019-09-05 10:01:08 -0400
I, [2019-09-05T10:01:08.471348 #13411]  INFO -- : [2cb721e3-81c6-48cf-8412-e6913b57a159] Processing by DevelopmentsController#show as JSONAPI
I, [2019-09-05T10:01:08.471414 #13411]  INFO -- : [2cb721e3-81c6-48cf-8412-e6913b57a159]   Parameters: {"id"=>"4475"}
I, [2019-09-05T10:01:08.473935 #6632]  INFO -- : [ef2005b6-7cee-4b78-98a6-3f7ad805ea11] Completed 200 OK in 12ms (Views: 0.2ms | ActiveRecord: 5.2ms)
I, [2019-09-05T10:01:08.475952 #6632]  INFO -- : [79ecab26-e3b6-4ae6-be33-2eebb6a06d91] Started GET "/developments/4235" for 104.207.192.42 at 2019-09-05 10:01:08 -0400
I, [2019-09-05T10:01:08.476576 #6632]  INFO -- : [79ecab26-e3b6-4ae6-be33-2eebb6a06d91] Processing by DevelopmentsController#show as JSONAPI
I, [2019-09-05T10:01:08.476643 #6632]  INFO -- : [79ecab26-e3b6-4ae6-be33-2eebb6a06d91]   Parameters: {"id"=>"4235"}
I, [2019-09-05T10:01:08.478427 #13430]  INFO -- : [f25ec991-ace2-4b85-aac8-68840c269375] Completed 200 OK in 13ms (Views: 0.2ms | ActiveRecord: 7.2ms)
I, [2019-09-05T10:01:08.480548 #13430]  INFO -- : [ee05341a-241a-4f41-9b0c-da35dc32886d] Started GET "/developments/4782" for 104.207.192.42 at 2019-09-05 10:01:08 -0400
I, [2019-09-05T10:01:08.481142 #13430]  INFO -- : [ee05341a-241a-4f41-9b0c-da35dc32886d] Processing by DevelopmentsController#show as JSONAPI
I, [2019-09-05T10:01:08.481207 #13430]  INFO -- : [ee05341a-241a-4f41-9b0c-da35dc32886d]   Parameters: {"id"=>"4782"}
I, [2019-09-05T10:01:08.484143 #13411]  INFO -- : [2cb721e3-81c6-48cf-8412-e6913b57a159] Completed 200 OK in 13ms (Views: 0.2ms | ActiveRecord: 6.0ms)
I, [2019-09-05T10:01:08.484898 #13411]  INFO -- : [dccb28b9-b510-461d-9d0b-6ad9da448c56] Started GET "/developments/307" for 104.207.192.42 at 2019-09-05 10:01:08 -0400
I, [2019-09-05T10:01:08.485458 #13411]  INFO -- : [dccb28b9-b510-461d-9d0b-6ad9da448c56] Processing by DevelopmentsController#show as JSONAPI
I, [2019-09-05T10:01:08.485520 #13411]  INFO -- : [dccb28b9-b510-461d-9d0b-6ad9da448c56]   Parameters: {"id"=>"307"}
I, [2019-09-05T10:01:08.492417 #6632]  INFO -- : [79ecab26-e3b6-4ae6-be33-2eebb6a06d91] Completed 200 OK in 16ms (Views: 0.2ms | ActiveRecord: 8.5ms)
I, [2019-09-05T10:01:08.492510 #13430]  INFO -- : [ee05341a-241a-4f41-9b0c-da35dc32886d] Completed 200 OK in 11ms (Views: 0.2ms | ActiveRecord: 4.4ms)
I, [2019-09-05T10:01:08.494116 #6632]  INFO -- : [59f608d7-9565-4b70-a628-cf1bf70b3c0b] Started GET "/developments/2040" for 104.207.192.42 at 2019-09-05 10:01:08 -0400
I, [2019-09-05T10:01:08.494693 #13430]  INFO -- : [ad82099b-3af9-4790-a33b-4eeb56261354] Started GET "/developments/816" for 104.207.192.42 at 2019-09-05 10:01:08 -0400
I, [2019-09-05T10:01:08.495203 #13430]  INFO -- : [ad82099b-3af9-4790-a33b-4eeb56261354] Processing by DevelopmentsController#show as JSONAPI
I, [2019-09-05T10:01:08.495267 #13430]  INFO -- : [ad82099b-3af9-4790-a33b-4eeb56261354]   Parameters: {"id"=>"816"}
I, [2019-09-05T10:01:08.495840 #6632]  INFO -- : [59f608d7-9565-4b70-a628-cf1bf70b3c0b] Processing by DevelopmentsController#show as JSONAPI
I, [2019-09-05T10:01:08.495907 #6632]  INFO -- : [59f608d7-9565-4b70-a628-cf1bf70b3c0b]   Parameters: {"id"=>"2040"}
I, [2019-09-05T10:01:08.498253 #13411]  INFO -- : [dccb28b9-b510-461d-9d0b-6ad9da448c56] Completed 200 OK in 13ms (Views: 0.1ms | ActiveRecord: 6.1ms)
I, [2019-09-05T10:01:08.504646 #13411]  INFO -- : [5baa6618-37a0-4470-a672-800fba8cee21] Started GET "/developments/979" for 104.207.192.42 at 2019-09-05 10:01:08 -0400
I, [2019-09-05T10:01:08.505019 #13411]  INFO -- : [5baa6618-37a0-4470-a672-800fba8cee21] Processing by DevelopmentsController#show as JSONAPI
I, [2019-09-05T10:01:08.505065 #13411]  INFO -- : [5baa6618-37a0-4470-a672-800fba8cee21]   Parameters: {"id"=>"979"}
I, [2019-09-05T10:01:08.507194 #13430]  INFO -- : [ad82099b-3af9-4790-a33b-4eeb56261354] Completed 200 OK in 12ms (Views: 0.1ms | ActiveRecord: 4.0ms)
I, [2019-09-05T10:01:08.508163 #13430]  INFO -- : [8db7aec0-1f5e-4aba-8a94-61eb3356268a] Started GET "/developments/451" for 104.207.192.42 at 2019-09-05 10:01:08 -0400
I, [2019-09-05T10:01:08.508717 #13430]  INFO -- : [8db7aec0-1f5e-4aba-8a94-61eb3356268a] Processing by DevelopmentsController#show as JSONAPI
I, [2019-09-05T10:01:08.508783 #13430]  INFO -- : [8db7aec0-1f5e-4aba-8a94-61eb3356268a]   Parameters: {"id"=>"451"}
I, [2019-09-05T10:01:08.512043 #6632]  INFO -- : [59f608d7-9565-4b70-a628-cf1bf70b3c0b] Completed 200 OK in 16ms (Views: 0.1ms | ActiveRecord: 4.9ms)
I, [2019-09-05T10:01:08.514368 #6632]  INFO -- : [306d3113-0c5c-48d4-9157-876167e6d8b3] Started GET "/developments/619" for 104.207.192.42 at 2019-09-05 10:01:08 -0400
I, [2019-09-05T10:01:08.514977 #6632]  INFO -- : [306d3113-0c5c-48d4-9157-876167e6d8b3] Processing by DevelopmentsController#show as JSONAPI
I, [2019-09-05T10:01:08.515026 #6632]  INFO -- : [306d3113-0c5c-48d4-9157-876167e6d8b3]   Parameters: {"id"=>"619"}
I, [2019-09-05T10:01:08.519405 #13411]  INFO -- : [5baa6618-37a0-4470-a672-800fba8cee21] Completed 200 OK in 14ms (Views: 0.2ms | ActiveRecord: 5.8ms)
I, [2019-09-05T10:01:08.521270 #13411]  INFO -- : [3742b2c6-2d23-415d-8ab3-92c6a96cc1af] Started GET "/developments/4446" for 104.207.192.42 at 2019-09-05 10:01:08 -0400
I, [2019-09-05T10:01:08.522196 #13411]  INFO -- : [3742b2c6-2d23-415d-8ab3-92c6a96cc1af] Processing by DevelopmentsController#show as JSONAPI
I, [2019-09-05T10:01:08.522263 #13411]  INFO -- : [3742b2c6-2d23-415d-8ab3-92c6a96cc1af]   Parameters: {"id"=>"4446"}
I, [2019-09-05T10:01:08.523209 #13430]  INFO -- : [8db7aec0-1f5e-4aba-8a94-61eb3356268a] Completed 200 OK in 14ms (Views: 0.2ms | ActiveRecord: 7.9ms)
I, [2019-09-05T10:01:08.523925 #13430]  INFO -- : [614beef4-3f4f-41cd-812f-66116b49b0d7] Started GET "/developments/3844" for 104.207.192.42 at 2019-09-05 10:01:08 -0400
I, [2019-09-05T10:01:08.524533 #13430]  INFO -- : [614beef4-3f4f-41cd-812f-66116b49b0d7] Processing by DevelopmentsController#show as JSONAPI
I, [2019-09-05T10:01:08.524596 #13430]  INFO -- : [614beef4-3f4f-41cd-812f-66116b49b0d7]   Parameters: {"id"=>"3844"}
I, [2019-09-05T10:01:08.531397 #6632]  INFO -- : [306d3113-0c5c-48d4-9157-876167e6d8b3] Completed 200 OK in 16ms (Views: 0.2ms | ActiveRecord: 8.4ms)
I, [2019-09-05T10:01:08.532885 #6632]  INFO -- : [0ecc66f1-1b2b-4ae1-a67c-c635f97dca50] Started GET "/developments/87" for 104.207.192.42 at 2019-09-05 10:01:08 -0400
I, [2019-09-05T10:01:08.533536 #6632]  INFO -- : [0ecc66f1-1b2b-4ae1-a67c-c635f97dca50] Processing by DevelopmentsController#show as JSONAPI
I, [2019-09-05T10:01:08.533602 #6632]  INFO -- : [0ecc66f1-1b2b-4ae1-a67c-c635f97dca50]   Parameters: {"id"=>"87"}
I, [2019-09-05T10:01:08.533634 #13411]  INFO -- : [3742b2c6-2d23-415d-8ab3-92c6a96cc1af] Completed 200 OK in 11ms (Views: 0.2ms | ActiveRecord: 4.9ms)
I, [2019-09-05T10:01:08.534461 #13411]  INFO -- : [8fc03f48-5441-4a6f-aaaa-f96e762bc65c] Started GET "/developments/475" for 104.207.192.42 at 2019-09-05 10:01:08 -0400
I, [2019-09-05T10:01:08.534997 #13411]  INFO -- : [8fc03f48-5441-4a6f-aaaa-f96e762bc65c] Processing by DevelopmentsController#show as JSONAPI
I, [2019-09-05T10:01:08.535061 #13411]  INFO -- : [8fc03f48-5441-4a6f-aaaa-f96e762bc65c]   Parameters: {"id"=>"475"}
I, [2019-09-05T10:01:08.539607 #13430]  INFO -- : [614beef4-3f4f-41cd-812f-66116b49b0d7] Completed 200 OK in 15ms (Views: 0.1ms | ActiveRecord: 8.6ms)
I, [2019-09-05T10:01:08.542589 #13430]  INFO -- : [91b4818f-fa93-4188-8359-f8b86625da04] Started GET "/developments/4391" for 104.207.192.42 at 2019-09-05 10:01:08 -0400
I, [2019-09-05T10:01:08.543097 #13430]  INFO -- : [91b4818f-fa93-4188-8359-f8b86625da04] Processing by DevelopmentsController#show as JSONAPI
I, [2019-09-05T10:01:08.543162 #13430]  INFO -- : [91b4818f-fa93-4188-8359-f8b86625da04]   Parameters: {"id"=>"4391"}
I, [2019-09-05T10:01:08.545152 #6632]  INFO -- : [0ecc66f1-1b2b-4ae1-a67c-c635f97dca50] Completed 200 OK in 11ms (Views: 0.1ms | ActiveRecord: 4.5ms)
I, [2019-09-05T10:01:08.546459 #6632]  INFO -- : [55706b09-d19c-4eaa-adb4-fb96d8f089fd] Started GET "/developments/3846" for 104.207.192.42 at 2019-09-05 10:01:08 -0400
I, [2019-09-05T10:01:08.547040 #6632]  INFO -- : [55706b09-d19c-4eaa-adb4-fb96d8f089fd] Processing by DevelopmentsController#show as JSONAPI
I, [2019-09-05T10:01:08.547231 #6632]  INFO -- : [55706b09-d19c-4eaa-adb4-fb96d8f089fd]   Parameters: {"id"=>"3846"}
I, [2019-09-05T10:01:08.547586 #13411]  INFO -- : [8fc03f48-5441-4a6f-aaaa-f96e762bc65c] Completed 200 OK in 12ms (Views: 0.2ms | ActiveRecord: 5.8ms)
I, [2019-09-05T10:01:08.548341 #13411]  INFO -- : [93b546de-6d64-40ca-85c5-c88d2ccc4dc1] Started GET "/developments/21" for 104.207.192.42 at 2019-09-05 10:01:08 -0400
I, [2019-09-05T10:01:08.548838 #13411]  INFO -- : [93b546de-6d64-40ca-85c5-c88d2ccc4dc1] Processing by DevelopmentsController#show as JSONAPI
I, [2019-09-05T10:01:08.548904 #13411]  INFO -- : [93b546de-6d64-40ca-85c5-c88d2ccc4dc1]   Parameters: {"id"=>"21"}
I, [2019-09-05T10:01:08.558282 #13430]  INFO -- : [91b4818f-fa93-4188-8359-f8b86625da04] Completed 200 OK in 15ms (Views: 0.2ms | ActiveRecord: 7.9ms)
I, [2019-09-05T10:01:08.559321 #13430]  INFO -- : [0d8bfc32-44cf-4744-bc38-88c575af3b89] Started GET "/developments/2632" for 104.207.192.42 at 2019-09-05 10:01:08 -0400
I, [2019-09-05T10:01:08.559883 #13430]  INFO -- : [0d8bfc32-44cf-4744-bc38-88c575af3b89] Processing by DevelopmentsController#show as JSONAPI
I, [2019-09-05T10:01:08.559978 #13430]  INFO -- : [0d8bfc32-44cf-4744-bc38-88c575af3b89]   Parameters: {"id"=>"2632"}
I, [2019-09-05T10:01:08.560627 #6632]  INFO -- : [55706b09-d19c-4eaa-adb4-fb96d8f089fd] Completed 200 OK in 13ms (Views: 0.1ms | ActiveRecord: 5.9ms)
I, [2019-09-05T10:01:08.562470 #6632]  INFO -- : [77107871-55e8-483d-b11c-1c2b82c48145] Started GET "/developments/4372" for 104.207.192.42 at 2019-09-05 10:01:08 -0400
I, [2019-09-05T10:01:08.564743 #13411]  INFO -- : [93b546de-6d64-40ca-85c5-c88d2ccc4dc1] Completed 200 OK in 16ms (Views: 0.2ms | ActiveRecord: 9.4ms)
I, [2019-09-05T10:01:08.565432 #6632]  INFO -- : [77107871-55e8-483d-b11c-1c2b82c48145] Processing by DevelopmentsController#show as JSONAPI
I, [2019-09-05T10:01:08.565481 #6632]  INFO -- : [77107871-55e8-483d-b11c-1c2b82c48145]   Parameters: {"id"=>"4372"}
I, [2019-09-05T10:01:08.565958 #13411]  INFO -- : [8528d639-ee12-4d93-92a5-93aa80a93e87] Started GET "/developments/3934" for 104.207.192.42 at 2019-09-05 10:01:08 -0400
I, [2019-09-05T10:01:08.566485 #13411]  INFO -- : [8528d639-ee12-4d93-92a5-93aa80a93e87] Processing by DevelopmentsController#show as JSONAPI
I, [2019-09-05T10:01:08.566534 #13411]  INFO -- : [8528d639-ee12-4d93-92a5-93aa80a93e87]   Parameters: {"id"=>"3934"}
I, [2019-09-05T10:01:08.570479 #13430]  INFO -- : [0d8bfc32-44cf-4744-bc38-88c575af3b89] Completed 200 OK in 10ms (Views: 0.2ms | ActiveRecord: 4.2ms)
I, [2019-09-05T10:01:08.571761 #13430]  INFO -- : [bf32e8cf-84e0-4e96-b5eb-dfdc0f6811f9] Started GET "/developments/1909" for 104.207.192.42 at 2019-09-05 10:01:08 -0400
I, [2019-09-05T10:01:08.573942 #13430]  INFO -- : [bf32e8cf-84e0-4e96-b5eb-dfdc0f6811f9] Processing by DevelopmentsController#show as JSONAPI
I, [2019-09-05T10:01:08.574009 #13430]  INFO -- : [bf32e8cf-84e0-4e96-b5eb-dfdc0f6811f9]   Parameters: {"id"=>"1909"}
I, [2019-09-05T10:01:08.575545 #6632]  INFO -- : [77107871-55e8-483d-b11c-1c2b82c48145] Completed 200 OK in 10ms (Views: 0.1ms | ActiveRecord: 3.7ms)
I, [2019-09-05T10:01:08.576628 #6632]  INFO -- : [745b1572-2164-40bf-a58f-0190d5ebc12f] Started GET "/developments/4334" for 104.207.192.42 at 2019-09-05 10:01:08 -0400
I, [2019-09-05T10:01:08.577225 #6632]  INFO -- : [745b1572-2164-40bf-a58f-0190d5ebc12f] Processing by DevelopmentsController#show as JSONAPI
I, [2019-09-05T10:01:08.577290 #6632]  INFO -- : [745b1572-2164-40bf-a58f-0190d5ebc12f]   Parameters: {"id"=>"4334"}
I, [2019-09-05T10:01:08.580075 #13411]  INFO -- : [8528d639-ee12-4d93-92a5-93aa80a93e87] Completed 200 OK in 13ms (Views: 0.2ms | ActiveRecord: 6.6ms)
I, [2019-09-05T10:01:08.581059 #13411]  INFO -- : [52515371-9e6e-4ab6-8dc5-44d2ee582fa1] Started GET "/developments/1401" for 104.207.192.42 at 2019-09-05 10:01:08 -0400
I, [2019-09-05T10:01:08.581609 #13411]  INFO -- : [52515371-9e6e-4ab6-8dc5-44d2ee582fa1] Processing by DevelopmentsController#show as JSONAPI
I, [2019-09-05T10:01:08.581675 #13411]  INFO -- : [52515371-9e6e-4ab6-8dc5-44d2ee582fa1]   Parameters: {"id"=>"1401"}
I, [2019-09-05T10:01:08.586430 #13430]  INFO -- : [bf32e8cf-84e0-4e96-b5eb-dfdc0f6811f9] Completed 200 OK in 12ms (Views: 0.1ms | ActiveRecord: 4.1ms)
I, [2019-09-05T10:01:08.587117 #13430]  INFO -- : [633e5a30-4e53-45e4-9207-03751fdbbbf0] Started GET "/developments/4065" for 104.207.192.42 at 2019-09-05 10:01:08 -0400
I, [2019-09-05T10:01:08.587658 #13430]  INFO -- : [633e5a30-4e53-45e4-9207-03751fdbbbf0] Processing by DevelopmentsController#show as JSONAPI
I, [2019-09-05T10:01:08.587725 #13430]  INFO -- : [633e5a30-4e53-45e4-9207-03751fdbbbf0]   Parameters: {"id"=>"4065"}
I, [2019-09-05T10:01:08.591158 #6632]  INFO -- : [745b1572-2164-40bf-a58f-0190d5ebc12f] Completed 200 OK in 14ms (Views: 0.2ms | ActiveRecord: 4.3ms)
I, [2019-09-05T10:01:08.592487 #6632]  INFO -- : [826fb7d3-f5d0-4514-bd6e-1ecccdc29a3f] Started GET "/developments/4450" for 104.207.192.42 at 2019-09-05 10:01:08 -0400
I, [2019-09-05T10:01:08.593030 #6632]  INFO -- : [826fb7d3-f5d0-4514-bd6e-1ecccdc29a3f] Processing by DevelopmentsController#show as JSONAPI
I, [2019-09-05T10:01:08.593098 #6632]  INFO -- : [826fb7d3-f5d0-4514-bd6e-1ecccdc29a3f]   Parameters: {"id"=>"4450"}
I, [2019-09-05T10:01:08.595707 #13411]  INFO -- : [52515371-9e6e-4ab6-8dc5-44d2ee582fa1] Completed 200 OK in 14ms (Views: 0.2ms | ActiveRecord: 6.9ms)
I, [2019-09-05T10:01:08.596777 #13411]  INFO -- : [99f9eda3-6498-4c98-bc66-2d0e60680330] Started GET "/developments/2420" for 104.207.192.42 at 2019-09-05 10:01:08 -0400
I, [2019-09-05T10:01:08.597321 #13411]  INFO -- : [99f9eda3-6498-4c98-bc66-2d0e60680330] Processing by DevelopmentsController#show as JSONAPI
I, [2019-09-05T10:01:08.597387 #13411]  INFO -- : [99f9eda3-6498-4c98-bc66-2d0e60680330]   Parameters: {"id"=>"2420"}
I, [2019-09-05T10:01:08.600809 #13430]  INFO -- : [633e5a30-4e53-45e4-9207-03751fdbbbf0] Completed 200 OK in 13ms (Views: 0.2ms | ActiveRecord: 5.1ms)
I, [2019-09-05T10:01:08.601852 #13430]  INFO -- : [71fcbfb9-b321-43e9-a215-3b8dc3198c78] Started GET "/developments/2886" for 104.207.192.42 at 2019-09-05 10:01:08 -0400
I, [2019-09-05T10:01:08.602410 #13430]  INFO -- : [71fcbfb9-b321-43e9-a215-3b8dc3198c78] Processing by DevelopmentsController#show as JSONAPI
I, [2019-09-05T10:01:08.602473 #13430]  INFO -- : [71fcbfb9-b321-43e9-a215-3b8dc3198c78]   Parameters: {"id"=>"2886"}
I, [2019-09-05T10:01:08.607755 #6632]  INFO -- : [826fb7d3-f5d0-4514-bd6e-1ecccdc29a3f] Completed 200 OK in 15ms (Views: 0.2ms | ActiveRecord: 4.8ms)
I, [2019-09-05T10:01:08.608702 #6632]  INFO -- : [d0f8c68b-4e4e-4c22-9ffc-9ed662dfde26] Started GET "/developments/4128" for 104.207.192.42 at 2019-09-05 10:01:08 -0400
I, [2019-09-05T10:01:08.609273 #6632]  INFO -- : [d0f8c68b-4e4e-4c22-9ffc-9ed662dfde26] Processing by DevelopmentsController#show as JSONAPI
I, [2019-09-05T10:01:08.609338 #6632]  INFO -- : [d0f8c68b-4e4e-4c22-9ffc-9ed662dfde26]   Parameters: {"id"=>"4128"}
I, [2019-09-05T10:01:08.610283 #13411]  INFO -- : [99f9eda3-6498-4c98-bc66-2d0e60680330] Completed 200 OK in 13ms (Views: 0.2ms | ActiveRecord: 5.2ms)
I, [2019-09-05T10:01:08.611432 #13411]  INFO -- : [bd07c507-e31e-4bb7-9ffa-bf9f865aac97] Started GET "/developments/554" for 104.207.192.42 at 2019-09-05 10:01:08 -0400
I, [2019-09-05T10:01:08.611847 #13411]  INFO -- : [bd07c507-e31e-4bb7-9ffa-bf9f865aac97] Processing by DevelopmentsController#show as JSONAPI
I, [2019-09-05T10:01:08.611904 #13411]  INFO -- : [bd07c507-e31e-4bb7-9ffa-bf9f865aac97]   Parameters: {"id"=>"554"}
I, [2019-09-05T10:01:08.613759 #13430]  INFO -- : [71fcbfb9-b321-43e9-a215-3b8dc3198c78] Completed 200 OK in 11ms (Views: 0.2ms | ActiveRecord: 4.3ms)
I, [2019-09-05T10:01:08.617401 #13430]  INFO -- : [e5145acd-8db1-4f07-aebd-75a755cd1b72] Started GET "/developments/1069" for 104.207.192.42 at 2019-09-05 10:01:08 -0400
I, [2019-09-05T10:01:08.617815 #13430]  INFO -- : [e5145acd-8db1-4f07-aebd-75a755cd1b72] Processing by DevelopmentsController#show as JSONAPI
I, [2019-09-05T10:01:08.617862 #13430]  INFO -- : [e5145acd-8db1-4f07-aebd-75a755cd1b72]   Parameters: {"id"=>"1069"}
I, [2019-09-05T10:01:08.622184 #13411]  INFO -- : [bd07c507-e31e-4bb7-9ffa-bf9f865aac97] Completed 200 OK in 10ms (Views: 0.2ms | ActiveRecord: 3.4ms)
I, [2019-09-05T10:01:08.623095 #13411]  INFO -- : [44d6e1f7-7c89-4a46-8ef5-2552c8368893] Started GET "/developments/4587" for 104.207.192.42 at 2019-09-05 10:01:08 -0400
I, [2019-09-05T10:01:08.623786 #13411]  INFO -- : [44d6e1f7-7c89-4a46-8ef5-2552c8368893] Processing by DevelopmentsController#show as JSONAPI
I, [2019-09-05T10:01:08.623854 #13411]  INFO -- : [44d6e1f7-7c89-4a46-8ef5-2552c8368893]   Parameters: {"id"=>"4587"}
I, [2019-09-05T10:01:08.625045 #6632]  INFO -- : [d0f8c68b-4e4e-4c22-9ffc-9ed662dfde26] Completed 200 OK in 16ms (Views: 0.1ms | ActiveRecord: 7.6ms)
I, [2019-09-05T10:01:08.626621 #6632]  INFO -- : [a501c627-7a43-40c2-8292-d19c76657ac6] Started GET "/developments/4454" for 104.207.192.42 at 2019-09-05 10:01:08 -0400
I, [2019-09-05T10:01:08.627181 #6632]  INFO -- : [a501c627-7a43-40c2-8292-d19c76657ac6] Processing by DevelopmentsController#show as JSONAPI
I, [2019-09-05T10:01:08.627248 #6632]  INFO -- : [a501c627-7a43-40c2-8292-d19c76657ac6]   Parameters: {"id"=>"4454"}
I, [2019-09-05T10:01:08.632257 #13430]  INFO -- : [e5145acd-8db1-4f07-aebd-75a755cd1b72] Completed 200 OK in 14ms (Views: 0.2ms | ActiveRecord: 4.9ms)
I, [2019-09-05T10:01:08.633142 #13430]  INFO -- : [510b2d18-be4f-4897-beda-3fc36c0f8d3a] Started GET "/developments/4585" for 104.207.192.42 at 2019-09-05 10:01:08 -0400
I, [2019-09-05T10:01:08.633601 #13430]  INFO -- : [510b2d18-be4f-4897-beda-3fc36c0f8d3a] Processing by DevelopmentsController#show as JSONAPI
I, [2019-09-05T10:01:08.633667 #13430]  INFO -- : [510b2d18-be4f-4897-beda-3fc36c0f8d3a]   Parameters: {"id"=>"4585"}
I, [2019-09-05T10:01:08.637254 #13411]  INFO -- : [44d6e1f7-7c89-4a46-8ef5-2552c8368893] Completed 200 OK in 13ms (Views: 0.2ms | ActiveRecord: 5.7ms)
I, [2019-09-05T10:01:08.638663 #13411]  INFO -- : [8a9aea03-0f0b-4acb-9757-e11f68be3cec] Started GET "/developments/4109" for 104.207.192.42 at 2019-09-05 10:01:08 -0400
I, [2019-09-05T10:01:08.639067 #13411]  INFO -- : [8a9aea03-0f0b-4acb-9757-e11f68be3cec] Processing by DevelopmentsController#show as JSONAPI
I, [2019-09-05T10:01:08.639114 #13411]  INFO -- : [8a9aea03-0f0b-4acb-9757-e11f68be3cec]   Parameters: {"id"=>"4109"}
I, [2019-09-05T10:01:08.647741 #6632]  INFO -- : [a501c627-7a43-40c2-8292-d19c76657ac6] Completed 200 OK in 20ms (Views: 0.2ms | ActiveRecord: 14.1ms)
I, [2019-09-05T10:01:08.649379 #6632]  INFO -- : [a9e658fc-65d9-4972-aa3d-43d38e629ffc] Started GET "/developments/2811" for 104.207.192.42 at 2019-09-05 10:01:08 -0400
I, [2019-09-05T10:01:08.649766 #13430]  INFO -- : [510b2d18-be4f-4897-beda-3fc36c0f8d3a] Completed 200 OK in 16ms (Views: 0.2ms | ActiveRecord: 8.9ms)
I, [2019-09-05T10:01:08.649997 #6632]  INFO -- : [a9e658fc-65d9-4972-aa3d-43d38e629ffc] Processing by DevelopmentsController#show as JSONAPI
I, [2019-09-05T10:01:08.650063 #6632]  INFO -- : [a9e658fc-65d9-4972-aa3d-43d38e629ffc]   Parameters: {"id"=>"2811"}
I, [2019-09-05T10:01:08.650771 #13430]  INFO -- : [73dad988-65fe-4f80-a731-25ce4625c499] Started GET "/developments/3771" for 104.207.192.42 at 2019-09-05 10:01:08 -0400
I, [2019-09-05T10:01:08.651310 #13430]  INFO -- : [73dad988-65fe-4f80-a731-25ce4625c499] Processing by DevelopmentsController#show as JSONAPI
I, [2019-09-05T10:01:08.651406 #13430]  INFO -- : [73dad988-65fe-4f80-a731-25ce4625c499]   Parameters: {"id"=>"3771"}
I, [2019-09-05T10:01:08.654475 #13411]  INFO -- : [8a9aea03-0f0b-4acb-9757-e11f68be3cec] Completed 200 OK in 15ms (Views: 0.2ms | ActiveRecord: 9.7ms)
I, [2019-09-05T10:01:08.656308 #13411]  INFO -- : [93053f43-50ca-45fd-afb8-d8f8a576c014] Started GET "/developments/2533" for 104.207.192.42 at 2019-09-05 10:01:08 -0400
I, [2019-09-05T10:01:08.656906 #13411]  INFO -- : [93053f43-50ca-45fd-afb8-d8f8a576c014] Processing by DevelopmentsController#show as JSONAPI
I, [2019-09-05T10:01:08.656956 #13411]  INFO -- : [93053f43-50ca-45fd-afb8-d8f8a576c014]   Parameters: {"id"=>"2533"}
I, [2019-09-05T10:01:08.661785 #13430]  INFO -- : [73dad988-65fe-4f80-a731-25ce4625c499] Completed 200 OK in 10ms (Views: 0.1ms | ActiveRecord: 3.6ms)
I, [2019-09-05T10:01:08.663554 #13430]  INFO -- : [298f4c63-2e2f-4ede-93a1-5b0dd97d0ed2] Started GET "/developments/974" for 104.207.192.42 at 2019-09-05 10:01:08 -0400
I, [2019-09-05T10:01:08.664102 #13430]  INFO -- : [298f4c63-2e2f-4ede-93a1-5b0dd97d0ed2] Processing by DevelopmentsController#show as JSONAPI
I, [2019-09-05T10:01:08.665420 #13430]  INFO -- : [298f4c63-2e2f-4ede-93a1-5b0dd97d0ed2]   Parameters: {"id"=>"974"}
I, [2019-09-05T10:01:08.666532 #6632]  INFO -- : [a9e658fc-65d9-4972-aa3d-43d38e629ffc] Completed 200 OK in 16ms (Views: 0.3ms | ActiveRecord: 8.1ms)
I, [2019-09-05T10:01:08.667762 #6632]  INFO -- : [92334714-0f9f-4f8e-9147-c60c39f5baee] Started GET "/developments/40" for 104.207.192.42 at 2019-09-05 10:01:08 -0400
I, [2019-09-05T10:01:08.668360 #6632]  INFO -- : [92334714-0f9f-4f8e-9147-c60c39f5baee] Processing by DevelopmentsController#show as JSONAPI
I, [2019-09-05T10:01:08.668478 #6632]  INFO -- : [92334714-0f9f-4f8e-9147-c60c39f5baee]   Parameters: {"id"=>"40"}
I, [2019-09-05T10:01:08.669738 #13411]  INFO -- : [93053f43-50ca-45fd-afb8-d8f8a576c014] Completed 200 OK in 13ms (Views: 0.1ms | ActiveRecord: 5.1ms)
I, [2019-09-05T10:01:08.672538 #13411]  INFO -- : [be818e7c-6295-4e52-bee8-7258aa617e51] Started GET "/developments/686" for 104.207.192.42 at 2019-09-05 10:01:08 -0400
I, [2019-09-05T10:01:08.673139 #13411]  INFO -- : [be818e7c-6295-4e52-bee8-7258aa617e51] Processing by DevelopmentsController#show as JSONAPI
I, [2019-09-05T10:01:08.673188 #13411]  INFO -- : [be818e7c-6295-4e52-bee8-7258aa617e51]   Parameters: {"id"=>"686"}
I, [2019-09-05T10:01:08.679646 #13430]  INFO -- : [298f4c63-2e2f-4ede-93a1-5b0dd97d0ed2] Completed 200 OK in 14ms (Views: 0.2ms | ActiveRecord: 7.6ms)
I, [2019-09-05T10:01:08.680649 #13430]  INFO -- : [9ffefe5b-ee9f-402a-b589-4a73f3425949] Started GET "/developments/4339" for 104.207.192.42 at 2019-09-05 10:01:08 -0400
I, [2019-09-05T10:01:08.681284 #13430]  INFO -- : [9ffefe5b-ee9f-402a-b589-4a73f3425949] Processing by DevelopmentsController#show as JSONAPI
I, [2019-09-05T10:01:08.681349 #13430]  INFO -- : [9ffefe5b-ee9f-402a-b589-4a73f3425949]   Parameters: {"id"=>"4339"}
I, [2019-09-05T10:01:08.682081 #6632]  INFO -- : [92334714-0f9f-4f8e-9147-c60c39f5baee] Completed 200 OK in 13ms (Views: 0.2ms | ActiveRecord: 6.0ms)
I, [2019-09-05T10:01:08.686817 #13411]  INFO -- : [be818e7c-6295-4e52-bee8-7258aa617e51] Completed 200 OK in 14ms (Views: 0.2ms | ActiveRecord: 6.8ms)
I, [2019-09-05T10:01:08.686831 #6632]  INFO -- : [a0ef5066-f8ef-40bf-87a8-ebaf66291da8] Started GET "/developments/4424" for 104.207.192.42 at 2019-09-05 10:01:08 -0400
I, [2019-09-05T10:01:08.687841 #6632]  INFO -- : [a0ef5066-f8ef-40bf-87a8-ebaf66291da8] Processing by DevelopmentsController#show as JSONAPI
I, [2019-09-05T10:01:08.687909 #6632]  INFO -- : [a0ef5066-f8ef-40bf-87a8-ebaf66291da8]   Parameters: {"id"=>"4424"}
I, [2019-09-05T10:01:08.687913 #13411]  INFO -- : [66f681f9-ae56-4fe4-99b8-e1eda39f2ee6] Started GET "/developments/4509" for 104.207.192.42 at 2019-09-05 10:01:08 -0400
I, [2019-09-05T10:01:08.688587 #13411]  INFO -- : [66f681f9-ae56-4fe4-99b8-e1eda39f2ee6] Processing by DevelopmentsController#show as JSONAPI
I, [2019-09-05T10:01:08.688660 #13411]  INFO -- : [66f681f9-ae56-4fe4-99b8-e1eda39f2ee6]   Parameters: {"id"=>"4509"}
I, [2019-09-05T10:01:08.693592 #13430]  INFO -- : [9ffefe5b-ee9f-402a-b589-4a73f3425949] Completed 200 OK in 12ms (Views: 0.2ms | ActiveRecord: 4.9ms)
I, [2019-09-05T10:01:08.694589 #13430]  INFO -- : [daaaf14b-9dd8-4fe5-bb77-88cc51cf4c3f] Started GET "/developments/1920" for 104.207.192.42 at 2019-09-05 10:01:08 -0400
