I, [2019-09-05T10:01:07.695158 #6632]  INFO -- : [c6887f5c-b8b2-45ba-88d0-c59a33482721] Completed 200 OK in 19ms (Views: 0.2ms | ActiveRecord: 12.2ms)
I, [2019-09-05T10:01:07.696759 #6632]  INFO -- : [0583fb4a-5e5d-4a13-be75-cce52fe07887] Started GET "/developments/705" for 104.207.192.42 at 2019-09-05 10:01:07 -0400
I, [2019-09-05T10:01:07.697297 #6632]  INFO -- : [0583fb4a-5e5d-4a13-be75-cce52fe07887] Processing by DevelopmentsController#show as JSONAPI
I, [2019-09-05T10:01:07.697347 #6632]  INFO -- : [0583fb4a-5e5d-4a13-be75-cce52fe07887]   Parameters: {"id"=>"705"}
I, [2019-09-05T10:01:07.699884 #13430]  INFO -- : [9ae97da9-72f6-480e-a778-32cbed9e9573] Completed 200 OK in 25ms (Views: 0.1ms | ActiveRecord: 15.8ms)
I, [2019-09-05T10:01:07.699880 #13411]  INFO -- : [548a89f2-5b28-4696-995b-d9aa6f219135] Completed 200 OK in 21ms (Views: 0.2ms | ActiveRecord: 8.0ms)
I, [2019-09-05T10:01:07.701448 #13411]  INFO -- : [df5baf9c-d607-43bf-8503-67a79f0a2b30] Started GET "/developments/3072" for 104.207.192.42 at 2019-09-05 10:01:07 -0400
I, [2019-09-05T10:01:07.701461 #13430]  INFO -- : [8e910b23-5e5a-4e4d-bb5c-a31c11bf214c] Started GET "/developments/3693" for 104.207.192.42 at 2019-09-05 10:01:07 -0400
I, [2019-09-05T10:01:07.701965 #13411]  INFO -- : [df5baf9c-d607-43bf-8503-67a79f0a2b30] Processing by DevelopmentsController#show as JSONAPI
I, [2019-09-05T10:01:07.701965 #13430]  INFO -- : [8e910b23-5e5a-4e4d-bb5c-a31c11bf214c] Processing by DevelopmentsController#show as JSONAPI
I, [2019-09-05T10:01:07.702028 #13411]  INFO -- : [df5baf9c-d607-43bf-8503-67a79f0a2b30]   Parameters: {"id"=>"3072"}
I, [2019-09-05T10:01:07.702033 #13430]  INFO -- : [8e910b23-5e5a-4e4d-bb5c-a31c11bf214c]   Parameters: {"id"=>"3693"}
I, [2019-09-05T10:01:07.714297 #6632]  INFO -- : [0583fb4a-5e5d-4a13-be75-cce52fe07887] Completed 200 OK in 17ms (Views: 0.2ms | ActiveRecord: 8.2ms)
I, [2019-09-05T10:01:07.716594 #13411]  INFO -- : [df5baf9c-d607-43bf-8503-67a79f0a2b30] Completed 200 OK in 14ms (Views: 0.2ms | ActiveRecord: 8.8ms)
I, [2019-09-05T10:01:07.716836 #6632]  INFO -- : [60800764-ae6f-4380-9186-96544c151094] Started GET "/developments/4351" for 104.207.192.42 at 2019-09-05 10:01:07 -0400
I, [2019-09-05T10:01:07.717581 #6632]  INFO -- : [60800764-ae6f-4380-9186-96544c151094] Processing by DevelopmentsController#show as JSONAPI
I, [2019-09-05T10:01:07.717648 #6632]  INFO -- : [60800764-ae6f-4380-9186-96544c151094]   Parameters: {"id"=>"4351"}
I, [2019-09-05T10:01:07.718435 #13411]  INFO -- : [8db0bac5-ac2f-4bfd-958e-c606b81992a4] Started GET "/developments/4580" for 104.207.192.42 at 2019-09-05 10:01:07 -0400
I, [2019-09-05T10:01:07.719024 #13411]  INFO -- : [8db0bac5-ac2f-4bfd-958e-c606b81992a4] Processing by DevelopmentsController#show as JSONAPI
I, [2019-09-05T10:01:07.719073 #13411]  INFO -- : [8db0bac5-ac2f-4bfd-958e-c606b81992a4]   Parameters: {"id"=>"4580"}
I, [2019-09-05T10:01:07.725742 #13430]  INFO -- : [8e910b23-5e5a-4e4d-bb5c-a31c11bf214c] Completed 200 OK in 24ms (Views: 0.1ms | ActiveRecord: 11.2ms)
I, [2019-09-05T10:01:07.727474 #13430]  INFO -- : [f258f313-3147-4b6a-9138-2ef63a46b1e3] Started GET "/developments/4349" for 104.207.192.42 at 2019-09-05 10:01:07 -0400
I, [2019-09-05T10:01:07.727919 #13430]  INFO -- : [f258f313-3147-4b6a-9138-2ef63a46b1e3] Processing by DevelopmentsController#show as JSONAPI
I, [2019-09-05T10:01:07.728005 #13430]  INFO -- : [f258f313-3147-4b6a-9138-2ef63a46b1e3]   Parameters: {"id"=>"4349"}
I, [2019-09-05T10:01:07.734444 #6632]  INFO -- : [60800764-ae6f-4380-9186-96544c151094] Completed 200 OK in 17ms (Views: 0.1ms | ActiveRecord: 9.2ms)
I, [2019-09-05T10:01:07.735226 #6632]  INFO -- : [00cf8663-76bc-4d90-9bdf-1b043df3168a] Started GET "/developments/4536" for 104.207.192.42 at 2019-09-05 10:01:07 -0400
I, [2019-09-05T10:01:07.735587 #6632]  INFO -- : [00cf8663-76bc-4d90-9bdf-1b043df3168a] Processing by DevelopmentsController#show as JSONAPI
I, [2019-09-05T10:01:07.735632 #6632]  INFO -- : [00cf8663-76bc-4d90-9bdf-1b043df3168a]   Parameters: {"id"=>"4536"}
I, [2019-09-05T10:01:07.739059 #13411]  INFO -- : [8db0bac5-ac2f-4bfd-958e-c606b81992a4] Completed 200 OK in 20ms (Views: 0.2ms | ActiveRecord: 13.8ms)
I, [2019-09-05T10:01:07.741877 #13411]  INFO -- : [280a2921-9d0c-4493-95bb-a8119fb76be2] Started GET "/developments/2035" for 104.207.192.42 at 2019-09-05 10:01:07 -0400
I, [2019-09-05T10:01:07.742415 #13411]  INFO -- : [280a2921-9d0c-4493-95bb-a8119fb76be2] Processing by DevelopmentsController#show as JSONAPI
I, [2019-09-05T10:01:07.742479 #13411]  INFO -- : [280a2921-9d0c-4493-95bb-a8119fb76be2]   Parameters: {"id"=>"2035"}
I, [2019-09-05T10:01:07.748630 #13430]  INFO -- : [f258f313-3147-4b6a-9138-2ef63a46b1e3] Completed 200 OK in 21ms (Views: 0.1ms | ActiveRecord: 10.2ms)
I, [2019-09-05T10:01:07.750035 #13430]  INFO -- : [eeac3f43-ee0b-4a3a-b55e-03e76f3609c0] Started GET "/developments/2977" for 104.207.192.42 at 2019-09-05 10:01:07 -0400
I, [2019-09-05T10:01:07.750406 #13430]  INFO -- : [eeac3f43-ee0b-4a3a-b55e-03e76f3609c0] Processing by DevelopmentsController#show as JSONAPI
I, [2019-09-05T10:01:07.750452 #13430]  INFO -- : [eeac3f43-ee0b-4a3a-b55e-03e76f3609c0]   Parameters: {"id"=>"2977"}
I, [2019-09-05T10:01:07.753941 #6632]  INFO -- : [00cf8663-76bc-4d90-9bdf-1b043df3168a] Completed 200 OK in 18ms (Views: 0.2ms | ActiveRecord: 9.4ms)
I, [2019-09-05T10:01:07.755906 #6632]  INFO -- : [aa240ba7-f409-458c-b6f1-0577b5b947db] Started GET "/developments/1326" for 104.207.192.42 at 2019-09-05 10:01:07 -0400
I, [2019-09-05T10:01:07.756580 #6632]  INFO -- : [aa240ba7-f409-458c-b6f1-0577b5b947db] Processing by DevelopmentsController#show as JSONAPI
I, [2019-09-05T10:01:07.756629 #6632]  INFO -- : [aa240ba7-f409-458c-b6f1-0577b5b947db]   Parameters: {"id"=>"1326"}
I, [2019-09-05T10:01:07.758854 #13411]  INFO -- : [280a2921-9d0c-4493-95bb-a8119fb76be2] Completed 200 OK in 16ms (Views: 0.2ms | ActiveRecord: 10.5ms)
I, [2019-09-05T10:01:07.760584 #13411]  INFO -- : [ae8df1a8-f199-4dc3-b206-ad1f7119c467] Started GET "/developments/4491" for 104.207.192.42 at 2019-09-05 10:01:07 -0400
I, [2019-09-05T10:01:07.760953 #13411]  INFO -- : [ae8df1a8-f199-4dc3-b206-ad1f7119c467] Processing by DevelopmentsController#show as JSONAPI
I, [2019-09-05T10:01:07.760999 #13411]  INFO -- : [ae8df1a8-f199-4dc3-b206-ad1f7119c467]   Parameters: {"id"=>"4491"}
I, [2019-09-05T10:01:07.763746 #13430]  INFO -- : [eeac3f43-ee0b-4a3a-b55e-03e76f3609c0] Completed 200 OK in 13ms (Views: 0.2ms | ActiveRecord: 6.2ms)
I, [2019-09-05T10:01:07.766643 #13430]  INFO -- : [b3441edb-2ea2-48ac-91e2-ae9931fa11f9] Started GET "/developments/4070" for 104.207.192.42 at 2019-09-05 10:01:07 -0400
I, [2019-09-05T10:01:07.767280 #13430]  INFO -- : [b3441edb-2ea2-48ac-91e2-ae9931fa11f9] Processing by DevelopmentsController#show as JSONAPI
I, [2019-09-05T10:01:07.767348 #13430]  INFO -- : [b3441edb-2ea2-48ac-91e2-ae9931fa11f9]   Parameters: {"id"=>"4070"}
I, [2019-09-05T10:01:07.769745 #6632]  INFO -- : [aa240ba7-f409-458c-b6f1-0577b5b947db] Completed 200 OK in 13ms (Views: 0.1ms | ActiveRecord: 5.4ms)
I, [2019-09-05T10:01:07.771352 #6632]  INFO -- : [9a98b833-b29b-4641-b254-fbb380b93e34] Started GET "/developments/4236" for 104.207.192.42 at 2019-09-05 10:01:07 -0400
I, [2019-09-05T10:01:07.771750 #6632]  INFO -- : [9a98b833-b29b-4641-b254-fbb380b93e34] Processing by DevelopmentsController#show as JSONAPI
I, [2019-09-05T10:01:07.771796 #6632]  INFO -- : [9a98b833-b29b-4641-b254-fbb380b93e34]   Parameters: {"id"=>"4236"}
I, [2019-09-05T10:01:07.779098 #13411]  INFO -- : [ae8df1a8-f199-4dc3-b206-ad1f7119c467] Completed 200 OK in 18ms (Views: 0.2ms | ActiveRecord: 8.3ms)
I, [2019-09-05T10:01:07.780966 #13411]  INFO -- : [ac6e88a2-755c-43a6-ba76-b0f8020fc043] Started GET "/developments/1563" for 104.207.192.42 at 2019-09-05 10:01:07 -0400
I, [2019-09-05T10:01:07.782320 #13430]  INFO -- : [b3441edb-2ea2-48ac-91e2-ae9931fa11f9] Completed 200 OK in 15ms (Views: 0.2ms | ActiveRecord: 6.9ms)
I, [2019-09-05T10:01:07.783241 #13411]  INFO -- : [ac6e88a2-755c-43a6-ba76-b0f8020fc043] Processing by DevelopmentsController#show as JSONAPI
I, [2019-09-05T10:01:07.783306 #13411]  INFO -- : [ac6e88a2-755c-43a6-ba76-b0f8020fc043]   Parameters: {"id"=>"1563"}
I, [2019-09-05T10:01:07.783320 #13430]  INFO -- : [4752c15b-b3a1-4ac2-9f19-c5922aaf110d] Started GET "/developments/2607" for 104.207.192.42 at 2019-09-05 10:01:07 -0400
I, [2019-09-05T10:01:07.783816 #13430]  INFO -- : [4752c15b-b3a1-4ac2-9f19-c5922aaf110d] Processing by DevelopmentsController#show as JSONAPI
I, [2019-09-05T10:01:07.783865 #13430]  INFO -- : [4752c15b-b3a1-4ac2-9f19-c5922aaf110d]   Parameters: {"id"=>"2607"}
I, [2019-09-05T10:01:07.787207 #6632]  INFO -- : [9a98b833-b29b-4641-b254-fbb380b93e34] Completed 200 OK in 15ms (Views: 0.5ms | ActiveRecord: 8.0ms)
I, [2019-09-05T10:01:07.788743 #6632]  INFO -- : [75710916-a1d3-4574-aaf9-af0edab4d699] Started GET "/developments/4222" for 104.207.192.42 at 2019-09-05 10:01:07 -0400
I, [2019-09-05T10:01:07.789259 #6632]  INFO -- : [75710916-a1d3-4574-aaf9-af0edab4d699] Processing by DevelopmentsController#show as JSONAPI
I, [2019-09-05T10:01:07.789369 #6632]  INFO -- : [75710916-a1d3-4574-aaf9-af0edab4d699]   Parameters: {"id"=>"4222"}
I, [2019-09-05T10:01:07.802418 #13411]  INFO -- : [ac6e88a2-755c-43a6-ba76-b0f8020fc043] Completed 200 OK in 19ms (Views: 0.2ms | ActiveRecord: 11.3ms)
I, [2019-09-05T10:01:07.804460 #13411]  INFO -- : [e20b89c2-3c29-421c-939b-d2ecbbad2c88] Started GET "/developments/3624" for 104.207.192.42 at 2019-09-05 10:01:07 -0400
I, [2019-09-05T10:01:07.805016 #13411]  INFO -- : [e20b89c2-3c29-421c-939b-d2ecbbad2c88] Processing by DevelopmentsController#show as JSONAPI
I, [2019-09-05T10:01:07.805111 #13411]  INFO -- : [e20b89c2-3c29-421c-939b-d2ecbbad2c88]   Parameters: {"id"=>"3624"}
I, [2019-09-05T10:01:07.806641 #13430]  INFO -- : [4752c15b-b3a1-4ac2-9f19-c5922aaf110d] Completed 200 OK in 23ms (Views: 0.2ms | ActiveRecord: 14.0ms)
I, [2019-09-05T10:01:07.807707 #13430]  INFO -- : [ec1aca64-6a31-4e82-8d37-097d40c5de66] Started GET "/developments/4772" for 104.207.192.42 at 2019-09-05 10:01:07 -0400
I, [2019-09-05T10:01:07.809876 #6632]  INFO -- : [75710916-a1d3-4574-aaf9-af0edab4d699] Completed 200 OK in 20ms (Views: 0.2ms | ActiveRecord: 10.3ms)
I, [2019-09-05T10:01:07.810661 #13430]  INFO -- : [ec1aca64-6a31-4e82-8d37-097d40c5de66] Processing by DevelopmentsController#show as JSONAPI
I, [2019-09-05T10:01:07.810710 #13430]  INFO -- : [ec1aca64-6a31-4e82-8d37-097d40c5de66]   Parameters: {"id"=>"4772"}
I, [2019-09-05T10:01:07.811616 #6632]  INFO -- : [72ce61db-56dc-4ebb-b3b2-4490b8b2175c] Started GET "/developments/3059" for 104.207.192.42 at 2019-09-05 10:01:07 -0400
I, [2019-09-05T10:01:07.812066 #6632]  INFO -- : [72ce61db-56dc-4ebb-b3b2-4490b8b2175c] Processing by DevelopmentsController#show as JSONAPI
I, [2019-09-05T10:01:07.812114 #6632]  INFO -- : [72ce61db-56dc-4ebb-b3b2-4490b8b2175c]   Parameters: {"id"=>"3059"}
I, [2019-09-05T10:01:07.819972 #13411]  INFO -- : [e20b89c2-3c29-421c-939b-d2ecbbad2c88] Completed 200 OK in 15ms (Views: 0.2ms | ActiveRecord: 7.5ms)
I, [2019-09-05T10:01:07.821274 #13411]  INFO -- : [e797d2d3-7f9a-47c7-8602-eab1646c2365] Started GET "/developments/4564" for 104.207.192.42 at 2019-09-05 10:01:07 -0400
I, [2019-09-05T10:01:07.821748 #13411]  INFO -- : [e797d2d3-7f9a-47c7-8602-eab1646c2365] Processing by DevelopmentsController#show as JSONAPI
I, [2019-09-05T10:01:07.821800 #13411]  INFO -- : [e797d2d3-7f9a-47c7-8602-eab1646c2365]   Parameters: {"id"=>"4564"}
I, [2019-09-05T10:01:07.824482 #6632]  INFO -- : [72ce61db-56dc-4ebb-b3b2-4490b8b2175c] Completed 200 OK in 12ms (Views: 0.3ms | ActiveRecord: 3.7ms)
I, [2019-09-05T10:01:07.825351 #6632]  INFO -- : [89217f3f-43f2-4db7-b155-155a1781fdde] Started GET "/developments/1533" for 104.207.192.42 at 2019-09-05 10:01:07 -0400
I, [2019-09-05T10:01:07.826097 #6632]  INFO -- : [89217f3f-43f2-4db7-b155-155a1781fdde] Processing by DevelopmentsController#show as JSONAPI
I, [2019-09-05T10:01:07.826163 #6632]  INFO -- : [89217f3f-43f2-4db7-b155-155a1781fdde]   Parameters: {"id"=>"1533"}
I, [2019-09-05T10:01:07.828036 #13430]  INFO -- : [ec1aca64-6a31-4e82-8d37-097d40c5de66] Completed 200 OK in 17ms (Views: 0.2ms | ActiveRecord: 8.2ms)
I, [2019-09-05T10:01:07.829848 #13430]  INFO -- : [c661c93b-48a6-4d74-9f8d-d4f3b2ca4f55] Started GET "/developments/4429" for 104.207.192.42 at 2019-09-05 10:01:07 -0400
I, [2019-09-05T10:01:07.830281 #13430]  INFO -- : [c661c93b-48a6-4d74-9f8d-d4f3b2ca4f55] Processing by DevelopmentsController#show as JSONAPI
I, [2019-09-05T10:01:07.830329 #13430]  INFO -- : [c661c93b-48a6-4d74-9f8d-d4f3b2ca4f55]   Parameters: {"id"=>"4429"}
I, [2019-09-05T10:01:07.837795 #13411]  INFO -- : [e797d2d3-7f9a-47c7-8602-eab1646c2365] Completed 200 OK in 16ms (Views: 0.2ms | ActiveRecord: 7.7ms)
I, [2019-09-05T10:01:07.838811 #13411]  INFO -- : [e5f3bc60-1f6b-40a5-9b4c-610b2e8d6197] Started GET "/developments/4071" for 104.207.192.42 at 2019-09-05 10:01:07 -0400
I, [2019-09-05T10:01:07.839355 #13411]  INFO -- : [e5f3bc60-1f6b-40a5-9b4c-610b2e8d6197] Processing by DevelopmentsController#show as JSONAPI
I, [2019-09-05T10:01:07.839419 #13411]  INFO -- : [e5f3bc60-1f6b-40a5-9b4c-610b2e8d6197]   Parameters: {"id"=>"4071"}
I, [2019-09-05T10:01:07.841844 #6632]  INFO -- : [89217f3f-43f2-4db7-b155-155a1781fdde] Completed 200 OK in 16ms (Views: 0.2ms | ActiveRecord: 9.5ms)
I, [2019-09-05T10:01:07.842881 #6632]  INFO -- : [e8de295e-92b6-4d46-8f59-222b87afa51e] Started GET "/developments/638" for 104.207.192.42 at 2019-09-05 10:01:07 -0400
I, [2019-09-05T10:01:07.843372 #6632]  INFO -- : [e8de295e-92b6-4d46-8f59-222b87afa51e] Processing by DevelopmentsController#show as JSONAPI
I, [2019-09-05T10:01:07.843420 #6632]  INFO -- : [e8de295e-92b6-4d46-8f59-222b87afa51e]   Parameters: {"id"=>"638"}
I, [2019-09-05T10:01:07.850518 #13430]  INFO -- : [c661c93b-48a6-4d74-9f8d-d4f3b2ca4f55] Completed 200 OK in 20ms (Views: 0.2ms | ActiveRecord: 10.2ms)
I, [2019-09-05T10:01:07.851984 #13411]  INFO -- : [e5f3bc60-1f6b-40a5-9b4c-610b2e8d6197] Completed 200 OK in 12ms (Views: 0.2ms | ActiveRecord: 4.7ms)
I, [2019-09-05T10:01:07.853050 #13411]  INFO -- : [e97d7ad6-d7af-450e-9fbc-60a3747368fb] Started GET "/developments/612" for 104.207.192.42 at 2019-09-05 10:01:07 -0400
I, [2019-09-05T10:01:07.853601 #13411]  INFO -- : [e97d7ad6-d7af-450e-9fbc-60a3747368fb] Processing by DevelopmentsController#show as JSONAPI
I, [2019-09-05T10:01:07.853665 #13411]  INFO -- : [e97d7ad6-d7af-450e-9fbc-60a3747368fb]   Parameters: {"id"=>"612"}
I, [2019-09-05T10:01:07.854464 #13430]  INFO -- : [c6d3c220-6048-4ba1-a0c9-b5da20d04d35] Started GET "/developments/611" for 104.207.192.42 at 2019-09-05 10:01:07 -0400
I, [2019-09-05T10:01:07.855057 #13430]  INFO -- : [c6d3c220-6048-4ba1-a0c9-b5da20d04d35] Processing by DevelopmentsController#show as JSONAPI
I, [2019-09-05T10:01:07.855124 #13430]  INFO -- : [c6d3c220-6048-4ba1-a0c9-b5da20d04d35]   Parameters: {"id"=>"611"}
I, [2019-09-05T10:01:07.855309 #6632]  INFO -- : [e8de295e-92b6-4d46-8f59-222b87afa51e] Completed 200 OK in 12ms (Views: 0.2ms | ActiveRecord: 5.1ms)
I, [2019-09-05T10:01:07.856236 #6632]  INFO -- : [1954cd6f-fa0f-4f97-a0bc-f1332aa36205] Started GET "/developments/4431" for 104.207.192.42 at 2019-09-05 10:01:07 -0400
I, [2019-09-05T10:01:07.856837 #6632]  INFO -- : [1954cd6f-fa0f-4f97-a0bc-f1332aa36205] Processing by DevelopmentsController#show as JSONAPI
I, [2019-09-05T10:01:07.856905 #6632]  INFO -- : [1954cd6f-fa0f-4f97-a0bc-f1332aa36205]   Parameters: {"id"=>"4431"}
I, [2019-09-05T10:01:07.865900 #13411]  INFO -- : [e97d7ad6-d7af-450e-9fbc-60a3747368fb] Completed 200 OK in 12ms (Views: 0.2ms | ActiveRecord: 5.2ms)
I, [2019-09-05T10:01:07.866608 #13430]  INFO -- : [c6d3c220-6048-4ba1-a0c9-b5da20d04d35] Completed 200 OK in 11ms (Views: 0.2ms | ActiveRecord: 3.7ms)
I, [2019-09-05T10:01:07.867761 #13430]  INFO -- : [c606174c-2fc5-44a2-8ab0-ed4a934ec93c] Started GET "/developments/3816" for 104.207.192.42 at 2019-09-05 10:01:07 -0400
I, [2019-09-05T10:01:07.868546 #13430]  INFO -- : [c606174c-2fc5-44a2-8ab0-ed4a934ec93c] Processing by DevelopmentsController#show as JSONAPI
I, [2019-09-05T10:01:07.868612 #13430]  INFO -- : [c606174c-2fc5-44a2-8ab0-ed4a934ec93c]   Parameters: {"id"=>"3816"}
I, [2019-09-05T10:01:07.869302 #13411]  INFO -- : [d7b8ce5e-565a-4a4d-addf-48ae3aab6886] Started GET "/developments/2877" for 104.207.192.42 at 2019-09-05 10:01:07 -0400
I, [2019-09-05T10:01:07.869819 #13411]  INFO -- : [d7b8ce5e-565a-4a4d-addf-48ae3aab6886] Processing by DevelopmentsController#show as JSONAPI
I, [2019-09-05T10:01:07.869905 #13411]  INFO -- : [d7b8ce5e-565a-4a4d-addf-48ae3aab6886]   Parameters: {"id"=>"2877"}
I, [2019-09-05T10:01:07.871715 #6632]  INFO -- : [1954cd6f-fa0f-4f97-a0bc-f1332aa36205] Completed 200 OK in 15ms (Views: 0.2ms | ActiveRecord: 7.4ms)
I, [2019-09-05T10:01:07.872799 #6632]  INFO -- : [a9fc7184-579d-4d0a-9ddd-566c81da8934] Started GET "/developments/1995" for 104.207.192.42 at 2019-09-05 10:01:07 -0400
I, [2019-09-05T10:01:07.873373 #6632]  INFO -- : [a9fc7184-579d-4d0a-9ddd-566c81da8934] Processing by DevelopmentsController#show as JSONAPI
I, [2019-09-05T10:01:07.873421 #6632]  INFO -- : [a9fc7184-579d-4d0a-9ddd-566c81da8934]   Parameters: {"id"=>"1995"}
I, [2019-09-05T10:01:07.881246 #13430]  INFO -- : [c606174c-2fc5-44a2-8ab0-ed4a934ec93c] Completed 200 OK in 13ms (Views: 0.1ms | ActiveRecord: 4.2ms)
I, [2019-09-05T10:01:07.883274 #13430]  INFO -- : [7cc45a03-b938-4092-864e-05b9db145d34] Started GET "/developments/3331" for 104.207.192.42 at 2019-09-05 10:01:07 -0400
I, [2019-09-05T10:01:07.883762 #13411]  INFO -- : [d7b8ce5e-565a-4a4d-addf-48ae3aab6886] Completed 200 OK in 14ms (Views: 0.2ms | ActiveRecord: 6.7ms)
I, [2019-09-05T10:01:07.883853 #13430]  INFO -- : [7cc45a03-b938-4092-864e-05b9db145d34] Processing by DevelopmentsController#show as JSONAPI
I, [2019-09-05T10:01:07.883913 #13430]  INFO -- : [7cc45a03-b938-4092-864e-05b9db145d34]   Parameters: {"id"=>"3331"}
I, [2019-09-05T10:01:07.885147 #13411]  INFO -- : [9a219320-e598-439f-8882-d1efdb198010] Started GET "/developments/2117" for 104.207.192.42 at 2019-09-05 10:01:07 -0400
I, [2019-09-05T10:01:07.885694 #13411]  INFO -- : [9a219320-e598-439f-8882-d1efdb198010] Processing by DevelopmentsController#show as JSONAPI
I, [2019-09-05T10:01:07.885759 #13411]  INFO -- : [9a219320-e598-439f-8882-d1efdb198010]   Parameters: {"id"=>"2117"}
I, [2019-09-05T10:01:07.886741 #6632]  INFO -- : [a9fc7184-579d-4d0a-9ddd-566c81da8934] Completed 200 OK in 13ms (Views: 0.2ms | ActiveRecord: 5.7ms)
I, [2019-09-05T10:01:07.888259 #6632]  INFO -- : [9b590951-2a8d-4559-918c-8730eb1f85d5] Started GET "/developments/4451" for 104.207.192.42 at 2019-09-05 10:01:07 -0400
I, [2019-09-05T10:01:07.888786 #6632]  INFO -- : [9b590951-2a8d-4559-918c-8730eb1f85d5] Processing by DevelopmentsController#show as JSONAPI
I, [2019-09-05T10:01:07.888834 #6632]  INFO -- : [9b590951-2a8d-4559-918c-8730eb1f85d5]   Parameters: {"id"=>"4451"}
I, [2019-09-05T10:01:07.897517 #13430]  INFO -- : [7cc45a03-b938-4092-864e-05b9db145d34] Completed 200 OK in 13ms (Views: 0.2ms | ActiveRecord: 4.1ms)
I, [2019-09-05T10:01:07.901119 #13411]  INFO -- : [9a219320-e598-439f-8882-d1efdb198010] Completed 200 OK in 15ms (Views: 0.2ms | ActiveRecord: 5.7ms)
I, [2019-09-05T10:01:07.901269 #13430]  INFO -- : [c6882487-5395-4741-9792-42094fc6ad6a] Started GET "/developments/4427" for 104.207.192.42 at 2019-09-05 10:01:07 -0400
I, [2019-09-05T10:01:07.902137 #13411]  INFO -- : [aa7e01e0-b8ac-44a8-8ad4-b6bff319cefd] Started GET "/developments/1205" for 104.207.192.42 at 2019-09-05 10:01:07 -0400
I, [2019-09-05T10:01:07.902814 #13411]  INFO -- : [aa7e01e0-b8ac-44a8-8ad4-b6bff319cefd] Processing by DevelopmentsController#show as JSONAPI
I, [2019-09-05T10:01:07.902883 #13411]  INFO -- : [aa7e01e0-b8ac-44a8-8ad4-b6bff319cefd]   Parameters: {"id"=>"1205"}
I, [2019-09-05T10:01:07.903594 #13430]  INFO -- : [c6882487-5395-4741-9792-42094fc6ad6a] Processing by DevelopmentsController#show as JSONAPI
I, [2019-09-05T10:01:07.903661 #13430]  INFO -- : [c6882487-5395-4741-9792-42094fc6ad6a]   Parameters: {"id"=>"4427"}
I, [2019-09-05T10:01:07.904201 #6632]  INFO -- : [9b590951-2a8d-4559-918c-8730eb1f85d5] Completed 200 OK in 15ms (Views: 0.2ms | ActiveRecord: 6.4ms)
I, [2019-09-05T10:01:07.905160 #6632]  INFO -- : [06b04a13-8a2f-4c79-9cc9-cf8a0c702ce9] Started GET "/developments/2324" for 104.207.192.42 at 2019-09-05 10:01:07 -0400
I, [2019-09-05T10:01:07.905719 #6632]  INFO -- : [06b04a13-8a2f-4c79-9cc9-cf8a0c702ce9] Processing by DevelopmentsController#show as JSONAPI
I, [2019-09-05T10:01:07.905785 #6632]  INFO -- : [06b04a13-8a2f-4c79-9cc9-cf8a0c702ce9]   Parameters: {"id"=>"2324"}
I, [2019-09-05T10:01:07.914009 #13411]  INFO -- : [aa7e01e0-b8ac-44a8-8ad4-b6bff319cefd] Completed 200 OK in 11ms (Views: 0.2ms | ActiveRecord: 4.4ms)
I, [2019-09-05T10:01:07.914877 #13411]  INFO -- : [64ea95d0-ffa0-4f4e-9949-240dcaeed3ad] Started GET "/developments/2875" for 104.207.192.42 at 2019-09-05 10:01:07 -0400
I, [2019-09-05T10:01:07.915396 #13411]  INFO -- : [64ea95d0-ffa0-4f4e-9949-240dcaeed3ad] Processing by DevelopmentsController#show as JSONAPI
I, [2019-09-05T10:01:07.915460 #13411]  INFO -- : [64ea95d0-ffa0-4f4e-9949-240dcaeed3ad]   Parameters: {"id"=>"2875"}
I, [2019-09-05T10:01:07.916204 #13430]  INFO -- : [c6882487-5395-4741-9792-42094fc6ad6a] Completed 200 OK in 12ms (Views: 0.2ms | ActiveRecord: 5.8ms)
I, [2019-09-05T10:01:07.917380 #13430]  INFO -- : [62401f2c-2c3f-47f9-a733-de9a1bac15cf] Started GET "/developments/4514" for 104.207.192.42 at 2019-09-05 10:01:07 -0400
I, [2019-09-05T10:01:07.917976 #13430]  INFO -- : [62401f2c-2c3f-47f9-a733-de9a1bac15cf] Processing by DevelopmentsController#show as JSONAPI
I, [2019-09-05T10:01:07.918039 #13430]  INFO -- : [62401f2c-2c3f-47f9-a733-de9a1bac15cf]   Parameters: {"id"=>"4514"}
I, [2019-09-05T10:01:07.921451 #6632]  INFO -- : [06b04a13-8a2f-4c79-9cc9-cf8a0c702ce9] Completed 200 OK in 16ms (Views: 0.2ms | ActiveRecord: 8.1ms)
I, [2019-09-05T10:01:07.922499 #6632]  INFO -- : [bc8d3688-070f-4d8b-b85c-b4f949352d45] Started GET "/developments/4114" for 104.207.192.42 at 2019-09-05 10:01:07 -0400
I, [2019-09-05T10:01:07.923070 #6632]  INFO -- : [bc8d3688-070f-4d8b-b85c-b4f949352d45] Processing by DevelopmentsController#show as JSONAPI
I, [2019-09-05T10:01:07.923135 #6632]  INFO -- : [bc8d3688-070f-4d8b-b85c-b4f949352d45]   Parameters: {"id"=>"4114"}
I, [2019-09-05T10:01:07.928749 #13411]  INFO -- : [64ea95d0-ffa0-4f4e-9949-240dcaeed3ad] Completed 200 OK in 13ms (Views: 0.3ms | ActiveRecord: 6.0ms)
I, [2019-09-05T10:01:07.929872 #13411]  INFO -- : [e4207387-7781-4a20-899b-e9fa0922b092] Started GET "/developments/4441" for 104.207.192.42 at 2019-09-05 10:01:07 -0400
I, [2019-09-05T10:01:07.930244 #13411]  INFO -- : [e4207387-7781-4a20-899b-e9fa0922b092] Processing by DevelopmentsController#show as JSONAPI
I, [2019-09-05T10:01:07.930289 #13411]  INFO -- : [e4207387-7781-4a20-899b-e9fa0922b092]   Parameters: {"id"=>"4441"}
I, [2019-09-05T10:01:07.932888 #13430]  INFO -- : [62401f2c-2c3f-47f9-a733-de9a1bac15cf] Completed 200 OK in 15ms (Views: 0.2ms | ActiveRecord: 7.4ms)
I, [2019-09-05T10:01:07.934803 #6632]  INFO -- : [bc8d3688-070f-4d8b-b85c-b4f949352d45] Completed 200 OK in 12ms (Views: 0.5ms | ActiveRecord: 4.6ms)
I, [2019-09-05T10:01:07.935412 #13430]  INFO -- : [5e62cd62-a2bf-4bab-93c5-25d437963e16] Started GET "/developments/1994" for 104.207.192.42 at 2019-09-05 10:01:07 -0400
I, [2019-09-05T10:01:07.936132 #6632]  INFO -- : [9baaae39-c46c-40d0-96a8-a419e594e827] Started GET "/developments/2483" for 104.207.192.42 at 2019-09-05 10:01:07 -0400
I, [2019-09-05T10:01:07.936713 #6632]  INFO -- : [9baaae39-c46c-40d0-96a8-a419e594e827] Processing by DevelopmentsController#show as JSONAPI
I, [2019-09-05T10:01:07.936790 #6632]  INFO -- : [9baaae39-c46c-40d0-96a8-a419e594e827]   Parameters: {"id"=>"2483"}
I, [2019-09-05T10:01:07.937293 #13430]  INFO -- : [5e62cd62-a2bf-4bab-93c5-25d437963e16] Processing by DevelopmentsController#show as JSONAPI
I, [2019-09-05T10:01:07.937361 #13430]  INFO -- : [5e62cd62-a2bf-4bab-93c5-25d437963e16]   Parameters: {"id"=>"1994"}
I, [2019-09-05T10:01:07.942784 #13411]  INFO -- : [e4207387-7781-4a20-899b-e9fa0922b092] Completed 200 OK in 12ms (Views: 0.2ms | ActiveRecord: 5.0ms)
I, [2019-09-05T10:01:07.945649 #13411]  INFO -- : [8e2ff4f2-78a1-4df2-8ce1-adb305a32850] Started GET "/developments/4827" for 104.207.192.42 at 2019-09-05 10:01:07 -0400
I, [2019-09-05T10:01:07.946020 #13411]  INFO -- : [8e2ff4f2-78a1-4df2-8ce1-adb305a32850] Processing by DevelopmentsController#show as JSONAPI
I, [2019-09-05T10:01:07.946085 #13411]  INFO -- : [8e2ff4f2-78a1-4df2-8ce1-adb305a32850]   Parameters: {"id"=>"4827"}
I, [2019-09-05T10:01:07.948861 #6632]  INFO -- : [9baaae39-c46c-40d0-96a8-a419e594e827] Completed 200 OK in 12ms (Views: 0.2ms | ActiveRecord: 5.9ms)
I, [2019-09-05T10:01:07.950687 #6632]  INFO -- : [2e23cc13-b7c5-4abe-bac5-8b01b878b640] Started GET "/developments/3652" for 104.207.192.42 at 2019-09-05 10:01:07 -0400
I, [2019-09-05T10:01:07.951254 #6632]  INFO -- : [2e23cc13-b7c5-4abe-bac5-8b01b878b640] Processing by DevelopmentsController#show as JSONAPI
I, [2019-09-05T10:01:07.951374 #6632]  INFO -- : [2e23cc13-b7c5-4abe-bac5-8b01b878b640]   Parameters: {"id"=>"3652"}
I, [2019-09-05T10:01:07.953172 #13430]  INFO -- : [5e62cd62-a2bf-4bab-93c5-25d437963e16] Completed 200 OK in 16ms (Views: 0.2ms | ActiveRecord: 9.2ms)
I, [2019-09-05T10:01:07.954486 #13430]  INFO -- : [50347e2e-0848-41cf-9d20-69fa2f16f8b4] Started GET "/developments/4449" for 104.207.192.42 at 2019-09-05 10:01:07 -0400
I, [2019-09-05T10:01:07.955021 #13430]  INFO -- : [50347e2e-0848-41cf-9d20-69fa2f16f8b4] Processing by DevelopmentsController#show as JSONAPI
I, [2019-09-05T10:01:07.955085 #13430]  INFO -- : [50347e2e-0848-41cf-9d20-69fa2f16f8b4]   Parameters: {"id"=>"4449"}
I, [2019-09-05T10:01:07.969277 #13411]  INFO -- : [8e2ff4f2-78a1-4df2-8ce1-adb305a32850] Completed 200 OK in 23ms (Views: 0.2ms | ActiveRecord: 16.1ms)
I, [2019-09-05T10:01:07.971238 #13411]  INFO -- : [799dcbc2-eda4-447e-b933-e0367331460e] Started GET "/developments/1937" for 104.207.192.42 at 2019-09-05 10:01:07 -0400
I, [2019-09-05T10:01:07.971803 #13411]  INFO -- : [799dcbc2-eda4-447e-b933-e0367331460e] Processing by DevelopmentsController#show as JSONAPI
I, [2019-09-05T10:01:07.971864 #13411]  INFO -- : [799dcbc2-eda4-447e-b933-e0367331460e]   Parameters: {"id"=>"1937"}
I, [2019-09-05T10:01:07.972733 #13430]  INFO -- : [50347e2e-0848-41cf-9d20-69fa2f16f8b4] Completed 200 OK in 18ms (Views: 0.2ms | ActiveRecord: 9.7ms)
I, [2019-09-05T10:01:07.973664 #13430]  INFO -- : [2b4ae1a8-2350-447e-bdee-76dc6e450880] Started GET "/developments/4396" for 104.207.192.42 at 2019-09-05 10:01:07 -0400
I, [2019-09-05T10:01:07.973814 #6632]  INFO -- : [2e23cc13-b7c5-4abe-bac5-8b01b878b640] Completed 200 OK in 22ms (Views: 0.2ms | ActiveRecord: 15.0ms)
I, [2019-09-05T10:01:07.974635 #13430]  INFO -- : [2b4ae1a8-2350-447e-bdee-76dc6e450880] Processing by DevelopmentsController#show as JSONAPI
I, [2019-09-05T10:01:07.974701 #13430]  INFO -- : [2b4ae1a8-2350-447e-bdee-76dc6e450880]   Parameters: {"id"=>"4396"}
I, [2019-09-05T10:01:07.974911 #6632]  INFO -- : [6d3a6325-7b64-4c0a-a02c-8bd9558fb164] Started GET "/developments/2542" for 104.207.192.42 at 2019-09-05 10:01:07 -0400
I, [2019-09-05T10:01:07.975494 #6632]  INFO -- : [6d3a6325-7b64-4c0a-a02c-8bd9558fb164] Processing by DevelopmentsController#show as JSONAPI
I, [2019-09-05T10:01:07.975561 #6632]  INFO -- : [6d3a6325-7b64-4c0a-a02c-8bd9558fb164]   Parameters: {"id"=>"2542"}
I, [2019-09-05T10:01:07.984358 #13411]  INFO -- : [799dcbc2-eda4-447e-b933-e0367331460e] Completed 200 OK in 12ms (Views: 0.2ms | ActiveRecord: 4.5ms)
I, [2019-09-05T10:01:07.985701 #13411]  INFO -- : [dbbbe31b-d0f8-45a5-a9e8-7dfdd31e9b77] Started GET "/developments/3433" for 104.207.192.42 at 2019-09-05 10:01:07 -0400
I, [2019-09-05T10:01:07.986228 #13411]  INFO -- : [dbbbe31b-d0f8-45a5-a9e8-7dfdd31e9b77] Processing by DevelopmentsController#show as JSONAPI
I, [2019-09-05T10:01:07.986294 #13411]  INFO -- : [dbbbe31b-d0f8-45a5-a9e8-7dfdd31e9b77]   Parameters: {"id"=>"3433"}
I, [2019-09-05T10:01:07.987075 #13430]  INFO -- : [2b4ae1a8-2350-447e-bdee-76dc6e450880] Completed 200 OK in 12ms (Views: 0.2ms | ActiveRecord: 4.2ms)
I, [2019-09-05T10:01:07.988360 #13430]  INFO -- : [7bea6735-8bb0-43df-a0a5-a7860656bcda] Started GET "/developments/3227" for 104.207.192.42 at 2019-09-05 10:01:07 -0400
I, [2019-09-05T10:01:07.989033 #13430]  INFO -- : [7bea6735-8bb0-43df-a0a5-a7860656bcda] Processing by DevelopmentsController#show as JSONAPI
I, [2019-09-05T10:01:07.989100 #13430]  INFO -- : [7bea6735-8bb0-43df-a0a5-a7860656bcda]   Parameters: {"id"=>"3227"}
I, [2019-09-05T10:01:07.990888 #6632]  INFO -- : [6d3a6325-7b64-4c0a-a02c-8bd9558fb164] Completed 200 OK in 15ms (Views: 0.2ms | ActiveRecord: 6.9ms)
I, [2019-09-05T10:01:07.992390 #6632]  INFO -- : [5203ad45-6e99-45c3-b9ac-e60df171714b] Started GET "/developments/4593" for 104.207.192.42 at 2019-09-05 10:01:07 -0400
I, [2019-09-05T10:01:07.992955 #6632]  INFO -- : [5203ad45-6e99-45c3-b9ac-e60df171714b] Processing by DevelopmentsController#show as JSONAPI
I, [2019-09-05T10:01:07.993023 #6632]  INFO -- : [5203ad45-6e99-45c3-b9ac-e60df171714b]   Parameters: {"id"=>"4593"}
I, [2019-09-05T10:01:07.999045 #13411]  INFO -- : [dbbbe31b-d0f8-45a5-a9e8-7dfdd31e9b77] Completed 200 OK in 13ms (Views: 0.2ms | ActiveRecord: 6.1ms)
I, [2019-09-05T10:01:07.999808 #13411]  INFO -- : [67711053-5c82-4eb2-afbc-a9b68300480e] Started GET "/developments/1919" for 104.207.192.42 at 2019-09-05 10:01:07 -0400
I, [2019-09-05T10:01:08.000484 #13411]  INFO -- : [67711053-5c82-4eb2-afbc-a9b68300480e] Processing by DevelopmentsController#show as JSONAPI
I, [2019-09-05T10:01:08.000538 #13411]  INFO -- : [67711053-5c82-4eb2-afbc-a9b68300480e]   Parameters: {"id"=>"1919"}
I, [2019-09-05T10:01:08.002759 #13430]  INFO -- : [7bea6735-8bb0-43df-a0a5-a7860656bcda] Completed 200 OK in 14ms (Views: 0.2ms | ActiveRecord: 6.5ms)
I, [2019-09-05T10:01:08.003618 #13430]  INFO -- : [be566b01-64fe-4fb9-b9a9-581bc53fce4d] Started GET "/developments/3715" for 104.207.192.42 at 2019-09-05 10:01:08 -0400
I, [2019-09-05T10:01:08.004220 #13430]  INFO -- : [be566b01-64fe-4fb9-b9a9-581bc53fce4d] Processing by DevelopmentsController#show as JSONAPI
I, [2019-09-05T10:01:08.004287 #13430]  INFO -- : [be566b01-64fe-4fb9-b9a9-581bc53fce4d]   Parameters: {"id"=>"3715"}
I, [2019-09-05T10:01:08.006782 #6632]  INFO -- : [5203ad45-6e99-45c3-b9ac-e60df171714b] Completed 200 OK in 14ms (Views: 0.2ms | ActiveRecord: 6.2ms)
I, [2019-09-05T10:01:08.008349 #6632]  INFO -- : [978636ef-8c8e-4b73-8e45-202769bbb336] Started GET "/developments/2368" for 104.207.192.42 at 2019-09-05 10:01:08 -0400
I, [2019-09-05T10:01:08.008934 #6632]  INFO -- : [978636ef-8c8e-4b73-8e45-202769bbb336] Processing by DevelopmentsController#show as JSONAPI
I, [2019-09-05T10:01:08.009000 #6632]  INFO -- : [978636ef-8c8e-4b73-8e45-202769bbb336]   Parameters: {"id"=>"2368"}
I, [2019-09-05T10:01:08.013227 #13411]  INFO -- : [67711053-5c82-4eb2-afbc-a9b68300480e] Completed 200 OK in 13ms (Views: 0.1ms | ActiveRecord: 5.9ms)
I, [2019-09-05T10:01:08.013984 #13411]  INFO -- : [4be4b929-de6f-485b-8ae8-2a2b81995cc0] Started GET "/developments/4771" for 104.207.192.42 at 2019-09-05 10:01:08 -0400
I, [2019-09-05T10:01:08.014568 #13411]  INFO -- : [4be4b929-de6f-485b-8ae8-2a2b81995cc0] Processing by DevelopmentsController#show as JSONAPI
I, [2019-09-05T10:01:08.014633 #13411]  INFO -- : [4be4b929-de6f-485b-8ae8-2a2b81995cc0]   Parameters: {"id"=>"4771"}
I, [2019-09-05T10:01:08.016296 #13430]  INFO -- : [be566b01-64fe-4fb9-b9a9-581bc53fce4d] Completed 200 OK in 12ms (Views: 0.2ms | ActiveRecord: 3.7ms)
I, [2019-09-05T10:01:08.017577 #13430]  INFO -- : [7ae70680-494c-41b5-9bda-c604916191f2] Started GET "/developments/1580" for 104.207.192.42 at 2019-09-05 10:01:08 -0400
I, [2019-09-05T10:01:08.018124 #13430]  INFO -- : [7ae70680-494c-41b5-9bda-c604916191f2] Processing by DevelopmentsController#show as JSONAPI
I, [2019-09-05T10:01:08.018189 #13430]  INFO -- : [7ae70680-494c-41b5-9bda-c604916191f2]   Parameters: {"id"=>"1580"}
I, [2019-09-05T10:01:08.022761 #6632]  INFO -- : [978636ef-8c8e-4b73-8e45-202769bbb336] Completed 200 OK in 14ms (Views: 0.2ms | ActiveRecord: 6.5ms)
I, [2019-09-05T10:01:08.024061 #6632]  INFO -- : [a9401e53-e33d-4fc3-aabb-0a5ddfa01caf] Started GET "/developments/2080" for 104.207.192.42 at 2019-09-05 10:01:08 -0400
I, [2019-09-05T10:01:08.024636 #6632]  INFO -- : [a9401e53-e33d-4fc3-aabb-0a5ddfa01caf] Processing by DevelopmentsController#show as JSONAPI
I, [2019-09-05T10:01:08.024702 #6632]  INFO -- : [a9401e53-e33d-4fc3-aabb-0a5ddfa01caf]   Parameters: {"id"=>"2080"}
I, [2019-09-05T10:01:08.027001 #13411]  INFO -- : [4be4b929-de6f-485b-8ae8-2a2b81995cc0] Completed 200 OK in 12ms (Views: 0.1ms | ActiveRecord: 4.9ms)
I, [2019-09-05T10:01:08.027697 #13411]  INFO -- : [66d80d69-58af-43d4-9463-ac83699eee1d] Started GET "/developments/4584" for 104.207.192.42 at 2019-09-05 10:01:08 -0400
I, [2019-09-05T10:01:08.028243 #13411]  INFO -- : [66d80d69-58af-43d4-9463-ac83699eee1d] Processing by DevelopmentsController#show as JSONAPI
I, [2019-09-05T10:01:08.028364 #13411]  INFO -- : [66d80d69-58af-43d4-9463-ac83699eee1d]   Parameters: {"id"=>"4584"}
I, [2019-09-05T10:01:08.031368 #13430]  INFO -- : [7ae70680-494c-41b5-9bda-c604916191f2] Completed 200 OK in 13ms (Views: 0.2ms | ActiveRecord: 5.1ms)
I, [2019-09-05T10:01:08.032922 #13430]  INFO -- : [c291729b-82a2-4e6f-a323-edd153ff4375] Started GET "/developments/646" for 104.207.192.42 at 2019-09-05 10:01:08 -0400
I, [2019-09-05T10:01:08.033469 #13430]  INFO -- : [c291729b-82a2-4e6f-a323-edd153ff4375] Processing by DevelopmentsController#show as JSONAPI
I, [2019-09-05T10:01:08.033575 #13430]  INFO -- : [c291729b-82a2-4e6f-a323-edd153ff4375]   Parameters: {"id"=>"646"}
I, [2019-09-05T10:01:08.038721 #6632]  INFO -- : [a9401e53-e33d-4fc3-aabb-0a5ddfa01caf] Completed 200 OK in 14ms (Views: 0.2ms | ActiveRecord: 7.0ms)
I, [2019-09-05T10:01:08.040194 #6632]  INFO -- : [fc25e004-672f-405c-8418-493d969cd6a4] Started GET "/developments/1442" for 104.207.192.42 at 2019-09-05 10:01:08 -0400
I, [2019-09-05T10:01:08.040846 #6632]  INFO -- : [fc25e004-672f-405c-8418-493d969cd6a4] Processing by DevelopmentsController#show as JSONAPI
I, [2019-09-05T10:01:08.040902 #6632]  INFO -- : [fc25e004-672f-405c-8418-493d969cd6a4]   Parameters: {"id"=>"1442"}
I, [2019-09-05T10:01:08.043139 #13411]  INFO -- : [66d80d69-58af-43d4-9463-ac83699eee1d] Completed 200 OK in 15ms (Views: 0.2ms | ActiveRecord: 8.2ms)
I, [2019-09-05T10:01:08.043901 #13411]  INFO -- : [2d2437e6-5768-48f9-b4b8-4c5b69112eec] Started GET "/developments/2153" for 104.207.192.42 at 2019-09-05 10:01:08 -0400
I, [2019-09-05T10:01:08.043417 #13430]  INFO -- : [c291729b-82a2-4e6f-a323-edd153ff4375] Completed 200 OK in 10ms (Views: 0.2ms | ActiveRecord: 3.3ms)
I, [2019-09-05T10:01:08.044480 #13411]  INFO -- : [2d2437e6-5768-48f9-b4b8-4c5b69112eec] Processing by DevelopmentsController#show as JSONAPI
I, [2019-09-05T10:01:08.044546 #13411]  INFO -- : [2d2437e6-5768-48f9-b4b8-4c5b69112eec]   Parameters: {"id"=>"2153"}
I, [2019-09-05T10:01:08.045165 #13430]  INFO -- : [2880a81f-b42d-4451-a30a-0c7dad6828e0] Started GET "/developments/4067" for 104.207.192.42 at 2019-09-05 10:01:08 -0400
I, [2019-09-05T10:01:08.045727 #13430]  INFO -- : [2880a81f-b42d-4451-a30a-0c7dad6828e0] Processing by DevelopmentsController#show as JSONAPI
I, [2019-09-05T10:01:08.045794 #13430]  INFO -- : [2880a81f-b42d-4451-a30a-0c7dad6828e0]   Parameters: {"id"=>"4067"}
I, [2019-09-05T10:01:08.055881 #6632]  INFO -- : [fc25e004-672f-405c-8418-493d969cd6a4] Completed 200 OK in 15ms (Views: 0.2ms | ActiveRecord: 5.1ms)
I, [2019-09-05T10:01:08.057680 #6632]  INFO -- : [8aea0d41-dc26-4828-ab9a-4430039531c8] Started GET "/developments/816" for 104.207.192.42 at 2019-09-05 10:01:08 -0400
I, [2019-09-05T10:01:08.058020 #13430]  INFO -- : [2880a81f-b42d-4451-a30a-0c7dad6828e0] Completed 200 OK in 12ms (Views: 0.2ms | ActiveRecord: 4.6ms)
I, [2019-09-05T10:01:08.058341 #6632]  INFO -- : [8aea0d41-dc26-4828-ab9a-4430039531c8] Processing by DevelopmentsController#show as JSONAPI
I, [2019-09-05T10:01:08.058406 #6632]  INFO -- : [8aea0d41-dc26-4828-ab9a-4430039531c8]   Parameters: {"id"=>"816"}
I, [2019-09-05T10:01:08.059300 #13430]  INFO -- : [d4e5e980-84f8-42fb-8c62-a010ab09cfd8] Started GET "/developments/693" for 104.207.192.42 at 2019-09-05 10:01:08 -0400
I, [2019-09-05T10:01:08.060150 #13430]  INFO -- : [d4e5e980-84f8-42fb-8c62-a010ab09cfd8] Processing by DevelopmentsController#show as JSONAPI
I, [2019-09-05T10:01:08.060219 #13430]  INFO -- : [d4e5e980-84f8-42fb-8c62-a010ab09cfd8]   Parameters: {"id"=>"693"}
I, [2019-09-05T10:01:08.061120 #13411]  INFO -- : [2d2437e6-5768-48f9-b4b8-4c5b69112eec] Completed 200 OK in 16ms (Views: 0.2ms | ActiveRecord: 10.1ms)
I, [2019-09-05T10:01:08.063470 #13411]  INFO -- : [ab8a9247-a729-4868-9ff1-7293cf30798b] Started GET "/developments/769" for 104.207.192.42 at 2019-09-05 10:01:08 -0400
I, [2019-09-05T10:01:08.064053 #13411]  INFO -- : [ab8a9247-a729-4868-9ff1-7293cf30798b] Processing by DevelopmentsController#show as JSONAPI
I, [2019-09-05T10:01:08.064117 #13411]  INFO -- : [ab8a9247-a729-4868-9ff1-7293cf30798b]   Parameters: {"id"=>"769"}
I, [2019-09-05T10:01:08.070517 #13430]  INFO -- : [d4e5e980-84f8-42fb-8c62-a010ab09cfd8] Completed 200 OK in 10ms (Views: 0.2ms | ActiveRecord: 3.6ms)
I, [2019-09-05T10:01:08.072267 #13430]  INFO -- : [48ccbb88-4d44-456c-9e24-2a8177d4c4e6] Started GET "/developments/209" for 104.207.192.42 at 2019-09-05 10:01:08 -0400
I, [2019-09-05T10:01:08.072822 #13430]  INFO -- : [48ccbb88-4d44-456c-9e24-2a8177d4c4e6] Processing by DevelopmentsController#show as JSONAPI
I, [2019-09-05T10:01:08.072887 #13430]  INFO -- : [48ccbb88-4d44-456c-9e24-2a8177d4c4e6]   Parameters: {"id"=>"209"}
I, [2019-09-05T10:01:08.073289 #6632]  INFO -- : [8aea0d41-dc26-4828-ab9a-4430039531c8] Completed 200 OK in 15ms (Views: 0.2ms | ActiveRecord: 5.2ms)
I, [2019-09-05T10:01:08.076374 #6632]  INFO -- : [b5d655e7-ffdb-4014-a1dd-ea12d8b88778] Started GET "/developments/4482" for 104.207.192.42 at 2019-09-05 10:01:08 -0400
I, [2019-09-05T10:01:08.076959 #6632]  INFO -- : [b5d655e7-ffdb-4014-a1dd-ea12d8b88778] Processing by DevelopmentsController#show as JSONAPI
I, [2019-09-05T10:01:08.077025 #6632]  INFO -- : [b5d655e7-ffdb-4014-a1dd-ea12d8b88778]   Parameters: {"id"=>"4482"}
I, [2019-09-05T10:01:08.080156 #13411]  INFO -- : [ab8a9247-a729-4868-9ff1-7293cf30798b] Completed 200 OK in 16ms (Views: 0.2ms | ActiveRecord: 7.6ms)
I, [2019-09-05T10:01:08.082484 #13411]  INFO -- : [b7fd09fc-9155-47e9-9877-cb00209e8680] Started GET "/developments/2158" for 104.207.192.42 at 2019-09-05 10:01:08 -0400
I, [2019-09-05T10:01:08.083020 #13411]  INFO -- : [b7fd09fc-9155-47e9-9877-cb00209e8680] Processing by DevelopmentsController#show as JSONAPI
I, [2019-09-05T10:01:08.083085 #13411]  INFO -- : [b7fd09fc-9155-47e9-9877-cb00209e8680]   Parameters: {"id"=>"2158"}
I, [2019-09-05T10:01:08.084761 #13430]  INFO -- : [48ccbb88-4d44-456c-9e24-2a8177d4c4e6] Completed 200 OK in 12ms (Views: 0.2ms | ActiveRecord: 3.6ms)
I, [2019-09-05T10:01:08.085774 #13430]  INFO -- : [fb4769a2-d52b-462d-91ff-15acac6f2493] Started GET "/developments/1206" for 104.207.192.42 at 2019-09-05 10:01:08 -0400
I, [2019-09-05T10:01:08.086317 #13430]  INFO -- : [fb4769a2-d52b-462d-91ff-15acac6f2493] Processing by DevelopmentsController#show as JSONAPI
I, [2019-09-05T10:01:08.086384 #13430]  INFO -- : [fb4769a2-d52b-462d-91ff-15acac6f2493]   Parameters: {"id"=>"1206"}
I, [2019-09-05T10:01:08.089332 #6632]  INFO -- : [b5d655e7-ffdb-4014-a1dd-ea12d8b88778] Completed 200 OK in 12ms (Views: 0.2ms | ActiveRecord: 5.7ms)
I, [2019-09-05T10:01:08.092351 #6632]  INFO -- : [9ebbba57-e89b-40f5-977b-f40e95b430bd] Started GET "/developments/2861" for 104.207.192.42 at 2019-09-05 10:01:08 -0400
I, [2019-09-05T10:01:08.092850 #6632]  INFO -- : [9ebbba57-e89b-40f5-977b-f40e95b430bd] Processing by DevelopmentsController#show as JSONAPI
I, [2019-09-05T10:01:08.092896 #6632]  INFO -- : [9ebbba57-e89b-40f5-977b-f40e95b430bd]   Parameters: {"id"=>"2861"}
I, [2019-09-05T10:01:08.098364 #13411]  INFO -- : [b7fd09fc-9155-47e9-9877-cb00209e8680] Completed 200 OK in 15ms (Views: 0.1ms | ActiveRecord: 7.3ms)
I, [2019-09-05T10:01:08.099699 #13411]  INFO -- : [f57c2089-fa0a-495b-aea5-7d65f978bf3f] Started GET "/developments/262" for 104.207.192.42 at 2019-09-05 10:01:08 -0400
I, [2019-09-05T10:01:08.100327 #13411]  INFO -- : [f57c2089-fa0a-495b-aea5-7d65f978bf3f] Processing by DevelopmentsController#show as JSONAPI
I, [2019-09-05T10:01:08.100394 #13411]  INFO -- : [f57c2089-fa0a-495b-aea5-7d65f978bf3f]   Parameters: {"id"=>"262"}
I, [2019-09-05T10:01:08.100860 #13430]  INFO -- : [fb4769a2-d52b-462d-91ff-15acac6f2493] Completed 200 OK in 14ms (Views: 0.2ms | ActiveRecord: 7.0ms)
I, [2019-09-05T10:01:08.102361 #13430]  INFO -- : [b38404b5-4710-4084-8ca6-f7e8a0a1f366] Started GET "/developments/1898" for 104.207.192.42 at 2019-09-05 10:01:08 -0400
I, [2019-09-05T10:01:08.102816 #13430]  INFO -- : [b38404b5-4710-4084-8ca6-f7e8a0a1f366] Processing by DevelopmentsController#show as JSONAPI
I, [2019-09-05T10:01:08.102864 #13430]  INFO -- : [b38404b5-4710-4084-8ca6-f7e8a0a1f366]   Parameters: {"id"=>"1898"}
I, [2019-09-05T10:01:08.105093 #6632]  INFO -- : [9ebbba57-e89b-40f5-977b-f40e95b430bd] Completed 200 OK in 12ms (Views: 0.1ms | ActiveRecord: 5.1ms)
I, [2019-09-05T10:01:08.107199 #6632]  INFO -- : [3d8d492f-d4dc-49b7-866b-171ee3e76ea0] Started GET "/developments/3803" for 104.207.192.42 at 2019-09-05 10:01:08 -0400
I, [2019-09-05T10:01:08.107843 #6632]  INFO -- : [3d8d492f-d4dc-49b7-866b-171ee3e76ea0] Processing by DevelopmentsController#show as JSONAPI
I, [2019-09-05T10:01:08.107909 #6632]  INFO -- : [3d8d492f-d4dc-49b7-866b-171ee3e76ea0]   Parameters: {"id"=>"3803"}
I, [2019-09-05T10:01:08.114470 #13411]  INFO -- : [f57c2089-fa0a-495b-aea5-7d65f978bf3f] Completed 200 OK in 14ms (Views: 0.2ms | ActiveRecord: 4.5ms)
I, [2019-09-05T10:01:08.115179 #13411]  INFO -- : [a9a10be5-772c-4cb1-b8f0-fcb385bbe9b7] Started GET "/developments/1910" for 104.207.192.42 at 2019-09-05 10:01:08 -0400
I, [2019-09-05T10:01:08.115717 #13411]  INFO -- : [a9a10be5-772c-4cb1-b8f0-fcb385bbe9b7] Processing by DevelopmentsController#show as JSONAPI
I, [2019-09-05T10:01:08.115776 #13411]  INFO -- : [a9a10be5-772c-4cb1-b8f0-fcb385bbe9b7]   Parameters: {"id"=>"1910"}
I, [2019-09-05T10:01:08.118126 #13430]  INFO -- : [b38404b5-4710-4084-8ca6-f7e8a0a1f366] Completed 200 OK in 15ms (Views: 0.2ms | ActiveRecord: 9.4ms)
I, [2019-09-05T10:01:08.120222 #13430]  INFO -- : [1a720b90-0a4e-4e7d-9103-d842038fb29d] Started GET "/developments/4773" for 104.207.192.42 at 2019-09-05 10:01:08 -0400
I, [2019-09-05T10:01:08.120772 #13430]  INFO -- : [1a720b90-0a4e-4e7d-9103-d842038fb29d] Processing by DevelopmentsController#show as JSONAPI
I, [2019-09-05T10:01:08.120839 #13430]  INFO -- : [1a720b90-0a4e-4e7d-9103-d842038fb29d]   Parameters: {"id"=>"4773"}
I, [2019-09-05T10:01:08.121234 #6632]  INFO -- : [3d8d492f-d4dc-49b7-866b-171ee3e76ea0] Completed 200 OK in 12ms (Views: 0.2ms | ActiveRecord: 4.4ms)
I, [2019-09-05T10:01:08.123692 #6632]  INFO -- : [e9ed340b-0349-4a74-8cb7-a01143039a62] Started GET "/developments/896" for 104.207.192.42 at 2019-09-05 10:01:08 -0400
I, [2019-09-05T10:01:08.124269 #6632]  INFO -- : [e9ed340b-0349-4a74-8cb7-a01143039a62] Processing by DevelopmentsController#show as JSONAPI
I, [2019-09-05T10:01:08.124337 #6632]  INFO -- : [e9ed340b-0349-4a74-8cb7-a01143039a62]   Parameters: {"id"=>"896"}
I, [2019-09-05T10:01:08.129843 #13411]  INFO -- : [a9a10be5-772c-4cb1-b8f0-fcb385bbe9b7] Completed 200 OK in 14ms (Views: 0.1ms | ActiveRecord: 7.7ms)
I, [2019-09-05T10:01:08.130655 #13411]  INFO -- : [32f7d23f-3ef5-438d-b5a6-b1f6c9a9816f] Started GET "/developments/2392" for 104.207.192.42 at 2019-09-05 10:01:08 -0400
I, [2019-09-05T10:01:08.131210 #13411]  INFO -- : [32f7d23f-3ef5-438d-b5a6-b1f6c9a9816f] Processing by DevelopmentsController#show as JSONAPI
I, [2019-09-05T10:01:08.131272 #13411]  INFO -- : [32f7d23f-3ef5-438d-b5a6-b1f6c9a9816f]   Parameters: {"id"=>"2392"}
I, [2019-09-05T10:01:08.132726 #13430]  INFO -- : [1a720b90-0a4e-4e7d-9103-d842038fb29d] Completed 200 OK in 12ms (Views: 0.2ms | ActiveRecord: 3.8ms)
I, [2019-09-05T10:01:08.133906 #13430]  INFO -- : [26bdae6e-17ff-47e2-a4be-293a70b88530] Started GET "/developments/3220" for 104.207.192.42 at 2019-09-05 10:01:08 -0400
I, [2019-09-05T10:01:08.134435 #13430]  INFO -- : [26bdae6e-17ff-47e2-a4be-293a70b88530] Processing by DevelopmentsController#show as JSONAPI
I, [2019-09-05T10:01:08.134499 #13430]  INFO -- : [26bdae6e-17ff-47e2-a4be-293a70b88530]   Parameters: {"id"=>"3220"}
I, [2019-09-05T10:01:08.138985 #6632]  INFO -- : [e9ed340b-0349-4a74-8cb7-a01143039a62] Completed 200 OK in 15ms (Views: 0.2ms | ActiveRecord: 3.8ms)
I, [2019-09-05T10:01:08.139696 #6632]  INFO -- : [0cb5db5e-84b8-4999-9bd4-e27cc38300ca] Started GET "/developments/4295" for 104.207.192.42 at 2019-09-05 10:01:08 -0400
I, [2019-09-05T10:01:08.140104 #6632]  INFO -- : [0cb5db5e-84b8-4999-9bd4-e27cc38300ca] Processing by DevelopmentsController#show as JSONAPI
I, [2019-09-05T10:01:08.140151 #6632]  INFO -- : [0cb5db5e-84b8-4999-9bd4-e27cc38300ca]   Parameters: {"id"=>"4295"}
I, [2019-09-05T10:01:08.150842 #13411]  INFO -- : [32f7d23f-3ef5-438d-b5a6-b1f6c9a9816f] Completed 200 OK in 19ms (Views: 0.2ms | ActiveRecord: 12.0ms)
I, [2019-09-05T10:01:08.152124 #13411]  INFO -- : [8633720b-9463-4f86-9e89-072c903cbba9] Started GET "/developments/3742" for 104.207.192.42 at 2019-09-05 10:01:08 -0400
I, [2019-09-05T10:01:08.152521 #13411]  INFO -- : [8633720b-9463-4f86-9e89-072c903cbba9] Processing by DevelopmentsController#show as JSONAPI
I, [2019-09-05T10:01:08.152575 #13411]  INFO -- : [8633720b-9463-4f86-9e89-072c903cbba9]   Parameters: {"id"=>"3742"}
I, [2019-09-05T10:01:08.155763 #13430]  INFO -- : [26bdae6e-17ff-47e2-a4be-293a70b88530] Completed 200 OK in 21ms (Views: 0.2ms | ActiveRecord: 14.5ms)
I, [2019-09-05T10:01:08.158514 #13430]  INFO -- : [19272549-8e43-4bd9-9e99-2c980b401604] Started GET "/developments/28" for 104.207.192.42 at 2019-09-05 10:01:08 -0400
I, [2019-09-05T10:01:08.159062 #13430]  INFO -- : [19272549-8e43-4bd9-9e99-2c980b401604] Processing by DevelopmentsController#show as JSONAPI
I, [2019-09-05T10:01:08.159149 #13430]  INFO -- : [19272549-8e43-4bd9-9e99-2c980b401604]   Parameters: {"id"=>"28"}
I, [2019-09-05T10:01:08.159619 #6632]  INFO -- : [0cb5db5e-84b8-4999-9bd4-e27cc38300ca] Completed 200 OK in 19ms (Views: 0.2ms | ActiveRecord: 10.8ms)
I, [2019-09-05T10:01:08.161163 #6632]  INFO -- : [c9211490-f51e-4c81-9f05-91d091764514] Started GET "/developments/4598" for 104.207.192.42 at 2019-09-05 10:01:08 -0400
I, [2019-09-05T10:01:08.161757 #6632]  INFO -- : [c9211490-f51e-4c81-9f05-91d091764514] Processing by DevelopmentsController#show as JSONAPI
I, [2019-09-05T10:01:08.161824 #6632]  INFO -- : [c9211490-f51e-4c81-9f05-91d091764514]   Parameters: {"id"=>"4598"}
I, [2019-09-05T10:01:08.170763 #13411]  INFO -- : [8633720b-9463-4f86-9e89-072c903cbba9] Completed 200 OK in 18ms (Views: 0.2ms | ActiveRecord: 11.8ms)
I, [2019-09-05T10:01:08.171853 #13411]  INFO -- : [5813e99b-bfb0-4505-bec6-639ef46ae116] Started GET "/developments/4331" for 104.207.192.42 at 2019-09-05 10:01:08 -0400
I, [2019-09-05T10:01:08.172430 #13411]  INFO -- : [5813e99b-bfb0-4505-bec6-639ef46ae116] Processing by DevelopmentsController#show as JSONAPI
I, [2019-09-05T10:01:08.172498 #13411]  INFO -- : [5813e99b-bfb0-4505-bec6-639ef46ae116]   Parameters: {"id"=>"4331"}
I, [2019-09-05T10:01:08.176475 #13430]  INFO -- : [19272549-8e43-4bd9-9e99-2c980b401604] Completed 200 OK in 17ms (Views: 0.2ms | ActiveRecord: 7.3ms)
I, [2019-09-05T10:01:08.178469 #13430]  INFO -- : [75f43e1c-acc0-4e9b-8c9d-9126abb3b75c] Started GET "/developments/4828" for 104.207.192.42 at 2019-09-05 10:01:08 -0400
I, [2019-09-05T10:01:08.179046 #13430]  INFO -- : [75f43e1c-acc0-4e9b-8c9d-9126abb3b75c] Processing by DevelopmentsController#show as JSONAPI
I, [2019-09-05T10:01:08.179121 #13430]  INFO -- : [75f43e1c-acc0-4e9b-8c9d-9126abb3b75c]   Parameters: {"id"=>"4828"}
I, [2019-09-05T10:01:08.180123 #6632]  INFO -- : [c9211490-f51e-4c81-9f05-91d091764514] Completed 200 OK in 18ms (Views: 0.2ms | ActiveRecord: 3.9ms)
I, [2019-09-05T10:01:08.181124 #6632]  INFO -- : [c2c5079b-440d-4d5a-9364-92868d75b09a] Started GET "/developments/3651" for 104.207.192.42 at 2019-09-05 10:01:08 -0400
I, [2019-09-05T10:01:08.181719 #6632]  INFO -- : [c2c5079b-440d-4d5a-9364-92868d75b09a] Processing by DevelopmentsController#show as JSONAPI
I, [2019-09-05T10:01:08.181779 #6632]  INFO -- : [c2c5079b-440d-4d5a-9364-92868d75b09a]   Parameters: {"id"=>"3651"}
I, [2019-09-05T10:01:08.192420 #13411]  INFO -- : [5813e99b-bfb0-4505-bec6-639ef46ae116] Completed 200 OK in 20ms (Views: 0.1ms | ActiveRecord: 5.7ms)
I, [2019-09-05T10:01:08.194004 #13411]  INFO -- : [12127ac8-d560-4160-8292-93fe84ff8361] Started GET "/developments/3369" for 104.207.192.42 at 2019-09-05 10:01:08 -0400
I, [2019-09-05T10:01:08.194427 #13411]  INFO -- : [12127ac8-d560-4160-8292-93fe84ff8361] Processing by DevelopmentsController#show as JSONAPI
I, [2019-09-05T10:01:08.194474 #13411]  INFO -- : [12127ac8-d560-4160-8292-93fe84ff8361]   Parameters: {"id"=>"3369"}
I, [2019-09-05T10:01:08.196953 #13430]  INFO -- : [75f43e1c-acc0-4e9b-8c9d-9126abb3b75c] Completed 200 OK in 18ms (Views: 0.2ms | ActiveRecord: 8.2ms)
