I, [2019-09-06T14:31:00.877467 #321]  INFO -- : [edde204a-8670-48fe-a218-04f1436dca2d] Completed 200 OK in 14ms (Views: 0.2ms | ActiveRecord: 7.1ms)
I, [2019-09-06T14:31:00.878776 #321]  INFO -- : [09b8415c-0d77-4a4a-86ea-515329ac540d] Started GET "/developments/23" for 104.207.192.42 at 2019-09-06 14:31:00 -0400
I, [2019-09-06T14:31:00.879395 #321]  INFO -- : [09b8415c-0d77-4a4a-86ea-515329ac540d] Processing by DevelopmentsController#show as JSONAPI
I, [2019-09-06T14:31:00.879459 #321]  INFO -- : [09b8415c-0d77-4a4a-86ea-515329ac540d]   Parameters: {"id"=>"23"}
I, [2019-09-06T14:31:00.882796 #417]  INFO -- : [c9a65d54-8928-4118-b900-e4f0475f51cd] Completed 200 OK in 16ms (Views: 0.3ms | ActiveRecord: 8.6ms)
I, [2019-09-06T14:31:00.883907 #417]  INFO -- : [b7f3b3e6-a4dd-41a2-9545-c7a509539826] Started GET "/developments/639" for 104.207.192.42 at 2019-09-06 14:31:00 -0400
I, [2019-09-06T14:31:00.884605 #417]  INFO -- : [b7f3b3e6-a4dd-41a2-9545-c7a509539826] Processing by DevelopmentsController#show as JSONAPI
I, [2019-09-06T14:31:00.884672 #417]  INFO -- : [b7f3b3e6-a4dd-41a2-9545-c7a509539826]   Parameters: {"id"=>"639"}
I, [2019-09-06T14:31:00.889789 #17183]  INFO -- : [b54e5452-a8b9-47a6-83e5-acc8b64a4813] Completed 200 OK in 13ms (Views: 0.2ms | ActiveRecord: 4.1ms)
I, [2019-09-06T14:31:00.891753 #17183]  INFO -- : [c614e232-1c17-4013-ac4e-37a63ac1e94a] Started GET "/developments/1830" for 104.207.192.42 at 2019-09-06 14:31:00 -0400
I, [2019-09-06T14:31:00.892594 #17183]  INFO -- : [c614e232-1c17-4013-ac4e-37a63ac1e94a] Processing by DevelopmentsController#show as JSONAPI
I, [2019-09-06T14:31:00.892664 #17183]  INFO -- : [c614e232-1c17-4013-ac4e-37a63ac1e94a]   Parameters: {"id"=>"1830"}
I, [2019-09-06T14:31:00.893987 #321]  INFO -- : [09b8415c-0d77-4a4a-86ea-515329ac540d] Completed 200 OK in 14ms (Views: 0.2ms | ActiveRecord: 7.3ms)
I, [2019-09-06T14:31:00.895131 #321]  INFO -- : [685f92ec-9f4a-49c2-a9d1-5fa9c7be3e6c] Started GET "/developments/1670" for 104.207.192.42 at 2019-09-06 14:31:00 -0400
I, [2019-09-06T14:31:00.895752 #321]  INFO -- : [685f92ec-9f4a-49c2-a9d1-5fa9c7be3e6c] Processing by DevelopmentsController#show as JSONAPI
I, [2019-09-06T14:31:00.895817 #321]  INFO -- : [685f92ec-9f4a-49c2-a9d1-5fa9c7be3e6c]   Parameters: {"id"=>"1670"}
I, [2019-09-06T14:31:00.896826 #417]  INFO -- : [b7f3b3e6-a4dd-41a2-9545-c7a509539826] Completed 200 OK in 12ms (Views: 0.2ms | ActiveRecord: 4.8ms)
I, [2019-09-06T14:31:00.900301 #417]  INFO -- : [ff451060-977b-4698-b989-7ef6d0b77610] Started GET "/developments/4143" for 104.207.192.42 at 2019-09-06 14:31:00 -0400
I, [2019-09-06T14:31:00.900915 #417]  INFO -- : [ff451060-977b-4698-b989-7ef6d0b77610] Processing by DevelopmentsController#show as JSONAPI
I, [2019-09-06T14:31:00.900979 #417]  INFO -- : [ff451060-977b-4698-b989-7ef6d0b77610]   Parameters: {"id"=>"4143"}
I, [2019-09-06T14:31:00.907872 #17183]  INFO -- : [c614e232-1c17-4013-ac4e-37a63ac1e94a] Completed 200 OK in 15ms (Views: 0.2ms | ActiveRecord: 7.9ms)
I, [2019-09-06T14:31:00.909234 #17183]  INFO -- : [7317aba9-6d50-42ea-bbc8-0f39169c2d61] Started GET "/developments/1932" for 104.207.192.42 at 2019-09-06 14:31:00 -0400
I, [2019-09-06T14:31:00.910027 #17183]  INFO -- : [7317aba9-6d50-42ea-bbc8-0f39169c2d61] Processing by DevelopmentsController#show as JSONAPI
I, [2019-09-06T14:31:00.910092 #17183]  INFO -- : [7317aba9-6d50-42ea-bbc8-0f39169c2d61]   Parameters: {"id"=>"1932"}
I, [2019-09-06T14:31:00.910871 #321]  INFO -- : [685f92ec-9f4a-49c2-a9d1-5fa9c7be3e6c] Completed 200 OK in 15ms (Views: 0.2ms | ActiveRecord: 8.1ms)
I, [2019-09-06T14:31:00.911999 #321]  INFO -- : [973b96ac-ffd6-4bfb-9cc9-5784910b6920] Started GET "/developments/1428" for 104.207.192.42 at 2019-09-06 14:31:00 -0400
I, [2019-09-06T14:31:00.912615 #321]  INFO -- : [973b96ac-ffd6-4bfb-9cc9-5784910b6920] Processing by DevelopmentsController#show as JSONAPI
I, [2019-09-06T14:31:00.912680 #321]  INFO -- : [973b96ac-ffd6-4bfb-9cc9-5784910b6920]   Parameters: {"id"=>"1428"}
I, [2019-09-06T14:31:00.913599 #417]  INFO -- : [ff451060-977b-4698-b989-7ef6d0b77610] Completed 200 OK in 13ms (Views: 0.2ms | ActiveRecord: 6.5ms)
I, [2019-09-06T14:31:00.914350 #417]  INFO -- : [c50107cc-69ea-496c-9f08-0a9b7f900976] Started GET "/developments/1981" for 104.207.192.42 at 2019-09-06 14:31:00 -0400
I, [2019-09-06T14:31:00.914927 #417]  INFO -- : [c50107cc-69ea-496c-9f08-0a9b7f900976] Processing by DevelopmentsController#show as JSONAPI
I, [2019-09-06T14:31:00.914990 #417]  INFO -- : [c50107cc-69ea-496c-9f08-0a9b7f900976]   Parameters: {"id"=>"1981"}
I, [2019-09-06T14:31:00.923468 #321]  INFO -- : [973b96ac-ffd6-4bfb-9cc9-5784910b6920] Completed 200 OK in 11ms (Views: 0.2ms | ActiveRecord: 4.0ms)
I, [2019-09-06T14:31:00.924309 #321]  INFO -- : [bf1709c0-0c6e-4600-997d-f8d0dc505444] Started GET "/developments/2874" for 104.207.192.42 at 2019-09-06 14:31:00 -0400
I, [2019-09-06T14:31:00.924906 #321]  INFO -- : [bf1709c0-0c6e-4600-997d-f8d0dc505444] Processing by DevelopmentsController#show as JSONAPI
I, [2019-09-06T14:31:00.924971 #321]  INFO -- : [bf1709c0-0c6e-4600-997d-f8d0dc505444]   Parameters: {"id"=>"2874"}
I, [2019-09-06T14:31:00.925716 #17183]  INFO -- : [7317aba9-6d50-42ea-bbc8-0f39169c2d61] Completed 200 OK in 16ms (Views: 0.2ms | ActiveRecord: 7.6ms)
I, [2019-09-06T14:31:00.926966 #17183]  INFO -- : [57945735-5f0d-4da3-9236-77e277c29b41] Started GET "/developments/3672" for 104.207.192.42 at 2019-09-06 14:31:00 -0400
I, [2019-09-06T14:31:00.927704 #17183]  INFO -- : [57945735-5f0d-4da3-9236-77e277c29b41] Processing by DevelopmentsController#show as JSONAPI
I, [2019-09-06T14:31:00.927772 #17183]  INFO -- : [57945735-5f0d-4da3-9236-77e277c29b41]   Parameters: {"id"=>"3672"}
I, [2019-09-06T14:31:00.930697 #417]  INFO -- : [c50107cc-69ea-496c-9f08-0a9b7f900976] Completed 200 OK in 16ms (Views: 0.2ms | ActiveRecord: 8.5ms)
I, [2019-09-06T14:31:00.932183 #417]  INFO -- : [fe29ca9a-59a5-4970-bc81-9c40ddd1ffcd] Started GET "/developments/4163" for 104.207.192.42 at 2019-09-06 14:31:00 -0400
I, [2019-09-06T14:31:00.932853 #417]  INFO -- : [fe29ca9a-59a5-4970-bc81-9c40ddd1ffcd] Processing by DevelopmentsController#show as JSONAPI
I, [2019-09-06T14:31:00.932935 #417]  INFO -- : [fe29ca9a-59a5-4970-bc81-9c40ddd1ffcd]   Parameters: {"id"=>"4163"}
I, [2019-09-06T14:31:00.938088 #321]  INFO -- : [bf1709c0-0c6e-4600-997d-f8d0dc505444] Completed 200 OK in 13ms (Views: 0.2ms | ActiveRecord: 4.8ms)
I, [2019-09-06T14:31:00.938931 #321]  INFO -- : [b61c1165-d957-4e9e-bff8-0fbf3da028ed] Started GET "/developments/4236" for 104.207.192.42 at 2019-09-06 14:31:00 -0400
I, [2019-09-06T14:31:00.939582 #321]  INFO -- : [b61c1165-d957-4e9e-bff8-0fbf3da028ed] Processing by DevelopmentsController#show as JSONAPI
I, [2019-09-06T14:31:00.939645 #321]  INFO -- : [b61c1165-d957-4e9e-bff8-0fbf3da028ed]   Parameters: {"id"=>"4236"}
I, [2019-09-06T14:31:00.942452 #417]  INFO -- : [fe29ca9a-59a5-4970-bc81-9c40ddd1ffcd] Completed 200 OK in 9ms (Views: 0.2ms | ActiveRecord: 3.1ms)
I, [2019-09-06T14:31:00.943252 #417]  INFO -- : [72de0f50-178a-42b5-9142-fda552dfa39e] Started GET "/developments/202" for 104.207.192.42 at 2019-09-06 14:31:00 -0400
I, [2019-09-06T14:31:00.943848 #417]  INFO -- : [72de0f50-178a-42b5-9142-fda552dfa39e] Processing by DevelopmentsController#show as JSONAPI
I, [2019-09-06T14:31:00.943914 #417]  INFO -- : [72de0f50-178a-42b5-9142-fda552dfa39e]   Parameters: {"id"=>"202"}
I, [2019-09-06T14:31:00.945094 #17183]  INFO -- : [57945735-5f0d-4da3-9236-77e277c29b41] Completed 200 OK in 17ms (Views: 0.3ms | ActiveRecord: 9.0ms)
I, [2019-09-06T14:31:00.946740 #17183]  INFO -- : [ff35a25c-ac10-44fb-adad-151e44d32f18] Started GET "/developments/4237" for 104.207.192.42 at 2019-09-06 14:31:00 -0400
I, [2019-09-06T14:31:00.947670 #17183]  INFO -- : [ff35a25c-ac10-44fb-adad-151e44d32f18] Processing by DevelopmentsController#show as JSONAPI
I, [2019-09-06T14:31:00.947739 #17183]  INFO -- : [ff35a25c-ac10-44fb-adad-151e44d32f18]   Parameters: {"id"=>"4237"}
I, [2019-09-06T14:31:00.954488 #321]  INFO -- : [b61c1165-d957-4e9e-bff8-0fbf3da028ed] Completed 200 OK in 15ms (Views: 0.2ms | ActiveRecord: 4.3ms)
I, [2019-09-06T14:31:00.955344 #321]  INFO -- : [dc1fa5fb-5471-4f6c-81c0-434d96401198] Started GET "/developments/4208" for 104.207.192.42 at 2019-09-06 14:31:00 -0400
I, [2019-09-06T14:31:00.956023 #321]  INFO -- : [dc1fa5fb-5471-4f6c-81c0-434d96401198] Processing by DevelopmentsController#show as JSONAPI
I, [2019-09-06T14:31:00.956093 #321]  INFO -- : [dc1fa5fb-5471-4f6c-81c0-434d96401198]   Parameters: {"id"=>"4208"}
I, [2019-09-06T14:31:00.957461 #417]  INFO -- : [72de0f50-178a-42b5-9142-fda552dfa39e] Completed 200 OK in 13ms (Views: 0.2ms | ActiveRecord: 5.7ms)
I, [2019-09-06T14:31:00.958803 #417]  INFO -- : [9d7f2136-86b5-4273-8480-254a7a01e5fd] Started GET "/developments/4204" for 104.207.192.42 at 2019-09-06 14:31:00 -0400
I, [2019-09-06T14:31:00.959378 #417]  INFO -- : [9d7f2136-86b5-4273-8480-254a7a01e5fd] Processing by DevelopmentsController#show as JSONAPI
I, [2019-09-06T14:31:00.959440 #417]  INFO -- : [9d7f2136-86b5-4273-8480-254a7a01e5fd]   Parameters: {"id"=>"4204"}
I, [2019-09-06T14:31:00.967796 #17183]  INFO -- : [ff35a25c-ac10-44fb-adad-151e44d32f18] Completed 200 OK in 20ms (Views: 0.3ms | ActiveRecord: 11.7ms)
I, [2019-09-06T14:31:00.968840 #417]  INFO -- : [9d7f2136-86b5-4273-8480-254a7a01e5fd] Completed 200 OK in 9ms (Views: 0.2ms | ActiveRecord: 3.3ms)
I, [2019-09-06T14:31:00.968928 #17183]  INFO -- : [b637a6b6-5f30-403b-89fe-3e8af5eb4e51] Started GET "/developments/3855" for 104.207.192.42 at 2019-09-06 14:31:00 -0400
I, [2019-09-06T14:31:00.969773 #17183]  INFO -- : [b637a6b6-5f30-403b-89fe-3e8af5eb4e51] Processing by DevelopmentsController#show as JSONAPI
I, [2019-09-06T14:31:00.969841 #17183]  INFO -- : [b637a6b6-5f30-403b-89fe-3e8af5eb4e51]   Parameters: {"id"=>"3855"}
I, [2019-09-06T14:31:00.970216 #417]  INFO -- : [1e548c36-a0de-4321-bdb1-1b4e697703b3] Started GET "/developments/4294" for 104.207.192.42 at 2019-09-06 14:31:00 -0400
I, [2019-09-06T14:31:00.970835 #417]  INFO -- : [1e548c36-a0de-4321-bdb1-1b4e697703b3] Processing by DevelopmentsController#show as JSONAPI
I, [2019-09-06T14:31:00.970901 #417]  INFO -- : [1e548c36-a0de-4321-bdb1-1b4e697703b3]   Parameters: {"id"=>"4294"}
I, [2019-09-06T14:31:00.976580 #321]  INFO -- : [dc1fa5fb-5471-4f6c-81c0-434d96401198] Completed 200 OK in 20ms (Views: 0.2ms | ActiveRecord: 12.8ms)
I, [2019-09-06T14:31:00.977789 #321]  INFO -- : [2bf47d99-fafc-4a69-9268-1fc3fa1d5f8b] Started GET "/developments/2070" for 104.207.192.42 at 2019-09-06 14:31:00 -0400
I, [2019-09-06T14:31:00.978309 #321]  INFO -- : [2bf47d99-fafc-4a69-9268-1fc3fa1d5f8b] Processing by DevelopmentsController#show as JSONAPI
I, [2019-09-06T14:31:00.978357 #321]  INFO -- : [2bf47d99-fafc-4a69-9268-1fc3fa1d5f8b]   Parameters: {"id"=>"2070"}
I, [2019-09-06T14:31:00.983413 #17183]  INFO -- : [b637a6b6-5f30-403b-89fe-3e8af5eb4e51] Completed 200 OK in 13ms (Views: 0.3ms | ActiveRecord: 4.5ms)
I, [2019-09-06T14:31:00.984897 #417]  INFO -- : [1e548c36-a0de-4321-bdb1-1b4e697703b3] Completed 200 OK in 14ms (Views: 0.2ms | ActiveRecord: 7.0ms)
I, [2019-09-06T14:31:00.986612 #17183]  INFO -- : [a5aa0637-fc33-4307-953e-94b32dae9a95] Started GET "/developments/3349" for 104.207.192.42 at 2019-09-06 14:31:00 -0400
I, [2019-09-06T14:31:00.986727 #417]  INFO -- : [beadf4e2-2fa2-4cf5-ac95-714b5dbdbe5a] Started GET "/developments/189" for 104.207.192.42 at 2019-09-06 14:31:00 -0400
I, [2019-09-06T14:31:00.987388 #417]  INFO -- : [beadf4e2-2fa2-4cf5-ac95-714b5dbdbe5a] Processing by DevelopmentsController#show as JSONAPI
I, [2019-09-06T14:31:00.987455 #417]  INFO -- : [beadf4e2-2fa2-4cf5-ac95-714b5dbdbe5a]   Parameters: {"id"=>"189"}
I, [2019-09-06T14:31:00.987474 #17183]  INFO -- : [a5aa0637-fc33-4307-953e-94b32dae9a95] Processing by DevelopmentsController#show as JSONAPI
I, [2019-09-06T14:31:00.987538 #17183]  INFO -- : [a5aa0637-fc33-4307-953e-94b32dae9a95]   Parameters: {"id"=>"3349"}
I, [2019-09-06T14:31:00.998254 #417]  INFO -- : [beadf4e2-2fa2-4cf5-ac95-714b5dbdbe5a] Completed 200 OK in 11ms (Views: 0.2ms | ActiveRecord: 4.1ms)
I, [2019-09-06T14:31:00.999192 #417]  INFO -- : [8a1f07fc-29db-4ddc-bd46-2a3a297c4403] Started GET "/developments/648" for 104.207.192.42 at 2019-09-06 14:31:00 -0400
I, [2019-09-06T14:31:00.999831 #417]  INFO -- : [8a1f07fc-29db-4ddc-bd46-2a3a297c4403] Processing by DevelopmentsController#show as JSONAPI
I, [2019-09-06T14:31:00.999847 #321]  INFO -- : [2bf47d99-fafc-4a69-9268-1fc3fa1d5f8b] Completed 200 OK in 21ms (Views: 0.2ms | ActiveRecord: 8.4ms)
I, [2019-09-06T14:31:00.999893 #417]  INFO -- : [8a1f07fc-29db-4ddc-bd46-2a3a297c4403]   Parameters: {"id"=>"648"}
I, [2019-09-06T14:31:01.001280 #321]  INFO -- : [29a98607-9035-44c8-b128-be42fdb8cfb9] Started GET "/developments/4331" for 104.207.192.42 at 2019-09-06 14:31:01 -0400
I, [2019-09-06T14:31:01.001962 #321]  INFO -- : [29a98607-9035-44c8-b128-be42fdb8cfb9] Processing by DevelopmentsController#show as JSONAPI
I, [2019-09-06T14:31:01.002014 #321]  INFO -- : [29a98607-9035-44c8-b128-be42fdb8cfb9]   Parameters: {"id"=>"4331"}
I, [2019-09-06T14:31:01.005530 #17183]  INFO -- : [a5aa0637-fc33-4307-953e-94b32dae9a95] Completed 200 OK in 18ms (Views: 0.3ms | ActiveRecord: 9.6ms)
I, [2019-09-06T14:31:01.006526 #17183]  INFO -- : [413f61aa-32b5-4dbc-b96f-ecec9854e386] Started GET "/developments/4397" for 104.207.192.42 at 2019-09-06 14:31:01 -0400
I, [2019-09-06T14:31:01.007255 #17183]  INFO -- : [413f61aa-32b5-4dbc-b96f-ecec9854e386] Processing by DevelopmentsController#show as JSONAPI
I, [2019-09-06T14:31:01.007305 #17183]  INFO -- : [413f61aa-32b5-4dbc-b96f-ecec9854e386]   Parameters: {"id"=>"4397"}
I, [2019-09-06T14:31:01.014661 #417]  INFO -- : [8a1f07fc-29db-4ddc-bd46-2a3a297c4403] Completed 200 OK in 15ms (Views: 0.2ms | ActiveRecord: 5.1ms)
I, [2019-09-06T14:31:01.015593 #417]  INFO -- : [63460bde-6df1-456e-853b-4e542c4caedc] Started GET "/developments/4004" for 104.207.192.42 at 2019-09-06 14:31:01 -0400
I, [2019-09-06T14:31:01.016323 #417]  INFO -- : [63460bde-6df1-456e-853b-4e542c4caedc] Processing by DevelopmentsController#show as JSONAPI
I, [2019-09-06T14:31:01.016392 #417]  INFO -- : [63460bde-6df1-456e-853b-4e542c4caedc]   Parameters: {"id"=>"4004"}
I, [2019-09-06T14:31:01.019082 #321]  INFO -- : [29a98607-9035-44c8-b128-be42fdb8cfb9] Completed 200 OK in 17ms (Views: 0.2ms | ActiveRecord: 4.1ms)
I, [2019-09-06T14:31:01.019891 #321]  INFO -- : [b4305bb0-4701-44d0-8f1b-99ec39885e39] Started GET "/developments/294" for 104.207.192.42 at 2019-09-06 14:31:01 -0400
I, [2019-09-06T14:31:01.020627 #321]  INFO -- : [b4305bb0-4701-44d0-8f1b-99ec39885e39] Processing by DevelopmentsController#show as JSONAPI
I, [2019-09-06T14:31:01.020694 #321]  INFO -- : [b4305bb0-4701-44d0-8f1b-99ec39885e39]   Parameters: {"id"=>"294"}
I, [2019-09-06T14:31:01.024721 #17183]  INFO -- : [413f61aa-32b5-4dbc-b96f-ecec9854e386] Completed 200 OK in 17ms (Views: 0.3ms | ActiveRecord: 6.6ms)
I, [2019-09-06T14:31:01.026377 #17183]  INFO -- : [a692c40c-14ec-46e4-808d-97de907dccdb] Started GET "/developments/1420" for 104.207.192.42 at 2019-09-06 14:31:01 -0400
I, [2019-09-06T14:31:01.027282 #17183]  INFO -- : [a692c40c-14ec-46e4-808d-97de907dccdb] Processing by DevelopmentsController#show as JSONAPI
I, [2019-09-06T14:31:01.027351 #17183]  INFO -- : [a692c40c-14ec-46e4-808d-97de907dccdb]   Parameters: {"id"=>"1420"}
I, [2019-09-06T14:31:01.032639 #417]  INFO -- : [63460bde-6df1-456e-853b-4e542c4caedc] Completed 200 OK in 16ms (Views: 0.2ms | ActiveRecord: 9.1ms)
I, [2019-09-06T14:31:01.033560 #417]  INFO -- : [2bbc8471-784d-49bb-a33f-811c85a8fcb5] Started GET "/developments/4451" for 104.207.192.42 at 2019-09-06 14:31:01 -0400
I, [2019-09-06T14:31:01.034155 #417]  INFO -- : [2bbc8471-784d-49bb-a33f-811c85a8fcb5] Processing by DevelopmentsController#show as JSONAPI
I, [2019-09-06T14:31:01.034205 #417]  INFO -- : [2bbc8471-784d-49bb-a33f-811c85a8fcb5]   Parameters: {"id"=>"4451"}
I, [2019-09-06T14:31:01.036663 #321]  INFO -- : [b4305bb0-4701-44d0-8f1b-99ec39885e39] Completed 200 OK in 16ms (Views: 0.3ms | ActiveRecord: 8.9ms)
I, [2019-09-06T14:31:01.037544 #321]  INFO -- : [3d5e7676-d314-4bba-bd65-3c9c2e86d085] Started GET "/developments/4452" for 104.207.192.42 at 2019-09-06 14:31:01 -0400
I, [2019-09-06T14:31:01.038187 #321]  INFO -- : [3d5e7676-d314-4bba-bd65-3c9c2e86d085] Processing by DevelopmentsController#show as JSONAPI
I, [2019-09-06T14:31:01.038249 #321]  INFO -- : [3d5e7676-d314-4bba-bd65-3c9c2e86d085]   Parameters: {"id"=>"4452"}
I, [2019-09-06T14:31:01.041257 #17183]  INFO -- : [a692c40c-14ec-46e4-808d-97de907dccdb] Completed 200 OK in 14ms (Views: 0.3ms | ActiveRecord: 5.2ms)
I, [2019-09-06T14:31:01.042881 #17183]  INFO -- : [d60bfa1a-3c0e-40a3-a1fc-06a7503023cb] Started GET "/developments/2080" for 104.207.192.42 at 2019-09-06 14:31:01 -0400
I, [2019-09-06T14:31:01.043684 #17183]  INFO -- : [d60bfa1a-3c0e-40a3-a1fc-06a7503023cb] Processing by DevelopmentsController#show as JSONAPI
I, [2019-09-06T14:31:01.043752 #17183]  INFO -- : [d60bfa1a-3c0e-40a3-a1fc-06a7503023cb]   Parameters: {"id"=>"2080"}
I, [2019-09-06T14:31:01.046397 #417]  INFO -- : [2bbc8471-784d-49bb-a33f-811c85a8fcb5] Completed 200 OK in 12ms (Views: 0.2ms | ActiveRecord: 4.1ms)
I, [2019-09-06T14:31:01.047364 #417]  INFO -- : [e5041e49-587c-4c1d-87ba-c469fb08c68a] Started GET "/developments/2483" for 104.207.192.42 at 2019-09-06 14:31:01 -0400
I, [2019-09-06T14:31:01.048018 #417]  INFO -- : [e5041e49-587c-4c1d-87ba-c469fb08c68a] Processing by DevelopmentsController#show as JSONAPI
I, [2019-09-06T14:31:01.048084 #417]  INFO -- : [e5041e49-587c-4c1d-87ba-c469fb08c68a]   Parameters: {"id"=>"2483"}
I, [2019-09-06T14:31:01.054819 #321]  INFO -- : [3d5e7676-d314-4bba-bd65-3c9c2e86d085] Completed 200 OK in 16ms (Views: 0.2ms | ActiveRecord: 8.3ms)
I, [2019-09-06T14:31:01.056105 #321]  INFO -- : [f2428b0e-5562-40be-b9ea-dae0c1df52cc] Started GET "/developments/307" for 104.207.192.42 at 2019-09-06 14:31:01 -0400
I, [2019-09-06T14:31:01.056790 #321]  INFO -- : [f2428b0e-5562-40be-b9ea-dae0c1df52cc] Processing by DevelopmentsController#show as JSONAPI
I, [2019-09-06T14:31:01.056856 #321]  INFO -- : [f2428b0e-5562-40be-b9ea-dae0c1df52cc]   Parameters: {"id"=>"307"}
I, [2019-09-06T14:31:01.057979 #17183]  INFO -- : [d60bfa1a-3c0e-40a3-a1fc-06a7503023cb] Completed 200 OK in 14ms (Views: 0.2ms | ActiveRecord: 6.1ms)
I, [2019-09-06T14:31:01.058975 #17183]  INFO -- : [bfb47943-9767-456c-92ae-07e836d5f94e] Started GET "/developments/4174" for 104.207.192.42 at 2019-09-06 14:31:01 -0400
I, [2019-09-06T14:31:01.059610 #17183]  INFO -- : [bfb47943-9767-456c-92ae-07e836d5f94e] Processing by DevelopmentsController#show as JSONAPI
I, [2019-09-06T14:31:01.059678 #17183]  INFO -- : [bfb47943-9767-456c-92ae-07e836d5f94e]   Parameters: {"id"=>"4174"}
I, [2019-09-06T14:31:01.064888 #417]  INFO -- : [e5041e49-587c-4c1d-87ba-c469fb08c68a] Completed 200 OK in 17ms (Views: 0.2ms | ActiveRecord: 6.8ms)
I, [2019-09-06T14:31:01.066100 #417]  INFO -- : [31f3c426-b9e5-4002-99aa-f5a34d185378] Started GET "/developments/25" for 104.207.192.42 at 2019-09-06 14:31:01 -0400
I, [2019-09-06T14:31:01.066582 #417]  INFO -- : [31f3c426-b9e5-4002-99aa-f5a34d185378] Processing by DevelopmentsController#show as JSONAPI
I, [2019-09-06T14:31:01.066628 #417]  INFO -- : [31f3c426-b9e5-4002-99aa-f5a34d185378]   Parameters: {"id"=>"25"}
I, [2019-09-06T14:31:01.070595 #321]  INFO -- : [f2428b0e-5562-40be-b9ea-dae0c1df52cc] Completed 200 OK in 14ms (Views: 0.2ms | ActiveRecord: 5.7ms)
I, [2019-09-06T14:31:01.072071 #321]  INFO -- : [45707e0e-2f94-499c-ba6d-b99c401e9d3f] Started GET "/developments/3530" for 104.207.192.42 at 2019-09-06 14:31:01 -0400
I, [2019-09-06T14:31:01.073395 #321]  INFO -- : [45707e0e-2f94-499c-ba6d-b99c401e9d3f] Processing by DevelopmentsController#show as JSONAPI
I, [2019-09-06T14:31:01.073513 #321]  INFO -- : [45707e0e-2f94-499c-ba6d-b99c401e9d3f]   Parameters: {"id"=>"3530"}
I, [2019-09-06T14:31:01.073938 #17183]  INFO -- : [bfb47943-9767-456c-92ae-07e836d5f94e] Completed 200 OK in 13ms (Views: 0.2ms | ActiveRecord: 5.4ms)
I, [2019-09-06T14:31:01.075499 #17183]  INFO -- : [0957213f-c4c7-40ac-b8f0-70b1d9064ac8] Started GET "/developments/1493" for 104.207.192.42 at 2019-09-06 14:31:01 -0400
I, [2019-09-06T14:31:01.076292 #17183]  INFO -- : [0957213f-c4c7-40ac-b8f0-70b1d9064ac8] Processing by DevelopmentsController#show as JSONAPI
I, [2019-09-06T14:31:01.076360 #17183]  INFO -- : [0957213f-c4c7-40ac-b8f0-70b1d9064ac8]   Parameters: {"id"=>"1493"}
I, [2019-09-06T14:31:01.083041 #417]  INFO -- : [31f3c426-b9e5-4002-99aa-f5a34d185378] Completed 200 OK in 15ms (Views: 0.2ms | ActiveRecord: 7.3ms)
I, [2019-09-06T14:31:01.084252 #417]  INFO -- : [4e1b3bb0-d563-4228-bc01-6458efc3c3d4] Started GET "/developments/1883" for 104.207.192.42 at 2019-09-06 14:31:01 -0400
I, [2019-09-06T14:31:01.084969 #417]  INFO -- : [4e1b3bb0-d563-4228-bc01-6458efc3c3d4] Processing by DevelopmentsController#show as JSONAPI
I, [2019-09-06T14:31:01.085037 #417]  INFO -- : [4e1b3bb0-d563-4228-bc01-6458efc3c3d4]   Parameters: {"id"=>"1883"}
I, [2019-09-06T14:31:01.087673 #321]  INFO -- : [45707e0e-2f94-499c-ba6d-b99c401e9d3f] Completed 200 OK in 14ms (Views: 0.2ms | ActiveRecord: 7.0ms)
I, [2019-09-06T14:31:01.089703 #17183]  INFO -- : [0957213f-c4c7-40ac-b8f0-70b1d9064ac8] Completed 200 OK in 13ms (Views: 0.5ms | ActiveRecord: 5.0ms)
I, [2019-09-06T14:31:01.091295 #17183]  INFO -- : [24fb8926-46d8-4202-abde-756301e893af] Started GET "/developments/3552" for 104.207.192.42 at 2019-09-06 14:31:01 -0400
I, [2019-09-06T14:31:01.091693 #321]  INFO -- : [a676cdca-1f68-46d1-8218-d2dc64f3b6ed] Started GET "/developments/191" for 104.207.192.42 at 2019-09-06 14:31:01 -0400
I, [2019-09-06T14:31:01.092153 #17183]  INFO -- : [24fb8926-46d8-4202-abde-756301e893af] Processing by DevelopmentsController#show as JSONAPI
I, [2019-09-06T14:31:01.092221 #17183]  INFO -- : [24fb8926-46d8-4202-abde-756301e893af]   Parameters: {"id"=>"3552"}
I, [2019-09-06T14:31:01.092417 #321]  INFO -- : [a676cdca-1f68-46d1-8218-d2dc64f3b6ed] Processing by DevelopmentsController#show as JSONAPI
I, [2019-09-06T14:31:01.092485 #321]  INFO -- : [a676cdca-1f68-46d1-8218-d2dc64f3b6ed]   Parameters: {"id"=>"191"}
I, [2019-09-06T14:31:01.100125 #417]  INFO -- : [4e1b3bb0-d563-4228-bc01-6458efc3c3d4] Completed 200 OK in 15ms (Views: 0.2ms | ActiveRecord: 7.3ms)
I, [2019-09-06T14:31:01.102272 #417]  INFO -- : [6341fc5a-e17a-4de5-809f-46d9d6dce201] Started GET "/developments/4317" for 104.207.192.42 at 2019-09-06 14:31:01 -0400
I, [2019-09-06T14:31:01.103070 #417]  INFO -- : [6341fc5a-e17a-4de5-809f-46d9d6dce201] Processing by DevelopmentsController#show as JSONAPI
I, [2019-09-06T14:31:01.103138 #417]  INFO -- : [6341fc5a-e17a-4de5-809f-46d9d6dce201]   Parameters: {"id"=>"4317"}
I, [2019-09-06T14:31:01.104026 #17183]  INFO -- : [24fb8926-46d8-4202-abde-756301e893af] Completed 200 OK in 12ms (Views: 0.3ms | ActiveRecord: 4.0ms)
I, [2019-09-06T14:31:01.105740 #17183]  INFO -- : [8cc87ba0-6f54-40df-940f-3feaad334d7f] Started GET "/developments/3129" for 104.207.192.42 at 2019-09-06 14:31:01 -0400
I, [2019-09-06T14:31:01.106230 #321]  INFO -- : [a676cdca-1f68-46d1-8218-d2dc64f3b6ed] Completed 200 OK in 14ms (Views: 0.3ms | ActiveRecord: 6.4ms)
I, [2019-09-06T14:31:01.106550 #17183]  INFO -- : [8cc87ba0-6f54-40df-940f-3feaad334d7f] Processing by DevelopmentsController#show as JSONAPI
I, [2019-09-06T14:31:01.107071 #17183]  INFO -- : [8cc87ba0-6f54-40df-940f-3feaad334d7f]   Parameters: {"id"=>"3129"}
I, [2019-09-06T14:31:01.107179 #321]  INFO -- : [478738b0-a821-45b6-8d4a-fa02ef4bf829] Started GET "/developments/2152" for 104.207.192.42 at 2019-09-06 14:31:01 -0400
I, [2019-09-06T14:31:01.107840 #321]  INFO -- : [478738b0-a821-45b6-8d4a-fa02ef4bf829] Processing by DevelopmentsController#show as JSONAPI
I, [2019-09-06T14:31:01.107908 #321]  INFO -- : [478738b0-a821-45b6-8d4a-fa02ef4bf829]   Parameters: {"id"=>"2152"}
I, [2019-09-06T14:31:01.117904 #17183]  INFO -- : [8cc87ba0-6f54-40df-940f-3feaad334d7f] Completed 200 OK in 11ms (Views: 0.2ms | ActiveRecord: 3.4ms)
I, [2019-09-06T14:31:01.119064 #17183]  INFO -- : [78224a00-d00c-4ea7-9300-7e35f0ceb2d4] Started GET "/developments/2087" for 104.207.192.42 at 2019-09-06 14:31:01 -0400
I, [2019-09-06T14:31:01.119958 #17183]  INFO -- : [78224a00-d00c-4ea7-9300-7e35f0ceb2d4] Processing by DevelopmentsController#show as JSONAPI
I, [2019-09-06T14:31:01.120029 #17183]  INFO -- : [78224a00-d00c-4ea7-9300-7e35f0ceb2d4]   Parameters: {"id"=>"2087"}
I, [2019-09-06T14:31:01.121171 #417]  INFO -- : [6341fc5a-e17a-4de5-809f-46d9d6dce201] Completed 200 OK in 18ms (Views: 0.2ms | ActiveRecord: 5.6ms)
I, [2019-09-06T14:31:01.122413 #417]  INFO -- : [2d43b92b-7d68-4432-81f8-9c458cb0840d] Started GET "/developments/1283" for 104.207.192.42 at 2019-09-06 14:31:01 -0400
I, [2019-09-06T14:31:01.123118 #417]  INFO -- : [2d43b92b-7d68-4432-81f8-9c458cb0840d] Processing by DevelopmentsController#show as JSONAPI
I, [2019-09-06T14:31:01.123181 #417]  INFO -- : [2d43b92b-7d68-4432-81f8-9c458cb0840d]   Parameters: {"id"=>"1283"}
I, [2019-09-06T14:31:01.126379 #321]  INFO -- : [478738b0-a821-45b6-8d4a-fa02ef4bf829] Completed 200 OK in 18ms (Views: 0.2ms | ActiveRecord: 9.6ms)
I, [2019-09-06T14:31:01.127904 #321]  INFO -- : [efb390ec-42f2-4508-b4ea-77a416b61ca3] Started GET "/developments/3862" for 104.207.192.42 at 2019-09-06 14:31:01 -0400
I, [2019-09-06T14:31:01.128626 #321]  INFO -- : [efb390ec-42f2-4508-b4ea-77a416b61ca3] Processing by DevelopmentsController#show as JSONAPI
I, [2019-09-06T14:31:01.128710 #321]  INFO -- : [efb390ec-42f2-4508-b4ea-77a416b61ca3]   Parameters: {"id"=>"3862"}
I, [2019-09-06T14:31:01.134810 #17183]  INFO -- : [78224a00-d00c-4ea7-9300-7e35f0ceb2d4] Completed 200 OK in 15ms (Views: 0.2ms | ActiveRecord: 5.1ms)
I, [2019-09-06T14:31:01.136030 #17183]  INFO -- : [77c22650-57fc-4386-898e-b564df709a4a] Started GET "/developments/1090" for 104.207.192.42 at 2019-09-06 14:31:01 -0400
I, [2019-09-06T14:31:01.136795 #17183]  INFO -- : [77c22650-57fc-4386-898e-b564df709a4a] Processing by DevelopmentsController#show as JSONAPI
I, [2019-09-06T14:31:01.136845 #17183]  INFO -- : [77c22650-57fc-4386-898e-b564df709a4a]   Parameters: {"id"=>"1090"}
I, [2019-09-06T14:31:01.139208 #321]  INFO -- : [efb390ec-42f2-4508-b4ea-77a416b61ca3] Completed 200 OK in 10ms (Views: 0.2ms | ActiveRecord: 3.2ms)
I, [2019-09-06T14:31:01.140594 #321]  INFO -- : [b4875231-e96e-41bf-8913-34243995dd5b] Started GET "/developments/148" for 104.207.192.42 at 2019-09-06 14:31:01 -0400
I, [2019-09-06T14:31:01.141202 #321]  INFO -- : [b4875231-e96e-41bf-8913-34243995dd5b] Processing by DevelopmentsController#show as JSONAPI
I, [2019-09-06T14:31:01.141267 #321]  INFO -- : [b4875231-e96e-41bf-8913-34243995dd5b]   Parameters: {"id"=>"148"}
I, [2019-09-06T14:31:01.141660 #417]  INFO -- : [2d43b92b-7d68-4432-81f8-9c458cb0840d] Completed 200 OK in 18ms (Views: 0.2ms | ActiveRecord: 10.6ms)
I, [2019-09-06T14:31:01.142589 #417]  INFO -- : [ebc93428-5073-4e52-8f4f-c29bfcb4367b] Started GET "/developments/160" for 104.207.192.42 at 2019-09-06 14:31:01 -0400
I, [2019-09-06T14:31:01.143279 #417]  INFO -- : [ebc93428-5073-4e52-8f4f-c29bfcb4367b] Processing by DevelopmentsController#show as JSONAPI
I, [2019-09-06T14:31:01.143384 #417]  INFO -- : [ebc93428-5073-4e52-8f4f-c29bfcb4367b]   Parameters: {"id"=>"160"}
I, [2019-09-06T14:31:01.152800 #17183]  INFO -- : [77c22650-57fc-4386-898e-b564df709a4a] Completed 200 OK in 16ms (Views: 0.3ms | ActiveRecord: 7.0ms)
I, [2019-09-06T14:31:01.154493 #321]  INFO -- : [b4875231-e96e-41bf-8913-34243995dd5b] Completed 200 OK in 13ms (Views: 0.2ms | ActiveRecord: 4.7ms)
I, [2019-09-06T14:31:01.154504 #17183]  INFO -- : [49db8d1e-2778-4b4c-a25b-b012a0c9ea4c] Started GET "/developments/1861" for 104.207.192.42 at 2019-09-06 14:31:01 -0400
I, [2019-09-06T14:31:01.155993 #321]  INFO -- : [05b57cf4-a507-4a14-b951-3de462be5a09] Started GET "/developments/1910" for 104.207.192.42 at 2019-09-06 14:31:01 -0400
I, [2019-09-06T14:31:01.156667 #321]  INFO -- : [05b57cf4-a507-4a14-b951-3de462be5a09] Processing by DevelopmentsController#show as JSONAPI
I, [2019-09-06T14:31:01.156734 #321]  INFO -- : [05b57cf4-a507-4a14-b951-3de462be5a09]   Parameters: {"id"=>"1910"}
I, [2019-09-06T14:31:01.158924 #417]  INFO -- : [ebc93428-5073-4e52-8f4f-c29bfcb4367b] Completed 200 OK in 15ms (Views: 0.2ms | ActiveRecord: 8.0ms)
I, [2019-09-06T14:31:01.159488 #17183]  INFO -- : [49db8d1e-2778-4b4c-a25b-b012a0c9ea4c] Processing by DevelopmentsController#show as JSONAPI
I, [2019-09-06T14:31:01.159561 #17183]  INFO -- : [49db8d1e-2778-4b4c-a25b-b012a0c9ea4c]   Parameters: {"id"=>"1861"}
I, [2019-09-06T14:31:01.160368 #417]  INFO -- : [2d32cf2a-28b1-4bb7-98d8-8d7ae4b83231] Started GET "/developments/2035" for 104.207.192.42 at 2019-09-06 14:31:01 -0400
I, [2019-09-06T14:31:01.161037 #417]  INFO -- : [2d32cf2a-28b1-4bb7-98d8-8d7ae4b83231] Processing by DevelopmentsController#show as JSONAPI
I, [2019-09-06T14:31:01.161102 #417]  INFO -- : [2d32cf2a-28b1-4bb7-98d8-8d7ae4b83231]   Parameters: {"id"=>"2035"}
I, [2019-09-06T14:31:01.168085 #321]  INFO -- : [05b57cf4-a507-4a14-b951-3de462be5a09] Completed 200 OK in 11ms (Views: 0.2ms | ActiveRecord: 4.4ms)
I, [2019-09-06T14:31:01.169450 #321]  INFO -- : [e56c7133-bf8c-4452-98d5-8e674cca7822] Started GET "/developments/4315" for 104.207.192.42 at 2019-09-06 14:31:01 -0400
I, [2019-09-06T14:31:01.170056 #321]  INFO -- : [e56c7133-bf8c-4452-98d5-8e674cca7822] Processing by DevelopmentsController#show as JSONAPI
I, [2019-09-06T14:31:01.170121 #321]  INFO -- : [e56c7133-bf8c-4452-98d5-8e674cca7822]   Parameters: {"id"=>"4315"}
I, [2019-09-06T14:31:01.172541 #17183]  INFO -- : [49db8d1e-2778-4b4c-a25b-b012a0c9ea4c] Completed 200 OK in 13ms (Views: 0.2ms | ActiveRecord: 3.3ms)
I, [2019-09-06T14:31:01.174841 #417]  INFO -- : [2d32cf2a-28b1-4bb7-98d8-8d7ae4b83231] Completed 200 OK in 14ms (Views: 0.2ms | ActiveRecord: 6.5ms)
I, [2019-09-06T14:31:01.174975 #17183]  INFO -- : [dcb5538a-77e0-4313-9fb4-d0326f0b30a6] Started GET "/developments/2392" for 104.207.192.42 at 2019-09-06 14:31:01 -0400
I, [2019-09-06T14:31:01.175780 #417]  INFO -- : [f4d095bc-3ea7-4e4c-94ed-65bfe96f7ad8] Started GET "/developments/2153" for 104.207.192.42 at 2019-09-06 14:31:01 -0400
I, [2019-09-06T14:31:01.176292 #17183]  INFO -- : [dcb5538a-77e0-4313-9fb4-d0326f0b30a6] Processing by DevelopmentsController#show as JSONAPI
I, [2019-09-06T14:31:01.176361 #17183]  INFO -- : [dcb5538a-77e0-4313-9fb4-d0326f0b30a6]   Parameters: {"id"=>"2392"}
I, [2019-09-06T14:31:01.176519 #417]  INFO -- : [f4d095bc-3ea7-4e4c-94ed-65bfe96f7ad8] Processing by DevelopmentsController#show as JSONAPI
I, [2019-09-06T14:31:01.176591 #417]  INFO -- : [f4d095bc-3ea7-4e4c-94ed-65bfe96f7ad8]   Parameters: {"id"=>"2153"}
I, [2019-09-06T14:31:01.186393 #321]  INFO -- : [e56c7133-bf8c-4452-98d5-8e674cca7822] Completed 200 OK in 16ms (Views: 0.2ms | ActiveRecord: 8.8ms)
I, [2019-09-06T14:31:01.187919 #321]  INFO -- : [6c5a16c7-4313-46a3-b520-87ae474a6102] Started GET "/developments/1442" for 104.207.192.42 at 2019-09-06 14:31:01 -0400
I, [2019-09-06T14:31:01.188714 #321]  INFO -- : [6c5a16c7-4313-46a3-b520-87ae474a6102] Processing by DevelopmentsController#show as JSONAPI
I, [2019-09-06T14:31:01.188778 #321]  INFO -- : [6c5a16c7-4313-46a3-b520-87ae474a6102]   Parameters: {"id"=>"1442"}
I, [2019-09-06T14:31:01.189025 #17183]  INFO -- : [dcb5538a-77e0-4313-9fb4-d0326f0b30a6] Completed 200 OK in 13ms (Views: 0.3ms | ActiveRecord: 4.6ms)
I, [2019-09-06T14:31:01.190606 #17183]  INFO -- : [74f0cf25-efe7-4e58-b55e-bac92abadd48] Started GET "/developments/1882" for 104.207.192.42 at 2019-09-06 14:31:01 -0400
I, [2019-09-06T14:31:01.191320 #17183]  INFO -- : [74f0cf25-efe7-4e58-b55e-bac92abadd48] Processing by DevelopmentsController#show as JSONAPI
I, [2019-09-06T14:31:01.191379 #17183]  INFO -- : [74f0cf25-efe7-4e58-b55e-bac92abadd48]   Parameters: {"id"=>"1882"}
I, [2019-09-06T14:31:01.200836 #417]  INFO -- : [f4d095bc-3ea7-4e4c-94ed-65bfe96f7ad8] Completed 200 OK in 24ms (Views: 0.2ms | ActiveRecord: 9.9ms)
I, [2019-09-06T14:31:01.201865 #321]  INFO -- : [6c5a16c7-4313-46a3-b520-87ae474a6102] Completed 200 OK in 12ms (Views: 0.2ms | ActiveRecord: 3.2ms)
I, [2019-09-06T14:31:01.202384 #417]  INFO -- : [837591de-74a7-467f-823f-3983e2edd88b] Started GET "/developments/3041" for 104.207.192.42 at 2019-09-06 14:31:01 -0400
I, [2019-09-06T14:31:01.203096 #417]  INFO -- : [837591de-74a7-467f-823f-3983e2edd88b] Processing by DevelopmentsController#show as JSONAPI
I, [2019-09-06T14:31:01.203322 #321]  INFO -- : [45fd341d-57c9-45fd-8575-e87699cec66e] Started GET "/developments/2607" for 104.207.192.42 at 2019-09-06 14:31:01 -0400
I, [2019-09-06T14:31:01.204007 #321]  INFO -- : [45fd341d-57c9-45fd-8575-e87699cec66e] Processing by DevelopmentsController#show as JSONAPI
I, [2019-09-06T14:31:01.204076 #321]  INFO -- : [45fd341d-57c9-45fd-8575-e87699cec66e]   Parameters: {"id"=>"2607"}
I, [2019-09-06T14:31:01.203192 #417]  INFO -- : [837591de-74a7-467f-823f-3983e2edd88b]   Parameters: {"id"=>"3041"}
I, [2019-09-06T14:31:01.208695 #17183]  INFO -- : [74f0cf25-efe7-4e58-b55e-bac92abadd48] Completed 200 OK in 17ms (Views: 0.3ms | ActiveRecord: 6.5ms)
I, [2019-09-06T14:31:01.210648 #17183]  INFO -- : [a81f8f18-b0f1-49ca-b71a-0928f0d37bdd] Started GET "/developments/1136" for 104.207.192.42 at 2019-09-06 14:31:01 -0400
I, [2019-09-06T14:31:01.211531 #17183]  INFO -- : [a81f8f18-b0f1-49ca-b71a-0928f0d37bdd] Processing by DevelopmentsController#show as JSONAPI
I, [2019-09-06T14:31:01.211596 #17183]  INFO -- : [a81f8f18-b0f1-49ca-b71a-0928f0d37bdd]   Parameters: {"id"=>"1136"}
I, [2019-09-06T14:31:01.215563 #417]  INFO -- : [837591de-74a7-467f-823f-3983e2edd88b] Completed 200 OK in 11ms (Views: 0.2ms | ActiveRecord: 4.4ms)
I, [2019-09-06T14:31:01.217661 #417]  INFO -- : [076372e4-cc95-4c22-940b-eb64ec70cc4e] Started GET "/developments/347" for 104.207.192.42 at 2019-09-06 14:31:01 -0400
I, [2019-09-06T14:31:01.218310 #417]  INFO -- : [076372e4-cc95-4c22-940b-eb64ec70cc4e] Processing by DevelopmentsController#show as JSONAPI
I, [2019-09-06T14:31:01.218372 #417]  INFO -- : [076372e4-cc95-4c22-940b-eb64ec70cc4e]   Parameters: {"id"=>"347"}
I, [2019-09-06T14:31:01.218561 #321]  INFO -- : [45fd341d-57c9-45fd-8575-e87699cec66e] Completed 200 OK in 14ms (Views: 0.2ms | ActiveRecord: 7.4ms)
I, [2019-09-06T14:31:01.219649 #321]  INFO -- : [75a4277e-aed7-4512-aaee-09063999f9b1] Started GET "/developments/637" for 104.207.192.42 at 2019-09-06 14:31:01 -0400
I, [2019-09-06T14:31:01.220346 #321]  INFO -- : [75a4277e-aed7-4512-aaee-09063999f9b1] Processing by DevelopmentsController#show as JSONAPI
I, [2019-09-06T14:31:01.220412 #321]  INFO -- : [75a4277e-aed7-4512-aaee-09063999f9b1]   Parameters: {"id"=>"637"}
I, [2019-09-06T14:31:01.229557 #17183]  INFO -- : [a81f8f18-b0f1-49ca-b71a-0928f0d37bdd] Completed 200 OK in 18ms (Views: 0.3ms | ActiveRecord: 9.4ms)
I, [2019-09-06T14:31:01.229941 #417]  INFO -- : [076372e4-cc95-4c22-940b-eb64ec70cc4e] Completed 200 OK in 11ms (Views: 0.2ms | ActiveRecord: 3.2ms)
I, [2019-09-06T14:31:01.231757 #17183]  INFO -- : [5258a42e-9c4d-4a34-a69d-b1566488243c] Started GET "/developments/21" for 104.207.192.42 at 2019-09-06 14:31:01 -0400
I, [2019-09-06T14:31:01.231950 #417]  INFO -- : [f383956b-37de-46c5-bd39-ba8da92f556f] Started GET "/developments/367" for 104.207.192.42 at 2019-09-06 14:31:01 -0400
I, [2019-09-06T14:31:01.232632 #417]  INFO -- : [f383956b-37de-46c5-bd39-ba8da92f556f] Processing by DevelopmentsController#show as JSONAPI
I, [2019-09-06T14:31:01.232696 #417]  INFO -- : [f383956b-37de-46c5-bd39-ba8da92f556f]   Parameters: {"id"=>"367"}
I, [2019-09-06T14:31:01.234183 #321]  INFO -- : [75a4277e-aed7-4512-aaee-09063999f9b1] Completed 200 OK in 14ms (Views: 0.2ms | ActiveRecord: 7.5ms)
I, [2019-09-06T14:31:01.235345 #17183]  INFO -- : [5258a42e-9c4d-4a34-a69d-b1566488243c] Processing by DevelopmentsController#show as JSONAPI
I, [2019-09-06T14:31:01.235412 #17183]  INFO -- : [5258a42e-9c4d-4a34-a69d-b1566488243c]   Parameters: {"id"=>"21"}
I, [2019-09-06T14:31:01.236238 #321]  INFO -- : [4730e7ea-f484-4e12-bb86-9b2e006003ee] Started GET "/developments/2632" for 104.207.192.42 at 2019-09-06 14:31:01 -0400
I, [2019-09-06T14:31:01.236906 #321]  INFO -- : [4730e7ea-f484-4e12-bb86-9b2e006003ee] Processing by DevelopmentsController#show as JSONAPI
I, [2019-09-06T14:31:01.236969 #321]  INFO -- : [4730e7ea-f484-4e12-bb86-9b2e006003ee]   Parameters: {"id"=>"2632"}
I, [2019-09-06T14:31:01.244681 #417]  INFO -- : [f383956b-37de-46c5-bd39-ba8da92f556f] Completed 200 OK in 12ms (Views: 0.2ms | ActiveRecord: 4.7ms)
I, [2019-09-06T14:31:01.245928 #417]  INFO -- : [1cb79a66-e3a4-4812-b8a5-347412ff0ec5] Started GET "/developments/2631" for 104.207.192.42 at 2019-09-06 14:31:01 -0400
I, [2019-09-06T14:31:01.246581 #417]  INFO -- : [1cb79a66-e3a4-4812-b8a5-347412ff0ec5] Processing by DevelopmentsController#show as JSONAPI
I, [2019-09-06T14:31:01.246647 #417]  INFO -- : [1cb79a66-e3a4-4812-b8a5-347412ff0ec5]   Parameters: {"id"=>"2631"}
I, [2019-09-06T14:31:01.248103 #17183]  INFO -- : [5258a42e-9c4d-4a34-a69d-b1566488243c] Completed 200 OK in 13ms (Views: 0.3ms | ActiveRecord: 3.4ms)
I, [2019-09-06T14:31:01.249358 #17183]  INFO -- : [6756ceb5-f0ec-4fca-84f4-c4c0f932aab8] Started GET "/developments/2187" for 104.207.192.42 at 2019-09-06 14:31:01 -0400
I, [2019-09-06T14:31:01.250091 #17183]  INFO -- : [6756ceb5-f0ec-4fca-84f4-c4c0f932aab8] Processing by DevelopmentsController#show as JSONAPI
I, [2019-09-06T14:31:01.250224 #17183]  INFO -- : [6756ceb5-f0ec-4fca-84f4-c4c0f932aab8]   Parameters: {"id"=>"2187"}
I, [2019-09-06T14:31:01.251129 #321]  INFO -- : [4730e7ea-f484-4e12-bb86-9b2e006003ee] Completed 200 OK in 14ms (Views: 0.2ms | ActiveRecord: 7.6ms)
I, [2019-09-06T14:31:01.252026 #321]  INFO -- : [0cc57054-7037-43a8-9a9f-70d6c1bdb681] Started GET "/developments/26" for 104.207.192.42 at 2019-09-06 14:31:01 -0400
I, [2019-09-06T14:31:01.252695 #321]  INFO -- : [0cc57054-7037-43a8-9a9f-70d6c1bdb681] Processing by DevelopmentsController#show as JSONAPI
I, [2019-09-06T14:31:01.252760 #321]  INFO -- : [0cc57054-7037-43a8-9a9f-70d6c1bdb681]   Parameters: {"id"=>"26"}
I, [2019-09-06T14:31:01.262556 #17183]  INFO -- : [6756ceb5-f0ec-4fca-84f4-c4c0f932aab8] Completed 200 OK in 12ms (Views: 0.3ms | ActiveRecord: 4.0ms)
I, [2019-09-06T14:31:01.264108 #17183]  INFO -- : [ea574001-bea9-41fe-86c1-d6872395dd86] Started GET "/developments/3433" for 104.207.192.42 at 2019-09-06 14:31:01 -0400
I, [2019-09-06T14:31:01.264183 #417]  INFO -- : [1cb79a66-e3a4-4812-b8a5-347412ff0ec5] Completed 200 OK in 17ms (Views: 0.3ms | ActiveRecord: 9.4ms)
I, [2019-09-06T14:31:01.265079 #417]  INFO -- : [f46f2d9b-eace-40b4-b339-d54e6e89f5c0] Started GET "/developments/998" for 104.207.192.42 at 2019-09-06 14:31:01 -0400
I, [2019-09-06T14:31:01.265285 #17183]  INFO -- : [ea574001-bea9-41fe-86c1-d6872395dd86] Processing by DevelopmentsController#show as JSONAPI
I, [2019-09-06T14:31:01.265352 #17183]  INFO -- : [ea574001-bea9-41fe-86c1-d6872395dd86]   Parameters: {"id"=>"3433"}
I, [2019-09-06T14:31:01.265850 #417]  INFO -- : [f46f2d9b-eace-40b4-b339-d54e6e89f5c0] Processing by DevelopmentsController#show as JSONAPI
I, [2019-09-06T14:31:01.265915 #417]  INFO -- : [f46f2d9b-eace-40b4-b339-d54e6e89f5c0]   Parameters: {"id"=>"998"}
I, [2019-09-06T14:31:01.270226 #321]  INFO -- : [0cc57054-7037-43a8-9a9f-70d6c1bdb681] Completed 200 OK in 17ms (Views: 0.3ms | ActiveRecord: 9.8ms)
I, [2019-09-06T14:31:01.271048 #321]  INFO -- : [c94511b3-8c3f-4ea4-9172-71e46909f494] Started GET "/developments/999" for 104.207.192.42 at 2019-09-06 14:31:01 -0400
I, [2019-09-06T14:31:01.271690 #321]  INFO -- : [c94511b3-8c3f-4ea4-9172-71e46909f494] Processing by DevelopmentsController#show as JSONAPI
I, [2019-09-06T14:31:01.271738 #321]  INFO -- : [c94511b3-8c3f-4ea4-9172-71e46909f494]   Parameters: {"id"=>"999"}
I, [2019-09-06T14:31:01.276835 #417]  INFO -- : [f46f2d9b-eace-40b4-b339-d54e6e89f5c0] Completed 200 OK in 11ms (Views: 0.2ms | ActiveRecord: 4.0ms)
I, [2019-09-06T14:31:01.278257 #417]  INFO -- : [48437494-4471-4516-a1e3-bfa2ad54c9d6] Started GET "/developments/2320" for 104.207.192.42 at 2019-09-06 14:31:01 -0400
I, [2019-09-06T14:31:01.278958 #417]  INFO -- : [48437494-4471-4516-a1e3-bfa2ad54c9d6] Processing by DevelopmentsController#show as JSONAPI
I, [2019-09-06T14:31:01.279024 #417]  INFO -- : [48437494-4471-4516-a1e3-bfa2ad54c9d6]   Parameters: {"id"=>"2320"}
I, [2019-09-06T14:31:01.281591 #17183]  INFO -- : [ea574001-bea9-41fe-86c1-d6872395dd86] Completed 200 OK in 16ms (Views: 0.2ms | ActiveRecord: 7.9ms)
I, [2019-09-06T14:31:01.282771 #17183]  INFO -- : [3ec1ea2a-2268-4adc-a420-4427c4d3f1ce] Started GET "/developments/305" for 104.207.192.42 at 2019-09-06 14:31:01 -0400
I, [2019-09-06T14:31:01.283468 #17183]  INFO -- : [3ec1ea2a-2268-4adc-a420-4427c4d3f1ce] Processing by DevelopmentsController#show as JSONAPI
I, [2019-09-06T14:31:01.283535 #17183]  INFO -- : [3ec1ea2a-2268-4adc-a420-4427c4d3f1ce]   Parameters: {"id"=>"305"}
I, [2019-09-06T14:31:01.288152 #321]  INFO -- : [c94511b3-8c3f-4ea4-9172-71e46909f494] Completed 200 OK in 16ms (Views: 0.3ms | ActiveRecord: 9.4ms)
I, [2019-09-06T14:31:01.289676 #321]  INFO -- : [f7a9af53-69c3-41ca-b699-a6531c309270] Started GET "/developments/1462" for 104.207.192.42 at 2019-09-06 14:31:01 -0400
I, [2019-09-06T14:31:01.290331 #321]  INFO -- : [f7a9af53-69c3-41ca-b699-a6531c309270] Processing by DevelopmentsController#show as JSONAPI
I, [2019-09-06T14:31:01.290394 #321]  INFO -- : [f7a9af53-69c3-41ca-b699-a6531c309270]   Parameters: {"id"=>"1462"}
I, [2019-09-06T14:31:01.291892 #417]  INFO -- : [48437494-4471-4516-a1e3-bfa2ad54c9d6] Completed 200 OK in 13ms (Views: 0.2ms | ActiveRecord: 5.6ms)
I, [2019-09-06T14:31:01.293270 #417]  INFO -- : [00e2d8f6-7764-471f-a92b-843b21ec897d] Started GET "/developments/3575" for 104.207.192.42 at 2019-09-06 14:31:01 -0400
I, [2019-09-06T14:31:01.293829 #417]  INFO -- : [00e2d8f6-7764-471f-a92b-843b21ec897d] Processing by DevelopmentsController#show as JSONAPI
I, [2019-09-06T14:31:01.293894 #417]  INFO -- : [00e2d8f6-7764-471f-a92b-843b21ec897d]   Parameters: {"id"=>"3575"}
I, [2019-09-06T14:31:01.298426 #17183]  INFO -- : [3ec1ea2a-2268-4adc-a420-4427c4d3f1ce] Completed 200 OK in 15ms (Views: 0.2ms | ActiveRecord: 6.8ms)
I, [2019-09-06T14:31:01.299844 #17183]  INFO -- : [47d23057-4e5b-4ef3-b9c6-5661f23ba6c3] Started GET "/developments/1590" for 104.207.192.42 at 2019-09-06 14:31:01 -0400
I, [2019-09-06T14:31:01.300683 #17183]  INFO -- : [47d23057-4e5b-4ef3-b9c6-5661f23ba6c3] Processing by DevelopmentsController#show as JSONAPI
I, [2019-09-06T14:31:01.300750 #17183]  INFO -- : [47d23057-4e5b-4ef3-b9c6-5661f23ba6c3]   Parameters: {"id"=>"1590"}
I, [2019-09-06T14:31:01.301519 #321]  INFO -- : [f7a9af53-69c3-41ca-b699-a6531c309270] Completed 200 OK in 11ms (Views: 0.2ms | ActiveRecord: 3.9ms)
I, [2019-09-06T14:31:01.302910 #321]  INFO -- : [b524f0b5-4e7c-4f9f-afb3-df2ca89d857c] Started GET "/developments/3934" for 104.207.192.42 at 2019-09-06 14:31:01 -0400
I, [2019-09-06T14:31:01.303538 #321]  INFO -- : [b524f0b5-4e7c-4f9f-afb3-df2ca89d857c] Processing by DevelopmentsController#show as JSONAPI
I, [2019-09-06T14:31:01.303600 #321]  INFO -- : [b524f0b5-4e7c-4f9f-afb3-df2ca89d857c]   Parameters: {"id"=>"3934"}
I, [2019-09-06T14:31:01.311015 #417]  INFO -- : [00e2d8f6-7764-471f-a92b-843b21ec897d] Completed 200 OK in 17ms (Views: 0.2ms | ActiveRecord: 6.1ms)
I, [2019-09-06T14:31:01.311880 #417]  INFO -- : [923e662c-80c0-4544-a4e3-c250629ca520] Started GET "/developments/4772" for 104.207.192.42 at 2019-09-06 14:31:01 -0400
I, [2019-09-06T14:31:01.312638 #417]  INFO -- : [923e662c-80c0-4544-a4e3-c250629ca520] Processing by DevelopmentsController#show as JSONAPI
I, [2019-09-06T14:31:01.312769 #417]  INFO -- : [923e662c-80c0-4544-a4e3-c250629ca520]   Parameters: {"id"=>"4772"}
I, [2019-09-06T14:31:01.314525 #17183]  INFO -- : [47d23057-4e5b-4ef3-b9c6-5661f23ba6c3] Completed 200 OK in 14ms (Views: 0.3ms | ActiveRecord: 5.5ms)
I, [2019-09-06T14:31:01.316078 #17183]  INFO -- : [0efbc19e-ea9a-4115-809a-ddd31dd99fbe] Started GET "/developments/3577" for 104.207.192.42 at 2019-09-06 14:31:01 -0400
I, [2019-09-06T14:31:01.316776 #17183]  INFO -- : [0efbc19e-ea9a-4115-809a-ddd31dd99fbe] Processing by DevelopmentsController#show as JSONAPI
I, [2019-09-06T14:31:01.316859 #17183]  INFO -- : [0efbc19e-ea9a-4115-809a-ddd31dd99fbe]   Parameters: {"id"=>"3577"}
I, [2019-09-06T14:31:01.323135 #321]  INFO -- : [b524f0b5-4e7c-4f9f-afb3-df2ca89d857c] Completed 200 OK in 19ms (Views: 0.3ms | ActiveRecord: 12.7ms)
I, [2019-09-06T14:31:01.324246 #321]  INFO -- : [a9782df0-3348-40e7-94c0-878fff74caea] Started GET "/developments/4536" for 104.207.192.42 at 2019-09-06 14:31:01 -0400
I, [2019-09-06T14:31:01.324767 #321]  INFO -- : [a9782df0-3348-40e7-94c0-878fff74caea] Processing by DevelopmentsController#show as JSONAPI
I, [2019-09-06T14:31:01.324814 #321]  INFO -- : [a9782df0-3348-40e7-94c0-878fff74caea]   Parameters: {"id"=>"4536"}
I, [2019-09-06T14:31:01.331894 #417]  INFO -- : [923e662c-80c0-4544-a4e3-c250629ca520] Completed 200 OK in 19ms (Views: 0.3ms | ActiveRecord: 9.8ms)
I, [2019-09-06T14:31:01.333642 #417]  INFO -- : [243ec246-f0a5-42a3-8951-8b2652852c59] Started GET "/developments/816" for 104.207.192.42 at 2019-09-06 14:31:01 -0400
I, [2019-09-06T14:31:01.334384 #417]  INFO -- : [243ec246-f0a5-42a3-8951-8b2652852c59] Processing by DevelopmentsController#show as JSONAPI
I, [2019-09-06T14:31:01.334450 #417]  INFO -- : [243ec246-f0a5-42a3-8951-8b2652852c59]   Parameters: {"id"=>"816"}
I, [2019-09-06T14:31:01.334926 #17183]  INFO -- : [0efbc19e-ea9a-4115-809a-ddd31dd99fbe] Completed 200 OK in 18ms (Views: 0.3ms | ActiveRecord: 7.3ms)
I, [2019-09-06T14:31:01.336546 #17183]  INFO -- : [e300903a-44d5-40dc-b3e7-e4b7a4488f7f] Started GET "/developments/1344" for 104.207.192.42 at 2019-09-06 14:31:01 -0400
I, [2019-09-06T14:31:01.337335 #17183]  INFO -- : [e300903a-44d5-40dc-b3e7-e4b7a4488f7f] Processing by DevelopmentsController#show as JSONAPI
I, [2019-09-06T14:31:01.337402 #17183]  INFO -- : [e300903a-44d5-40dc-b3e7-e4b7a4488f7f]   Parameters: {"id"=>"1344"}
I, [2019-09-06T14:31:01.339428 #321]  INFO -- : [a9782df0-3348-40e7-94c0-878fff74caea] Completed 200 OK in 15ms (Views: 0.2ms | ActiveRecord: 6.3ms)
I, [2019-09-06T14:31:01.341564 #321]  INFO -- : [3cea8002-5c0f-4006-80e8-c3a00ca6734c] Started GET "/developments/4455" for 104.207.192.42 at 2019-09-06 14:31:01 -0400
I, [2019-09-06T14:31:01.342465 #321]  INFO -- : [3cea8002-5c0f-4006-80e8-c3a00ca6734c] Processing by DevelopmentsController#show as JSONAPI
I, [2019-09-06T14:31:01.342533 #321]  INFO -- : [3cea8002-5c0f-4006-80e8-c3a00ca6734c]   Parameters: {"id"=>"4455"}
I, [2019-09-06T14:31:01.351217 #417]  INFO -- : [243ec246-f0a5-42a3-8951-8b2652852c59] Completed 200 OK in 17ms (Views: 0.2ms | ActiveRecord: 7.4ms)
I, [2019-09-06T14:31:01.352465 #417]  INFO -- : [e726c86c-35ff-4ef3-b136-649d1f397509] Started GET "/developments/2734" for 104.207.192.42 at 2019-09-06 14:31:01 -0400
I, [2019-09-06T14:31:01.352955 #417]  INFO -- : [e726c86c-35ff-4ef3-b136-649d1f397509] Processing by DevelopmentsController#show as JSONAPI
I, [2019-09-06T14:31:01.353003 #417]  INFO -- : [e726c86c-35ff-4ef3-b136-649d1f397509]   Parameters: {"id"=>"2734"}
I, [2019-09-06T14:31:01.357736 #17183]  INFO -- : [e300903a-44d5-40dc-b3e7-e4b7a4488f7f] Completed 200 OK in 20ms (Views: 0.2ms | ActiveRecord: 10.5ms)
I, [2019-09-06T14:31:01.362039 #321]  INFO -- : [3cea8002-5c0f-4006-80e8-c3a00ca6734c] Completed 200 OK in 19ms (Views: 0.2ms | ActiveRecord: 12.6ms)
I, [2019-09-06T14:31:01.362815 #17183]  INFO -- : [36421516-c1b1-42e7-88b2-5cbff3630db7] Started GET "/developments/4771" for 104.207.192.42 at 2019-09-06 14:31:01 -0400
I, [2019-09-06T14:31:01.363361 #417]  INFO -- : [e726c86c-35ff-4ef3-b136-649d1f397509] Completed 200 OK in 10ms (Views: 0.2ms | ActiveRecord: 3.3ms)
I, [2019-09-06T14:31:01.363822 #17183]  INFO -- : [36421516-c1b1-42e7-88b2-5cbff3630db7] Processing by DevelopmentsController#show as JSONAPI
I, [2019-09-06T14:31:01.363892 #17183]  INFO -- : [36421516-c1b1-42e7-88b2-5cbff3630db7]   Parameters: {"id"=>"4771"}
I, [2019-09-06T14:31:01.365066 #321]  INFO -- : [56475412-2467-481a-8b06-057fbc862d2b] Started GET "/developments/4335" for 104.207.192.42 at 2019-09-06 14:31:01 -0400
I, [2019-09-06T14:31:01.365252 #417]  INFO -- : [e6ec55da-4589-4d4b-8909-3bd517092698] Started GET "/developments/4070" for 104.207.192.42 at 2019-09-06 14:31:01 -0400
I, [2019-09-06T14:31:01.365838 #321]  INFO -- : [56475412-2467-481a-8b06-057fbc862d2b] Processing by DevelopmentsController#show as JSONAPI
I, [2019-09-06T14:31:01.365870 #417]  INFO -- : [e6ec55da-4589-4d4b-8909-3bd517092698] Processing by DevelopmentsController#show as JSONAPI
I, [2019-09-06T14:31:01.365902 #321]  INFO -- : [56475412-2467-481a-8b06-057fbc862d2b]   Parameters: {"id"=>"4335"}
I, [2019-09-06T14:31:01.365923 #417]  INFO -- : [e6ec55da-4589-4d4b-8909-3bd517092698]   Parameters: {"id"=>"4070"}
I, [2019-09-06T14:31:01.379116 #17183]  INFO -- : [36421516-c1b1-42e7-88b2-5cbff3630db7] Completed 200 OK in 15ms (Views: 0.2ms | ActiveRecord: 6.0ms)
I, [2019-09-06T14:31:01.380272 #17183]  INFO -- : [ff141f89-7b05-497c-88ad-b76632c88ef5] Started GET "/developments/2883" for 104.207.192.42 at 2019-09-06 14:31:01 -0400
I, [2019-09-06T14:31:01.381031 #17183]  INFO -- : [ff141f89-7b05-497c-88ad-b76632c88ef5] Processing by DevelopmentsController#show as JSONAPI
