I, [2019-09-09T13:24:01.566715 #17065]  INFO -- : [e8cc1543-65e5-4427-ab45-d570cf0c5f0c] Completed 200 OK in 15ms (Views: 0.3ms | ActiveRecord: 6.5ms)
I, [2019-09-09T13:24:01.570926 #17065]  INFO -- : [b2a4b4f5-83f3-4288-83a7-6419ac8da943] Started GET "/developments/284" for 104.207.192.42 at 2019-09-09 13:24:01 -0400
I, [2019-09-09T13:24:01.571760 #4289]  INFO -- : [0bbe4da0-5ac8-4bdb-8c93-f8145316ce33] Completed 200 OK in 13ms (Views: 0.3ms | ActiveRecord: 5.0ms)
I, [2019-09-09T13:24:01.571808 #17065]  INFO -- : [b2a4b4f5-83f3-4288-83a7-6419ac8da943] Processing by DevelopmentsController#show as JSONAPI
I, [2019-09-09T13:24:01.571895 #17065]  INFO -- : [b2a4b4f5-83f3-4288-83a7-6419ac8da943]   Parameters: {"id"=>"284"}
I, [2019-09-09T13:24:01.572969 #4289]  INFO -- : [cb0736e4-2af5-4dcd-a89b-f9381e99299d] Started GET "/developments/200" for 104.207.192.42 at 2019-09-09 13:24:01 -0400
I, [2019-09-09T13:24:01.573617 #4289]  INFO -- : [cb0736e4-2af5-4dcd-a89b-f9381e99299d] Processing by DevelopmentsController#show as JSONAPI
I, [2019-09-09T13:24:01.573679 #4289]  INFO -- : [cb0736e4-2af5-4dcd-a89b-f9381e99299d]   Parameters: {"id"=>"200"}
I, [2019-09-09T13:24:01.578012 #4313]  INFO -- : [481e7937-89f4-4cf4-a358-be789c429ed3] Completed 200 OK in 14ms (Views: 0.2ms | ActiveRecord: 4.4ms)
I, [2019-09-09T13:24:01.578930 #4313]  INFO -- : [eff97c10-8226-4d01-9fd0-2bf3ed47d91c] Started GET "/developments/487" for 104.207.192.42 at 2019-09-09 13:24:01 -0400
I, [2019-09-09T13:24:01.579664 #4313]  INFO -- : [eff97c10-8226-4d01-9fd0-2bf3ed47d91c] Processing by DevelopmentsController#show as JSONAPI
I, [2019-09-09T13:24:01.579729 #4313]  INFO -- : [eff97c10-8226-4d01-9fd0-2bf3ed47d91c]   Parameters: {"id"=>"487"}
I, [2019-09-09T13:24:01.586414 #17065]  INFO -- : [b2a4b4f5-83f3-4288-83a7-6419ac8da943] Completed 200 OK in 14ms (Views: 0.3ms | ActiveRecord: 5.6ms)
I, [2019-09-09T13:24:01.587516 #17065]  INFO -- : [db0c3862-d6b4-47e8-b223-a32507b59bf0] Started GET "/developments/2951" for 104.207.192.42 at 2019-09-09 13:24:01 -0400
I, [2019-09-09T13:24:01.588343 #17065]  INFO -- : [db0c3862-d6b4-47e8-b223-a32507b59bf0] Processing by DevelopmentsController#show as JSONAPI
I, [2019-09-09T13:24:01.588411 #17065]  INFO -- : [db0c3862-d6b4-47e8-b223-a32507b59bf0]   Parameters: {"id"=>"2951"}
I, [2019-09-09T13:24:01.589550 #4289]  INFO -- : [cb0736e4-2af5-4dcd-a89b-f9381e99299d] Completed 200 OK in 16ms (Views: 0.3ms | ActiveRecord: 7.1ms)
I, [2019-09-09T13:24:01.590620 #4289]  INFO -- : [7c9009e5-36d5-425a-bb6c-9fd586b258f0] Started GET "/developments/4512" for 104.207.192.42 at 2019-09-09 13:24:01 -0400
I, [2019-09-09T13:24:01.591330 #4289]  INFO -- : [7c9009e5-36d5-425a-bb6c-9fd586b258f0] Processing by DevelopmentsController#show as JSONAPI
I, [2019-09-09T13:24:01.591392 #4289]  INFO -- : [7c9009e5-36d5-425a-bb6c-9fd586b258f0]   Parameters: {"id"=>"4512"}
I, [2019-09-09T13:24:01.595461 #4313]  INFO -- : [eff97c10-8226-4d01-9fd0-2bf3ed47d91c] Completed 200 OK in 16ms (Views: 0.2ms | ActiveRecord: 6.2ms)
I, [2019-09-09T13:24:01.598994 #4313]  INFO -- : [999f3558-2615-4f3f-a011-2ef52f5475f5] Started GET "/developments/4421" for 104.207.192.42 at 2019-09-09 13:24:01 -0400
I, [2019-09-09T13:24:01.599738 #4313]  INFO -- : [999f3558-2615-4f3f-a011-2ef52f5475f5] Processing by DevelopmentsController#show as JSONAPI
I, [2019-09-09T13:24:01.599802 #4313]  INFO -- : [999f3558-2615-4f3f-a011-2ef52f5475f5]   Parameters: {"id"=>"4421"}
I, [2019-09-09T13:24:01.601226 #17065]  INFO -- : [db0c3862-d6b4-47e8-b223-a32507b59bf0] Completed 200 OK in 13ms (Views: 0.2ms | ActiveRecord: 3.4ms)
I, [2019-09-09T13:24:01.603044 #17065]  INFO -- : [0f2f5db9-19f7-4615-b5e9-cb58fd4ffc4a] Started GET "/developments/4435" for 104.207.192.42 at 2019-09-09 13:24:01 -0400
I, [2019-09-09T13:24:01.603914 #17065]  INFO -- : [0f2f5db9-19f7-4615-b5e9-cb58fd4ffc4a] Processing by DevelopmentsController#show as JSONAPI
I, [2019-09-09T13:24:01.604006 #17065]  INFO -- : [0f2f5db9-19f7-4615-b5e9-cb58fd4ffc4a]   Parameters: {"id"=>"4435"}
I, [2019-09-09T13:24:01.605594 #4289]  INFO -- : [7c9009e5-36d5-425a-bb6c-9fd586b258f0] Completed 200 OK in 14ms (Views: 0.3ms | ActiveRecord: 7.1ms)
I, [2019-09-09T13:24:01.606756 #4289]  INFO -- : [bbc9d0a5-10a2-413e-9ed4-0b3e40ed2883] Started GET "/developments/4431" for 104.207.192.42 at 2019-09-09 13:24:01 -0400
I, [2019-09-09T13:24:01.607435 #4289]  INFO -- : [bbc9d0a5-10a2-413e-9ed4-0b3e40ed2883] Processing by DevelopmentsController#show as JSONAPI
I, [2019-09-09T13:24:01.607497 #4289]  INFO -- : [bbc9d0a5-10a2-413e-9ed4-0b3e40ed2883]   Parameters: {"id"=>"4431"}
I, [2019-09-09T13:24:01.615609 #4313]  INFO -- : [999f3558-2615-4f3f-a011-2ef52f5475f5] Completed 200 OK in 16ms (Views: 0.3ms | ActiveRecord: 3.8ms)
I, [2019-09-09T13:24:01.616935 #4313]  INFO -- : [d0141843-1d58-467a-8d1d-5aa2ac317fd3] Started GET "/developments/4422" for 104.207.192.42 at 2019-09-09 13:24:01 -0400
I, [2019-09-09T13:24:01.617712 #4313]  INFO -- : [d0141843-1d58-467a-8d1d-5aa2ac317fd3] Processing by DevelopmentsController#show as JSONAPI
I, [2019-09-09T13:24:01.617782 #4313]  INFO -- : [d0141843-1d58-467a-8d1d-5aa2ac317fd3]   Parameters: {"id"=>"4422"}
I, [2019-09-09T13:24:01.619416 #17065]  INFO -- : [0f2f5db9-19f7-4615-b5e9-cb58fd4ffc4a] Completed 200 OK in 15ms (Views: 0.3ms | ActiveRecord: 5.5ms)
I, [2019-09-09T13:24:01.622371 #4289]  INFO -- : [bbc9d0a5-10a2-413e-9ed4-0b3e40ed2883] Completed 200 OK in 15ms (Views: 0.3ms | ActiveRecord: 7.7ms)
I, [2019-09-09T13:24:01.623487 #17065]  INFO -- : [07c701bd-673f-4c3f-b17f-037bae9a7a2d] Started GET "/developments/3018" for 104.207.192.42 at 2019-09-09 13:24:01 -0400
I, [2019-09-09T13:24:01.624323 #4289]  INFO -- : [0bc683de-e8a4-4893-ab28-c4040e1edc82] Started GET "/developments/3875" for 104.207.192.42 at 2019-09-09 13:24:01 -0400
I, [2019-09-09T13:24:01.624828 #4289]  INFO -- : [0bc683de-e8a4-4893-ab28-c4040e1edc82] Processing by DevelopmentsController#show as JSONAPI
I, [2019-09-09T13:24:01.624872 #4289]  INFO -- : [0bc683de-e8a4-4893-ab28-c4040e1edc82]   Parameters: {"id"=>"3875"}
I, [2019-09-09T13:24:01.625660 #17065]  INFO -- : [07c701bd-673f-4c3f-b17f-037bae9a7a2d] Processing by DevelopmentsController#show as JSONAPI
I, [2019-09-09T13:24:01.625722 #17065]  INFO -- : [07c701bd-673f-4c3f-b17f-037bae9a7a2d]   Parameters: {"id"=>"3018"}
I, [2019-09-09T13:24:01.632070 #4313]  INFO -- : [d0141843-1d58-467a-8d1d-5aa2ac317fd3] Completed 200 OK in 14ms (Views: 0.2ms | ActiveRecord: 3.4ms)
I, [2019-09-09T13:24:01.633753 #4313]  INFO -- : [23eb52f8-dacc-4d0a-82af-8c5b841b73ac] Started GET "/developments/373" for 104.207.192.42 at 2019-09-09 13:24:01 -0400
I, [2019-09-09T13:24:01.634517 #4313]  INFO -- : [23eb52f8-dacc-4d0a-82af-8c5b841b73ac] Processing by DevelopmentsController#show as JSONAPI
I, [2019-09-09T13:24:01.634580 #4313]  INFO -- : [23eb52f8-dacc-4d0a-82af-8c5b841b73ac]   Parameters: {"id"=>"373"}
I, [2019-09-09T13:24:01.639386 #4289]  INFO -- : [0bc683de-e8a4-4893-ab28-c4040e1edc82] Completed 200 OK in 14ms (Views: 0.2ms | ActiveRecord: 7.0ms)
I, [2019-09-09T13:24:01.641351 #17065]  INFO -- : [07c701bd-673f-4c3f-b17f-037bae9a7a2d] Completed 200 OK in 16ms (Views: 0.3ms | ActiveRecord: 7.2ms)
I, [2019-09-09T13:24:01.642611 #4289]  INFO -- : [595d1c86-3649-47e6-9976-38eeae627d40] Started GET "/developments/4587" for 104.207.192.42 at 2019-09-09 13:24:01 -0400
I, [2019-09-09T13:24:01.642638 #17065]  INFO -- : [3baf1f14-0c20-47d5-a272-bf804eacb504] Started GET "/developments/2830" for 104.207.192.42 at 2019-09-09 13:24:01 -0400
I, [2019-09-09T13:24:01.643344 #4289]  INFO -- : [595d1c86-3649-47e6-9976-38eeae627d40] Processing by DevelopmentsController#show as JSONAPI
I, [2019-09-09T13:24:01.643409 #4289]  INFO -- : [595d1c86-3649-47e6-9976-38eeae627d40]   Parameters: {"id"=>"4587"}
I, [2019-09-09T13:24:01.643415 #17065]  INFO -- : [3baf1f14-0c20-47d5-a272-bf804eacb504] Processing by DevelopmentsController#show as JSONAPI
I, [2019-09-09T13:24:01.643503 #17065]  INFO -- : [3baf1f14-0c20-47d5-a272-bf804eacb504]   Parameters: {"id"=>"2830"}
I, [2019-09-09T13:24:01.649545 #4313]  INFO -- : [23eb52f8-dacc-4d0a-82af-8c5b841b73ac] Completed 200 OK in 15ms (Views: 0.3ms | ActiveRecord: 7.1ms)
I, [2019-09-09T13:24:01.650862 #4313]  INFO -- : [663182a6-0bcf-4543-b7e9-a61811f5fa43] Started GET "/developments/3490" for 104.207.192.42 at 2019-09-09 13:24:01 -0400
I, [2019-09-09T13:24:01.651562 #4313]  INFO -- : [663182a6-0bcf-4543-b7e9-a61811f5fa43] Processing by DevelopmentsController#show as JSONAPI
I, [2019-09-09T13:24:01.651628 #4313]  INFO -- : [663182a6-0bcf-4543-b7e9-a61811f5fa43]   Parameters: {"id"=>"3490"}
I, [2019-09-09T13:24:01.654998 #17065]  INFO -- : [3baf1f14-0c20-47d5-a272-bf804eacb504] Completed 200 OK in 11ms (Views: 0.3ms | ActiveRecord: 3.3ms)
I, [2019-09-09T13:24:01.656054 #17065]  INFO -- : [f2a59648-200c-448d-bb48-0498c5dfc206] Started GET "/developments/2555" for 104.207.192.42 at 2019-09-09 13:24:01 -0400
I, [2019-09-09T13:24:01.656817 #17065]  INFO -- : [f2a59648-200c-448d-bb48-0498c5dfc206] Processing by DevelopmentsController#show as JSONAPI
I, [2019-09-09T13:24:01.656883 #17065]  INFO -- : [f2a59648-200c-448d-bb48-0498c5dfc206]   Parameters: {"id"=>"2555"}
I, [2019-09-09T13:24:01.660092 #4289]  INFO -- : [595d1c86-3649-47e6-9976-38eeae627d40] Completed 200 OK in 17ms (Views: 0.3ms | ActiveRecord: 4.1ms)
I, [2019-09-09T13:24:01.661264 #4289]  INFO -- : [c0376f2a-5927-4e1f-9a79-6504e65f5a60] Started GET "/developments/2815" for 104.207.192.42 at 2019-09-09 13:24:01 -0400
I, [2019-09-09T13:24:01.661968 #4289]  INFO -- : [c0376f2a-5927-4e1f-9a79-6504e65f5a60] Processing by DevelopmentsController#show as JSONAPI
I, [2019-09-09T13:24:01.662030 #4289]  INFO -- : [c0376f2a-5927-4e1f-9a79-6504e65f5a60]   Parameters: {"id"=>"2815"}
I, [2019-09-09T13:24:01.667111 #4313]  INFO -- : [663182a6-0bcf-4543-b7e9-a61811f5fa43] Completed 200 OK in 15ms (Views: 0.3ms | ActiveRecord: 3.1ms)
I, [2019-09-09T13:24:01.668606 #4313]  INFO -- : [18b5fd48-c3f6-4bf9-8940-8efd8d60e3ef] Started GET "/developments/1884" for 104.207.192.42 at 2019-09-09 13:24:01 -0400
I, [2019-09-09T13:24:01.669304 #4313]  INFO -- : [18b5fd48-c3f6-4bf9-8940-8efd8d60e3ef] Processing by DevelopmentsController#show as JSONAPI
I, [2019-09-09T13:24:01.669369 #4313]  INFO -- : [18b5fd48-c3f6-4bf9-8940-8efd8d60e3ef]   Parameters: {"id"=>"1884"}
I, [2019-09-09T13:24:01.675664 #4289]  INFO -- : [c0376f2a-5927-4e1f-9a79-6504e65f5a60] Completed 200 OK in 14ms (Views: 0.2ms | ActiveRecord: 5.2ms)
I, [2019-09-09T13:24:01.676468 #4289]  INFO -- : [9d10d643-58cd-4e3f-aee9-cf1688666e59] Started GET "/developments/4452" for 104.207.192.42 at 2019-09-09 13:24:01 -0400
I, [2019-09-09T13:24:01.677096 #4289]  INFO -- : [9d10d643-58cd-4e3f-aee9-cf1688666e59] Processing by DevelopmentsController#show as JSONAPI
I, [2019-09-09T13:24:01.677157 #4289]  INFO -- : [9d10d643-58cd-4e3f-aee9-cf1688666e59]   Parameters: {"id"=>"4452"}
I, [2019-09-09T13:24:01.678714 #17065]  INFO -- : [f2a59648-200c-448d-bb48-0498c5dfc206] Completed 200 OK in 22ms (Views: 0.3ms | ActiveRecord: 7.0ms)
I, [2019-09-09T13:24:01.679978 #17065]  INFO -- : [9a651196-802d-47c6-bdde-ac96c2099226] Started GET "/developments/189" for 104.207.192.42 at 2019-09-09 13:24:01 -0400
I, [2019-09-09T13:24:01.680459 #4313]  INFO -- : [18b5fd48-c3f6-4bf9-8940-8efd8d60e3ef] Completed 200 OK in 11ms (Views: 0.3ms | ActiveRecord: 3.8ms)
I, [2019-09-09T13:24:01.680815 #17065]  INFO -- : [9a651196-802d-47c6-bdde-ac96c2099226] Processing by DevelopmentsController#show as JSONAPI
I, [2019-09-09T13:24:01.680898 #17065]  INFO -- : [9a651196-802d-47c6-bdde-ac96c2099226]   Parameters: {"id"=>"189"}
I, [2019-09-09T13:24:01.681928 #4313]  INFO -- : [f9539dee-cebe-432a-87b5-96dbc5f0766e] Started GET "/developments/4388" for 104.207.192.42 at 2019-09-09 13:24:01 -0400
I, [2019-09-09T13:24:01.682647 #4313]  INFO -- : [f9539dee-cebe-432a-87b5-96dbc5f0766e] Processing by DevelopmentsController#show as JSONAPI
I, [2019-09-09T13:24:01.682710 #4313]  INFO -- : [f9539dee-cebe-432a-87b5-96dbc5f0766e]   Parameters: {"id"=>"4388"}
I, [2019-09-09T13:24:01.692018 #4289]  INFO -- : [9d10d643-58cd-4e3f-aee9-cf1688666e59] Completed 200 OK in 15ms (Views: 0.2ms | ActiveRecord: 4.4ms)
I, [2019-09-09T13:24:01.693006 #4289]  INFO -- : [ba9e3948-923f-4453-81a5-86845a0c0314] Started GET "/developments/552" for 104.207.192.42 at 2019-09-09 13:24:01 -0400
I, [2019-09-09T13:24:01.693706 #4289]  INFO -- : [ba9e3948-923f-4453-81a5-86845a0c0314] Processing by DevelopmentsController#show as JSONAPI
I, [2019-09-09T13:24:01.693766 #4289]  INFO -- : [ba9e3948-923f-4453-81a5-86845a0c0314]   Parameters: {"id"=>"552"}
I, [2019-09-09T13:24:01.694487 #17065]  INFO -- : [9a651196-802d-47c6-bdde-ac96c2099226] Completed 200 OK in 13ms (Views: 0.3ms | ActiveRecord: 4.3ms)
I, [2019-09-09T13:24:01.695397 #17065]  INFO -- : [2d5bdd24-0803-4598-9130-d142808b3ee1] Started GET "/developments/2227" for 104.207.192.42 at 2019-09-09 13:24:01 -0400
I, [2019-09-09T13:24:01.695917 #17065]  INFO -- : [2d5bdd24-0803-4598-9130-d142808b3ee1] Processing by DevelopmentsController#show as JSONAPI
I, [2019-09-09T13:24:01.696041 #17065]  INFO -- : [2d5bdd24-0803-4598-9130-d142808b3ee1]   Parameters: {"id"=>"2227"}
I, [2019-09-09T13:24:01.704798 #4313]  INFO -- : [f9539dee-cebe-432a-87b5-96dbc5f0766e] Completed 200 OK in 22ms (Views: 0.2ms | ActiveRecord: 13.4ms)
I, [2019-09-09T13:24:01.705804 #4313]  INFO -- : [1cf3bc4b-875b-444c-9eef-6ec1f3a2952b] Started GET "/developments/1956" for 104.207.192.42 at 2019-09-09 13:24:01 -0400
I, [2019-09-09T13:24:01.706504 #4313]  INFO -- : [1cf3bc4b-875b-444c-9eef-6ec1f3a2952b] Processing by DevelopmentsController#show as JSONAPI
I, [2019-09-09T13:24:01.706568 #4313]  INFO -- : [1cf3bc4b-875b-444c-9eef-6ec1f3a2952b]   Parameters: {"id"=>"1956"}
I, [2019-09-09T13:24:01.714027 #17065]  INFO -- : [2d5bdd24-0803-4598-9130-d142808b3ee1] Completed 200 OK in 18ms (Views: 0.3ms | ActiveRecord: 8.5ms)
I, [2019-09-09T13:24:01.715767 #4289]  INFO -- : [ba9e3948-923f-4453-81a5-86845a0c0314] Completed 200 OK in 22ms (Views: 0.3ms | ActiveRecord: 10.1ms)
I, [2019-09-09T13:24:01.716231 #17065]  INFO -- : [428fa003-502b-4254-8663-42ee65ec4a89] Started GET "/developments/2939" for 104.207.192.42 at 2019-09-09 13:24:01 -0400
I, [2019-09-09T13:24:01.716952 #4289]  INFO -- : [f0e5f7fc-15f8-46c8-8db3-983468aaa39b] Started GET "/developments/3519" for 104.207.192.42 at 2019-09-09 13:24:01 -0400
I, [2019-09-09T13:24:01.717146 #17065]  INFO -- : [428fa003-502b-4254-8663-42ee65ec4a89] Processing by DevelopmentsController#show as JSONAPI
I, [2019-09-09T13:24:01.717210 #17065]  INFO -- : [428fa003-502b-4254-8663-42ee65ec4a89]   Parameters: {"id"=>"2939"}
I, [2019-09-09T13:24:01.717683 #4289]  INFO -- : [f0e5f7fc-15f8-46c8-8db3-983468aaa39b] Processing by DevelopmentsController#show as JSONAPI
I, [2019-09-09T13:24:01.717750 #4289]  INFO -- : [f0e5f7fc-15f8-46c8-8db3-983468aaa39b]   Parameters: {"id"=>"3519"}
I, [2019-09-09T13:24:01.719592 #4313]  INFO -- : [1cf3bc4b-875b-444c-9eef-6ec1f3a2952b] Completed 200 OK in 13ms (Views: 0.2ms | ActiveRecord: 6.8ms)
I, [2019-09-09T13:24:01.720337 #4313]  INFO -- : [708a127d-dbea-4c78-9daa-c0058c77ea75] Started GET "/developments/1945" for 104.207.192.42 at 2019-09-09 13:24:01 -0400
I, [2019-09-09T13:24:01.720946 #4313]  INFO -- : [708a127d-dbea-4c78-9daa-c0058c77ea75] Processing by DevelopmentsController#show as JSONAPI
I, [2019-09-09T13:24:01.721029 #4313]  INFO -- : [708a127d-dbea-4c78-9daa-c0058c77ea75]   Parameters: {"id"=>"1945"}
I, [2019-09-09T13:24:01.737063 #4289]  INFO -- : [f0e5f7fc-15f8-46c8-8db3-983468aaa39b] Completed 200 OK in 19ms (Views: 0.3ms | ActiveRecord: 9.2ms)
I, [2019-09-09T13:24:01.739870 #17065]  INFO -- : [428fa003-502b-4254-8663-42ee65ec4a89] Completed 200 OK in 23ms (Views: 0.3ms | ActiveRecord: 10.3ms)
I, [2019-09-09T13:24:01.739893 #4313]  INFO -- : [708a127d-dbea-4c78-9daa-c0058c77ea75] Completed 200 OK in 19ms (Views: 0.3ms | ActiveRecord: 5.3ms)
I, [2019-09-09T13:24:01.741073 #4289]  INFO -- : [12707f1f-4ea2-4460-bde0-7a77aacfe877] Started GET "/developments/1036" for 104.207.192.42 at 2019-09-09 13:24:01 -0400
I, [2019-09-09T13:24:01.741189 #17065]  INFO -- : [73be928a-5d48-4847-8259-f0fb49deca29] Started GET "/developments/3692" for 104.207.192.42 at 2019-09-09 13:24:01 -0400
I, [2019-09-09T13:24:01.741796 #4289]  INFO -- : [12707f1f-4ea2-4460-bde0-7a77aacfe877] Processing by DevelopmentsController#show as JSONAPI
I, [2019-09-09T13:24:01.741861 #4289]  INFO -- : [12707f1f-4ea2-4460-bde0-7a77aacfe877]   Parameters: {"id"=>"1036"}
I, [2019-09-09T13:24:01.742018 #17065]  INFO -- : [73be928a-5d48-4847-8259-f0fb49deca29] Processing by DevelopmentsController#show as JSONAPI
I, [2019-09-09T13:24:01.742082 #17065]  INFO -- : [73be928a-5d48-4847-8259-f0fb49deca29]   Parameters: {"id"=>"3692"}
I, [2019-09-09T13:24:01.742799 #4313]  INFO -- : [e10d0051-041f-41b8-a5cc-03b84926f1df] Started GET "/developments/235" for 104.207.192.42 at 2019-09-09 13:24:01 -0400
I, [2019-09-09T13:24:01.743525 #4313]  INFO -- : [e10d0051-041f-41b8-a5cc-03b84926f1df] Processing by DevelopmentsController#show as JSONAPI
I, [2019-09-09T13:24:01.743591 #4313]  INFO -- : [e10d0051-041f-41b8-a5cc-03b84926f1df]   Parameters: {"id"=>"235"}
I, [2019-09-09T13:24:01.753241 #4289]  INFO -- : [12707f1f-4ea2-4460-bde0-7a77aacfe877] Completed 200 OK in 11ms (Views: 0.3ms | ActiveRecord: 3.3ms)
I, [2019-09-09T13:24:01.757051 #17065]  INFO -- : [73be928a-5d48-4847-8259-f0fb49deca29] Completed 200 OK in 15ms (Views: 0.3ms | ActiveRecord: 6.7ms)
I, [2019-09-09T13:24:01.757248 #4313]  INFO -- : [e10d0051-041f-41b8-a5cc-03b84926f1df] Completed 200 OK in 14ms (Views: 0.3ms | ActiveRecord: 5.6ms)
I, [2019-09-09T13:24:01.758154 #17065]  INFO -- : [1d74b81a-f03c-4e02-8976-99514109e233] Started GET "/developments/2475" for 104.207.192.42 at 2019-09-09 13:24:01 -0400
I, [2019-09-09T13:24:01.758662 #4313]  INFO -- : [ad38c0f0-8db4-43bc-b693-d04070fb19b5] Started GET "/developments/1455" for 104.207.192.42 at 2019-09-09 13:24:01 -0400
I, [2019-09-09T13:24:01.758984 #17065]  INFO -- : [1d74b81a-f03c-4e02-8976-99514109e233] Processing by DevelopmentsController#show as JSONAPI
I, [2019-09-09T13:24:01.759049 #17065]  INFO -- : [1d74b81a-f03c-4e02-8976-99514109e233]   Parameters: {"id"=>"2475"}
I, [2019-09-09T13:24:01.759366 #4313]  INFO -- : [ad38c0f0-8db4-43bc-b693-d04070fb19b5] Processing by DevelopmentsController#show as JSONAPI
I, [2019-09-09T13:24:01.759428 #4313]  INFO -- : [ad38c0f0-8db4-43bc-b693-d04070fb19b5]   Parameters: {"id"=>"1455"}
I, [2019-09-09T13:24:01.759915 #4289]  INFO -- : [133eb789-b7f6-4dd2-8b5c-ef9c9023811e] Started GET "/developments/2645" for 104.207.192.42 at 2019-09-09 13:24:01 -0400
I, [2019-09-09T13:24:01.760572 #4289]  INFO -- : [133eb789-b7f6-4dd2-8b5c-ef9c9023811e] Processing by DevelopmentsController#show as JSONAPI
I, [2019-09-09T13:24:01.760635 #4289]  INFO -- : [133eb789-b7f6-4dd2-8b5c-ef9c9023811e]   Parameters: {"id"=>"2645"}
I, [2019-09-09T13:24:01.774340 #4313]  INFO -- : [ad38c0f0-8db4-43bc-b693-d04070fb19b5] Completed 200 OK in 15ms (Views: 0.2ms | ActiveRecord: 3.6ms)
I, [2019-09-09T13:24:01.775143 #4313]  INFO -- : [40ac059e-61e4-4b77-a498-f2d9caf95506] Started GET "/developments/526" for 104.207.192.42 at 2019-09-09 13:24:01 -0400
I, [2019-09-09T13:24:01.775630 #4313]  INFO -- : [40ac059e-61e4-4b77-a498-f2d9caf95506] Processing by DevelopmentsController#show as JSONAPI
I, [2019-09-09T13:24:01.775673 #4313]  INFO -- : [40ac059e-61e4-4b77-a498-f2d9caf95506]   Parameters: {"id"=>"526"}
I, [2019-09-09T13:24:01.779952 #4289]  INFO -- : [133eb789-b7f6-4dd2-8b5c-ef9c9023811e] Completed 200 OK in 19ms (Views: 0.3ms | ActiveRecord: 8.2ms)
I, [2019-09-09T13:24:01.781950 #4289]  INFO -- : [edeb9e9a-d891-458d-be2e-c3191f104ece] Started GET "/developments/2774" for 104.207.192.42 at 2019-09-09 13:24:01 -0400
I, [2019-09-09T13:24:01.782654 #4289]  INFO -- : [edeb9e9a-d891-458d-be2e-c3191f104ece] Processing by DevelopmentsController#show as JSONAPI
I, [2019-09-09T13:24:01.782717 #4289]  INFO -- : [edeb9e9a-d891-458d-be2e-c3191f104ece]   Parameters: {"id"=>"2774"}
I, [2019-09-09T13:24:01.782980 #17065]  INFO -- : [1d74b81a-f03c-4e02-8976-99514109e233] Completed 200 OK in 24ms (Views: 0.3ms | ActiveRecord: 12.9ms)
I, [2019-09-09T13:24:01.784296 #17065]  INFO -- : [6a2a13f8-a7f4-4be4-b198-c499a7540b3b] Started GET "/developments/1754" for 104.207.192.42 at 2019-09-09 13:24:01 -0400
I, [2019-09-09T13:24:01.785137 #17065]  INFO -- : [6a2a13f8-a7f4-4be4-b198-c499a7540b3b] Processing by DevelopmentsController#show as JSONAPI
I, [2019-09-09T13:24:01.785202 #17065]  INFO -- : [6a2a13f8-a7f4-4be4-b198-c499a7540b3b]   Parameters: {"id"=>"1754"}
I, [2019-09-09T13:24:01.799621 #4313]  INFO -- : [40ac059e-61e4-4b77-a498-f2d9caf95506] Completed 200 OK in 24ms (Views: 0.2ms | ActiveRecord: 15.0ms)
I, [2019-09-09T13:24:01.800405 #4313]  INFO -- : [ef909a53-3838-468b-925a-364cdb89bbc4] Started GET "/developments/1994" for 104.207.192.42 at 2019-09-09 13:24:01 -0400
I, [2019-09-09T13:24:01.800940 #4313]  INFO -- : [ef909a53-3838-468b-925a-364cdb89bbc4] Processing by DevelopmentsController#show as JSONAPI
I, [2019-09-09T13:24:01.800984 #4313]  INFO -- : [ef909a53-3838-468b-925a-364cdb89bbc4]   Parameters: {"id"=>"1994"}
I, [2019-09-09T13:24:01.811474 #17065]  INFO -- : [6a2a13f8-a7f4-4be4-b198-c499a7540b3b] Completed 200 OK in 26ms (Views: 0.3ms | ActiveRecord: 18.6ms)
I, [2019-09-09T13:24:01.812625 #17065]  INFO -- : [60e052b0-0580-4d81-94b0-f6e7525d3e77] Started GET "/developments/3934" for 104.207.192.42 at 2019-09-09 13:24:01 -0400
I, [2019-09-09T13:24:01.813496 #17065]  INFO -- : [60e052b0-0580-4d81-94b0-f6e7525d3e77] Processing by DevelopmentsController#show as JSONAPI
I, [2019-09-09T13:24:01.813561 #17065]  INFO -- : [60e052b0-0580-4d81-94b0-f6e7525d3e77]   Parameters: {"id"=>"3934"}
I, [2019-09-09T13:24:01.814860 #4289]  INFO -- : [edeb9e9a-d891-458d-be2e-c3191f104ece] Completed 200 OK in 32ms (Views: 0.3ms | ActiveRecord: 21.9ms)
I, [2019-09-09T13:24:01.815820 #4289]  INFO -- : [14df2a75-98e8-4a6a-9816-348f8c397c96] Started GET "/developments/1152" for 104.207.192.42 at 2019-09-09 13:24:01 -0400
I, [2019-09-09T13:24:01.816508 #4289]  INFO -- : [14df2a75-98e8-4a6a-9816-348f8c397c96] Processing by DevelopmentsController#show as JSONAPI
I, [2019-09-09T13:24:01.816571 #4289]  INFO -- : [14df2a75-98e8-4a6a-9816-348f8c397c96]   Parameters: {"id"=>"1152"}
I, [2019-09-09T13:24:01.820185 #4313]  INFO -- : [ef909a53-3838-468b-925a-364cdb89bbc4] Completed 200 OK in 19ms (Views: 0.3ms | ActiveRecord: 11.6ms)
I, [2019-09-09T13:24:01.821203 #4313]  INFO -- : [66bed891-ac00-4fc5-828f-58d5a6c0c580] Started GET "/developments/193" for 104.207.192.42 at 2019-09-09 13:24:01 -0400
I, [2019-09-09T13:24:01.821870 #4313]  INFO -- : [66bed891-ac00-4fc5-828f-58d5a6c0c580] Processing by DevelopmentsController#show as JSONAPI
I, [2019-09-09T13:24:01.821932 #4313]  INFO -- : [66bed891-ac00-4fc5-828f-58d5a6c0c580]   Parameters: {"id"=>"193"}
I, [2019-09-09T13:24:01.832246 #17065]  INFO -- : [60e052b0-0580-4d81-94b0-f6e7525d3e77] Completed 200 OK in 19ms (Views: 0.3ms | ActiveRecord: 9.3ms)
I, [2019-09-09T13:24:01.833831 #4289]  INFO -- : [14df2a75-98e8-4a6a-9816-348f8c397c96] Completed 200 OK in 17ms (Views: 0.3ms | ActiveRecord: 9.6ms)
I, [2019-09-09T13:24:01.834021 #17065]  INFO -- : [d8e08fcc-ffef-4231-ba7f-4c6b5f0f6fd2] Started GET "/developments/2302" for 104.207.192.42 at 2019-09-09 13:24:01 -0400
I, [2019-09-09T13:24:01.835159 #17065]  INFO -- : [d8e08fcc-ffef-4231-ba7f-4c6b5f0f6fd2] Processing by DevelopmentsController#show as JSONAPI
I, [2019-09-09T13:24:01.835227 #17065]  INFO -- : [d8e08fcc-ffef-4231-ba7f-4c6b5f0f6fd2]   Parameters: {"id"=>"2302"}
I, [2019-09-09T13:24:01.835957 #4289]  INFO -- : [cc46fe4f-d4ca-4b7d-a7dd-b507ff2a29ec] Started GET "/developments/2442" for 104.207.192.42 at 2019-09-09 13:24:01 -0400
I, [2019-09-09T13:24:01.836563 #4289]  INFO -- : [cc46fe4f-d4ca-4b7d-a7dd-b507ff2a29ec] Processing by DevelopmentsController#show as JSONAPI
I, [2019-09-09T13:24:01.836671 #4289]  INFO -- : [cc46fe4f-d4ca-4b7d-a7dd-b507ff2a29ec]   Parameters: {"id"=>"2442"}
I, [2019-09-09T13:24:01.839077 #4313]  INFO -- : [66bed891-ac00-4fc5-828f-58d5a6c0c580] Completed 200 OK in 17ms (Views: 0.2ms | ActiveRecord: 5.7ms)
I, [2019-09-09T13:24:01.839849 #4313]  INFO -- : [9d8056fc-98e2-4abd-8c35-f33207c6e3b6] Started GET "/developments/262" for 104.207.192.42 at 2019-09-09 13:24:01 -0400
I, [2019-09-09T13:24:01.840361 #4313]  INFO -- : [9d8056fc-98e2-4abd-8c35-f33207c6e3b6] Processing by DevelopmentsController#show as JSONAPI
I, [2019-09-09T13:24:01.840407 #4313]  INFO -- : [9d8056fc-98e2-4abd-8c35-f33207c6e3b6]   Parameters: {"id"=>"262"}
I, [2019-09-09T13:24:01.851495 #17065]  INFO -- : [d8e08fcc-ffef-4231-ba7f-4c6b5f0f6fd2] Completed 200 OK in 16ms (Views: 0.3ms | ActiveRecord: 8.0ms)
I, [2019-09-09T13:24:01.853115 #17065]  INFO -- : [6a748bb1-2354-4a85-bf91-44de25abaeb5] Started GET "/developments/263" for 104.207.192.42 at 2019-09-09 13:24:01 -0400
I, [2019-09-09T13:24:01.853882 #17065]  INFO -- : [6a748bb1-2354-4a85-bf91-44de25abaeb5] Processing by DevelopmentsController#show as JSONAPI
I, [2019-09-09T13:24:01.853946 #17065]  INFO -- : [6a748bb1-2354-4a85-bf91-44de25abaeb5]   Parameters: {"id"=>"263"}
I, [2019-09-09T13:24:01.854245 #4289]  INFO -- : [cc46fe4f-d4ca-4b7d-a7dd-b507ff2a29ec] Completed 200 OK in 17ms (Views: 0.3ms | ActiveRecord: 8.4ms)
I, [2019-09-09T13:24:01.855322 #4289]  INFO -- : [dd59323a-8a9c-4039-8b5f-123fda25fc1e] Started GET "/developments/3286" for 104.207.192.42 at 2019-09-09 13:24:01 -0400
I, [2019-09-09T13:24:01.856003 #4289]  INFO -- : [dd59323a-8a9c-4039-8b5f-123fda25fc1e] Processing by DevelopmentsController#show as JSONAPI
I, [2019-09-09T13:24:01.856059 #4289]  INFO -- : [dd59323a-8a9c-4039-8b5f-123fda25fc1e]   Parameters: {"id"=>"3286"}
I, [2019-09-09T13:24:01.858793 #4313]  INFO -- : [9d8056fc-98e2-4abd-8c35-f33207c6e3b6] Completed 200 OK in 18ms (Views: 0.2ms | ActiveRecord: 8.3ms)
I, [2019-09-09T13:24:01.859991 #4313]  INFO -- : [d27ba778-66b7-4c57-b7bb-ad85eb8e1543] Started GET "/developments/4629" for 104.207.192.42 at 2019-09-09 13:24:01 -0400
I, [2019-09-09T13:24:01.860670 #4313]  INFO -- : [d27ba778-66b7-4c57-b7bb-ad85eb8e1543] Processing by DevelopmentsController#show as JSONAPI
I, [2019-09-09T13:24:01.860723 #4313]  INFO -- : [d27ba778-66b7-4c57-b7bb-ad85eb8e1543]   Parameters: {"id"=>"4629"}
I, [2019-09-09T13:24:01.867216 #17065]  INFO -- : [6a748bb1-2354-4a85-bf91-44de25abaeb5] Completed 200 OK in 13ms (Views: 0.2ms | ActiveRecord: 4.7ms)
I, [2019-09-09T13:24:01.868321 #17065]  INFO -- : [82d735e9-8180-4fe7-8666-6222fea4e9e3] Started GET "/developments/1563" for 104.207.192.42 at 2019-09-09 13:24:01 -0400
I, [2019-09-09T13:24:01.869068 #17065]  INFO -- : [82d735e9-8180-4fe7-8666-6222fea4e9e3] Processing by DevelopmentsController#show as JSONAPI
I, [2019-09-09T13:24:01.869135 #17065]  INFO -- : [82d735e9-8180-4fe7-8666-6222fea4e9e3]   Parameters: {"id"=>"1563"}
I, [2019-09-09T13:24:01.871633 #4289]  INFO -- : [dd59323a-8a9c-4039-8b5f-123fda25fc1e] Completed 200 OK in 16ms (Views: 0.3ms | ActiveRecord: 6.3ms)
I, [2019-09-09T13:24:01.874435 #4313]  INFO -- : [d27ba778-66b7-4c57-b7bb-ad85eb8e1543] Completed 200 OK in 14ms (Views: 0.2ms | ActiveRecord: 6.7ms)
I, [2019-09-09T13:24:01.875407 #4289]  INFO -- : [48b50bb5-d55a-4ee2-89a8-f712b17be818] Started GET "/developments/1326" for 104.207.192.42 at 2019-09-09 13:24:01 -0400
I, [2019-09-09T13:24:01.875911 #4289]  INFO -- : [48b50bb5-d55a-4ee2-89a8-f712b17be818] Processing by DevelopmentsController#show as JSONAPI
I, [2019-09-09T13:24:01.876002 #4289]  INFO -- : [48b50bb5-d55a-4ee2-89a8-f712b17be818]   Parameters: {"id"=>"1326"}
I, [2019-09-09T13:24:01.876454 #4313]  INFO -- : [d0ea5752-cc1e-4514-a7b7-3b176029bc06] Started GET "/developments/3740" for 104.207.192.42 at 2019-09-09 13:24:01 -0400
I, [2019-09-09T13:24:01.877024 #4313]  INFO -- : [d0ea5752-cc1e-4514-a7b7-3b176029bc06] Processing by DevelopmentsController#show as JSONAPI
I, [2019-09-09T13:24:01.877080 #4313]  INFO -- : [d0ea5752-cc1e-4514-a7b7-3b176029bc06]   Parameters: {"id"=>"3740"}
I, [2019-09-09T13:24:01.883113 #17065]  INFO -- : [82d735e9-8180-4fe7-8666-6222fea4e9e3] Completed 200 OK in 14ms (Views: 0.3ms | ActiveRecord: 6.0ms)
I, [2019-09-09T13:24:01.884616 #17065]  INFO -- : [852cbcbc-168c-42b2-a032-348234391f18] Started GET "/developments/2706" for 104.207.192.42 at 2019-09-09 13:24:01 -0400
I, [2019-09-09T13:24:01.885378 #17065]  INFO -- : [852cbcbc-168c-42b2-a032-348234391f18] Processing by DevelopmentsController#show as JSONAPI
I, [2019-09-09T13:24:01.885444 #17065]  INFO -- : [852cbcbc-168c-42b2-a032-348234391f18]   Parameters: {"id"=>"2706"}
I, [2019-09-09T13:24:01.889467 #4313]  INFO -- : [d0ea5752-cc1e-4514-a7b7-3b176029bc06] Completed 200 OK in 12ms (Views: 0.2ms | ActiveRecord: 5.0ms)
I, [2019-09-09T13:24:01.890154 #4313]  INFO -- : [81e0b469-d31c-4b0a-b159-5272d8a426ed] Started GET "/developments/4360" for 104.207.192.42 at 2019-09-09 13:24:01 -0400
I, [2019-09-09T13:24:01.890679 #4313]  INFO -- : [81e0b469-d31c-4b0a-b159-5272d8a426ed] Processing by DevelopmentsController#show as JSONAPI
I, [2019-09-09T13:24:01.890738 #4313]  INFO -- : [81e0b469-d31c-4b0a-b159-5272d8a426ed]   Parameters: {"id"=>"4360"}
I, [2019-09-09T13:24:01.892244 #4289]  INFO -- : [48b50bb5-d55a-4ee2-89a8-f712b17be818] Completed 200 OK in 16ms (Views: 0.3ms | ActiveRecord: 5.9ms)
I, [2019-09-09T13:24:01.893586 #4289]  INFO -- : [d2d96775-89a6-4def-aa36-fd9a8acede0d] Started GET "/developments/3341" for 104.207.192.42 at 2019-09-09 13:24:01 -0400
I, [2019-09-09T13:24:01.894213 #4289]  INFO -- : [d2d96775-89a6-4def-aa36-fd9a8acede0d] Processing by DevelopmentsController#show as JSONAPI
I, [2019-09-09T13:24:01.894276 #4289]  INFO -- : [d2d96775-89a6-4def-aa36-fd9a8acede0d]   Parameters: {"id"=>"3341"}
I, [2019-09-09T13:24:01.899069 #17065]  INFO -- : [852cbcbc-168c-42b2-a032-348234391f18] Completed 200 OK in 14ms (Views: 0.2ms | ActiveRecord: 6.3ms)
I, [2019-09-09T13:24:01.901408 #17065]  INFO -- : [bca6635e-1e32-4c55-950f-fb1b4aaa1453] Started GET "/developments/2440" for 104.207.192.42 at 2019-09-09 13:24:01 -0400
I, [2019-09-09T13:24:01.902097 #17065]  INFO -- : [bca6635e-1e32-4c55-950f-fb1b4aaa1453] Processing by DevelopmentsController#show as JSONAPI
I, [2019-09-09T13:24:01.902165 #17065]  INFO -- : [bca6635e-1e32-4c55-950f-fb1b4aaa1453]   Parameters: {"id"=>"2440"}
I, [2019-09-09T13:24:01.903645 #4313]  INFO -- : [81e0b469-d31c-4b0a-b159-5272d8a426ed] Completed 200 OK in 13ms (Views: 0.3ms | ActiveRecord: 4.6ms)
I, [2019-09-09T13:24:01.904628 #4313]  INFO -- : [38e94b70-5723-48ac-8951-240dcbf0120e] Started GET "/developments/4387" for 104.207.192.42 at 2019-09-09 13:24:01 -0400
I, [2019-09-09T13:24:01.905256 #4313]  INFO -- : [38e94b70-5723-48ac-8951-240dcbf0120e] Processing by DevelopmentsController#show as JSONAPI
I, [2019-09-09T13:24:01.905328 #4313]  INFO -- : [38e94b70-5723-48ac-8951-240dcbf0120e]   Parameters: {"id"=>"4387"}
I, [2019-09-09T13:24:01.908407 #4289]  INFO -- : [d2d96775-89a6-4def-aa36-fd9a8acede0d] Completed 200 OK in 14ms (Views: 0.2ms | ActiveRecord: 7.6ms)
I, [2019-09-09T13:24:01.909462 #4289]  INFO -- : [438a3480-321f-4706-bef5-1654ee236dda] Started GET "/developments/4558" for 104.207.192.42 at 2019-09-09 13:24:01 -0400
I, [2019-09-09T13:24:01.910052 #4289]  INFO -- : [438a3480-321f-4706-bef5-1654ee236dda] Processing by DevelopmentsController#show as JSONAPI
I, [2019-09-09T13:24:01.910115 #4289]  INFO -- : [438a3480-321f-4706-bef5-1654ee236dda]   Parameters: {"id"=>"4558"}
I, [2019-09-09T13:24:01.915607 #17065]  INFO -- : [bca6635e-1e32-4c55-950f-fb1b4aaa1453] Completed 200 OK in 13ms (Views: 0.3ms | ActiveRecord: 4.9ms)
I, [2019-09-09T13:24:01.916879 #17065]  INFO -- : [50d4ab0a-df2b-4dae-b653-70ccc6e9215c] Started GET "/developments/1905" for 104.207.192.42 at 2019-09-09 13:24:01 -0400
I, [2019-09-09T13:24:01.917918 #17065]  INFO -- : [50d4ab0a-df2b-4dae-b653-70ccc6e9215c] Processing by DevelopmentsController#show as JSONAPI
I, [2019-09-09T13:24:01.917984 #17065]  INFO -- : [50d4ab0a-df2b-4dae-b653-70ccc6e9215c]   Parameters: {"id"=>"1905"}
I, [2019-09-09T13:24:01.919567 #4313]  INFO -- : [38e94b70-5723-48ac-8951-240dcbf0120e] Completed 200 OK in 14ms (Views: 0.2ms | ActiveRecord: 7.0ms)
I, [2019-09-09T13:24:01.920674 #4313]  INFO -- : [2d555bea-5f2f-4990-a36a-1d35efa071be] Started GET "/developments/2347" for 104.207.192.42 at 2019-09-09 13:24:01 -0400
I, [2019-09-09T13:24:01.921314 #4313]  INFO -- : [2d555bea-5f2f-4990-a36a-1d35efa071be] Processing by DevelopmentsController#show as JSONAPI
I, [2019-09-09T13:24:01.921375 #4313]  INFO -- : [2d555bea-5f2f-4990-a36a-1d35efa071be]   Parameters: {"id"=>"2347"}
I, [2019-09-09T13:24:01.922377 #4289]  INFO -- : [438a3480-321f-4706-bef5-1654ee236dda] Completed 200 OK in 12ms (Views: 0.2ms | ActiveRecord: 4.8ms)
I, [2019-09-09T13:24:01.923436 #4289]  INFO -- : [68f86672-0bf9-4c03-924f-3c4358ca36e0] Started GET "/developments/264" for 104.207.192.42 at 2019-09-09 13:24:01 -0400
I, [2019-09-09T13:24:01.924000 #4289]  INFO -- : [68f86672-0bf9-4c03-924f-3c4358ca36e0] Processing by DevelopmentsController#show as JSONAPI
I, [2019-09-09T13:24:01.924082 #4289]  INFO -- : [68f86672-0bf9-4c03-924f-3c4358ca36e0]   Parameters: {"id"=>"264"}
I, [2019-09-09T13:24:01.931607 #17065]  INFO -- : [50d4ab0a-df2b-4dae-b653-70ccc6e9215c] Completed 200 OK in 13ms (Views: 0.3ms | ActiveRecord: 4.3ms)
I, [2019-09-09T13:24:01.932733 #17065]  INFO -- : [e8029bf4-f265-4939-b166-b1e22a9ba013] Started GET "/developments/1586" for 104.207.192.42 at 2019-09-09 13:24:01 -0400
I, [2019-09-09T13:24:01.933557 #17065]  INFO -- : [e8029bf4-f265-4939-b166-b1e22a9ba013] Processing by DevelopmentsController#show as JSONAPI
I, [2019-09-09T13:24:01.933624 #17065]  INFO -- : [e8029bf4-f265-4939-b166-b1e22a9ba013]   Parameters: {"id"=>"1586"}
I, [2019-09-09T13:24:01.936988 #4289]  INFO -- : [68f86672-0bf9-4c03-924f-3c4358ca36e0] Completed 200 OK in 13ms (Views: 1.5ms | ActiveRecord: 3.5ms)
I, [2019-09-09T13:24:01.937231 #4313]  INFO -- : [2d555bea-5f2f-4990-a36a-1d35efa071be] Completed 200 OK in 16ms (Views: 0.2ms | ActiveRecord: 6.2ms)
I, [2019-09-09T13:24:01.937779 #4289]  INFO -- : [b3e711a8-c279-45c4-bcd3-be6815ecf7f1] Started GET "/developments/1740" for 104.207.192.42 at 2019-09-09 13:24:01 -0400
I, [2019-09-09T13:24:01.938341 #4289]  INFO -- : [b3e711a8-c279-45c4-bcd3-be6815ecf7f1] Processing by DevelopmentsController#show as JSONAPI
I, [2019-09-09T13:24:01.938404 #4289]  INFO -- : [b3e711a8-c279-45c4-bcd3-be6815ecf7f1]   Parameters: {"id"=>"1740"}
I, [2019-09-09T13:24:01.938505 #4313]  INFO -- : [616ea9a6-9cc4-40f6-b42c-1519660cc7c9] Started GET "/developments/3050" for 104.207.192.42 at 2019-09-09 13:24:01 -0400
I, [2019-09-09T13:24:01.939177 #4313]  INFO -- : [616ea9a6-9cc4-40f6-b42c-1519660cc7c9] Processing by DevelopmentsController#show as JSONAPI
I, [2019-09-09T13:24:01.939243 #4313]  INFO -- : [616ea9a6-9cc4-40f6-b42c-1519660cc7c9]   Parameters: {"id"=>"3050"}
I, [2019-09-09T13:24:01.947803 #17065]  INFO -- : [e8029bf4-f265-4939-b166-b1e22a9ba013] Completed 200 OK in 14ms (Views: 0.2ms | ActiveRecord: 6.7ms)
I, [2019-09-09T13:24:01.949324 #17065]  INFO -- : [8aa04ed6-ca31-4200-92e7-dc2f44925cb8] Started GET "/developments/1223" for 104.207.192.42 at 2019-09-09 13:24:01 -0400
I, [2019-09-09T13:24:01.949633 #4289]  INFO -- : [b3e711a8-c279-45c4-bcd3-be6815ecf7f1] Completed 200 OK in 11ms (Views: 0.2ms | ActiveRecord: 3.5ms)
I, [2019-09-09T13:24:01.950755 #4289]  INFO -- : [3e30889a-c90b-459c-8b5b-608d5fa8644b] Started GET "/developments/4597" for 104.207.192.42 at 2019-09-09 13:24:01 -0400
I, [2019-09-09T13:24:01.951304 #17065]  INFO -- : [8aa04ed6-ca31-4200-92e7-dc2f44925cb8] Processing by DevelopmentsController#show as JSONAPI
I, [2019-09-09T13:24:01.951918 #4289]  INFO -- : [3e30889a-c90b-459c-8b5b-608d5fa8644b] Processing by DevelopmentsController#show as JSONAPI
I, [2019-09-09T13:24:01.952015 #4289]  INFO -- : [3e30889a-c90b-459c-8b5b-608d5fa8644b]   Parameters: {"id"=>"4597"}
I, [2019-09-09T13:24:01.953477 #4313]  INFO -- : [616ea9a6-9cc4-40f6-b42c-1519660cc7c9] Completed 200 OK in 14ms (Views: 0.2ms | ActiveRecord: 7.8ms)
I, [2019-09-09T13:24:01.951371 #17065]  INFO -- : [8aa04ed6-ca31-4200-92e7-dc2f44925cb8]   Parameters: {"id"=>"1223"}
I, [2019-09-09T13:24:01.954625 #4313]  INFO -- : [d39f4c13-aa56-4043-a1b2-43024d3723ce] Started GET "/developments/4593" for 104.207.192.42 at 2019-09-09 13:24:01 -0400
I, [2019-09-09T13:24:01.955295 #4313]  INFO -- : [d39f4c13-aa56-4043-a1b2-43024d3723ce] Processing by DevelopmentsController#show as JSONAPI
I, [2019-09-09T13:24:01.955359 #4313]  INFO -- : [d39f4c13-aa56-4043-a1b2-43024d3723ce]   Parameters: {"id"=>"4593"}
I, [2019-09-09T13:24:01.962720 #4289]  INFO -- : [3e30889a-c90b-459c-8b5b-608d5fa8644b] Completed 200 OK in 11ms (Views: 0.1ms | ActiveRecord: 3.9ms)
I, [2019-09-09T13:24:01.964516 #4289]  INFO -- : [26cad791-ecad-4c01-bc39-dcb2e91f4ebc] Started GET "/developments/4391" for 104.207.192.42 at 2019-09-09 13:24:01 -0400
I, [2019-09-09T13:24:01.965011 #4289]  INFO -- : [26cad791-ecad-4c01-bc39-dcb2e91f4ebc] Processing by DevelopmentsController#show as JSONAPI
I, [2019-09-09T13:24:01.965085 #4289]  INFO -- : [26cad791-ecad-4c01-bc39-dcb2e91f4ebc]   Parameters: {"id"=>"4391"}
I, [2019-09-09T13:24:01.969032 #4313]  INFO -- : [d39f4c13-aa56-4043-a1b2-43024d3723ce] Completed 200 OK in 14ms (Views: 0.2ms | ActiveRecord: 5.8ms)
I, [2019-09-09T13:24:01.970302 #17065]  INFO -- : [8aa04ed6-ca31-4200-92e7-dc2f44925cb8] Completed 200 OK in 16ms (Views: 0.2ms | ActiveRecord: 6.4ms)
I, [2019-09-09T13:24:01.971172 #4313]  INFO -- : [63671452-0be4-4c55-96df-b504ffd39013] Started GET "/developments/4591" for 104.207.192.42 at 2019-09-09 13:24:01 -0400
I, [2019-09-09T13:24:01.971743 #4313]  INFO -- : [63671452-0be4-4c55-96df-b504ffd39013] Processing by DevelopmentsController#show as JSONAPI
I, [2019-09-09T13:24:01.971805 #4313]  INFO -- : [63671452-0be4-4c55-96df-b504ffd39013]   Parameters: {"id"=>"4591"}
I, [2019-09-09T13:24:01.972432 #17065]  INFO -- : [a3cfe2e6-f022-4927-afb6-1eb8d51fc661] Started GET "/developments/1205" for 104.207.192.42 at 2019-09-09 13:24:01 -0400
I, [2019-09-09T13:24:01.973108 #17065]  INFO -- : [a3cfe2e6-f022-4927-afb6-1eb8d51fc661] Processing by DevelopmentsController#show as JSONAPI
I, [2019-09-09T13:24:01.973173 #17065]  INFO -- : [a3cfe2e6-f022-4927-afb6-1eb8d51fc661]   Parameters: {"id"=>"1205"}
I, [2019-09-09T13:24:01.974862 #4289]  INFO -- : [26cad791-ecad-4c01-bc39-dcb2e91f4ebc] Completed 200 OK in 10ms (Views: 0.2ms | ActiveRecord: 3.3ms)
I, [2019-09-09T13:24:01.976082 #4289]  INFO -- : [6c2575f2-ef0e-49ad-9e74-175b70681ab9] Started GET "/developments/3742" for 104.207.192.42 at 2019-09-09 13:24:01 -0400
I, [2019-09-09T13:24:01.976904 #4289]  INFO -- : [6c2575f2-ef0e-49ad-9e74-175b70681ab9] Processing by DevelopmentsController#show as JSONAPI
I, [2019-09-09T13:24:01.976965 #4289]  INFO -- : [6c2575f2-ef0e-49ad-9e74-175b70681ab9]   Parameters: {"id"=>"3742"}
I, [2019-09-09T13:24:01.985759 #4313]  INFO -- : [63671452-0be4-4c55-96df-b504ffd39013] Completed 200 OK in 14ms (Views: 0.2ms | ActiveRecord: 6.9ms)
I, [2019-09-09T13:24:01.986966 #4313]  INFO -- : [1b0026c3-acc5-4edc-ba65-e4668198bb04] Started GET "/developments/4060" for 104.207.192.42 at 2019-09-09 13:24:01 -0400
I, [2019-09-09T13:24:01.987442 #4313]  INFO -- : [1b0026c3-acc5-4edc-ba65-e4668198bb04] Processing by DevelopmentsController#show as JSONAPI
I, [2019-09-09T13:24:01.987509 #4313]  INFO -- : [1b0026c3-acc5-4edc-ba65-e4668198bb04]   Parameters: {"id"=>"4060"}
I, [2019-09-09T13:24:01.989846 #4289]  INFO -- : [6c2575f2-ef0e-49ad-9e74-175b70681ab9] Completed 200 OK in 13ms (Views: 0.2ms | ActiveRecord: 6.6ms)
I, [2019-09-09T13:24:01.990558 #4289]  INFO -- : [17dc4676-5dbd-4fbc-86eb-4af1a63ffa93] Started GET "/developments/4582" for 104.207.192.42 at 2019-09-09 13:24:01 -0400
I, [2019-09-09T13:24:01.991070 #4289]  INFO -- : [17dc4676-5dbd-4fbc-86eb-4af1a63ffa93] Processing by DevelopmentsController#show as JSONAPI
I, [2019-09-09T13:24:01.991130 #4289]  INFO -- : [17dc4676-5dbd-4fbc-86eb-4af1a63ffa93]   Parameters: {"id"=>"4582"}
I, [2019-09-09T13:24:01.993431 #17065]  INFO -- : [a3cfe2e6-f022-4927-afb6-1eb8d51fc661] Completed 200 OK in 20ms (Views: 0.2ms | ActiveRecord: 6.8ms)
I, [2019-09-09T13:24:01.994213 #17065]  INFO -- : [360489c9-d8c2-4ad0-a8ad-6c81fcde38f7] Started GET "/developments/307" for 104.207.192.42 at 2019-09-09 13:24:01 -0400
I, [2019-09-09T13:24:01.994859 #17065]  INFO -- : [360489c9-d8c2-4ad0-a8ad-6c81fcde38f7] Processing by DevelopmentsController#show as JSONAPI
I, [2019-09-09T13:24:01.994937 #17065]  INFO -- : [360489c9-d8c2-4ad0-a8ad-6c81fcde38f7]   Parameters: {"id"=>"307"}
I, [2019-09-09T13:24:01.997710 #4313]  INFO -- : [1b0026c3-acc5-4edc-ba65-e4668198bb04] Completed 200 OK in 10ms (Views: 0.2ms | ActiveRecord: 3.4ms)
I, [2019-09-09T13:24:01.999886 #4313]  INFO -- : [cf5778ad-ee28-4a4e-bbc0-b6dd11a8a1b9] Started GET "/developments/4583" for 104.207.192.42 at 2019-09-09 13:24:01 -0400
I, [2019-09-09T13:24:02.000475 #4313]  INFO -- : [cf5778ad-ee28-4a4e-bbc0-b6dd11a8a1b9] Processing by DevelopmentsController#show as JSONAPI
I, [2019-09-09T13:24:02.000557 #4313]  INFO -- : [cf5778ad-ee28-4a4e-bbc0-b6dd11a8a1b9]   Parameters: {"id"=>"4583"}
I, [2019-09-09T13:24:02.005420 #4289]  INFO -- : [17dc4676-5dbd-4fbc-86eb-4af1a63ffa93] Completed 200 OK in 14ms (Views: 0.1ms | ActiveRecord: 4.4ms)
I, [2019-09-09T13:24:02.008312 #4289]  INFO -- : [67b4298c-f4fc-43d5-93d9-4105fb26203c] Started GET "/developments/3369" for 104.207.192.42 at 2019-09-09 13:24:02 -0400
I, [2019-09-09T13:24:02.008909 #4289]  INFO -- : [67b4298c-f4fc-43d5-93d9-4105fb26203c] Processing by DevelopmentsController#show as JSONAPI
I, [2019-09-09T13:24:02.008974 #4289]  INFO -- : [67b4298c-f4fc-43d5-93d9-4105fb26203c]   Parameters: {"id"=>"3369"}
I, [2019-09-09T13:24:02.010109 #17065]  INFO -- : [360489c9-d8c2-4ad0-a8ad-6c81fcde38f7] Completed 200 OK in 15ms (Views: 0.2ms | ActiveRecord: 8.4ms)
I, [2019-09-09T13:24:02.011245 #17065]  INFO -- : [7dc4357e-3fd3-4ac8-ae1e-803b6849721f] Started GET "/developments/2649" for 104.207.192.42 at 2019-09-09 13:24:02 -0400
I, [2019-09-09T13:24:02.011860 #17065]  INFO -- : [7dc4357e-3fd3-4ac8-ae1e-803b6849721f] Processing by DevelopmentsController#show as JSONAPI
I, [2019-09-09T13:24:02.011923 #17065]  INFO -- : [7dc4357e-3fd3-4ac8-ae1e-803b6849721f]   Parameters: {"id"=>"2649"}
I, [2019-09-09T13:24:02.012221 #4313]  INFO -- : [cf5778ad-ee28-4a4e-bbc0-b6dd11a8a1b9] Completed 200 OK in 12ms (Views: 0.2ms | ActiveRecord: 4.2ms)
I, [2019-09-09T13:24:02.013278 #4313]  INFO -- : [52bc652b-b58d-4ab4-97bf-bfcbe600f8da] Started GET "/developments/4595" for 104.207.192.42 at 2019-09-09 13:24:02 -0400
I, [2019-09-09T13:24:02.013871 #4313]  INFO -- : [52bc652b-b58d-4ab4-97bf-bfcbe600f8da] Processing by DevelopmentsController#show as JSONAPI
I, [2019-09-09T13:24:02.013935 #4313]  INFO -- : [52bc652b-b58d-4ab4-97bf-bfcbe600f8da]   Parameters: {"id"=>"4595"}
I, [2019-09-09T13:24:02.022538 #4289]  INFO -- : [67b4298c-f4fc-43d5-93d9-4105fb26203c] Completed 200 OK in 13ms (Views: 0.3ms | ActiveRecord: 5.9ms)
I, [2019-09-09T13:24:02.023978 #4289]  INFO -- : [4604b67e-c050-439c-9a08-b39c1f0b6f30] Started GET "/developments/3816" for 104.207.192.42 at 2019-09-09 13:24:02 -0400
I, [2019-09-09T13:24:02.024576 #4289]  INFO -- : [4604b67e-c050-439c-9a08-b39c1f0b6f30] Processing by DevelopmentsController#show as JSONAPI
I, [2019-09-09T13:24:02.024640 #4289]  INFO -- : [4604b67e-c050-439c-9a08-b39c1f0b6f30]   Parameters: {"id"=>"3816"}
I, [2019-09-09T13:24:02.027850 #4313]  INFO -- : [52bc652b-b58d-4ab4-97bf-bfcbe600f8da] Completed 200 OK in 14ms (Views: 0.2ms | ActiveRecord: 6.8ms)
I, [2019-09-09T13:24:02.028669 #4313]  INFO -- : [69169624-2fdb-4f6d-a862-3c782eeff247] Started GET "/developments/4592" for 104.207.192.42 at 2019-09-09 13:24:02 -0400
I, [2019-09-09T13:24:02.029184 #4313]  INFO -- : [69169624-2fdb-4f6d-a862-3c782eeff247] Processing by DevelopmentsController#show as JSONAPI
I, [2019-09-09T13:24:02.029231 #4313]  INFO -- : [69169624-2fdb-4f6d-a862-3c782eeff247]   Parameters: {"id"=>"4592"}
I, [2019-09-09T13:24:02.030156 #17065]  INFO -- : [7dc4357e-3fd3-4ac8-ae1e-803b6849721f] Completed 200 OK in 18ms (Views: 0.2ms | ActiveRecord: 5.8ms)
I, [2019-09-09T13:24:02.030993 #17065]  INFO -- : [0f1dc28b-3af3-4baa-a911-44015ab1acfd] Started GET "/developments/4414" for 104.207.192.42 at 2019-09-09 13:24:02 -0400
I, [2019-09-09T13:24:02.031748 #17065]  INFO -- : [0f1dc28b-3af3-4baa-a911-44015ab1acfd] Processing by DevelopmentsController#show as JSONAPI
I, [2019-09-09T13:24:02.031839 #17065]  INFO -- : [0f1dc28b-3af3-4baa-a911-44015ab1acfd]   Parameters: {"id"=>"4414"}
I, [2019-09-09T13:24:02.034603 #4289]  INFO -- : [4604b67e-c050-439c-9a08-b39c1f0b6f30] Completed 200 OK in 10ms (Views: 0.2ms | ActiveRecord: 3.3ms)
I, [2019-09-09T13:24:02.035784 #4289]  INFO -- : [895c2235-ee72-400e-8632-59c4a1c28ee4] Started GET "/developments/475" for 104.207.192.42 at 2019-09-09 13:24:02 -0400
I, [2019-09-09T13:24:02.036785 #4289]  INFO -- : [895c2235-ee72-400e-8632-59c4a1c28ee4] Processing by DevelopmentsController#show as JSONAPI
I, [2019-09-09T13:24:02.036850 #4289]  INFO -- : [895c2235-ee72-400e-8632-59c4a1c28ee4]   Parameters: {"id"=>"475"}
I, [2019-09-09T13:24:02.044209 #4313]  INFO -- : [69169624-2fdb-4f6d-a862-3c782eeff247] Completed 200 OK in 15ms (Views: 0.2ms | ActiveRecord: 6.0ms)
I, [2019-09-09T13:24:02.045123 #4313]  INFO -- : [8d3049a1-e9f9-49a2-bef7-672030745044] Started GET "/developments/769" for 104.207.192.42 at 2019-09-09 13:24:02 -0400
I, [2019-09-09T13:24:02.045693 #4313]  INFO -- : [8d3049a1-e9f9-49a2-bef7-672030745044] Processing by DevelopmentsController#show as JSONAPI
I, [2019-09-09T13:24:02.045752 #4313]  INFO -- : [8d3049a1-e9f9-49a2-bef7-672030745044]   Parameters: {"id"=>"769"}
I, [2019-09-09T13:24:02.046895 #4289]  INFO -- : [895c2235-ee72-400e-8632-59c4a1c28ee4] Completed 200 OK in 10ms (Views: 0.1ms | ActiveRecord: 3.7ms)
I, [2019-09-09T13:24:02.049738 #17065]  INFO -- : [0f1dc28b-3af3-4baa-a911-44015ab1acfd] Completed 200 OK in 18ms (Views: 0.3ms | ActiveRecord: 7.3ms)
I, [2019-09-09T13:24:02.050543 #4289]  INFO -- : [830389f8-0c63-4a75-9466-47d79fc8ffee] Started GET "/developments/4659" for 104.207.192.42 at 2019-09-09 13:24:02 -0400
I, [2019-09-09T13:24:02.050965 #4289]  INFO -- : [830389f8-0c63-4a75-9466-47d79fc8ffee] Processing by DevelopmentsController#show as JSONAPI
I, [2019-09-09T13:24:02.051026 #4289]  INFO -- : [830389f8-0c63-4a75-9466-47d79fc8ffee]   Parameters: {"id"=>"4659"}
I, [2019-09-09T13:24:02.051838 #17065]  INFO -- : [59a1512a-afa8-4031-8cd6-506aa6c0ec6f] Started GET "/developments/3392" for 104.207.192.42 at 2019-09-09 13:24:02 -0400
I, [2019-09-09T13:24:02.052631 #17065]  INFO -- : [59a1512a-afa8-4031-8cd6-506aa6c0ec6f] Processing by DevelopmentsController#show as JSONAPI
I, [2019-09-09T13:24:02.052700 #17065]  INFO -- : [59a1512a-afa8-4031-8cd6-506aa6c0ec6f]   Parameters: {"id"=>"3392"}
I, [2019-09-09T13:24:02.058213 #4313]  INFO -- : [8d3049a1-e9f9-49a2-bef7-672030745044] Completed 200 OK in 12ms (Views: 0.2ms | ActiveRecord: 3.5ms)
I, [2019-09-09T13:24:02.058966 #4313]  INFO -- : [a2d36786-b453-42c5-8262-aee6a4ef0837] Started GET "/developments/3617" for 104.207.192.42 at 2019-09-09 13:24:02 -0400
I, [2019-09-09T13:24:02.061761 #4313]  INFO -- : [a2d36786-b453-42c5-8262-aee6a4ef0837] Processing by DevelopmentsController#show as JSONAPI
I, [2019-09-09T13:24:02.061825 #4313]  INFO -- : [a2d36786-b453-42c5-8262-aee6a4ef0837]   Parameters: {"id"=>"3617"}
I, [2019-09-09T13:24:02.063338 #17065]  INFO -- : [59a1512a-afa8-4031-8cd6-506aa6c0ec6f] Completed 200 OK in 10ms (Views: 0.1ms | ActiveRecord: 3.2ms)
I, [2019-09-09T13:24:02.064136 #17065]  INFO -- : [53011d41-1e72-4787-afd8-51b4387b3526] Started GET "/developments/4109" for 104.207.192.42 at 2019-09-09 13:24:02 -0400
I, [2019-09-09T13:24:02.064758 #17065]  INFO -- : [53011d41-1e72-4787-afd8-51b4387b3526] Processing by DevelopmentsController#show as JSONAPI
I, [2019-09-09T13:24:02.064861 #17065]  INFO -- : [53011d41-1e72-4787-afd8-51b4387b3526]   Parameters: {"id"=>"4109"}
I, [2019-09-09T13:24:02.068178 #4289]  INFO -- : [830389f8-0c63-4a75-9466-47d79fc8ffee] Completed 200 OK in 17ms (Views: 0.2ms | ActiveRecord: 10.3ms)
I, [2019-09-09T13:24:02.069230 #4289]  INFO -- : [56a4aa41-8958-4725-a9a4-c8fb3b236989] Started GET "/developments/2811" for 104.207.192.42 at 2019-09-09 13:24:02 -0400
I, [2019-09-09T13:24:02.069809 #4289]  INFO -- : [56a4aa41-8958-4725-a9a4-c8fb3b236989] Processing by DevelopmentsController#show as JSONAPI
I, [2019-09-09T13:24:02.069873 #4289]  INFO -- : [56a4aa41-8958-4725-a9a4-c8fb3b236989]   Parameters: {"id"=>"2811"}
I, [2019-09-09T13:24:02.076732 #17065]  INFO -- : [53011d41-1e72-4787-afd8-51b4387b3526] Completed 200 OK in 12ms (Views: 0.2ms | ActiveRecord: 3.9ms)
I, [2019-09-09T13:24:02.078154 #17065]  INFO -- : [6a0b5b9f-85d1-4d42-b751-3c55d054945d] Started GET "/developments/4779" for 104.207.192.42 at 2019-09-09 13:24:02 -0400
I, [2019-09-09T13:24:02.078598 #17065]  INFO -- : [6a0b5b9f-85d1-4d42-b751-3c55d054945d] Processing by DevelopmentsController#show as JSONAPI
I, [2019-09-09T13:24:02.078643 #17065]  INFO -- : [6a0b5b9f-85d1-4d42-b751-3c55d054945d]   Parameters: {"id"=>"4779"}
I, [2019-09-09T13:24:02.080898 #4289]  INFO -- : [56a4aa41-8958-4725-a9a4-c8fb3b236989] Completed 200 OK in 11ms (Views: 0.2ms | ActiveRecord: 4.4ms)
