I, [2019-09-06T12:43:00.426736 #17183]  INFO -- : [f0d5c6ef-6406-488c-85dc-69e2364a4a16] Started GET "/parcels?lat=42.42213243715392&lng=-71.14337669852694" for 104.207.192.42 at 2019-09-06 12:43:00 -0400
I, [2019-09-06T12:43:00.427487 #17183]  INFO -- : [f0d5c6ef-6406-488c-85dc-69e2364a4a16] Processing by ParcelsController#index as JSONAPI
I, [2019-09-06T12:43:00.427538 #17183]  INFO -- : [f0d5c6ef-6406-488c-85dc-69e2364a4a16]   Parameters: {"lat"=>"42.42213243715392", "lng"=>"-71.14337669852694"}
I, [2019-09-06T12:43:00.437392 #17183]  INFO -- : [f0d5c6ef-6406-488c-85dc-69e2364a4a16] [active_model_serializers] Rendered ActiveModel::Serializer::CollectionSerializer with ActiveModelSerializers::Adapter::JsonApi (0.11ms)
I, [2019-09-06T12:43:00.437542 #17183]  INFO -- : [f0d5c6ef-6406-488c-85dc-69e2364a4a16] Completed 200 OK in 10ms (Views: 2.2ms | ActiveRecord: 7.3ms)
I, [2019-09-06T12:43:00.762204 #17183]  INFO -- : [3b1da1b7-f0b3-4957-975e-97ae962a44bf] Started GET "/parcels?lat=42.42183213927585&lng=-71.14876679070038" for 104.207.192.42 at 2019-09-06 12:43:00 -0400
I, [2019-09-06T12:43:00.762948 #17183]  INFO -- : [3b1da1b7-f0b3-4957-975e-97ae962a44bf] Processing by ParcelsController#index as JSONAPI
I, [2019-09-06T12:43:00.762998 #17183]  INFO -- : [3b1da1b7-f0b3-4957-975e-97ae962a44bf]   Parameters: {"lat"=>"42.42183213927585", "lng"=>"-71.14876679070038"}
I, [2019-09-06T12:43:00.770746 #17183]  INFO -- : [3b1da1b7-f0b3-4957-975e-97ae962a44bf] [active_model_serializers] Rendered ActiveModel::Serializer::CollectionSerializer with ActiveModelSerializers::Adapter::JsonApi (1.46ms)
I, [2019-09-06T12:43:00.770941 #17183]  INFO -- : [3b1da1b7-f0b3-4957-975e-97ae962a44bf] Completed 200 OK in 8ms (Views: 3.6ms | ActiveRecord: 3.9ms)
I, [2019-09-06T12:43:00.862960 #17183]  INFO -- : [3f423fc1-d02b-4f1c-87a4-e0911a725649] Started GET "/parcels?lat=42.42183213927585&lng=-71.14683449359035" for 104.207.192.42 at 2019-09-06 12:43:00 -0400
I, [2019-09-06T12:43:00.863664 #17183]  INFO -- : [3f423fc1-d02b-4f1c-87a4-e0911a725649] Processing by ParcelsController#index as JSONAPI
I, [2019-09-06T12:43:00.863714 #17183]  INFO -- : [3f423fc1-d02b-4f1c-87a4-e0911a725649]   Parameters: {"lat"=>"42.42183213927585", "lng"=>"-71.14683449359035"}
I, [2019-09-06T12:43:00.868471 #17183]  INFO -- : [3f423fc1-d02b-4f1c-87a4-e0911a725649] [active_model_serializers] Rendered ActiveModel::Serializer::CollectionSerializer with ActiveModelSerializers::Adapter::JsonApi (1.33ms)
I, [2019-09-06T12:43:00.868628 #17183]  INFO -- : [3f423fc1-d02b-4f1c-87a4-e0911a725649] Completed 200 OK in 5ms (Views: 2.9ms | ActiveRecord: 1.6ms)
I, [2019-09-06T12:43:00.922259 #17183]  INFO -- : [78bf9feb-8790-43c5-adf1-c87f9853bca3] Started GET "/parcels?lat=42.42183213927585&lng=-71.14408859765895" for 104.207.192.42 at 2019-09-06 12:43:00 -0400
I, [2019-09-06T12:43:00.923037 #17183]  INFO -- : [78bf9feb-8790-43c5-adf1-c87f9853bca3] Processing by ParcelsController#index as JSONAPI
I, [2019-09-06T12:43:00.923104 #17183]  INFO -- : [78bf9feb-8790-43c5-adf1-c87f9853bca3]   Parameters: {"lat"=>"42.42183213927585", "lng"=>"-71.14408859765895"}
I, [2019-09-06T12:43:00.925786 #17183]  INFO -- : [78bf9feb-8790-43c5-adf1-c87f9853bca3] [active_model_serializers] Rendered ActiveModel::Serializer::CollectionSerializer with ActiveModelSerializers::Adapter::JsonApi (0.16ms)
I, [2019-09-06T12:43:00.925938 #17183]  INFO -- : [78bf9feb-8790-43c5-adf1-c87f9853bca3] Completed 200 OK in 3ms (Views: 1.5ms | ActiveRecord: 0.9ms)
I, [2019-09-06T12:43:01.183628 #17183]  INFO -- : [f92ac581-c57a-45e0-85ae-5e55c2eb4175] Started GET "/parcels?lat=42.421757064586586&lng=-71.14093590239348" for 104.207.192.42 at 2019-09-06 12:43:01 -0400
I, [2019-09-06T12:43:01.184418 #17183]  INFO -- : [f92ac581-c57a-45e0-85ae-5e55c2eb4175] Processing by ParcelsController#index as JSONAPI
I, [2019-09-06T12:43:01.184471 #17183]  INFO -- : [f92ac581-c57a-45e0-85ae-5e55c2eb4175]   Parameters: {"lat"=>"42.421757064586586", "lng"=>"-71.14093590239348"}
I, [2019-09-06T12:43:01.192494 #17183]  INFO -- : [f92ac581-c57a-45e0-85ae-5e55c2eb4175] [active_model_serializers] Rendered ActiveModel::Serializer::CollectionSerializer with ActiveModelSerializers::Adapter::JsonApi (0.7ms)
I, [2019-09-06T12:43:01.192692 #17183]  INFO -- : [f92ac581-c57a-45e0-85ae-5e55c2eb4175] Completed 200 OK in 8ms (Views: 2.4ms | ActiveRecord: 5.4ms)
I, [2019-09-06T12:43:46.136514 #17183]  INFO -- : [cdf34418-9ad5-481e-ac68-4dd894bec75f] Started GET "/parcels?lat=42.42175415970526&lng=-71.14111569151379" for 104.207.192.42 at 2019-09-06 12:43:46 -0400
I, [2019-09-06T12:43:46.137259 #17183]  INFO -- : [cdf34418-9ad5-481e-ac68-4dd894bec75f] Processing by ParcelsController#index as JSONAPI
I, [2019-09-06T12:43:46.137310 #17183]  INFO -- : [cdf34418-9ad5-481e-ac68-4dd894bec75f]   Parameters: {"lat"=>"42.42175415970526", "lng"=>"-71.14111569151379"}
I, [2019-09-06T12:43:46.140420 #17183]  INFO -- : [cdf34418-9ad5-481e-ac68-4dd894bec75f] [active_model_serializers] Rendered ActiveModel::Serializer::CollectionSerializer with ActiveModelSerializers::Adapter::JsonApi (0.09ms)
I, [2019-09-06T12:43:46.140570 #17183]  INFO -- : [cdf34418-9ad5-481e-ac68-4dd894bec75f] Completed 200 OK in 3ms (Views: 1.7ms | ActiveRecord: 1.2ms)
I, [2019-09-06T12:44:09.987572 #17183]  INFO -- : [ac611533-2326-4b8a-89af-831b067ee69b] Started POST "/developments" for 104.207.192.42 at 2019-09-06 12:44:09 -0400
I, [2019-09-06T12:44:09.988894 #17183]  INFO -- : [ac611533-2326-4b8a-89af-831b067ee69b] Processing by DevelopmentsController#create as JSONAPI
I, [2019-09-06T12:44:09.989088 #17183]  INFO -- : [ac611533-2326-4b8a-89af-831b067ee69b]   Parameters: {"data"=>{"attributes"=>{"name"=>"TestDevelopment 144", "status"=>"planning", "descr"=>"Required description field", "prj_url"=>"www.asdf.com", "tagline"=>nil, "nhood"=>nil, "address"=>nil, "state"=>"MA", "zip_code"=>nil, "park_type"=>"", "parcel_id"=>nil, "municipal"=>nil, "devlper"=>"Francis", "height"=>nil, "stories"=>nil, "year_compl"=>2023, "prjarea"=>nil, "singfamhu"=>3, "smmultifam"=>2, "lgmultifam"=>1, "unknownhu"=>nil, "hu"=>6, "gqpop"=>nil, "rptdemp"=>nil, "commsf"=>0, "hotelrms"=>0, "onsitepark"=>nil, "total_cost"=>nil, "ret_sqft"=>0, "ofcmd_sqft"=>0, "indmf_sqft"=>0, "whs_sqft"=>0, "rnd_sqft"=>0, "ei_sqft"=>0, "other_sqft"=>0, "hotel_sqft"=>0, "unk_sqft"=>0, "latitude"=>42.42092833207808, "longitude"=>-71.14559048500632, "units_1bd"=>nil, "units_2bd"=>nil, "units_3bd"=>nil, "affrd_unit"=>nil, "aff_u30"=>nil, "aff_30_50"=>nil, "aff_50_80"=>nil, "aff_80p"=>nil, "aff_unknown"=>nil, "publicsqft"=>0, "rdv"=>false, "asofright"=>false, "ovr55"=>false, "clusteros"=>false, "phased"=>false, "stalled"=>false, "headqtrs"=>false, "mixed_use"=>false, "yrcomp_est"=>false, "flag"=>false, "created_at"=>nil, "updated_at"=>nil}, "relationships"=>{"user"=>{"data"=>{"type"=>"users", "id"=>"548"}}}, "type"=>"developments"}}
I, [2019-09-06T12:44:10.994993 #17183]  INFO -- : [ac611533-2326-4b8a-89af-831b067ee69b] Completed 200 OK in 1006ms (Views: 0.2ms | ActiveRecord: 907.5ms)
I, [2019-09-06T12:47:31.297411 #17183]  INFO -- : [65878121-fa81-42a3-8235-ec607fff4158] Started GET "/developments?trunc=true" for 104.207.192.42 at 2019-09-06 12:47:31 -0400
I, [2019-09-06T12:47:31.298171 #17183]  INFO -- : [65878121-fa81-42a3-8235-ec607fff4158] Processing by DevelopmentsController#index as JSONAPI
I, [2019-09-06T12:47:31.298222 #17183]  INFO -- : [65878121-fa81-42a3-8235-ec607fff4158]   Parameters: {"trunc"=>"true"}
I, [2019-09-06T12:47:32.109548 #17183]  INFO -- : [65878121-fa81-42a3-8235-ec607fff4158] Completed 200 OK in 811ms (Views: 0.4ms | ActiveRecord: 138.9ms)
I, [2019-09-06T12:47:54.918078 #17183]  INFO -- : [51c46e14-7ffb-4c67-b7a3-cc88c1922ab0] Started POST "/users" for 104.207.192.42 at 2019-09-06 12:47:54 -0400
I, [2019-09-06T12:47:54.918967 #17183]  INFO -- : [51c46e14-7ffb-4c67-b7a3-cc88c1922ab0] Processing by UsersController#create as JSONAPI
I, [2019-09-06T12:47:54.919031 #17183]  INFO -- : [51c46e14-7ffb-4c67-b7a3-cc88c1922ab0]   Parameters: {"data"=>{"attributes"=>{"email"=>"nancy@abc.com", "password"=>"[FILTERED]", "first_name"=>"Nancy", "last_name"=>"Wilson", "municipality"=>nil, "role"=>nil, "request_verified_status"=>false, "created_at"=>nil}, "type"=>"users"}}
I, [2019-09-06T12:47:55.074947 #17183]  INFO -- : [51c46e14-7ffb-4c67-b7a3-cc88c1922ab0] [active_model_serializers] Rendered UserSerializer with ActiveModelSerializers::Adapter::JsonApi (7.26ms)
I, [2019-09-06T12:47:55.075196 #17183]  INFO -- : [51c46e14-7ffb-4c67-b7a3-cc88c1922ab0] Completed 200 OK in 156ms (Views: 5.4ms | ActiveRecord: 7.5ms)
I, [2019-09-06T12:47:55.119552 #17183]  INFO -- : [cb4f97a8-f05f-40e3-bb28-f3271f42dbba] Started POST "/my/users/sign_in" for 104.207.192.42 at 2019-09-06 12:47:55 -0400
I, [2019-09-06T12:47:55.120464 #17183]  INFO -- : [cb4f97a8-f05f-40e3-bb28-f3271f42dbba] Processing by SessionsController#create as JSON
I, [2019-09-06T12:47:55.120551 #17183]  INFO -- : [cb4f97a8-f05f-40e3-bb28-f3271f42dbba]   Parameters: {"user"=>{"password"=>"[FILTERED]", "email"=>"nancy@abc.com"}, "session"=>{"user"=>{"password"=>"[FILTERED]", "email"=>"nancy@abc.com"}}}
I, [2019-09-06T12:47:55.264531 #17183]  INFO -- : [cb4f97a8-f05f-40e3-bb28-f3271f42dbba] [active_model_serializers] Rendered ActiveModel::Serializer::Null with Hash (0.07ms)
I, [2019-09-06T12:47:55.264796 #17183]  INFO -- : [cb4f97a8-f05f-40e3-bb28-f3271f42dbba] Completed 201 Created in 144ms (Views: 0.6ms | ActiveRecord: 3.3ms)
I, [2019-09-06T12:47:55.403915 #17183]  INFO -- : [51fc4efd-223e-4443-82c3-2d6b8b3e8ddf] Started GET "/users?email=nancy%40abc.com" for 104.207.192.42 at 2019-09-06 12:47:55 -0400
I, [2019-09-06T12:47:55.404720 #17183]  INFO -- : [51fc4efd-223e-4443-82c3-2d6b8b3e8ddf] Processing by UsersController#index as JSONAPI
I, [2019-09-06T12:47:55.404769 #17183]  INFO -- : [51fc4efd-223e-4443-82c3-2d6b8b3e8ddf]   Parameters: {"email"=>"nancy@abc.com"}
I, [2019-09-06T12:47:55.418980 #17183]  INFO -- : [51fc4efd-223e-4443-82c3-2d6b8b3e8ddf] [active_model_serializers] Rendered UserSerializer with ActiveModelSerializers::Adapter::JsonApi (6.42ms)
I, [2019-09-06T12:47:55.419162 #17183]  INFO -- : [51fc4efd-223e-4443-82c3-2d6b8b3e8ddf] Completed 200 OK in 14ms (Views: 4.9ms | ActiveRecord: 5.2ms)
I, [2019-09-06T13:02:17.823744 #17183]  INFO -- : [c1089662-2fce-47c6-b9a2-6ee899e492d7] Started GET "/" for 54.36.150.37 at 2019-09-06 13:02:17 -0400
I, [2019-09-06T13:02:17.824507 #17183]  INFO -- : [c1089662-2fce-47c6-b9a2-6ee899e492d7] Processing by DevelopmentsController#index as */*
I, [2019-09-06T13:02:20.405653 #17183]  INFO -- : [c1089662-2fce-47c6-b9a2-6ee899e492d7] Completed 200 OK in 2581ms (Views: 0.4ms | ActiveRecord: 140.0ms)
I, [2019-09-06T13:21:40.269979 #17183]  INFO -- : [bb7b229d-cae0-49c4-816e-c8de2734913c] Started GET "/developments?trunc=true" for 34.77.111.249 at 2019-09-06 13:21:40 -0400
I, [2019-09-06T13:21:40.270670 #17183]  INFO -- : [bb7b229d-cae0-49c4-816e-c8de2734913c] Processing by DevelopmentsController#index as JSONAPI
I, [2019-09-06T13:21:40.270721 #17183]  INFO -- : [bb7b229d-cae0-49c4-816e-c8de2734913c]   Parameters: {"trunc"=>"true"}
I, [2019-09-06T13:21:41.063320 #17183]  INFO -- : [bb7b229d-cae0-49c4-816e-c8de2734913c] Completed 200 OK in 792ms (Views: 0.4ms | ActiveRecord: 149.8ms)
I, [2019-09-06T13:34:53.558528 #17183]  INFO -- : [50c786f5-7134-414d-b6a6-c1323415c3fd] Started GET "/" for 40.77.167.34 at 2019-09-06 13:34:53 -0400
I, [2019-09-06T13:34:53.559392 #17183]  INFO -- : [50c786f5-7134-414d-b6a6-c1323415c3fd] Processing by DevelopmentsController#index as */*
I, [2019-09-06T13:34:56.302277 #17183]  INFO -- : [50c786f5-7134-414d-b6a6-c1323415c3fd] Completed 200 OK in 2743ms (Views: 0.4ms | ActiveRecord: 149.7ms)
I, [2019-09-06T13:54:17.737555 #17183]  INFO -- : [34af25bb-2a3a-46d3-a58e-9d86a559bd51] Started GET "/users?email=bsmith%40mapc.org" for 104.207.192.42 at 2019-09-06 13:54:17 -0400
I, [2019-09-06T13:54:17.738351 #17183]  INFO -- : [34af25bb-2a3a-46d3-a58e-9d86a559bd51] Processing by UsersController#index as JSONAPI
I, [2019-09-06T13:54:17.738422 #17183]  INFO -- : [34af25bb-2a3a-46d3-a58e-9d86a559bd51]   Parameters: {"email"=>"bsmith@mapc.org"}
I, [2019-09-06T13:54:17.756386 #17183]  INFO -- : [34af25bb-2a3a-46d3-a58e-9d86a559bd51] [active_model_serializers] Rendered UserSerializer with ActiveModelSerializers::Adapter::JsonApi (8.79ms)
I, [2019-09-06T13:54:17.756576 #17183]  INFO -- : [34af25bb-2a3a-46d3-a58e-9d86a559bd51] Completed 200 OK in 18ms (Views: 6.6ms | ActiveRecord: 6.8ms)
I, [2019-09-06T13:54:18.021592 #17183]  INFO -- : [9819df7d-a010-48d1-a1be-ef4fb7747bff] Started GET "/developments?trunc=true" for 104.207.192.42 at 2019-09-06 13:54:18 -0400
I, [2019-09-06T13:54:18.022411 #17183]  INFO -- : [9819df7d-a010-48d1-a1be-ef4fb7747bff] Processing by DevelopmentsController#index as JSONAPI
I, [2019-09-06T13:54:18.022459 #17183]  INFO -- : [9819df7d-a010-48d1-a1be-ef4fb7747bff]   Parameters: {"trunc"=>"true"}
I, [2019-09-06T13:54:18.784558 #17183]  INFO -- : [9819df7d-a010-48d1-a1be-ef4fb7747bff] Completed 200 OK in 762ms (Views: 0.3ms | ActiveRecord: 148.7ms)
I, [2019-09-06T14:03:56.941047 #17183]  INFO -- : [1d486abb-75eb-47cf-ad2e-0292a51f679f] Started GET "/users?email=rkelly%40mapc.org" for 104.207.192.42 at 2019-09-06 14:03:56 -0400
I, [2019-09-06T14:03:56.941846 #17183]  INFO -- : [1d486abb-75eb-47cf-ad2e-0292a51f679f] Processing by UsersController#index as JSONAPI
I, [2019-09-06T14:03:56.941899 #17183]  INFO -- : [1d486abb-75eb-47cf-ad2e-0292a51f679f]   Parameters: {"email"=>"rkelly@mapc.org"}
I, [2019-09-06T14:03:56.958343 #17183]  INFO -- : [1d486abb-75eb-47cf-ad2e-0292a51f679f] [active_model_serializers] Rendered UserSerializer with ActiveModelSerializers::Adapter::JsonApi (8.55ms)
I, [2019-09-06T14:03:56.958528 #17183]  INFO -- : [1d486abb-75eb-47cf-ad2e-0292a51f679f] Completed 200 OK in 17ms (Views: 6.4ms | ActiveRecord: 6.0ms)
I, [2019-09-06T14:03:57.318024 #17183]  INFO -- : [1ef23f8d-736b-4655-9f91-3f8b1e8575c3] Started GET "/developments?trunc=true" for 104.207.192.42 at 2019-09-06 14:03:57 -0400
I, [2019-09-06T14:03:57.318765 #17183]  INFO -- : [1ef23f8d-736b-4655-9f91-3f8b1e8575c3] Processing by DevelopmentsController#index as JSONAPI
I, [2019-09-06T14:03:57.318813 #17183]  INFO -- : [1ef23f8d-736b-4655-9f91-3f8b1e8575c3]   Parameters: {"trunc"=>"true"}
I, [2019-09-06T14:03:58.667080 #17183]  INFO -- : [1ef23f8d-736b-4655-9f91-3f8b1e8575c3] Completed 200 OK in 1348ms (Views: 0.4ms | ActiveRecord: 143.8ms)
I, [2019-09-06T14:03:58.714017 #17183]  INFO -- : [63fa85f5-bd30-4687-90fc-7431f88a6256] Started GET "/users?request_verified_status=true" for 104.207.192.42 at 2019-09-06 14:03:58 -0400
I, [2019-09-06T14:03:58.715272 #17183]  INFO -- : [63fa85f5-bd30-4687-90fc-7431f88a6256] Processing by UsersController#index as JSONAPI
I, [2019-09-06T14:03:58.715342 #17183]  INFO -- : [63fa85f5-bd30-4687-90fc-7431f88a6256]   Parameters: {"request_verified_status"=>"true"}
I, [2019-09-06T14:03:58.735834 #17183]  INFO -- : [63fa85f5-bd30-4687-90fc-7431f88a6256] [active_model_serializers] Rendered ActiveModel::Serializer::CollectionSerializer with ActiveModelSerializers::Adapter::JsonApi (0.14ms)
I, [2019-09-06T14:03:58.736143 #17183]  INFO -- : [63fa85f5-bd30-4687-90fc-7431f88a6256] Completed 200 OK in 21ms (Views: 1.2ms | ActiveRecord: 8.6ms)
I, [2019-09-06T14:04:25.852347 #17183]  INFO -- : [0556ec83-2796-45f5-a726-b372de127858] Started GET "/" for 167.71.105.127 at 2019-09-06 14:04:25 -0400
I, [2019-09-06T14:04:25.853063 #17183]  INFO -- : [0556ec83-2796-45f5-a726-b372de127858] Processing by DevelopmentsController#index as HTML
I, [2019-09-06T14:04:25.855003 #17183]  INFO -- : [0556ec83-2796-45f5-a726-b372de127858] Completed 406 Not Acceptable in 2ms (ActiveRecord: 0.0ms)
F, [2019-09-06T14:04:25.855460 #17183] FATAL -- : [0556ec83-2796-45f5-a726-b372de127858]
F, [2019-09-06T14:04:25.855497 #17183] FATAL -- : [0556ec83-2796-45f5-a726-b372de127858] ActionController::UnknownFormat (ActionController::UnknownFormat):
F, [2019-09-06T14:04:25.855520 #17183] FATAL -- : [0556ec83-2796-45f5-a726-b372de127858]
F, [2019-09-06T14:04:25.855575 #17183] FATAL -- : [0556ec83-2796-45f5-a726-b372de127858] app/controllers/developments_controller.rb:17:in `index'
I, [2019-09-06T14:05:36.244832 #17183]  INFO -- : [4c48a3ca-18c6-447c-95f8-1a8beed9805c] Started GET "/" for 108.178.61.58 at 2019-09-06 14:05:36 -0400
I, [2019-09-06T14:05:36.245489 #17183]  INFO -- : [4c48a3ca-18c6-447c-95f8-1a8beed9805c] Processing by DevelopmentsController#index as */*
I, [2019-09-06T14:05:38.784606 #17183]  INFO -- : [4c48a3ca-18c6-447c-95f8-1a8beed9805c] Completed 200 OK in 2539ms (Views: 0.4ms | ActiveRecord: 150.8ms)
I, [2019-09-06T14:08:07.011810 #17183]  INFO -- : [e0bfc4ea-944a-49f1-98df-f0b52a1f7fd5] Started GET "/users" for 104.207.192.42 at 2019-09-06 14:08:07 -0400
I, [2019-09-06T14:08:07.012673 #17183]  INFO -- : [e0bfc4ea-944a-49f1-98df-f0b52a1f7fd5] Processing by UsersController#index as JSONAPI
I, [2019-09-06T14:08:11.226004 #17183]  INFO -- : [e0bfc4ea-944a-49f1-98df-f0b52a1f7fd5] [active_model_serializers] Rendered ActiveModel::Serializer::CollectionSerializer with ActiveModelSerializers::Adapter::JsonApi (4186.36ms)
I, [2019-09-06T14:08:11.226316 #17183]  INFO -- : [e0bfc4ea-944a-49f1-98df-f0b52a1f7fd5] Completed 200 OK in 4214ms (Views: 3097.4ms | ActiveRecord: 1112.5ms)
I, [2019-09-06T14:08:14.448131 #17183]  INFO -- : [208fe937-bbfe-4806-84aa-e7630a1720b2] Started PATCH "/users/548" for 104.207.192.42 at 2019-09-06 14:08:14 -0400
I, [2019-09-06T14:08:14.449308 #17183]  INFO -- : [208fe937-bbfe-4806-84aa-e7630a1720b2] Processing by UsersController#update as JSONAPI
I, [2019-09-06T14:08:14.449382 #17183]  INFO -- : [208fe937-bbfe-4806-84aa-e7630a1720b2]   Parameters: {"data"=>{"id"=>"548", "attributes"=>{"email"=>"bsmith@mapc.org", "password"=>"[FILTERED]", "first_name"=>"Brad", "last_name"=>"Smith", "municipality"=>nil, "role"=>"admin", "request_verified_status"=>false, "created_at"=>"2019-09-06T13:46:27.025Z"}, "type"=>"users"}, "id"=>"548"}
I, [2019-09-06T14:08:14.474286 #17183]  INFO -- : [208fe937-bbfe-4806-84aa-e7630a1720b2] [active_model_serializers] Rendered UserSerializer with ActiveModelSerializers::Adapter::JsonApi (11.16ms)
I, [2019-09-06T14:08:14.474453 #17183]  INFO -- : [208fe937-bbfe-4806-84aa-e7630a1720b2] Completed 200 OK in 25ms (Views: 9.4ms | ActiveRecord: 8.2ms)
I, [2019-09-06T14:14:58.470264 #17183]  INFO -- : [f2c479aa-78b9-4828-ad0f-d699cfac49f2] Started GET "/" for 207.46.13.54 at 2019-09-06 14:14:58 -0400
I, [2019-09-06T14:14:58.470980 #17183]  INFO -- : [f2c479aa-78b9-4828-ad0f-d699cfac49f2] Processing by DevelopmentsController#index as */*
I, [2019-09-06T14:15:00.943181 #17183]  INFO -- : [f2c479aa-78b9-4828-ad0f-d699cfac49f2] Completed 200 OK in 2472ms (Views: 0.4ms | ActiveRecord: 155.4ms)
I, [2019-09-06T14:28:14.101919 #17183]  INFO -- : [fc731d5f-6ac9-4e5c-bfa3-1e455ef13da9] Started GET "/users/491" for 104.207.192.42 at 2019-09-06 14:28:14 -0400
I, [2019-09-06T14:28:14.102820 #17183]  INFO -- : [fc731d5f-6ac9-4e5c-bfa3-1e455ef13da9] Processing by UsersController#show as JSONAPI
I, [2019-09-06T14:28:14.102890 #17183]  INFO -- : [fc731d5f-6ac9-4e5c-bfa3-1e455ef13da9]   Parameters: {"id"=>"491"}
I, [2019-09-06T14:28:14.129966 #17183]  INFO -- : [fc731d5f-6ac9-4e5c-bfa3-1e455ef13da9] [active_model_serializers] Rendered UserSerializer with ActiveModelSerializers::Adapter::JsonApi (15.39ms)
I, [2019-09-06T14:28:14.130225 #17183]  INFO -- : [fc731d5f-6ac9-4e5c-bfa3-1e455ef13da9] Completed 200 OK in 27ms (Views: 13.4ms | ActiveRecord: 7.2ms)
I, [2019-09-06T14:28:14.131702 #17183]  INFO -- : [5c5bb6f4-837e-4c18-8ea0-675b40244498] Started GET "/developments/4589" for 104.207.192.42 at 2019-09-06 14:28:14 -0400
I, [2019-09-06T14:28:14.132316 #17183]  INFO -- : [5c5bb6f4-837e-4c18-8ea0-675b40244498] Processing by DevelopmentsController#show as JSONAPI
I, [2019-09-06T14:28:14.132382 #17183]  INFO -- : [5c5bb6f4-837e-4c18-8ea0-675b40244498]   Parameters: {"id"=>"4589"}
I, [2019-09-06T14:28:14.152550 #17183]  INFO -- : [5c5bb6f4-837e-4c18-8ea0-675b40244498] Completed 200 OK in 20ms (Views: 0.2ms | ActiveRecord: 11.0ms)
I, [2019-09-06T14:28:14.153930 #17183]  INFO -- : [9ac30d6d-b5fa-4a3e-ba17-91b84bc7904a] Started GET "/developments/4587" for 104.207.192.42 at 2019-09-06 14:28:14 -0400
I, [2019-09-06T14:28:14.154461 #17183]  INFO -- : [9ac30d6d-b5fa-4a3e-ba17-91b84bc7904a] Processing by DevelopmentsController#show as JSONAPI
I, [2019-09-06T14:28:14.154526 #17183]  INFO -- : [9ac30d6d-b5fa-4a3e-ba17-91b84bc7904a]   Parameters: {"id"=>"4587"}
I, [2019-09-06T14:28:14.166824 #17183]  INFO -- : [9ac30d6d-b5fa-4a3e-ba17-91b84bc7904a] Completed 200 OK in 12ms (Views: 0.2ms | ActiveRecord: 3.2ms)
I, [2019-09-06T14:28:14.168265 #17183]  INFO -- : [aca05965-f11d-4adb-9bf2-459520d2fc4f] Started GET "/developments/4586" for 104.207.192.42 at 2019-09-06 14:28:14 -0400
I, [2019-09-06T14:28:14.168804 #17183]  INFO -- : [aca05965-f11d-4adb-9bf2-459520d2fc4f] Processing by DevelopmentsController#show as JSONAPI
I, [2019-09-06T14:28:14.168870 #17183]  INFO -- : [aca05965-f11d-4adb-9bf2-459520d2fc4f]   Parameters: {"id"=>"4586"}
I, [2019-09-06T14:28:14.183650 #17183]  INFO -- : [aca05965-f11d-4adb-9bf2-459520d2fc4f] Completed 200 OK in 15ms (Views: 0.4ms | ActiveRecord: 6.2ms)
I, [2019-09-06T14:30:51.888359 #17183]  INFO -- : [14fc8c66-ca1d-42cf-aac2-f5ebb5abbfcc] Started GET "/edits" for 104.207.192.42 at 2019-09-06 14:30:51 -0400
I, [2019-09-06T14:30:51.889137 #17183]  INFO -- : [14fc8c66-ca1d-42cf-aac2-f5ebb5abbfcc] Processing by EditsController#index as JSONAPI
I, [2019-09-06T14:30:55.989027 #17183]  INFO -- : [14fc8c66-ca1d-42cf-aac2-f5ebb5abbfcc] [active_model_serializers] Rendered ActiveModel::Serializer::CollectionSerializer with ActiveModelSerializers::Adapter::JsonApi (4032.11ms)
I, [2019-09-06T14:30:55.989373 #17183]  INFO -- : [14fc8c66-ca1d-42cf-aac2-f5ebb5abbfcc] Completed 200 OK in 4100ms (Views: 3512.0ms | ActiveRecord: 582.9ms)
I, [2019-09-06T14:30:58.306231 #321]  INFO -- : [46921bce-9c52-4085-a12c-0da774c913a5] Started GET "/developments/4587" for 104.207.192.42 at 2019-09-06 14:30:58 -0400
I, [2019-09-06T14:30:58.313861 #321]  INFO -- : [46921bce-9c52-4085-a12c-0da774c913a5] Processing by DevelopmentsController#show as JSONAPI
I, [2019-09-06T14:30:58.313917 #321]  INFO -- : [46921bce-9c52-4085-a12c-0da774c913a5]   Parameters: {"id"=>"4587"}
I, [2019-09-06T14:30:58.504399 #321]  INFO -- : [46921bce-9c52-4085-a12c-0da774c913a5] Completed 200 OK in 190ms (Views: 0.6ms | ActiveRecord: 40.9ms)
I, [2019-09-06T14:30:59.444291 #17183]  INFO -- : [0cb2d412-a5d4-40c4-a61c-12c9111b7b6e] Started GET "/developments/4587" for 104.207.192.42 at 2019-09-06 14:30:59 -0400
I, [2019-09-06T14:30:59.445755 #17183]  INFO -- : [0cb2d412-a5d4-40c4-a61c-12c9111b7b6e] Processing by DevelopmentsController#show as JSONAPI
I, [2019-09-06T14:30:59.445824 #17183]  INFO -- : [0cb2d412-a5d4-40c4-a61c-12c9111b7b6e]   Parameters: {"id"=>"4587"}
I, [2019-09-06T14:30:59.468554 #17183]  INFO -- : [0cb2d412-a5d4-40c4-a61c-12c9111b7b6e] Completed 200 OK in 23ms (Views: 0.3ms | ActiveRecord: 6.2ms)
I, [2019-09-06T14:31:00.494181 #17183]  INFO -- : [b3509b7f-5b19-433a-a815-0ea5bfb893b0] Started GET "/developments/847" for 104.207.192.42 at 2019-09-06 14:31:00 -0400
I, [2019-09-06T14:31:00.495827 #17183]  INFO -- : [b3509b7f-5b19-433a-a815-0ea5bfb893b0] Processing by DevelopmentsController#show as JSONAPI
I, [2019-09-06T14:31:00.495995 #17183]  INFO -- : [b3509b7f-5b19-433a-a815-0ea5bfb893b0]   Parameters: {"id"=>"847"}
I, [2019-09-06T14:31:00.510857 #321]  INFO -- : [4cbd26d9-e8da-41f3-b122-7199a6f6efaa] Started GET "/developments/2943" for 104.207.192.42 at 2019-09-06 14:31:00 -0400
I, [2019-09-06T14:31:00.511790 #321]  INFO -- : [4cbd26d9-e8da-41f3-b122-7199a6f6efaa] Processing by DevelopmentsController#show as JSONAPI
I, [2019-09-06T14:31:00.511957 #321]  INFO -- : [4cbd26d9-e8da-41f3-b122-7199a6f6efaa]   Parameters: {"id"=>"2943"}
I, [2019-09-06T14:31:00.515294 #417]  INFO -- : [0c311cbf-6e3a-4201-90e5-176fabcae200] Started GET "/developments/2491" for 104.207.192.42 at 2019-09-06 14:31:00 -0400
I, [2019-09-06T14:31:00.524045 #17183]  INFO -- : [b3509b7f-5b19-433a-a815-0ea5bfb893b0] Completed 200 OK in 28ms (Views: 0.3ms | ActiveRecord: 6.9ms)
I, [2019-09-06T14:31:00.524808 #417]  INFO -- : [0c311cbf-6e3a-4201-90e5-176fabcae200] Processing by DevelopmentsController#show as JSONAPI
I, [2019-09-06T14:31:00.524878 #417]  INFO -- : [0c311cbf-6e3a-4201-90e5-176fabcae200]   Parameters: {"id"=>"2491"}
I, [2019-09-06T14:31:00.525718 #17183]  INFO -- : [555d3cf7-5d37-4c90-87ed-149727c746a7] Started GET "/developments/2868" for 104.207.192.42 at 2019-09-06 14:31:00 -0400
I, [2019-09-06T14:31:00.526560 #17183]  INFO -- : [555d3cf7-5d37-4c90-87ed-149727c746a7] Processing by DevelopmentsController#show as JSONAPI
I, [2019-09-06T14:31:00.526642 #17183]  INFO -- : [555d3cf7-5d37-4c90-87ed-149727c746a7]   Parameters: {"id"=>"2868"}
I, [2019-09-06T14:31:00.532236 #321]  INFO -- : [4cbd26d9-e8da-41f3-b122-7199a6f6efaa] Completed 200 OK in 20ms (Views: 0.3ms | ActiveRecord: 10.6ms)
I, [2019-09-06T14:31:00.533767 #321]  INFO -- : [2ac03b3f-7014-42d6-81b6-2e6a254b423d] Started GET "/developments/1050" for 104.207.192.42 at 2019-09-06 14:31:00 -0400
I, [2019-09-06T14:31:00.534456 #321]  INFO -- : [2ac03b3f-7014-42d6-81b6-2e6a254b423d] Processing by DevelopmentsController#show as JSONAPI
I, [2019-09-06T14:31:00.534524 #321]  INFO -- : [2ac03b3f-7014-42d6-81b6-2e6a254b423d]   Parameters: {"id"=>"1050"}
I, [2019-09-06T14:31:00.542040 #17183]  INFO -- : [555d3cf7-5d37-4c90-87ed-149727c746a7] Completed 200 OK in 15ms (Views: 0.3ms | ActiveRecord: 6.4ms)
I, [2019-09-06T14:31:00.543055 #17183]  INFO -- : [82aa1d87-0f31-41a7-990a-fe4a277e3dce] Started GET "/developments/3159" for 104.207.192.42 at 2019-09-06 14:31:00 -0400
I, [2019-09-06T14:31:00.543833 #17183]  INFO -- : [82aa1d87-0f31-41a7-990a-fe4a277e3dce] Processing by DevelopmentsController#show as JSONAPI
I, [2019-09-06T14:31:00.543899 #17183]  INFO -- : [82aa1d87-0f31-41a7-990a-fe4a277e3dce]   Parameters: {"id"=>"3159"}
I, [2019-09-06T14:31:00.551194 #321]  INFO -- : [2ac03b3f-7014-42d6-81b6-2e6a254b423d] Completed 200 OK in 17ms (Views: 0.2ms | ActiveRecord: 5.6ms)
I, [2019-09-06T14:31:00.552730 #321]  INFO -- : [c7c41de1-25ed-444b-83d5-4e1e9db2500b] Started GET "/developments/3984" for 104.207.192.42 at 2019-09-06 14:31:00 -0400
I, [2019-09-06T14:31:00.553394 #321]  INFO -- : [c7c41de1-25ed-444b-83d5-4e1e9db2500b] Processing by DevelopmentsController#show as JSONAPI
I, [2019-09-06T14:31:00.553461 #321]  INFO -- : [c7c41de1-25ed-444b-83d5-4e1e9db2500b]   Parameters: {"id"=>"3984"}
I, [2019-09-06T14:31:00.554702 #17183]  INFO -- : [82aa1d87-0f31-41a7-990a-fe4a277e3dce] Completed 200 OK in 11ms (Views: 0.2ms | ActiveRecord: 3.5ms)
I, [2019-09-06T14:31:00.556486 #17183]  INFO -- : [9d854d8f-48b2-47ef-b19a-659fc2bd7a59] Started GET "/developments/3717" for 104.207.192.42 at 2019-09-06 14:31:00 -0400
I, [2019-09-06T14:31:00.557223 #17183]  INFO -- : [9d854d8f-48b2-47ef-b19a-659fc2bd7a59] Processing by DevelopmentsController#show as JSONAPI
I, [2019-09-06T14:31:00.557290 #17183]  INFO -- : [9d854d8f-48b2-47ef-b19a-659fc2bd7a59]   Parameters: {"id"=>"3717"}
I, [2019-09-06T14:31:00.565082 #321]  INFO -- : [c7c41de1-25ed-444b-83d5-4e1e9db2500b] Completed 200 OK in 12ms (Views: 0.2ms | ActiveRecord: 4.4ms)
I, [2019-09-06T14:31:00.567481 #321]  INFO -- : [99c970dc-6a43-4768-be52-66e239859721] Started GET "/developments/2067" for 104.207.192.42 at 2019-09-06 14:31:00 -0400
I, [2019-09-06T14:31:00.568158 #321]  INFO -- : [99c970dc-6a43-4768-be52-66e239859721] Processing by DevelopmentsController#show as JSONAPI
I, [2019-09-06T14:31:00.568226 #321]  INFO -- : [99c970dc-6a43-4768-be52-66e239859721]   Parameters: {"id"=>"2067"}
I, [2019-09-06T14:31:00.571773 #17183]  INFO -- : [9d854d8f-48b2-47ef-b19a-659fc2bd7a59] Completed 200 OK in 14ms (Views: 0.3ms | ActiveRecord: 7.0ms)
I, [2019-09-06T14:31:00.572899 #17183]  INFO -- : [cf42bf1b-90b9-4a72-a04a-e81f2a24f222] Started GET "/developments/4033" for 104.207.192.42 at 2019-09-06 14:31:00 -0400
I, [2019-09-06T14:31:00.573671 #17183]  INFO -- : [cf42bf1b-90b9-4a72-a04a-e81f2a24f222] Processing by DevelopmentsController#show as JSONAPI
I, [2019-09-06T14:31:00.573760 #17183]  INFO -- : [cf42bf1b-90b9-4a72-a04a-e81f2a24f222]   Parameters: {"id"=>"4033"}
I, [2019-09-06T14:31:00.580550 #321]  INFO -- : [99c970dc-6a43-4768-be52-66e239859721] Completed 200 OK in 12ms (Views: 0.3ms | ActiveRecord: 3.7ms)
I, [2019-09-06T14:31:00.585913 #17183]  INFO -- : [cf42bf1b-90b9-4a72-a04a-e81f2a24f222] Completed 200 OK in 12ms (Views: 0.2ms | ActiveRecord: 4.7ms)
I, [2019-09-06T14:31:00.587000 #17183]  INFO -- : [9cec79dd-59d6-4a75-8d56-bcc93e1bb9cb] Started GET "/developments/3240" for 104.207.192.42 at 2019-09-06 14:31:00 -0400
I, [2019-09-06T14:31:00.587589 #321]  INFO -- : [bda423e6-af5f-4dfc-8055-2b354f31b7fb] Started GET "/developments/3669" for 104.207.192.42 at 2019-09-06 14:31:00 -0400
I, [2019-09-06T14:31:00.588322 #321]  INFO -- : [bda423e6-af5f-4dfc-8055-2b354f31b7fb] Processing by DevelopmentsController#show as JSONAPI
I, [2019-09-06T14:31:00.588389 #321]  INFO -- : [bda423e6-af5f-4dfc-8055-2b354f31b7fb]   Parameters: {"id"=>"3669"}
I, [2019-09-06T14:31:00.590783 #17183]  INFO -- : [9cec79dd-59d6-4a75-8d56-bcc93e1bb9cb] Processing by DevelopmentsController#show as JSONAPI
I, [2019-09-06T14:31:00.590857 #17183]  INFO -- : [9cec79dd-59d6-4a75-8d56-bcc93e1bb9cb]   Parameters: {"id"=>"3240"}
I, [2019-09-06T14:31:00.599398 #321]  INFO -- : [bda423e6-af5f-4dfc-8055-2b354f31b7fb] Completed 200 OK in 11ms (Views: 0.2ms | ActiveRecord: 3.7ms)
I, [2019-09-06T14:31:00.602477 #321]  INFO -- : [d9436c3d-aad2-4724-b56d-ceb5816799de] Started GET "/developments/1749" for 104.207.192.42 at 2019-09-06 14:31:00 -0400
I, [2019-09-06T14:31:00.603214 #321]  INFO -- : [d9436c3d-aad2-4724-b56d-ceb5816799de] Processing by DevelopmentsController#show as JSONAPI
I, [2019-09-06T14:31:00.603279 #321]  INFO -- : [d9436c3d-aad2-4724-b56d-ceb5816799de]   Parameters: {"id"=>"1749"}
I, [2019-09-06T14:31:00.611890 #17183]  INFO -- : [9cec79dd-59d6-4a75-8d56-bcc93e1bb9cb] Completed 200 OK in 21ms (Views: 0.2ms | ActiveRecord: 9.5ms)
I, [2019-09-06T14:31:00.613214 #17183]  INFO -- : [e06cbc3a-1084-413e-bbfb-dae1798386a2] Started GET "/developments/3924" for 104.207.192.42 at 2019-09-06 14:31:00 -0400
I, [2019-09-06T14:31:00.613784 #17183]  INFO -- : [e06cbc3a-1084-413e-bbfb-dae1798386a2] Processing by DevelopmentsController#show as JSONAPI
I, [2019-09-06T14:31:00.613832 #17183]  INFO -- : [e06cbc3a-1084-413e-bbfb-dae1798386a2]   Parameters: {"id"=>"3924"}
I, [2019-09-06T14:31:00.618124 #321]  INFO -- : [d9436c3d-aad2-4724-b56d-ceb5816799de] Completed 200 OK in 15ms (Views: 0.2ms | ActiveRecord: 6.9ms)
I, [2019-09-06T14:31:00.618913 #321]  INFO -- : [c70779e6-25c4-4d8c-84d4-1bed40441bc0] Started GET "/developments/4186" for 104.207.192.42 at 2019-09-06 14:31:00 -0400
I, [2019-09-06T14:31:00.619525 #321]  INFO -- : [c70779e6-25c4-4d8c-84d4-1bed40441bc0] Processing by DevelopmentsController#show as JSONAPI
I, [2019-09-06T14:31:00.619590 #321]  INFO -- : [c70779e6-25c4-4d8c-84d4-1bed40441bc0]   Parameters: {"id"=>"4186"}
I, [2019-09-06T14:31:00.627842 #17183]  INFO -- : [e06cbc3a-1084-413e-bbfb-dae1798386a2] Completed 200 OK in 14ms (Views: 0.3ms | ActiveRecord: 6.4ms)
I, [2019-09-06T14:31:00.630462 #321]  INFO -- : [c70779e6-25c4-4d8c-84d4-1bed40441bc0] Completed 200 OK in 11ms (Views: 0.2ms | ActiveRecord: 3.4ms)
I, [2019-09-06T14:31:00.653392 #17183]  INFO -- : [5454f07a-74a9-4e10-a32b-43a2159fa796] Started GET "/developments/2553" for 104.207.192.42 at 2019-09-06 14:31:00 -0400
I, [2019-09-06T14:31:00.655048 #17183]  INFO -- : [5454f07a-74a9-4e10-a32b-43a2159fa796] Processing by DevelopmentsController#show as JSONAPI
I, [2019-09-06T14:31:00.655120 #17183]  INFO -- : [5454f07a-74a9-4e10-a32b-43a2159fa796]   Parameters: {"id"=>"2553"}
I, [2019-09-06T14:31:00.656768 #321]  INFO -- : [3223546f-cd65-4f81-a10c-19f0d290b64a] Started GET "/developments/2502" for 104.207.192.42 at 2019-09-06 14:31:00 -0400
I, [2019-09-06T14:31:00.657597 #321]  INFO -- : [3223546f-cd65-4f81-a10c-19f0d290b64a] Processing by DevelopmentsController#show as JSONAPI
I, [2019-09-06T14:31:00.657665 #321]  INFO -- : [3223546f-cd65-4f81-a10c-19f0d290b64a]   Parameters: {"id"=>"2502"}
I, [2019-09-06T14:31:00.677776 #321]  INFO -- : [3223546f-cd65-4f81-a10c-19f0d290b64a] Completed 200 OK in 20ms (Views: 0.3ms | ActiveRecord: 12.2ms)
I, [2019-09-06T14:31:00.677865 #17183]  INFO -- : [5454f07a-74a9-4e10-a32b-43a2159fa796] Completed 200 OK in 23ms (Views: 0.2ms | ActiveRecord: 11.7ms)
I, [2019-09-06T14:31:00.678760 #321]  INFO -- : [7bde87ff-81f3-4d43-9496-5edc4d1191ff] Started GET "/developments/4192" for 104.207.192.42 at 2019-09-06 14:31:00 -0400
I, [2019-09-06T14:31:00.679487 #321]  INFO -- : [7bde87ff-81f3-4d43-9496-5edc4d1191ff] Processing by DevelopmentsController#show as JSONAPI
I, [2019-09-06T14:31:00.679554 #321]  INFO -- : [7bde87ff-81f3-4d43-9496-5edc4d1191ff]   Parameters: {"id"=>"4192"}
I, [2019-09-06T14:31:00.680148 #17183]  INFO -- : [d4a8807e-6ed1-4aa8-b50a-bb6a76110753] Started GET "/developments/4213" for 104.207.192.42 at 2019-09-06 14:31:00 -0400
I, [2019-09-06T14:31:00.680966 #17183]  INFO -- : [d4a8807e-6ed1-4aa8-b50a-bb6a76110753] Processing by DevelopmentsController#show as JSONAPI
I, [2019-09-06T14:31:00.681037 #17183]  INFO -- : [d4a8807e-6ed1-4aa8-b50a-bb6a76110753]   Parameters: {"id"=>"4213"}
I, [2019-09-06T14:31:00.693520 #321]  INFO -- : [7bde87ff-81f3-4d43-9496-5edc4d1191ff] Completed 200 OK in 14ms (Views: 0.3ms | ActiveRecord: 5.7ms)
I, [2019-09-06T14:31:00.695121 #321]  INFO -- : [40958fe7-fb28-4ad9-b274-cc7bc37e9268] Started GET "/developments/4220" for 104.207.192.42 at 2019-09-06 14:31:00 -0400
I, [2019-09-06T14:31:00.695757 #321]  INFO -- : [40958fe7-fb28-4ad9-b274-cc7bc37e9268] Processing by DevelopmentsController#show as JSONAPI
I, [2019-09-06T14:31:00.695816 #321]  INFO -- : [40958fe7-fb28-4ad9-b274-cc7bc37e9268]   Parameters: {"id"=>"4220"}
I, [2019-09-06T14:31:00.701069 #17183]  INFO -- : [d4a8807e-6ed1-4aa8-b50a-bb6a76110753] Completed 200 OK in 20ms (Views: 0.3ms | ActiveRecord: 12.3ms)
I, [2019-09-06T14:31:00.702135 #17183]  INFO -- : [deab73e0-6c22-4d2b-a1ae-5d7a62c6ac18] Started GET "/developments/4222" for 104.207.192.42 at 2019-09-06 14:31:00 -0400
I, [2019-09-06T14:31:00.702997 #17183]  INFO -- : [deab73e0-6c22-4d2b-a1ae-5d7a62c6ac18] Processing by DevelopmentsController#show as JSONAPI
I, [2019-09-06T14:31:00.703065 #17183]  INFO -- : [deab73e0-6c22-4d2b-a1ae-5d7a62c6ac18]   Parameters: {"id"=>"4222"}
I, [2019-09-06T14:31:00.711676 #321]  INFO -- : [40958fe7-fb28-4ad9-b274-cc7bc37e9268] Completed 200 OK in 16ms (Views: 0.2ms | ActiveRecord: 8.5ms)
I, [2019-09-06T14:31:00.712618 #321]  INFO -- : [8e547ccc-8f74-406a-9ba8-802bcb5ddd94] Started GET "/developments/4177" for 104.207.192.42 at 2019-09-06 14:31:00 -0400
I, [2019-09-06T14:31:00.713304 #321]  INFO -- : [8e547ccc-8f74-406a-9ba8-802bcb5ddd94] Processing by DevelopmentsController#show as JSONAPI
I, [2019-09-06T14:31:00.713367 #321]  INFO -- : [8e547ccc-8f74-406a-9ba8-802bcb5ddd94]   Parameters: {"id"=>"4177"}
I, [2019-09-06T14:31:00.723923 #17183]  INFO -- : [deab73e0-6c22-4d2b-a1ae-5d7a62c6ac18] Completed 200 OK in 21ms (Views: 0.3ms | ActiveRecord: 9.7ms)
I, [2019-09-06T14:31:00.725598 #17183]  INFO -- : [4f7c3e12-59ab-48c5-8334-af08e950fd94] Started GET "/developments/4153" for 104.207.192.42 at 2019-09-06 14:31:00 -0400
I, [2019-09-06T14:31:00.727613 #17183]  INFO -- : [4f7c3e12-59ab-48c5-8334-af08e950fd94] Processing by DevelopmentsController#show as JSONAPI
I, [2019-09-06T14:31:00.730330 #321]  INFO -- : [8e547ccc-8f74-406a-9ba8-802bcb5ddd94] Completed 200 OK in 17ms (Views: 0.2ms | ActiveRecord: 7.9ms)
I, [2019-09-06T14:31:00.731261 #321]  INFO -- : [29c30d61-3444-495b-8694-d084517d9d66] Started GET "/developments/2793" for 104.207.192.42 at 2019-09-06 14:31:00 -0400
I, [2019-09-06T14:31:00.731970 #321]  INFO -- : [29c30d61-3444-495b-8694-d084517d9d66] Processing by DevelopmentsController#show as JSONAPI
I, [2019-09-06T14:31:00.732038 #321]  INFO -- : [29c30d61-3444-495b-8694-d084517d9d66]   Parameters: {"id"=>"2793"}
I, [2019-09-06T14:31:00.727792 #17183]  INFO -- : [4f7c3e12-59ab-48c5-8334-af08e950fd94]   Parameters: {"id"=>"4153"}
I, [2019-09-06T14:31:00.745936 #17183]  INFO -- : [4f7c3e12-59ab-48c5-8334-af08e950fd94] Completed 200 OK in 13ms (Views: 0.4ms | ActiveRecord: 5.3ms)
I, [2019-09-06T14:31:00.746974 #17183]  INFO -- : [1e5abae8-9649-4297-a8df-05ddd0681674] Started GET "/developments/4190" for 104.207.192.42 at 2019-09-06 14:31:00 -0400
I, [2019-09-06T14:31:00.747743 #17183]  INFO -- : [1e5abae8-9649-4297-a8df-05ddd0681674] Processing by DevelopmentsController#show as JSONAPI
I, [2019-09-06T14:31:00.747808 #17183]  INFO -- : [1e5abae8-9649-4297-a8df-05ddd0681674]   Parameters: {"id"=>"4190"}
I, [2019-09-06T14:31:00.752445 #321]  INFO -- : [29c30d61-3444-495b-8694-d084517d9d66] Completed 200 OK in 20ms (Views: 0.2ms | ActiveRecord: 12.0ms)
I, [2019-09-06T14:31:00.753406 #321]  INFO -- : [bcf94229-7cd2-40fe-9917-a7241ea3c589] Started GET "/developments/4212" for 104.207.192.42 at 2019-09-06 14:31:00 -0400
I, [2019-09-06T14:31:00.754541 #321]  INFO -- : [bcf94229-7cd2-40fe-9917-a7241ea3c589] Processing by DevelopmentsController#show as JSONAPI
I, [2019-09-06T14:31:00.754611 #321]  INFO -- : [bcf94229-7cd2-40fe-9917-a7241ea3c589]   Parameters: {"id"=>"4212"}
I, [2019-09-06T14:31:00.758312 #417]  INFO -- : [0c311cbf-6e3a-4201-90e5-176fabcae200] Completed 200 OK in 233ms (Views: 0.9ms | ActiveRecord: 37.2ms)
I, [2019-09-06T14:31:00.760401 #417]  INFO -- : [7dcd212b-d438-414c-a6e6-917182767d93] Started GET "/developments/4216" for 104.207.192.42 at 2019-09-06 14:31:00 -0400
I, [2019-09-06T14:31:00.761164 #417]  INFO -- : [7dcd212b-d438-414c-a6e6-917182767d93] Processing by DevelopmentsController#show as JSONAPI
I, [2019-09-06T14:31:00.761227 #417]  INFO -- : [7dcd212b-d438-414c-a6e6-917182767d93]   Parameters: {"id"=>"4216"}
I, [2019-09-06T14:31:00.767821 #17183]  INFO -- : [1e5abae8-9649-4297-a8df-05ddd0681674] Completed 200 OK in 20ms (Views: 0.3ms | ActiveRecord: 10.5ms)
I, [2019-09-06T14:31:00.768936 #17183]  INFO -- : [ca9cef75-efa5-4497-ba3d-a3c71d169b71] Started GET "/developments/4201" for 104.207.192.42 at 2019-09-06 14:31:00 -0400
I, [2019-09-06T14:31:00.769714 #17183]  INFO -- : [ca9cef75-efa5-4497-ba3d-a3c71d169b71] Processing by DevelopmentsController#show as JSONAPI
I, [2019-09-06T14:31:00.769780 #17183]  INFO -- : [ca9cef75-efa5-4497-ba3d-a3c71d169b71]   Parameters: {"id"=>"4201"}
I, [2019-09-06T14:31:00.770593 #321]  INFO -- : [bcf94229-7cd2-40fe-9917-a7241ea3c589] Completed 200 OK in 16ms (Views: 0.2ms | ActiveRecord: 7.4ms)
I, [2019-09-06T14:31:00.772105 #321]  INFO -- : [5767492c-1d9e-4c7a-9a99-36edcbb168f3] Started GET "/developments/4223" for 104.207.192.42 at 2019-09-06 14:31:00 -0400
I, [2019-09-06T14:31:00.772748 #321]  INFO -- : [5767492c-1d9e-4c7a-9a99-36edcbb168f3] Processing by DevelopmentsController#show as JSONAPI
I, [2019-09-06T14:31:00.772813 #321]  INFO -- : [5767492c-1d9e-4c7a-9a99-36edcbb168f3]   Parameters: {"id"=>"4223"}
I, [2019-09-06T14:31:00.774282 #417]  INFO -- : [7dcd212b-d438-414c-a6e6-917182767d93] Completed 200 OK in 13ms (Views: 0.3ms | ActiveRecord: 5.7ms)
I, [2019-09-06T14:31:00.775130 #417]  INFO -- : [26f729f7-caa7-4f23-b873-724a0babae7c] Started GET "/developments/3852" for 104.207.192.42 at 2019-09-06 14:31:00 -0400
I, [2019-09-06T14:31:00.775671 #417]  INFO -- : [26f729f7-caa7-4f23-b873-724a0babae7c] Processing by DevelopmentsController#show as JSONAPI
I, [2019-09-06T14:31:00.775769 #417]  INFO -- : [26f729f7-caa7-4f23-b873-724a0babae7c]   Parameters: {"id"=>"3852"}
I, [2019-09-06T14:31:00.784076 #321]  INFO -- : [5767492c-1d9e-4c7a-9a99-36edcbb168f3] Completed 200 OK in 11ms (Views: 0.2ms | ActiveRecord: 4.7ms)
I, [2019-09-06T14:31:00.784916 #321]  INFO -- : [60746ee3-3a2d-4a02-b177-07e6dfe0c9b3] Started GET "/developments/3775" for 104.207.192.42 at 2019-09-06 14:31:00 -0400
I, [2019-09-06T14:31:00.785486 #321]  INFO -- : [60746ee3-3a2d-4a02-b177-07e6dfe0c9b3] Processing by DevelopmentsController#show as JSONAPI
I, [2019-09-06T14:31:00.785548 #321]  INFO -- : [60746ee3-3a2d-4a02-b177-07e6dfe0c9b3]   Parameters: {"id"=>"3775"}
I, [2019-09-06T14:31:00.786406 #417]  INFO -- : [26f729f7-caa7-4f23-b873-724a0babae7c] Completed 200 OK in 11ms (Views: 0.2ms | ActiveRecord: 3.4ms)
I, [2019-09-06T14:31:00.787530 #417]  INFO -- : [dd9bf687-5d8f-4f50-9f71-3a06fd80fd4f] Started GET "/developments/3786" for 104.207.192.42 at 2019-09-06 14:31:00 -0400
I, [2019-09-06T14:31:00.788191 #417]  INFO -- : [dd9bf687-5d8f-4f50-9f71-3a06fd80fd4f] Processing by DevelopmentsController#show as JSONAPI
I, [2019-09-06T14:31:00.788254 #417]  INFO -- : [dd9bf687-5d8f-4f50-9f71-3a06fd80fd4f]   Parameters: {"id"=>"3786"}
I, [2019-09-06T14:31:00.792290 #17183]  INFO -- : [ca9cef75-efa5-4497-ba3d-a3c71d169b71] Completed 200 OK in 22ms (Views: 0.3ms | ActiveRecord: 13.7ms)
I, [2019-09-06T14:31:00.793768 #17183]  INFO -- : [b912798b-3bfc-4b76-b8ac-e36b382f1e37] Started GET "/developments/4065" for 104.207.192.42 at 2019-09-06 14:31:00 -0400
I, [2019-09-06T14:31:00.794559 #17183]  INFO -- : [b912798b-3bfc-4b76-b8ac-e36b382f1e37] Processing by DevelopmentsController#show as JSONAPI
I, [2019-09-06T14:31:00.794627 #17183]  INFO -- : [b912798b-3bfc-4b76-b8ac-e36b382f1e37]   Parameters: {"id"=>"4065"}
I, [2019-09-06T14:31:00.801002 #417]  INFO -- : [dd9bf687-5d8f-4f50-9f71-3a06fd80fd4f] Completed 200 OK in 13ms (Views: 0.2ms | ActiveRecord: 5.8ms)
I, [2019-09-06T14:31:00.802128 #321]  INFO -- : [60746ee3-3a2d-4a02-b177-07e6dfe0c9b3] Completed 200 OK in 16ms (Views: 0.2ms | ActiveRecord: 7.4ms)
I, [2019-09-06T14:31:00.802125 #417]  INFO -- : [365a5fc6-c4e8-4cdc-ac57-92981c45dc09] Started GET "/developments/4228" for 104.207.192.42 at 2019-09-06 14:31:00 -0400
I, [2019-09-06T14:31:00.803051 #417]  INFO -- : [365a5fc6-c4e8-4cdc-ac57-92981c45dc09] Processing by DevelopmentsController#show as JSONAPI
I, [2019-09-06T14:31:00.803117 #417]  INFO -- : [365a5fc6-c4e8-4cdc-ac57-92981c45dc09]   Parameters: {"id"=>"4228"}
I, [2019-09-06T14:31:00.803171 #321]  INFO -- : [dc14142f-8a1e-4513-b11a-1773f0a56602] Started GET "/developments/1554" for 104.207.192.42 at 2019-09-06 14:31:00 -0400
I, [2019-09-06T14:31:00.803715 #321]  INFO -- : [dc14142f-8a1e-4513-b11a-1773f0a56602] Processing by DevelopmentsController#show as JSONAPI
I, [2019-09-06T14:31:00.803810 #321]  INFO -- : [dc14142f-8a1e-4513-b11a-1773f0a56602]   Parameters: {"id"=>"1554"}
I, [2019-09-06T14:31:00.808785 #17183]  INFO -- : [b912798b-3bfc-4b76-b8ac-e36b382f1e37] Completed 200 OK in 14ms (Views: 0.2ms | ActiveRecord: 6.9ms)
I, [2019-09-06T14:31:00.810295 #17183]  INFO -- : [a69657c0-3fba-4d46-9929-e4d66fa50228] Started GET "/developments/4229" for 104.207.192.42 at 2019-09-06 14:31:00 -0400
I, [2019-09-06T14:31:00.811035 #17183]  INFO -- : [a69657c0-3fba-4d46-9929-e4d66fa50228] Processing by DevelopmentsController#show as JSONAPI
I, [2019-09-06T14:31:00.811139 #17183]  INFO -- : [a69657c0-3fba-4d46-9929-e4d66fa50228]   Parameters: {"id"=>"4229"}
I, [2019-09-06T14:31:00.815370 #417]  INFO -- : [365a5fc6-c4e8-4cdc-ac57-92981c45dc09] Completed 200 OK in 12ms (Views: 0.2ms | ActiveRecord: 5.6ms)
I, [2019-09-06T14:31:00.816271 #417]  INFO -- : [0e6eab2e-a1f9-4cf8-93e1-9f1f33ebe557] Started GET "/developments/1533" for 104.207.192.42 at 2019-09-06 14:31:00 -0400
I, [2019-09-06T14:31:00.816871 #417]  INFO -- : [0e6eab2e-a1f9-4cf8-93e1-9f1f33ebe557] Processing by DevelopmentsController#show as JSONAPI
I, [2019-09-06T14:31:00.816920 #417]  INFO -- : [0e6eab2e-a1f9-4cf8-93e1-9f1f33ebe557]   Parameters: {"id"=>"1533"}
I, [2019-09-06T14:31:00.821487 #321]  INFO -- : [dc14142f-8a1e-4513-b11a-1773f0a56602] Completed 200 OK in 18ms (Views: 0.2ms | ActiveRecord: 10.2ms)
I, [2019-09-06T14:31:00.822392 #321]  INFO -- : [0d8db45c-91c1-4031-ab86-9f94399fbfcf] Started GET "/developments/245" for 104.207.192.42 at 2019-09-06 14:31:00 -0400
I, [2019-09-06T14:31:00.822908 #321]  INFO -- : [0d8db45c-91c1-4031-ab86-9f94399fbfcf] Processing by DevelopmentsController#show as JSONAPI
I, [2019-09-06T14:31:00.822954 #321]  INFO -- : [0d8db45c-91c1-4031-ab86-9f94399fbfcf]   Parameters: {"id"=>"245"}
I, [2019-09-06T14:31:00.825918 #17183]  INFO -- : [a69657c0-3fba-4d46-9929-e4d66fa50228] Completed 200 OK in 15ms (Views: 0.2ms | ActiveRecord: 7.3ms)
I, [2019-09-06T14:31:00.827005 #17183]  INFO -- : [8159a274-aed2-4403-8cf9-641be212505b] Started GET "/developments/3954" for 104.207.192.42 at 2019-09-06 14:31:00 -0400
I, [2019-09-06T14:31:00.827665 #17183]  INFO -- : [8159a274-aed2-4403-8cf9-641be212505b] Processing by DevelopmentsController#show as JSONAPI
I, [2019-09-06T14:31:00.827785 #17183]  INFO -- : [8159a274-aed2-4403-8cf9-641be212505b]   Parameters: {"id"=>"3954"}
I, [2019-09-06T14:31:00.828550 #417]  INFO -- : [0e6eab2e-a1f9-4cf8-93e1-9f1f33ebe557] Completed 200 OK in 12ms (Views: 0.2ms | ActiveRecord: 4.1ms)
I, [2019-09-06T14:31:00.829902 #417]  INFO -- : [32340f8f-804a-49f3-ad3d-3199e8d98ed1] Started GET "/developments/4231" for 104.207.192.42 at 2019-09-06 14:31:00 -0400
I, [2019-09-06T14:31:00.830614 #417]  INFO -- : [32340f8f-804a-49f3-ad3d-3199e8d98ed1] Processing by DevelopmentsController#show as JSONAPI
I, [2019-09-06T14:31:00.830677 #417]  INFO -- : [32340f8f-804a-49f3-ad3d-3199e8d98ed1]   Parameters: {"id"=>"4231"}
I, [2019-09-06T14:31:00.838114 #321]  INFO -- : [0d8db45c-91c1-4031-ab86-9f94399fbfcf] Completed 200 OK in 15ms (Views: 0.3ms | ActiveRecord: 8.4ms)
I, [2019-09-06T14:31:00.839541 #321]  INFO -- : [fbb95dac-c5d9-4d3b-abc6-5abd0885a7b0] Started GET "/developments/4194" for 104.207.192.42 at 2019-09-06 14:31:00 -0400
I, [2019-09-06T14:31:00.840230 #321]  INFO -- : [fbb95dac-c5d9-4d3b-abc6-5abd0885a7b0] Processing by DevelopmentsController#show as JSONAPI
I, [2019-09-06T14:31:00.840297 #321]  INFO -- : [fbb95dac-c5d9-4d3b-abc6-5abd0885a7b0]   Parameters: {"id"=>"4194"}
I, [2019-09-06T14:31:00.841364 #17183]  INFO -- : [8159a274-aed2-4403-8cf9-641be212505b] Completed 200 OK in 13ms (Views: 0.3ms | ActiveRecord: 5.3ms)
I, [2019-09-06T14:31:00.842760 #17183]  INFO -- : [3ddc754d-433a-4d4d-9333-fa647f0406e9] Started GET "/developments/4200" for 104.207.192.42 at 2019-09-06 14:31:00 -0400
I, [2019-09-06T14:31:00.843495 #17183]  INFO -- : [3ddc754d-433a-4d4d-9333-fa647f0406e9] Processing by DevelopmentsController#show as JSONAPI
I, [2019-09-06T14:31:00.843561 #17183]  INFO -- : [3ddc754d-433a-4d4d-9333-fa647f0406e9]   Parameters: {"id"=>"4200"}
I, [2019-09-06T14:31:00.844524 #417]  INFO -- : [32340f8f-804a-49f3-ad3d-3199e8d98ed1] Completed 200 OK in 14ms (Views: 0.2ms | ActiveRecord: 7.3ms)
I, [2019-09-06T14:31:00.845371 #417]  INFO -- : [747879bd-9ec3-48e8-ae81-fb985d464472] Started GET "/developments/171" for 104.207.192.42 at 2019-09-06 14:31:00 -0400
I, [2019-09-06T14:31:00.846006 #417]  INFO -- : [747879bd-9ec3-48e8-ae81-fb985d464472] Processing by DevelopmentsController#show as JSONAPI
I, [2019-09-06T14:31:00.846073 #417]  INFO -- : [747879bd-9ec3-48e8-ae81-fb985d464472]   Parameters: {"id"=>"171"}
I, [2019-09-06T14:31:00.859411 #17183]  INFO -- : [3ddc754d-433a-4d4d-9333-fa647f0406e9] Completed 200 OK in 16ms (Views: 0.4ms | ActiveRecord: 5.6ms)
I, [2019-09-06T14:31:00.860509 #321]  INFO -- : [fbb95dac-c5d9-4d3b-abc6-5abd0885a7b0] Completed 200 OK in 20ms (Views: 0.2ms | ActiveRecord: 4.9ms)
I, [2019-09-06T14:31:00.861788 #17183]  INFO -- : [ec60e387-e59e-4dc8-b926-4b6dc6ad19e6] Started GET "/developments/1492" for 104.207.192.42 at 2019-09-06 14:31:00 -0400
I, [2019-09-06T14:31:00.862369 #321]  INFO -- : [edde204a-8670-48fe-a218-04f1436dca2d] Started GET "/developments/2097" for 104.207.192.42 at 2019-09-06 14:31:00 -0400
I, [2019-09-06T14:31:00.862562 #17183]  INFO -- : [ec60e387-e59e-4dc8-b926-4b6dc6ad19e6] Processing by DevelopmentsController#show as JSONAPI
I, [2019-09-06T14:31:00.862628 #17183]  INFO -- : [ec60e387-e59e-4dc8-b926-4b6dc6ad19e6]   Parameters: {"id"=>"1492"}
I, [2019-09-06T14:31:00.863079 #321]  INFO -- : [edde204a-8670-48fe-a218-04f1436dca2d] Processing by DevelopmentsController#show as JSONAPI
I, [2019-09-06T14:31:00.863146 #321]  INFO -- : [edde204a-8670-48fe-a218-04f1436dca2d]   Parameters: {"id"=>"2097"}
I, [2019-09-06T14:31:00.865488 #417]  INFO -- : [747879bd-9ec3-48e8-ae81-fb985d464472] Completed 200 OK in 19ms (Views: 0.2ms | ActiveRecord: 11.1ms)
I, [2019-09-06T14:31:00.866357 #417]  INFO -- : [c9a65d54-8928-4118-b900-e4f0475f51cd] Started GET "/developments/1308" for 104.207.192.42 at 2019-09-06 14:31:00 -0400
I, [2019-09-06T14:31:00.867034 #417]  INFO -- : [c9a65d54-8928-4118-b900-e4f0475f51cd] Processing by DevelopmentsController#show as JSONAPI
I, [2019-09-06T14:31:00.867113 #417]  INFO -- : [c9a65d54-8928-4118-b900-e4f0475f51cd]   Parameters: {"id"=>"1308"}
I, [2019-09-06T14:31:00.874885 #17183]  INFO -- : [ec60e387-e59e-4dc8-b926-4b6dc6ad19e6] Completed 200 OK in 12ms (Views: 0.3ms | ActiveRecord: 4.3ms)
I, [2019-09-06T14:31:00.875916 #17183]  INFO -- : [b54e5452-a8b9-47a6-83e5-acc8b64a4813] Started GET "/developments/661" for 104.207.192.42 at 2019-09-06 14:31:00 -0400
I, [2019-09-06T14:31:00.876856 #17183]  INFO -- : [b54e5452-a8b9-47a6-83e5-acc8b64a4813] Processing by DevelopmentsController#show as JSONAPI
I, [2019-09-06T14:31:00.876923 #17183]  INFO -- : [b54e5452-a8b9-47a6-83e5-acc8b64a4813]   Parameters: {"id"=>"661"}
