I, [2019-09-09T13:23:59.583340 #17065]  INFO -- : [a376ff5e-d947-4b7b-8c40-fb45d18df882] Processing by DevelopmentsController#show as JSONAPI
I, [2019-09-09T13:23:59.583389 #17065]  INFO -- : [a376ff5e-d947-4b7b-8c40-fb45d18df882]   Parameters: {"id"=>"2943"}
I, [2019-09-09T13:23:59.588961 #4289]  INFO -- : [0040a3f3-db35-47a1-9c1c-745bbe93fc9e] Completed 200 OK in 14ms (Views: 0.2ms | ActiveRecord: 7.3ms)
I, [2019-09-09T13:23:59.589904 #4289]  INFO -- : [388c17ca-b42b-455e-8992-2edca1e7e021] Started GET "/developments/2491" for 104.207.192.42 at 2019-09-09 13:23:59 -0400
I, [2019-09-09T13:23:59.590445 #4289]  INFO -- : [388c17ca-b42b-455e-8992-2edca1e7e021] Processing by DevelopmentsController#show as JSONAPI
I, [2019-09-09T13:23:59.590507 #4289]  INFO -- : [388c17ca-b42b-455e-8992-2edca1e7e021]   Parameters: {"id"=>"2491"}
I, [2019-09-09T13:23:59.591797 #4313]  INFO -- : [cf421dde-05a0-4b67-be7c-c1ba8dfddbff] Completed 200 OK in 11ms (Views: 0.1ms | ActiveRecord: 4.5ms)
I, [2019-09-09T13:23:59.593865 #4313]  INFO -- : [0d40e363-7b2c-412f-a7ba-fe9ef1ae2ced] Started GET "/developments/1050" for 104.207.192.42 at 2019-09-09 13:23:59 -0400
I, [2019-09-09T13:23:59.596285 #17065]  INFO -- : [a376ff5e-d947-4b7b-8c40-fb45d18df882] Completed 200 OK in 13ms (Views: 0.2ms | ActiveRecord: 5.7ms)
I, [2019-09-09T13:23:59.596374 #4313]  INFO -- : [0d40e363-7b2c-412f-a7ba-fe9ef1ae2ced] Processing by DevelopmentsController#show as JSONAPI
I, [2019-09-09T13:23:59.596477 #4313]  INFO -- : [0d40e363-7b2c-412f-a7ba-fe9ef1ae2ced]   Parameters: {"id"=>"1050"}
I, [2019-09-09T13:23:59.597437 #17065]  INFO -- : [79c090d8-9ecb-4405-9032-0a14512a7b49] Started GET "/developments/3984" for 104.207.192.42 at 2019-09-09 13:23:59 -0400
I, [2019-09-09T13:23:59.598026 #17065]  INFO -- : [79c090d8-9ecb-4405-9032-0a14512a7b49] Processing by DevelopmentsController#show as JSONAPI
I, [2019-09-09T13:23:59.598092 #17065]  INFO -- : [79c090d8-9ecb-4405-9032-0a14512a7b49]   Parameters: {"id"=>"3984"}
I, [2019-09-09T13:23:59.600482 #4289]  INFO -- : [388c17ca-b42b-455e-8992-2edca1e7e021] Completed 200 OK in 10ms (Views: 0.2ms | ActiveRecord: 3.5ms)
I, [2019-09-09T13:23:59.601304 #4289]  INFO -- : [7838270e-540e-4b5f-9e9c-1d37c0ed31af] Started GET "/developments/4220" for 104.207.192.42 at 2019-09-09 13:23:59 -0400
I, [2019-09-09T13:23:59.601879 #4289]  INFO -- : [7838270e-540e-4b5f-9e9c-1d37c0ed31af] Processing by DevelopmentsController#show as JSONAPI
I, [2019-09-09T13:23:59.601941 #4289]  INFO -- : [7838270e-540e-4b5f-9e9c-1d37c0ed31af]   Parameters: {"id"=>"4220"}
I, [2019-09-09T13:23:59.611210 #4313]  INFO -- : [0d40e363-7b2c-412f-a7ba-fe9ef1ae2ced] Completed 200 OK in 15ms (Views: 0.2ms | ActiveRecord: 7.2ms)
I, [2019-09-09T13:23:59.612330 #4289]  INFO -- : [7838270e-540e-4b5f-9e9c-1d37c0ed31af] Completed 200 OK in 10ms (Views: 0.2ms | ActiveRecord: 4.4ms)
I, [2019-09-09T13:23:59.613064 #4289]  INFO -- : [0ae14a10-1116-40df-99cb-0327f9944449] Started GET "/developments/4222" for 104.207.192.42 at 2019-09-09 13:23:59 -0400
I, [2019-09-09T13:23:59.613650 #4313]  INFO -- : [aed555a6-71b9-4b56-bf5f-f6d2d94ceb46] Started GET "/developments/3717" for 104.207.192.42 at 2019-09-09 13:23:59 -0400
I, [2019-09-09T13:23:59.613672 #4289]  INFO -- : [0ae14a10-1116-40df-99cb-0327f9944449] Processing by DevelopmentsController#show as JSONAPI
I, [2019-09-09T13:23:59.613729 #4289]  INFO -- : [0ae14a10-1116-40df-99cb-0327f9944449]   Parameters: {"id"=>"4222"}
I, [2019-09-09T13:23:59.614226 #4313]  INFO -- : [aed555a6-71b9-4b56-bf5f-f6d2d94ceb46] Processing by DevelopmentsController#show as JSONAPI
I, [2019-09-09T13:23:59.614273 #4313]  INFO -- : [aed555a6-71b9-4b56-bf5f-f6d2d94ceb46]   Parameters: {"id"=>"3717"}
I, [2019-09-09T13:23:59.616951 #17065]  INFO -- : [79c090d8-9ecb-4405-9032-0a14512a7b49] Completed 200 OK in 19ms (Views: 0.2ms | ActiveRecord: 10.4ms)
I, [2019-09-09T13:23:59.618968 #17065]  INFO -- : [bdc823ef-ec80-457a-b864-6d1ae627e80a] Started GET "/developments/2067" for 104.207.192.42 at 2019-09-09 13:23:59 -0400
I, [2019-09-09T13:23:59.619484 #17065]  INFO -- : [bdc823ef-ec80-457a-b864-6d1ae627e80a] Processing by DevelopmentsController#show as JSONAPI
I, [2019-09-09T13:23:59.619531 #17065]  INFO -- : [bdc823ef-ec80-457a-b864-6d1ae627e80a]   Parameters: {"id"=>"2067"}
I, [2019-09-09T13:23:59.627574 #4313]  INFO -- : [aed555a6-71b9-4b56-bf5f-f6d2d94ceb46] Completed 200 OK in 13ms (Views: 0.2ms | ActiveRecord: 7.0ms)
I, [2019-09-09T13:23:59.629029 #4313]  INFO -- : [8af91e9d-b4d2-402c-9f6d-3afd73470d8d] Started GET "/developments/4177" for 104.207.192.42 at 2019-09-09 13:23:59 -0400
I, [2019-09-09T13:23:59.629331 #4289]  INFO -- : [0ae14a10-1116-40df-99cb-0327f9944449] Completed 200 OK in 15ms (Views: 5.4ms | ActiveRecord: 3.8ms)
I, [2019-09-09T13:23:59.630044 #4289]  INFO -- : [5a38eba8-c784-481e-9484-afc92dc874a3] Started GET "/developments/4143" for 104.207.192.42 at 2019-09-09 13:23:59 -0400
I, [2019-09-09T13:23:59.630595 #4289]  INFO -- : [5a38eba8-c784-481e-9484-afc92dc874a3] Processing by DevelopmentsController#show as JSONAPI
I, [2019-09-09T13:23:59.630659 #4289]  INFO -- : [5a38eba8-c784-481e-9484-afc92dc874a3]   Parameters: {"id"=>"4143"}
I, [2019-09-09T13:23:59.631011 #4313]  INFO -- : [8af91e9d-b4d2-402c-9f6d-3afd73470d8d] Processing by DevelopmentsController#show as JSONAPI
I, [2019-09-09T13:23:59.631072 #4313]  INFO -- : [8af91e9d-b4d2-402c-9f6d-3afd73470d8d]   Parameters: {"id"=>"4177"}
I, [2019-09-09T13:23:59.634163 #17065]  INFO -- : [bdc823ef-ec80-457a-b864-6d1ae627e80a] Completed 200 OK in 15ms (Views: 0.3ms | ActiveRecord: 6.5ms)
I, [2019-09-09T13:23:59.636111 #17065]  INFO -- : [f3489905-cd9b-42af-9373-2b4647785cec] Started GET "/developments/3924" for 104.207.192.42 at 2019-09-09 13:23:59 -0400
I, [2019-09-09T13:23:59.636799 #17065]  INFO -- : [f3489905-cd9b-42af-9373-2b4647785cec] Processing by DevelopmentsController#show as JSONAPI
I, [2019-09-09T13:23:59.636865 #17065]  INFO -- : [f3489905-cd9b-42af-9373-2b4647785cec]   Parameters: {"id"=>"3924"}
I, [2019-09-09T13:23:59.641074 #4289]  INFO -- : [5a38eba8-c784-481e-9484-afc92dc874a3] Completed 200 OK in 10ms (Views: 0.2ms | ActiveRecord: 4.0ms)
I, [2019-09-09T13:23:59.642457 #4289]  INFO -- : [738021b3-988d-4ea2-8c11-b6ad3e8b12db] Started GET "/developments/4153" for 104.207.192.42 at 2019-09-09 13:23:59 -0400
I, [2019-09-09T13:23:59.642865 #4289]  INFO -- : [738021b3-988d-4ea2-8c11-b6ad3e8b12db] Processing by DevelopmentsController#show as JSONAPI
I, [2019-09-09T13:23:59.642911 #4289]  INFO -- : [738021b3-988d-4ea2-8c11-b6ad3e8b12db]   Parameters: {"id"=>"4153"}
I, [2019-09-09T13:23:59.645303 #4313]  INFO -- : [8af91e9d-b4d2-402c-9f6d-3afd73470d8d] Completed 200 OK in 14ms (Views: 0.2ms | ActiveRecord: 7.7ms)
I, [2019-09-09T13:23:59.646281 #4313]  INFO -- : [8d1b6893-fa55-44a8-a5e9-9de19c7f9f66] Started GET "/developments/2793" for 104.207.192.42 at 2019-09-09 13:23:59 -0400
I, [2019-09-09T13:23:59.646826 #4313]  INFO -- : [8d1b6893-fa55-44a8-a5e9-9de19c7f9f66] Processing by DevelopmentsController#show as JSONAPI
I, [2019-09-09T13:23:59.646886 #4313]  INFO -- : [8d1b6893-fa55-44a8-a5e9-9de19c7f9f66]   Parameters: {"id"=>"2793"}
I, [2019-09-09T13:23:59.649369 #17065]  INFO -- : [f3489905-cd9b-42af-9373-2b4647785cec] Completed 200 OK in 12ms (Views: 0.2ms | ActiveRecord: 5.9ms)
I, [2019-09-09T13:23:59.650525 #17065]  INFO -- : [41448a07-b78f-4999-aefd-f86071ba09d3] Started GET "/developments/4190" for 104.207.192.42 at 2019-09-09 13:23:59 -0400
I, [2019-09-09T13:23:59.651021 #17065]  INFO -- : [41448a07-b78f-4999-aefd-f86071ba09d3] Processing by DevelopmentsController#show as JSONAPI
I, [2019-09-09T13:23:59.651068 #17065]  INFO -- : [41448a07-b78f-4999-aefd-f86071ba09d3]   Parameters: {"id"=>"4190"}
I, [2019-09-09T13:23:59.653470 #4289]  INFO -- : [738021b3-988d-4ea2-8c11-b6ad3e8b12db] Completed 200 OK in 10ms (Views: 0.2ms | ActiveRecord: 3.5ms)
I, [2019-09-09T13:23:59.654300 #4289]  INFO -- : [776421b2-6e96-46d2-b1e1-9834ebdb81ba] Started GET "/developments/4212" for 104.207.192.42 at 2019-09-09 13:23:59 -0400
I, [2019-09-09T13:23:59.654816 #4289]  INFO -- : [776421b2-6e96-46d2-b1e1-9834ebdb81ba] Processing by DevelopmentsController#show as JSONAPI
I, [2019-09-09T13:23:59.654879 #4289]  INFO -- : [776421b2-6e96-46d2-b1e1-9834ebdb81ba]   Parameters: {"id"=>"4212"}
I, [2019-09-09T13:23:59.660818 #4313]  INFO -- : [8d1b6893-fa55-44a8-a5e9-9de19c7f9f66] Completed 200 OK in 14ms (Views: 0.2ms | ActiveRecord: 4.2ms)
I, [2019-09-09T13:23:59.661707 #4313]  INFO -- : [35889779-618a-4f8b-8fbd-cb646f26451a] Started GET "/developments/4216" for 104.207.192.42 at 2019-09-09 13:23:59 -0400
I, [2019-09-09T13:23:59.662079 #4313]  INFO -- : [35889779-618a-4f8b-8fbd-cb646f26451a] Processing by DevelopmentsController#show as JSONAPI
I, [2019-09-09T13:23:59.662124 #4313]  INFO -- : [35889779-618a-4f8b-8fbd-cb646f26451a]   Parameters: {"id"=>"4216"}
I, [2019-09-09T13:23:59.667586 #4289]  INFO -- : [776421b2-6e96-46d2-b1e1-9834ebdb81ba] Completed 200 OK in 13ms (Views: 0.2ms | ActiveRecord: 5.6ms)
I, [2019-09-09T13:23:59.668438 #4289]  INFO -- : [35318ca4-e197-4343-abd9-f6b4f69be927] Started GET "/developments/4201" for 104.207.192.42 at 2019-09-09 13:23:59 -0400
I, [2019-09-09T13:23:59.668959 #17065]  INFO -- : [41448a07-b78f-4999-aefd-f86071ba09d3] Completed 200 OK in 18ms (Views: 0.2ms | ActiveRecord: 6.2ms)
I, [2019-09-09T13:23:59.668992 #4289]  INFO -- : [35318ca4-e197-4343-abd9-f6b4f69be927] Processing by DevelopmentsController#show as JSONAPI
I, [2019-09-09T13:23:59.669054 #4289]  INFO -- : [35318ca4-e197-4343-abd9-f6b4f69be927]   Parameters: {"id"=>"4201"}
I, [2019-09-09T13:23:59.671353 #17065]  INFO -- : [627e0e6d-daaa-430c-b43a-ec6eed80fb25] Started GET "/developments/4223" for 104.207.192.42 at 2019-09-09 13:23:59 -0400
I, [2019-09-09T13:23:59.671900 #17065]  INFO -- : [627e0e6d-daaa-430c-b43a-ec6eed80fb25] Processing by DevelopmentsController#show as JSONAPI
I, [2019-09-09T13:23:59.671995 #17065]  INFO -- : [627e0e6d-daaa-430c-b43a-ec6eed80fb25]   Parameters: {"id"=>"4223"}
I, [2019-09-09T13:23:59.677477 #4313]  INFO -- : [35889779-618a-4f8b-8fbd-cb646f26451a] Completed 200 OK in 15ms (Views: 0.2ms | ActiveRecord: 5.4ms)
I, [2019-09-09T13:23:59.678091 #4313]  INFO -- : [a616dc4e-4dff-4a77-ad2a-1720e500d327] Started GET "/developments/3852" for 104.207.192.42 at 2019-09-09 13:23:59 -0400
I, [2019-09-09T13:23:59.678597 #4313]  INFO -- : [a616dc4e-4dff-4a77-ad2a-1720e500d327] Processing by DevelopmentsController#show as JSONAPI
I, [2019-09-09T13:23:59.678663 #4313]  INFO -- : [a616dc4e-4dff-4a77-ad2a-1720e500d327]   Parameters: {"id"=>"3852"}
I, [2019-09-09T13:23:59.682472 #17065]  INFO -- : [627e0e6d-daaa-430c-b43a-ec6eed80fb25] Completed 200 OK in 10ms (Views: 0.2ms | ActiveRecord: 3.4ms)
I, [2019-09-09T13:23:59.683327 #17065]  INFO -- : [e1e37044-1d39-4ca3-84d6-a78907faba67] Started GET "/developments/3775" for 104.207.192.42 at 2019-09-09 13:23:59 -0400
I, [2019-09-09T13:23:59.683820 #17065]  INFO -- : [e1e37044-1d39-4ca3-84d6-a78907faba67] Processing by DevelopmentsController#show as JSONAPI
I, [2019-09-09T13:23:59.683886 #17065]  INFO -- : [e1e37044-1d39-4ca3-84d6-a78907faba67]   Parameters: {"id"=>"3775"}
I, [2019-09-09T13:23:59.686187 #4289]  INFO -- : [35318ca4-e197-4343-abd9-f6b4f69be927] Completed 200 OK in 17ms (Views: 0.2ms | ActiveRecord: 10.8ms)
I, [2019-09-09T13:23:59.689478 #4313]  INFO -- : [a616dc4e-4dff-4a77-ad2a-1720e500d327] Completed 200 OK in 11ms (Views: 0.2ms | ActiveRecord: 3.4ms)
I, [2019-09-09T13:23:59.690369 #4289]  INFO -- : [656e1fc2-4604-4195-8fa0-ec4bb7c62a60] Started GET "/developments/1932" for 104.207.192.42 at 2019-09-09 13:23:59 -0400
I, [2019-09-09T13:23:59.690943 #4289]  INFO -- : [656e1fc2-4604-4195-8fa0-ec4bb7c62a60] Processing by DevelopmentsController#show as JSONAPI
I, [2019-09-09T13:23:59.690974 #4313]  INFO -- : [49e933eb-3650-4858-a679-c90258642426] Started GET "/developments/1428" for 104.207.192.42 at 2019-09-09 13:23:59 -0400
I, [2019-09-09T13:23:59.691003 #4289]  INFO -- : [656e1fc2-4604-4195-8fa0-ec4bb7c62a60]   Parameters: {"id"=>"1932"}
I, [2019-09-09T13:23:59.691463 #4313]  INFO -- : [49e933eb-3650-4858-a679-c90258642426] Processing by DevelopmentsController#show as JSONAPI
I, [2019-09-09T13:23:59.691524 #4313]  INFO -- : [49e933eb-3650-4858-a679-c90258642426]   Parameters: {"id"=>"1428"}
I, [2019-09-09T13:23:59.699880 #17065]  INFO -- : [e1e37044-1d39-4ca3-84d6-a78907faba67] Completed 200 OK in 16ms (Views: 0.3ms | ActiveRecord: 5.6ms)
I, [2019-09-09T13:23:59.700806 #17065]  INFO -- : [2981bea2-fc57-46d6-bc4a-cb12961dd693] Started GET "/developments/3786" for 104.207.192.42 at 2019-09-09 13:23:59 -0400
I, [2019-09-09T13:23:59.700954 #4289]  INFO -- : [656e1fc2-4604-4195-8fa0-ec4bb7c62a60] Completed 200 OK in 10ms (Views: 0.2ms | ActiveRecord: 3.2ms)
I, [2019-09-09T13:23:59.701485 #17065]  INFO -- : [2981bea2-fc57-46d6-bc4a-cb12961dd693] Processing by DevelopmentsController#show as JSONAPI
I, [2019-09-09T13:23:59.701549 #17065]  INFO -- : [2981bea2-fc57-46d6-bc4a-cb12961dd693]   Parameters: {"id"=>"3786"}
I, [2019-09-09T13:23:59.701997 #4289]  INFO -- : [84c1132f-2365-44aa-bd03-7b092a595691] Started GET "/developments/4065" for 104.207.192.42 at 2019-09-09 13:23:59 -0400
I, [2019-09-09T13:23:59.702551 #4289]  INFO -- : [84c1132f-2365-44aa-bd03-7b092a595691] Processing by DevelopmentsController#show as JSONAPI
I, [2019-09-09T13:23:59.702615 #4289]  INFO -- : [84c1132f-2365-44aa-bd03-7b092a595691]   Parameters: {"id"=>"4065"}
I, [2019-09-09T13:23:59.707207 #4313]  INFO -- : [49e933eb-3650-4858-a679-c90258642426] Completed 200 OK in 16ms (Views: 0.2ms | ActiveRecord: 8.0ms)
I, [2019-09-09T13:23:59.708278 #4313]  INFO -- : [072e0961-18d7-4103-be5f-412429d7c891] Started GET "/developments/1981" for 104.207.192.42 at 2019-09-09 13:23:59 -0400
I, [2019-09-09T13:23:59.708705 #4313]  INFO -- : [072e0961-18d7-4103-be5f-412429d7c891] Processing by DevelopmentsController#show as JSONAPI
I, [2019-09-09T13:23:59.708750 #4313]  INFO -- : [072e0961-18d7-4103-be5f-412429d7c891]   Parameters: {"id"=>"1981"}
I, [2019-09-09T13:23:59.713955 #4289]  INFO -- : [84c1132f-2365-44aa-bd03-7b092a595691] Completed 200 OK in 11ms (Views: 0.2ms | ActiveRecord: 5.0ms)
I, [2019-09-09T13:23:59.714841 #4289]  INFO -- : [15f9cb99-57c1-48b5-b7f0-380cea0c438c] Started GET "/developments/4228" for 104.207.192.42 at 2019-09-09 13:23:59 -0400
I, [2019-09-09T13:23:59.715363 #4289]  INFO -- : [15f9cb99-57c1-48b5-b7f0-380cea0c438c] Processing by DevelopmentsController#show as JSONAPI
I, [2019-09-09T13:23:59.715447 #4289]  INFO -- : [15f9cb99-57c1-48b5-b7f0-380cea0c438c]   Parameters: {"id"=>"4228"}
I, [2019-09-09T13:23:59.716990 #17065]  INFO -- : [2981bea2-fc57-46d6-bc4a-cb12961dd693] Completed 200 OK in 15ms (Views: 0.2ms | ActiveRecord: 7.2ms)
I, [2019-09-09T13:23:59.717970 #17065]  INFO -- : [1687674e-42a1-42cc-9686-216c57b8422e] Started GET "/developments/2874" for 104.207.192.42 at 2019-09-09 13:23:59 -0400
I, [2019-09-09T13:23:59.718558 #17065]  INFO -- : [1687674e-42a1-42cc-9686-216c57b8422e] Processing by DevelopmentsController#show as JSONAPI
I, [2019-09-09T13:23:59.718684 #17065]  INFO -- : [1687674e-42a1-42cc-9686-216c57b8422e]   Parameters: {"id"=>"2874"}
I, [2019-09-09T13:23:59.719734 #4313]  INFO -- : [072e0961-18d7-4103-be5f-412429d7c891] Completed 200 OK in 11ms (Views: 0.2ms | ActiveRecord: 4.8ms)
I, [2019-09-09T13:23:59.721536 #4313]  INFO -- : [3f8306a4-1967-4acf-8315-52305f380e5c] Started GET "/developments/1554" for 104.207.192.42 at 2019-09-09 13:23:59 -0400
I, [2019-09-09T13:23:59.722105 #4313]  INFO -- : [3f8306a4-1967-4acf-8315-52305f380e5c] Processing by DevelopmentsController#show as JSONAPI
I, [2019-09-09T13:23:59.722167 #4313]  INFO -- : [3f8306a4-1967-4acf-8315-52305f380e5c]   Parameters: {"id"=>"1554"}
I, [2019-09-09T13:23:59.730269 #4289]  INFO -- : [15f9cb99-57c1-48b5-b7f0-380cea0c438c] Completed 200 OK in 15ms (Views: 0.2ms | ActiveRecord: 5.8ms)
I, [2019-09-09T13:23:59.731959 #17065]  INFO -- : [1687674e-42a1-42cc-9686-216c57b8422e] Completed 200 OK in 13ms (Views: 0.2ms | ActiveRecord: 6.5ms)
I, [2019-09-09T13:23:59.735270 #4313]  INFO -- : [3f8306a4-1967-4acf-8315-52305f380e5c] Completed 200 OK in 13ms (Views: 0.1ms | ActiveRecord: 7.7ms)
I, [2019-09-09T13:24:00.320848 #4289]  INFO -- : [0c6968d8-0062-43bc-852e-3f4ee982f880] Started GET "/developments/4387" for 104.207.192.42 at 2019-09-09 13:24:00 -0400
I, [2019-09-09T13:24:00.321030 #17065]  INFO -- : [1c3fc63f-3af5-4fb2-939c-d5ddb0a34af2] Started GET "/developments/3672" for 104.207.192.42 at 2019-09-09 13:24:00 -0400
I, [2019-09-09T13:24:00.321754 #4289]  INFO -- : [0c6968d8-0062-43bc-852e-3f4ee982f880] Processing by DevelopmentsController#show as JSONAPI
I, [2019-09-09T13:24:00.321817 #4289]  INFO -- : [0c6968d8-0062-43bc-852e-3f4ee982f880]   Parameters: {"id"=>"4387"}
I, [2019-09-09T13:24:00.322232 #17065]  INFO -- : [1c3fc63f-3af5-4fb2-939c-d5ddb0a34af2] Processing by DevelopmentsController#show as JSONAPI
I, [2019-09-09T13:24:00.322322 #17065]  INFO -- : [1c3fc63f-3af5-4fb2-939c-d5ddb0a34af2]   Parameters: {"id"=>"3672"}
I, [2019-09-09T13:24:00.322830 #4313]  INFO -- : [e39b4220-ea51-4067-9f54-916959133e8e] Started GET "/developments/615" for 104.207.192.42 at 2019-09-09 13:24:00 -0400
I, [2019-09-09T13:24:00.323734 #4313]  INFO -- : [e39b4220-ea51-4067-9f54-916959133e8e] Processing by DevelopmentsController#show as JSONAPI
I, [2019-09-09T13:24:00.323802 #4313]  INFO -- : [e39b4220-ea51-4067-9f54-916959133e8e]   Parameters: {"id"=>"615"}
I, [2019-09-09T13:24:00.341255 #4313]  INFO -- : [e39b4220-ea51-4067-9f54-916959133e8e] Completed 200 OK in 17ms (Views: 0.2ms | ActiveRecord: 5.1ms)
I, [2019-09-09T13:24:00.341260 #4289]  INFO -- : [0c6968d8-0062-43bc-852e-3f4ee982f880] Completed 200 OK in 19ms (Views: 0.2ms | ActiveRecord: 8.6ms)
I, [2019-09-09T13:24:00.346079 #4313]  INFO -- : [f47c5891-b3b8-417b-bb0a-7223573b92cb] Started GET "/developments/2515" for 104.207.192.42 at 2019-09-09 13:24:00 -0400
I, [2019-09-09T13:24:00.347410 #17065]  INFO -- : [1c3fc63f-3af5-4fb2-939c-d5ddb0a34af2] Completed 200 OK in 25ms (Views: 0.3ms | ActiveRecord: 7.5ms)
I, [2019-09-09T13:24:00.347488 #4289]  INFO -- : [a9f3ca5f-7f32-4b6a-9ba3-aebe4946ec97] Started GET "/developments/1905" for 104.207.192.42 at 2019-09-09 13:24:00 -0400
I, [2019-09-09T13:24:00.348382 #4313]  INFO -- : [f47c5891-b3b8-417b-bb0a-7223573b92cb] Processing by DevelopmentsController#show as JSONAPI
I, [2019-09-09T13:24:00.348450 #4313]  INFO -- : [f47c5891-b3b8-417b-bb0a-7223573b92cb]   Parameters: {"id"=>"2515"}
I, [2019-09-09T13:24:00.349773 #4289]  INFO -- : [a9f3ca5f-7f32-4b6a-9ba3-aebe4946ec97] Processing by DevelopmentsController#show as JSONAPI
I, [2019-09-09T13:24:00.349839 #4289]  INFO -- : [a9f3ca5f-7f32-4b6a-9ba3-aebe4946ec97]   Parameters: {"id"=>"1905"}
I, [2019-09-09T13:24:00.351554 #17065]  INFO -- : [0968d654-e5ba-46b9-8dc8-4fd1ba63ccf9] Started GET "/developments/614" for 104.207.192.42 at 2019-09-09 13:24:00 -0400
I, [2019-09-09T13:24:00.352706 #17065]  INFO -- : [0968d654-e5ba-46b9-8dc8-4fd1ba63ccf9] Processing by DevelopmentsController#show as JSONAPI
I, [2019-09-09T13:24:00.352774 #17065]  INFO -- : [0968d654-e5ba-46b9-8dc8-4fd1ba63ccf9]   Parameters: {"id"=>"614"}
I, [2019-09-09T13:24:00.360238 #4289]  INFO -- : [a9f3ca5f-7f32-4b6a-9ba3-aebe4946ec97] Completed 200 OK in 10ms (Views: 0.1ms | ActiveRecord: 3.8ms)
I, [2019-09-09T13:24:00.360920 #4289]  INFO -- : [a4652ed6-e712-4c68-80e6-67fdd9dd6248] Started GET "/developments/1488" for 104.207.192.42 at 2019-09-09 13:24:00 -0400
I, [2019-09-09T13:24:00.361276 #4289]  INFO -- : [a4652ed6-e712-4c68-80e6-67fdd9dd6248] Processing by DevelopmentsController#show as JSONAPI
I, [2019-09-09T13:24:00.361319 #4289]  INFO -- : [a4652ed6-e712-4c68-80e6-67fdd9dd6248]   Parameters: {"id"=>"1488"}
I, [2019-09-09T13:24:00.371451 #4313]  INFO -- : [f47c5891-b3b8-417b-bb0a-7223573b92cb] Completed 200 OK in 23ms (Views: 0.2ms | ActiveRecord: 13.3ms)
I, [2019-09-09T13:24:00.372482 #4313]  INFO -- : [1a86f42d-6d5f-4cc1-8557-5233499da508] Started GET "/developments/4323" for 104.207.192.42 at 2019-09-09 13:24:00 -0400
I, [2019-09-09T13:24:00.373158 #4313]  INFO -- : [1a86f42d-6d5f-4cc1-8557-5233499da508] Processing by DevelopmentsController#show as JSONAPI
I, [2019-09-09T13:24:00.373238 #4313]  INFO -- : [1a86f42d-6d5f-4cc1-8557-5233499da508]   Parameters: {"id"=>"4323"}
I, [2019-09-09T13:24:00.374497 #17065]  INFO -- : [0968d654-e5ba-46b9-8dc8-4fd1ba63ccf9] Completed 200 OK in 22ms (Views: 0.2ms | ActiveRecord: 13.0ms)
I, [2019-09-09T13:24:00.375975 #17065]  INFO -- : [04e87333-d101-40a9-89d9-55b1f970981e] Started GET "/developments/4391" for 104.207.192.42 at 2019-09-09 13:24:00 -0400
I, [2019-09-09T13:24:00.377590 #17065]  INFO -- : [04e87333-d101-40a9-89d9-55b1f970981e] Processing by DevelopmentsController#show as JSONAPI
I, [2019-09-09T13:24:00.377649 #17065]  INFO -- : [04e87333-d101-40a9-89d9-55b1f970981e]   Parameters: {"id"=>"4391"}
I, [2019-09-09T13:24:00.380009 #4289]  INFO -- : [a4652ed6-e712-4c68-80e6-67fdd9dd6248] Completed 200 OK in 19ms (Views: 0.2ms | ActiveRecord: 7.5ms)
I, [2019-09-09T13:24:00.381021 #4289]  INFO -- : [062fc257-1d02-4f76-87f6-091a04453d62] Started GET "/developments/1205" for 104.207.192.42 at 2019-09-09 13:24:00 -0400
I, [2019-09-09T13:24:00.381553 #4289]  INFO -- : [062fc257-1d02-4f76-87f6-091a04453d62] Processing by DevelopmentsController#show as JSONAPI
I, [2019-09-09T13:24:00.381618 #4289]  INFO -- : [062fc257-1d02-4f76-87f6-091a04453d62]   Parameters: {"id"=>"1205"}
I, [2019-09-09T13:24:00.389644 #17065]  INFO -- : [04e87333-d101-40a9-89d9-55b1f970981e] Completed 200 OK in 12ms (Views: 0.2ms | ActiveRecord: 4.4ms)
I, [2019-09-09T13:24:00.390735 #17065]  INFO -- : [85be846e-9ac3-4c00-b72d-5133359648c2] Started GET "/developments/2483" for 104.207.192.42 at 2019-09-09 13:24:00 -0400
I, [2019-09-09T13:24:00.391193 #4313]  INFO -- : [1a86f42d-6d5f-4cc1-8557-5233499da508] Completed 200 OK in 18ms (Views: 0.2ms | ActiveRecord: 5.6ms)
I, [2019-09-09T13:24:00.391379 #17065]  INFO -- : [85be846e-9ac3-4c00-b72d-5133359648c2] Processing by DevelopmentsController#show as JSONAPI
I, [2019-09-09T13:24:00.391442 #17065]  INFO -- : [85be846e-9ac3-4c00-b72d-5133359648c2]   Parameters: {"id"=>"2483"}
I, [2019-09-09T13:24:00.391965 #4313]  INFO -- : [46883a99-6535-489f-ac5d-f0462cd33a1a] Started GET "/developments/307" for 104.207.192.42 at 2019-09-09 13:24:00 -0400
I, [2019-09-09T13:24:00.392526 #4313]  INFO -- : [46883a99-6535-489f-ac5d-f0462cd33a1a] Processing by DevelopmentsController#show as JSONAPI
I, [2019-09-09T13:24:00.392590 #4313]  INFO -- : [46883a99-6535-489f-ac5d-f0462cd33a1a]   Parameters: {"id"=>"307"}
I, [2019-09-09T13:24:00.395840 #4289]  INFO -- : [062fc257-1d02-4f76-87f6-091a04453d62] Completed 200 OK in 14ms (Views: 0.2ms | ActiveRecord: 7.1ms)
I, [2019-09-09T13:24:00.396618 #4289]  INFO -- : [06a4491b-f71b-4db5-9006-5ecde8886554] Started GET "/developments/1090" for 104.207.192.42 at 2019-09-09 13:24:00 -0400
I, [2019-09-09T13:24:00.397148 #4289]  INFO -- : [06a4491b-f71b-4db5-9006-5ecde8886554] Processing by DevelopmentsController#show as JSONAPI
I, [2019-09-09T13:24:00.397212 #4289]  INFO -- : [06a4491b-f71b-4db5-9006-5ecde8886554]   Parameters: {"id"=>"1090"}
I, [2019-09-09T13:24:00.404771 #17065]  INFO -- : [85be846e-9ac3-4c00-b72d-5133359648c2] Completed 200 OK in 13ms (Views: 0.2ms | ActiveRecord: 5.5ms)
I, [2019-09-09T13:24:00.405550 #4313]  INFO -- : [46883a99-6535-489f-ac5d-f0462cd33a1a] Completed 200 OK in 13ms (Views: 0.5ms | ActiveRecord: 4.8ms)
I, [2019-09-09T13:24:00.405632 #17065]  INFO -- : [672b4bb9-161b-4b93-8f3e-95d3cc4493e1] Started GET "/developments/2392" for 104.207.192.42 at 2019-09-09 13:24:00 -0400
I, [2019-09-09T13:24:00.406286 #17065]  INFO -- : [672b4bb9-161b-4b93-8f3e-95d3cc4493e1] Processing by DevelopmentsController#show as JSONAPI
I, [2019-09-09T13:24:00.406350 #17065]  INFO -- : [672b4bb9-161b-4b93-8f3e-95d3cc4493e1]   Parameters: {"id"=>"2392"}
I, [2019-09-09T13:24:00.406526 #4313]  INFO -- : [cda1c39b-73f7-46ad-ae3a-14488e3cedfa] Started GET "/developments/2607" for 104.207.192.42 at 2019-09-09 13:24:00 -0400
I, [2019-09-09T13:24:00.407115 #4313]  INFO -- : [cda1c39b-73f7-46ad-ae3a-14488e3cedfa] Processing by DevelopmentsController#show as JSONAPI
I, [2019-09-09T13:24:00.407179 #4313]  INFO -- : [cda1c39b-73f7-46ad-ae3a-14488e3cedfa]   Parameters: {"id"=>"2607"}
I, [2019-09-09T13:24:00.410538 #4289]  INFO -- : [06a4491b-f71b-4db5-9006-5ecde8886554] Completed 200 OK in 13ms (Views: 0.2ms | ActiveRecord: 6.6ms)
I, [2019-09-09T13:24:00.411304 #4289]  INFO -- : [e71bd31a-befc-4343-9d5c-ca741c4e2ae1] Started GET "/developments/4399" for 104.207.192.42 at 2019-09-09 13:24:00 -0400
I, [2019-09-09T13:24:00.411861 #4289]  INFO -- : [e71bd31a-befc-4343-9d5c-ca741c4e2ae1] Processing by DevelopmentsController#show as JSONAPI
I, [2019-09-09T13:24:00.411922 #4289]  INFO -- : [e71bd31a-befc-4343-9d5c-ca741c4e2ae1]   Parameters: {"id"=>"4399"}
I, [2019-09-09T13:24:00.418189 #4313]  INFO -- : [cda1c39b-73f7-46ad-ae3a-14488e3cedfa] Completed 200 OK in 11ms (Views: 0.2ms | ActiveRecord: 4.1ms)
I, [2019-09-09T13:24:00.419240 #4313]  INFO -- : [ff55e50c-766f-4ea7-8ae3-c6777277e4df] Started GET "/developments/1341" for 104.207.192.42 at 2019-09-09 13:24:00 -0400
I, [2019-09-09T13:24:00.419812 #4313]  INFO -- : [ff55e50c-766f-4ea7-8ae3-c6777277e4df] Processing by DevelopmentsController#show as JSONAPI
I, [2019-09-09T13:24:00.419876 #4313]  INFO -- : [ff55e50c-766f-4ea7-8ae3-c6777277e4df]   Parameters: {"id"=>"1341"}
I, [2019-09-09T13:24:00.422210 #17065]  INFO -- : [672b4bb9-161b-4b93-8f3e-95d3cc4493e1] Completed 200 OK in 16ms (Views: 0.3ms | ActiveRecord: 7.1ms)
I, [2019-09-09T13:24:00.425018 #4289]  INFO -- : [e71bd31a-befc-4343-9d5c-ca741c4e2ae1] Completed 200 OK in 13ms (Views: 0.3ms | ActiveRecord: 6.9ms)
I, [2019-09-09T13:24:00.425749 #4289]  INFO -- : [3d7908d9-bfd1-4fb0-ab17-50a6345a6777] Started GET "/developments/3392" for 104.207.192.42 at 2019-09-09 13:24:00 -0400
I, [2019-09-09T13:24:00.426313 #4289]  INFO -- : [3d7908d9-bfd1-4fb0-ab17-50a6345a6777] Processing by DevelopmentsController#show as JSONAPI
I, [2019-09-09T13:24:00.426372 #4289]  INFO -- : [3d7908d9-bfd1-4fb0-ab17-50a6345a6777]   Parameters: {"id"=>"3392"}
I, [2019-09-09T13:24:00.427196 #17065]  INFO -- : [01dc8ad4-7876-49ff-84a5-48d38cba8ad4] Started GET "/developments/4371" for 104.207.192.42 at 2019-09-09 13:24:00 -0400
I, [2019-09-09T13:24:00.427896 #17065]  INFO -- : [01dc8ad4-7876-49ff-84a5-48d38cba8ad4] Processing by DevelopmentsController#show as JSONAPI
I, [2019-09-09T13:24:00.428209 #17065]  INFO -- : [01dc8ad4-7876-49ff-84a5-48d38cba8ad4]   Parameters: {"id"=>"4371"}
I, [2019-09-09T13:24:00.433384 #4313]  INFO -- : [ff55e50c-766f-4ea7-8ae3-c6777277e4df] Completed 200 OK in 13ms (Views: 0.2ms | ActiveRecord: 6.4ms)
I, [2019-09-09T13:24:00.434461 #4313]  INFO -- : [6a5be008-657b-404a-ba6c-de44e1e0d289] Started GET "/developments/2031" for 104.207.192.42 at 2019-09-09 13:24:00 -0400
I, [2019-09-09T13:24:00.434948 #4313]  INFO -- : [6a5be008-657b-404a-ba6c-de44e1e0d289] Processing by DevelopmentsController#show as JSONAPI
I, [2019-09-09T13:24:00.434995 #4313]  INFO -- : [6a5be008-657b-404a-ba6c-de44e1e0d289]   Parameters: {"id"=>"2031"}
I, [2019-09-09T13:24:00.441369 #4289]  INFO -- : [3d7908d9-bfd1-4fb0-ab17-50a6345a6777] Completed 200 OK in 15ms (Views: 0.2ms | ActiveRecord: 7.4ms)
I, [2019-09-09T13:24:00.442200 #4289]  INFO -- : [8bfed230-ba39-48db-b7bf-c5fb16e89789] Started GET "/developments/2320" for 104.207.192.42 at 2019-09-09 13:24:00 -0400
I, [2019-09-09T13:24:00.442854 #4289]  INFO -- : [8bfed230-ba39-48db-b7bf-c5fb16e89789] Processing by DevelopmentsController#show as JSONAPI
I, [2019-09-09T13:24:00.442920 #4289]  INFO -- : [8bfed230-ba39-48db-b7bf-c5fb16e89789]   Parameters: {"id"=>"2320"}
I, [2019-09-09T13:24:00.443708 #17065]  INFO -- : [01dc8ad4-7876-49ff-84a5-48d38cba8ad4] Completed 200 OK in 15ms (Views: 0.3ms | ActiveRecord: 6.0ms)
I, [2019-09-09T13:24:00.445013 #17065]  INFO -- : [805b4194-0fcc-4303-9556-05678640d7e1] Started GET "/developments/202" for 104.207.192.42 at 2019-09-09 13:24:00 -0400
I, [2019-09-09T13:24:00.445806 #17065]  INFO -- : [805b4194-0fcc-4303-9556-05678640d7e1] Processing by DevelopmentsController#show as JSONAPI
I, [2019-09-09T13:24:00.445856 #17065]  INFO -- : [805b4194-0fcc-4303-9556-05678640d7e1]   Parameters: {"id"=>"202"}
I, [2019-09-09T13:24:00.448348 #4313]  INFO -- : [6a5be008-657b-404a-ba6c-de44e1e0d289] Completed 200 OK in 13ms (Views: 0.2ms | ActiveRecord: 6.7ms)
I, [2019-09-09T13:24:00.449507 #4313]  INFO -- : [d8767616-2d16-4e3c-985d-b755d1d63101] Started GET "/developments/974" for 104.207.192.42 at 2019-09-09 13:24:00 -0400
I, [2019-09-09T13:24:00.451146 #4313]  INFO -- : [d8767616-2d16-4e3c-985d-b755d1d63101] Processing by DevelopmentsController#show as JSONAPI
I, [2019-09-09T13:24:00.451252 #4313]  INFO -- : [d8767616-2d16-4e3c-985d-b755d1d63101]   Parameters: {"id"=>"974"}
I, [2019-09-09T13:24:00.454843 #4289]  INFO -- : [8bfed230-ba39-48db-b7bf-c5fb16e89789] Completed 200 OK in 12ms (Views: 0.2ms | ActiveRecord: 3.7ms)
I, [2019-09-09T13:24:00.455734 #4289]  INFO -- : [4bf325ce-012c-4e67-9137-5997cb1da8ea] Started GET "/developments/795" for 104.207.192.42 at 2019-09-09 13:24:00 -0400
I, [2019-09-09T13:24:00.456289 #4289]  INFO -- : [4bf325ce-012c-4e67-9137-5997cb1da8ea] Processing by DevelopmentsController#show as JSONAPI
I, [2019-09-09T13:24:00.456354 #4289]  INFO -- : [4bf325ce-012c-4e67-9137-5997cb1da8ea]   Parameters: {"id"=>"795"}
I, [2019-09-09T13:24:00.461864 #17065]  INFO -- : [805b4194-0fcc-4303-9556-05678640d7e1] Completed 200 OK in 16ms (Views: 0.2ms | ActiveRecord: 7.1ms)
I, [2019-09-09T13:24:00.463074 #17065]  INFO -- : [8ae13c7f-b70e-4bb0-b9eb-ff22815e55f1] Started GET "/developments/816" for 104.207.192.42 at 2019-09-09 13:24:00 -0400
I, [2019-09-09T13:24:00.463833 #17065]  INFO -- : [8ae13c7f-b70e-4bb0-b9eb-ff22815e55f1] Processing by DevelopmentsController#show as JSONAPI
I, [2019-09-09T13:24:00.464077 #17065]  INFO -- : [8ae13c7f-b70e-4bb0-b9eb-ff22815e55f1]   Parameters: {"id"=>"816"}
I, [2019-09-09T13:24:00.465315 #4313]  INFO -- : [d8767616-2d16-4e3c-985d-b755d1d63101] Completed 200 OK in 14ms (Views: 0.2ms | ActiveRecord: 6.8ms)
I, [2019-09-09T13:24:00.466306 #4313]  INFO -- : [714b7711-e039-44c2-a6d8-bf7899727ba1] Started GET "/developments/1281" for 104.207.192.42 at 2019-09-09 13:24:00 -0400
I, [2019-09-09T13:24:00.467162 #4313]  INFO -- : [714b7711-e039-44c2-a6d8-bf7899727ba1] Processing by DevelopmentsController#show as JSONAPI
I, [2019-09-09T13:24:00.467292 #4313]  INFO -- : [714b7711-e039-44c2-a6d8-bf7899727ba1]   Parameters: {"id"=>"1281"}
I, [2019-09-09T13:24:00.470110 #4289]  INFO -- : [4bf325ce-012c-4e67-9137-5997cb1da8ea] Completed 200 OK in 13ms (Views: 0.2ms | ActiveRecord: 6.3ms)
I, [2019-09-09T13:24:00.471088 #4289]  INFO -- : [f96a1408-4b7e-4664-bc13-bee284ef7e96] Started GET "/developments/3347" for 104.207.192.42 at 2019-09-09 13:24:00 -0400
I, [2019-09-09T13:24:00.471703 #4289]  INFO -- : [f96a1408-4b7e-4664-bc13-bee284ef7e96] Processing by DevelopmentsController#show as JSONAPI
I, [2019-09-09T13:24:00.471769 #4289]  INFO -- : [f96a1408-4b7e-4664-bc13-bee284ef7e96]   Parameters: {"id"=>"3347"}
I, [2019-09-09T13:24:00.478828 #17065]  INFO -- : [8ae13c7f-b70e-4bb0-b9eb-ff22815e55f1] Completed 200 OK in 15ms (Views: 0.2ms | ActiveRecord: 4.9ms)
I, [2019-09-09T13:24:00.481298 #4313]  INFO -- : [714b7711-e039-44c2-a6d8-bf7899727ba1] Completed 200 OK in 14ms (Views: 0.1ms | ActiveRecord: 7.4ms)
I, [2019-09-09T13:24:00.482060 #4313]  INFO -- : [6772db2c-2151-44a2-8e91-ecba27f126bc] Started GET "/developments/2080" for 104.207.192.42 at 2019-09-09 13:24:00 -0400
I, [2019-09-09T13:24:00.482583 #4313]  INFO -- : [6772db2c-2151-44a2-8e91-ecba27f126bc] Processing by DevelopmentsController#show as JSONAPI
I, [2019-09-09T13:24:00.482646 #4313]  INFO -- : [6772db2c-2151-44a2-8e91-ecba27f126bc]   Parameters: {"id"=>"2080"}
I, [2019-09-09T13:24:00.483444 #17065]  INFO -- : [a763b293-5f2b-4816-a378-5ff2c66af679] Started GET "/developments/337" for 104.207.192.42 at 2019-09-09 13:24:00 -0400
I, [2019-09-09T13:24:00.484075 #4289]  INFO -- : [f96a1408-4b7e-4664-bc13-bee284ef7e96] Completed 200 OK in 12ms (Views: 0.5ms | ActiveRecord: 3.9ms)
I, [2019-09-09T13:24:00.484346 #17065]  INFO -- : [a763b293-5f2b-4816-a378-5ff2c66af679] Processing by DevelopmentsController#show as JSONAPI
I, [2019-09-09T13:24:00.484412 #17065]  INFO -- : [a763b293-5f2b-4816-a378-5ff2c66af679]   Parameters: {"id"=>"337"}
I, [2019-09-09T13:24:00.485101 #4289]  INFO -- : [444ab5a5-20a2-4776-a2e7-c9f5c1dc4f7f] Started GET "/developments/2545" for 104.207.192.42 at 2019-09-09 13:24:00 -0400
I, [2019-09-09T13:24:00.485655 #4289]  INFO -- : [444ab5a5-20a2-4776-a2e7-c9f5c1dc4f7f] Processing by DevelopmentsController#show as JSONAPI
I, [2019-09-09T13:24:00.485720 #4289]  INFO -- : [444ab5a5-20a2-4776-a2e7-c9f5c1dc4f7f]   Parameters: {"id"=>"2545"}
I, [2019-09-09T13:24:00.495723 #4313]  INFO -- : [6772db2c-2151-44a2-8e91-ecba27f126bc] Completed 200 OK in 13ms (Views: 0.2ms | ActiveRecord: 5.1ms)
I, [2019-09-09T13:24:00.496781 #4313]  INFO -- : [18bdb120-9529-409e-a37b-8903a5640551] Started GET "/developments/2790" for 104.207.192.42 at 2019-09-09 13:24:00 -0400
I, [2019-09-09T13:24:00.497665 #4313]  INFO -- : [18bdb120-9529-409e-a37b-8903a5640551] Processing by DevelopmentsController#show as JSONAPI
I, [2019-09-09T13:24:00.497732 #4313]  INFO -- : [18bdb120-9529-409e-a37b-8903a5640551]   Parameters: {"id"=>"2790"}
I, [2019-09-09T13:24:00.498909 #17065]  INFO -- : [a763b293-5f2b-4816-a378-5ff2c66af679] Completed 200 OK in 14ms (Views: 0.2ms | ActiveRecord: 6.3ms)
I, [2019-09-09T13:24:00.499775 #17065]  INFO -- : [c6a0fb7e-ef5d-45fc-94b3-8c423fe78617] Started GET "/developments/619" for 104.207.192.42 at 2019-09-09 13:24:00 -0400
I, [2019-09-09T13:24:00.501842 #4289]  INFO -- : [444ab5a5-20a2-4776-a2e7-c9f5c1dc4f7f] Completed 200 OK in 16ms (Views: 0.2ms | ActiveRecord: 9.7ms)
I, [2019-09-09T13:24:00.502556 #4289]  INFO -- : [99b6f83d-d910-4d8b-baa0-456de5097cfc] Started GET "/developments/2153" for 104.207.192.42 at 2019-09-09 13:24:00 -0400
I, [2019-09-09T13:24:00.502959 #4289]  INFO -- : [99b6f83d-d910-4d8b-baa0-456de5097cfc] Processing by DevelopmentsController#show as JSONAPI
I, [2019-09-09T13:24:00.503010 #4289]  INFO -- : [99b6f83d-d910-4d8b-baa0-456de5097cfc]   Parameters: {"id"=>"2153"}
I, [2019-09-09T13:24:00.503837 #17065]  INFO -- : [c6a0fb7e-ef5d-45fc-94b3-8c423fe78617] Processing by DevelopmentsController#show as JSONAPI
I, [2019-09-09T13:24:00.503907 #17065]  INFO -- : [c6a0fb7e-ef5d-45fc-94b3-8c423fe78617]   Parameters: {"id"=>"619"}
I, [2019-09-09T13:24:00.509170 #4313]  INFO -- : [18bdb120-9529-409e-a37b-8903a5640551] Completed 200 OK in 11ms (Views: 0.2ms | ActiveRecord: 4.1ms)
I, [2019-09-09T13:24:00.509903 #4313]  INFO -- : [12aced02-08f5-4954-af5e-1ea260955a03] Started GET "/developments/1136" for 104.207.192.42 at 2019-09-09 13:24:00 -0400
I, [2019-09-09T13:24:00.510419 #4313]  INFO -- : [12aced02-08f5-4954-af5e-1ea260955a03] Processing by DevelopmentsController#show as JSONAPI
I, [2019-09-09T13:24:00.510483 #4313]  INFO -- : [12aced02-08f5-4954-af5e-1ea260955a03]   Parameters: {"id"=>"1136"}
I, [2019-09-09T13:24:00.514378 #4289]  INFO -- : [99b6f83d-d910-4d8b-baa0-456de5097cfc] Completed 200 OK in 11ms (Views: 0.2ms | ActiveRecord: 4.9ms)
I, [2019-09-09T13:24:00.515412 #4289]  INFO -- : [4fb7fb4c-52c1-46bd-8187-b5c2f2f75012] Started GET "/developments/1492" for 104.207.192.42 at 2019-09-09 13:24:00 -0400
I, [2019-09-09T13:24:00.516307 #4289]  INFO -- : [4fb7fb4c-52c1-46bd-8187-b5c2f2f75012] Processing by DevelopmentsController#show as JSONAPI
I, [2019-09-09T13:24:00.516392 #4289]  INFO -- : [4fb7fb4c-52c1-46bd-8187-b5c2f2f75012]   Parameters: {"id"=>"1492"}
I, [2019-09-09T13:24:00.518803 #17065]  INFO -- : [c6a0fb7e-ef5d-45fc-94b3-8c423fe78617] Completed 200 OK in 15ms (Views: 0.2ms | ActiveRecord: 5.2ms)
I, [2019-09-09T13:24:00.519562 #17065]  INFO -- : [a3c18674-c34c-45e4-886f-6bdc749f6ac4] Started GET "/developments/21" for 104.207.192.42 at 2019-09-09 13:24:00 -0400
I, [2019-09-09T13:24:00.520176 #17065]  INFO -- : [a3c18674-c34c-45e4-886f-6bdc749f6ac4] Processing by DevelopmentsController#show as JSONAPI
I, [2019-09-09T13:24:00.520242 #17065]  INFO -- : [a3c18674-c34c-45e4-886f-6bdc749f6ac4]   Parameters: {"id"=>"21"}
I, [2019-09-09T13:24:00.525802 #4313]  INFO -- : [12aced02-08f5-4954-af5e-1ea260955a03] Completed 200 OK in 15ms (Views: 0.2ms | ActiveRecord: 6.9ms)
I, [2019-09-09T13:24:00.526512 #4313]  INFO -- : [af58cbe5-1340-41d6-948f-10a70af908b1] Started GET "/developments/1909" for 104.207.192.42 at 2019-09-09 13:24:00 -0400
I, [2019-09-09T13:24:00.527057 #4313]  INFO -- : [af58cbe5-1340-41d6-948f-10a70af908b1] Processing by DevelopmentsController#show as JSONAPI
I, [2019-09-09T13:24:00.527119 #4313]  INFO -- : [af58cbe5-1340-41d6-948f-10a70af908b1]   Parameters: {"id"=>"1909"}
I, [2019-09-09T13:24:00.527386 #4289]  INFO -- : [4fb7fb4c-52c1-46bd-8187-b5c2f2f75012] Completed 200 OK in 11ms (Views: 0.2ms | ActiveRecord: 3.8ms)
I, [2019-09-09T13:24:00.528616 #4289]  INFO -- : [0ff5cc99-9332-4166-a45b-4708605d46b9] Started GET "/developments/4579" for 104.207.192.42 at 2019-09-09 13:24:00 -0400
I, [2019-09-09T13:24:00.529149 #4289]  INFO -- : [0ff5cc99-9332-4166-a45b-4708605d46b9] Processing by DevelopmentsController#show as JSONAPI
I, [2019-09-09T13:24:00.529212 #4289]  INFO -- : [0ff5cc99-9332-4166-a45b-4708605d46b9]   Parameters: {"id"=>"4579"}
I, [2019-09-09T13:24:00.533511 #17065]  INFO -- : [a3c18674-c34c-45e4-886f-6bdc749f6ac4] Completed 200 OK in 13ms (Views: 0.2ms | ActiveRecord: 6.3ms)
I, [2019-09-09T13:24:00.534929 #17065]  INFO -- : [d785a24b-e1df-4f1a-b7c3-2675a078599c] Started GET "/developments/326" for 104.207.192.42 at 2019-09-09 13:24:00 -0400
I, [2019-09-09T13:24:00.535563 #17065]  INFO -- : [d785a24b-e1df-4f1a-b7c3-2675a078599c] Processing by DevelopmentsController#show as JSONAPI
I, [2019-09-09T13:24:00.535628 #17065]  INFO -- : [d785a24b-e1df-4f1a-b7c3-2675a078599c]   Parameters: {"id"=>"326"}
I, [2019-09-09T13:24:00.538737 #4313]  INFO -- : [af58cbe5-1340-41d6-948f-10a70af908b1] Completed 200 OK in 12ms (Views: 0.1ms | ActiveRecord: 3.9ms)
I, [2019-09-09T13:24:00.539313 #4313]  INFO -- : [23cc8f59-7c51-47d3-bcaf-be8788640f7a] Started GET "/developments/4163" for 104.207.192.42 at 2019-09-09 13:24:00 -0400
I, [2019-09-09T13:24:00.539818 #4313]  INFO -- : [23cc8f59-7c51-47d3-bcaf-be8788640f7a] Processing by DevelopmentsController#show as JSONAPI
I, [2019-09-09T13:24:00.541421 #4313]  INFO -- : [23cc8f59-7c51-47d3-bcaf-be8788640f7a]   Parameters: {"id"=>"4163"}
I, [2019-09-09T13:24:00.543394 #4289]  INFO -- : [0ff5cc99-9332-4166-a45b-4708605d46b9] Completed 200 OK in 14ms (Views: 0.2ms | ActiveRecord: 5.1ms)
I, [2019-09-09T13:24:00.544698 #4289]  INFO -- : [d31e5cfb-3ae8-4539-a633-78b9fcce0215] Started GET "/developments/4309" for 104.207.192.42 at 2019-09-09 13:24:00 -0400
I, [2019-09-09T13:24:00.545207 #4289]  INFO -- : [d31e5cfb-3ae8-4539-a633-78b9fcce0215] Processing by DevelopmentsController#show as JSONAPI
I, [2019-09-09T13:24:00.545254 #4289]  INFO -- : [d31e5cfb-3ae8-4539-a633-78b9fcce0215]   Parameters: {"id"=>"4309"}
I, [2019-09-09T13:24:00.549113 #17065]  INFO -- : [d785a24b-e1df-4f1a-b7c3-2675a078599c] Completed 200 OK in 13ms (Views: 0.2ms | ActiveRecord: 7.0ms)
I, [2019-09-09T13:24:00.549819 #17065]  INFO -- : [88a8685a-823d-426b-93c1-524036f17ccb] Started GET "/developments/4200" for 104.207.192.42 at 2019-09-09 13:24:00 -0400
I, [2019-09-09T13:24:00.550274 #17065]  INFO -- : [88a8685a-823d-426b-93c1-524036f17ccb] Processing by DevelopmentsController#show as JSONAPI
I, [2019-09-09T13:24:00.550335 #17065]  INFO -- : [88a8685a-823d-426b-93c1-524036f17ccb]   Parameters: {"id"=>"4200"}
I, [2019-09-09T13:24:00.555526 #4313]  INFO -- : [23cc8f59-7c51-47d3-bcaf-be8788640f7a] Completed 200 OK in 14ms (Views: 0.2ms | ActiveRecord: 6.6ms)
I, [2019-09-09T13:24:00.556164 #4313]  INFO -- : [f6348660-92e2-490e-bc1f-4e2598f6bac2] Started GET "/developments/4454" for 104.207.192.42 at 2019-09-09 13:24:00 -0400
I, [2019-09-09T13:24:00.556686 #4313]  INFO -- : [f6348660-92e2-490e-bc1f-4e2598f6bac2] Processing by DevelopmentsController#show as JSONAPI
I, [2019-09-09T13:24:00.556750 #4313]  INFO -- : [f6348660-92e2-490e-bc1f-4e2598f6bac2]   Parameters: {"id"=>"4454"}
I, [2019-09-09T13:24:00.560453 #17065]  INFO -- : [88a8685a-823d-426b-93c1-524036f17ccb] Completed 200 OK in 10ms (Views: 0.2ms | ActiveRecord: 3.2ms)
I, [2019-09-09T13:24:00.561229 #4289]  INFO -- : [d31e5cfb-3ae8-4539-a633-78b9fcce0215] Completed 200 OK in 16ms (Views: 0.2ms | ActiveRecord: 9.6ms)
I, [2019-09-09T13:24:00.562171 #4289]  INFO -- : [09b62f8c-5b90-42e5-8b31-218d8986bd25] Started GET "/developments/2974" for 104.207.192.42 at 2019-09-09 13:24:00 -0400
I, [2019-09-09T13:24:00.562713 #4289]  INFO -- : [09b62f8c-5b90-42e5-8b31-218d8986bd25] Processing by DevelopmentsController#show as JSONAPI
I, [2019-09-09T13:24:00.562806 #4289]  INFO -- : [09b62f8c-5b90-42e5-8b31-218d8986bd25]   Parameters: {"id"=>"2974"}
I, [2019-09-09T13:24:00.563173 #17065]  INFO -- : [041a5612-cb96-46eb-be5a-e5f934e76864] Started GET "/developments/1590" for 104.207.192.42 at 2019-09-09 13:24:00 -0400
I, [2019-09-09T13:24:00.563663 #17065]  INFO -- : [041a5612-cb96-46eb-be5a-e5f934e76864] Processing by DevelopmentsController#show as JSONAPI
I, [2019-09-09T13:24:00.563712 #17065]  INFO -- : [041a5612-cb96-46eb-be5a-e5f934e76864]   Parameters: {"id"=>"1590"}
I, [2019-09-09T13:24:00.570139 #4313]  INFO -- : [f6348660-92e2-490e-bc1f-4e2598f6bac2] Completed 200 OK in 13ms (Views: 0.2ms | ActiveRecord: 6.8ms)
I, [2019-09-09T13:24:00.571176 #4313]  INFO -- : [fa69c445-e3a0-467e-973c-3a2970a9da4d] Started GET "/developments/4580" for 104.207.192.42 at 2019-09-09 13:24:00 -0400
I, [2019-09-09T13:24:00.571706 #4313]  INFO -- : [fa69c445-e3a0-467e-973c-3a2970a9da4d] Processing by DevelopmentsController#show as JSONAPI
I, [2019-09-09T13:24:00.571768 #4313]  INFO -- : [fa69c445-e3a0-467e-973c-3a2970a9da4d]   Parameters: {"id"=>"4580"}
I, [2019-09-09T13:24:00.572477 #4289]  INFO -- : [09b62f8c-5b90-42e5-8b31-218d8986bd25] Completed 200 OK in 10ms (Views: 0.2ms | ActiveRecord: 3.2ms)
I, [2019-09-09T13:24:00.573533 #4289]  INFO -- : [b4b7d614-3de4-4db8-9622-9a20578cd7d9] Started GET "/developments/1533" for 104.207.192.42 at 2019-09-09 13:24:00 -0400
I, [2019-09-09T13:24:00.573927 #4289]  INFO -- : [b4b7d614-3de4-4db8-9622-9a20578cd7d9] Processing by DevelopmentsController#show as JSONAPI
I, [2019-09-09T13:24:00.573973 #4289]  INFO -- : [b4b7d614-3de4-4db8-9622-9a20578cd7d9]   Parameters: {"id"=>"1533"}
I, [2019-09-09T13:24:00.576550 #17065]  INFO -- : [041a5612-cb96-46eb-be5a-e5f934e76864] Completed 200 OK in 13ms (Views: 0.2ms | ActiveRecord: 5.6ms)
I, [2019-09-09T13:24:00.577713 #17065]  INFO -- : [ab6b7f29-1f05-478b-9b88-7625f89a5f3a] Started GET "/developments/3954" for 104.207.192.42 at 2019-09-09 13:24:00 -0400
I, [2019-09-09T13:24:00.578273 #17065]  INFO -- : [ab6b7f29-1f05-478b-9b88-7625f89a5f3a] Processing by DevelopmentsController#show as JSONAPI
I, [2019-09-09T13:24:00.578320 #17065]  INFO -- : [ab6b7f29-1f05-478b-9b88-7625f89a5f3a]   Parameters: {"id"=>"3954"}
I, [2019-09-09T13:24:00.583379 #4313]  INFO -- : [fa69c445-e3a0-467e-973c-3a2970a9da4d] Completed 200 OK in 11ms (Views: 0.2ms | ActiveRecord: 4.2ms)
I, [2019-09-09T13:24:00.584405 #4313]  INFO -- : [1d4df287-563c-4dad-a018-765a00173b51] Started GET "/developments/3297" for 104.207.192.42 at 2019-09-09 13:24:00 -0400
I, [2019-09-09T13:24:00.584832 #4313]  INFO -- : [1d4df287-563c-4dad-a018-765a00173b51] Processing by DevelopmentsController#show as JSONAPI
I, [2019-09-09T13:24:00.584884 #4313]  INFO -- : [1d4df287-563c-4dad-a018-765a00173b51]   Parameters: {"id"=>"3297"}
I, [2019-09-09T13:24:00.589506 #4289]  INFO -- : [b4b7d614-3de4-4db8-9622-9a20578cd7d9] Completed 200 OK in 15ms (Views: 0.2ms | ActiveRecord: 6.7ms)
I, [2019-09-09T13:24:00.590536 #4289]  INFO -- : [e6521ef7-b96c-4714-a111-9bb5ac34fe9d] Started GET "/developments/4237" for 104.207.192.42 at 2019-09-09 13:24:00 -0400
I, [2019-09-09T13:24:00.591061 #4289]  INFO -- : [e6521ef7-b96c-4714-a111-9bb5ac34fe9d] Processing by DevelopmentsController#show as JSONAPI
I, [2019-09-09T13:24:00.591134 #4289]  INFO -- : [e6521ef7-b96c-4714-a111-9bb5ac34fe9d]   Parameters: {"id"=>"4237"}
I, [2019-09-09T13:24:00.592259 #17065]  INFO -- : [ab6b7f29-1f05-478b-9b88-7625f89a5f3a] Completed 200 OK in 14ms (Views: 0.2ms | ActiveRecord: 7.0ms)
I, [2019-09-09T13:24:00.593475 #17065]  INFO -- : [e239b108-6b12-4399-8044-02a2c0ddfbb2] Started GET "/developments/4331" for 104.207.192.42 at 2019-09-09 13:24:00 -0400
I, [2019-09-09T13:24:00.593998 #17065]  INFO -- : [e239b108-6b12-4399-8044-02a2c0ddfbb2] Processing by DevelopmentsController#show as JSONAPI
I, [2019-09-09T13:24:00.594063 #17065]  INFO -- : [e239b108-6b12-4399-8044-02a2c0ddfbb2]   Parameters: {"id"=>"4331"}
I, [2019-09-09T13:24:00.597698 #4313]  INFO -- : [1d4df287-563c-4dad-a018-765a00173b51] Completed 200 OK in 13ms (Views: 0.1ms | ActiveRecord: 7.0ms)
I, [2019-09-09T13:24:00.599224 #4313]  INFO -- : [68f4cb30-9b81-4644-afc1-c24cad928403] Started GET "/developments/2883" for 104.207.192.42 at 2019-09-09 13:24:00 -0400
I, [2019-09-09T13:24:00.599677 #4313]  INFO -- : [68f4cb30-9b81-4644-afc1-c24cad928403] Processing by DevelopmentsController#show as JSONAPI
I, [2019-09-09T13:24:00.599722 #4313]  INFO -- : [68f4cb30-9b81-4644-afc1-c24cad928403]   Parameters: {"id"=>"2883"}
I, [2019-09-09T13:24:00.604475 #4289]  INFO -- : [e6521ef7-b96c-4714-a111-9bb5ac34fe9d] Completed 200 OK in 13ms (Views: 0.2ms | ActiveRecord: 7.2ms)
I, [2019-09-09T13:24:00.605526 #4289]  INFO -- : [03c2c381-1881-4d3f-9703-700a0c28acc1] Started GET "/developments/3072" for 104.207.192.42 at 2019-09-09 13:24:00 -0400
I, [2019-09-09T13:24:00.605628 #17065]  INFO -- : [e239b108-6b12-4399-8044-02a2c0ddfbb2] Completed 200 OK in 10ms (Views: 0.2ms | ActiveRecord: 3.4ms)
I, [2019-09-09T13:24:00.606414 #4289]  INFO -- : [03c2c381-1881-4d3f-9703-700a0c28acc1] Processing by DevelopmentsController#show as JSONAPI
I, [2019-09-09T13:24:00.606482 #4289]  INFO -- : [03c2c381-1881-4d3f-9703-700a0c28acc1]   Parameters: {"id"=>"3072"}
I, [2019-09-09T13:24:00.607826 #17065]  INFO -- : [68e5dc9b-3765-4395-8693-b0e4ef91ca74] Started GET "/developments/4397" for 104.207.192.42 at 2019-09-09 13:24:00 -0400
I, [2019-09-09T13:24:00.608441 #17065]  INFO -- : [68e5dc9b-3765-4395-8693-b0e4ef91ca74] Processing by DevelopmentsController#show as JSONAPI
I, [2019-09-09T13:24:00.608508 #17065]  INFO -- : [68e5dc9b-3765-4395-8693-b0e4ef91ca74]   Parameters: {"id"=>"4397"}
I, [2019-09-09T13:24:00.614328 #4313]  INFO -- : [68f4cb30-9b81-4644-afc1-c24cad928403] Completed 200 OK in 15ms (Views: 0.2ms | ActiveRecord: 8.2ms)
I, [2019-09-09T13:24:00.616103 #4313]  INFO -- : [bf18bf58-2594-49f1-b563-2a9c050c243b] Started GET "/developments/3575" for 104.207.192.42 at 2019-09-09 13:24:00 -0400
I, [2019-09-09T13:24:00.616639 #4313]  INFO -- : [bf18bf58-2594-49f1-b563-2a9c050c243b] Processing by DevelopmentsController#show as JSONAPI
I, [2019-09-09T13:24:00.616701 #4313]  INFO -- : [bf18bf58-2594-49f1-b563-2a9c050c243b]   Parameters: {"id"=>"3575"}
I, [2019-09-09T13:24:00.626145 #17065]  INFO -- : [68e5dc9b-3765-4395-8693-b0e4ef91ca74] Completed 200 OK in 17ms (Views: 0.2ms | ActiveRecord: 11.0ms)
I, [2019-09-09T13:24:00.626986 #17065]  INFO -- : [241514f0-30e8-4bb9-901f-d99217aef785] Started GET "/developments/3433" for 104.207.192.42 at 2019-09-09 13:24:00 -0400
I, [2019-09-09T13:24:00.627612 #17065]  INFO -- : [241514f0-30e8-4bb9-901f-d99217aef785] Processing by DevelopmentsController#show as JSONAPI
I, [2019-09-09T13:24:00.627691 #17065]  INFO -- : [241514f0-30e8-4bb9-901f-d99217aef785]   Parameters: {"id"=>"3433"}
I, [2019-09-09T13:24:00.627822 #4313]  INFO -- : [bf18bf58-2594-49f1-b563-2a9c050c243b] Completed 200 OK in 11ms (Views: 0.2ms | ActiveRecord: 3.0ms)
I, [2019-09-09T13:24:00.628074 #4289]  INFO -- : [03c2c381-1881-4d3f-9703-700a0c28acc1] Completed 200 OK in 16ms (Views: 0.2ms | ActiveRecord: 5.6ms)
I, [2019-09-09T13:24:00.629125 #4313]  INFO -- : [94e6d73d-237c-44c4-8e35-32e51cedac76] Started GET "/developments/1190" for 104.207.192.42 at 2019-09-09 13:24:00 -0400
I, [2019-09-09T13:24:00.629673 #4313]  INFO -- : [94e6d73d-237c-44c4-8e35-32e51cedac76] Processing by DevelopmentsController#show as JSONAPI
I, [2019-09-09T13:24:00.629737 #4313]  INFO -- : [94e6d73d-237c-44c4-8e35-32e51cedac76]   Parameters: {"id"=>"1190"}
I, [2019-09-09T13:24:00.630152 #4289]  INFO -- : [c6b27c8f-a1aa-4cc3-a08d-7c701304318a] Started GET "/developments/4770" for 104.207.192.42 at 2019-09-09 13:24:00 -0400
I, [2019-09-09T13:24:00.630758 #4289]  INFO -- : [c6b27c8f-a1aa-4cc3-a08d-7c701304318a] Processing by DevelopmentsController#show as JSONAPI
I, [2019-09-09T13:24:00.630821 #4289]  INFO -- : [c6b27c8f-a1aa-4cc3-a08d-7c701304318a]   Parameters: {"id"=>"4770"}
I, [2019-09-09T13:24:00.637975 #17065]  INFO -- : [241514f0-30e8-4bb9-901f-d99217aef785] Completed 200 OK in 10ms (Views: 0.2ms | ActiveRecord: 3.6ms)
I, [2019-09-09T13:24:00.639228 #17065]  INFO -- : [057cea14-427d-4843-be42-fc0d669ec500] Started GET "/developments/2687" for 104.207.192.42 at 2019-09-09 13:24:00 -0400
I, [2019-09-09T13:24:00.639811 #17065]  INFO -- : [057cea14-427d-4843-be42-fc0d669ec500] Processing by DevelopmentsController#show as JSONAPI
I, [2019-09-09T13:24:00.639876 #17065]  INFO -- : [057cea14-427d-4843-be42-fc0d669ec500]   Parameters: {"id"=>"2687"}
