ubuntu@live-mapc-org:/var/www/massbuilds/rails/current/log$ tail -n 5000 production.log
I, [2019-09-09T13:24:04.446492 #17065]  INFO -- : [e45c9c1a-4614-4568-b030-f41adb154e43]   Parameters: {"id"=>"19"}
I, [2019-09-09T13:24:04.450756 #4289]  INFO -- : [95e0428c-8594-4af0-b363-6f3f4425b4d5] Completed 200 OK in 13ms (Views: 0.2ms | ActiveRecord: 7.5ms)
I, [2019-09-09T13:24:04.451886 #4289]  INFO -- : [eff75007-34f1-4b3a-b00a-424092f88de0] Started GET "/developments/1997" for 104.207.192.42 at 2019-09-09 13:24:04 -0400
I, [2019-09-09T13:24:04.452457 #4289]  INFO -- : [eff75007-34f1-4b3a-b00a-424092f88de0] Processing by DevelopmentsController#show as JSONAPI
I, [2019-09-09T13:24:04.452520 #4289]  INFO -- : [eff75007-34f1-4b3a-b00a-424092f88de0]   Parameters: {"id"=>"1997"}
I, [2019-09-09T13:24:04.453607 #4313]  INFO -- : [85199c80-7411-43b1-b6c6-daedc1116a7e] Completed 200 OK in 11ms (Views: 0.2ms | ActiveRecord: 4.0ms)
I, [2019-09-09T13:24:04.454333 #4313]  INFO -- : [16608ea1-35d1-4214-9742-ca9d61eb4a7d] Started GET "/developments/2358" for 104.207.192.42 at 2019-09-09 13:24:04 -0400
I, [2019-09-09T13:24:04.454869 #4313]  INFO -- : [16608ea1-35d1-4214-9742-ca9d61eb4a7d] Processing by DevelopmentsController#show as JSONAPI
I, [2019-09-09T13:24:04.454948 #4313]  INFO -- : [16608ea1-35d1-4214-9742-ca9d61eb4a7d]   Parameters: {"id"=>"2358"}
I, [2019-09-09T13:24:04.461475 #17065]  INFO -- : [e45c9c1a-4614-4568-b030-f41adb154e43] Completed 200 OK in 15ms (Views: 0.2ms | ActiveRecord: 8.0ms)
I, [2019-09-09T13:24:04.463142 #4289]  INFO -- : [eff75007-34f1-4b3a-b00a-424092f88de0] Completed 200 OK in 10ms (Views: 0.3ms | ActiveRecord: 3.4ms)
I, [2019-09-09T13:24:04.463236 #17065]  INFO -- : [e443470f-01a6-438c-88f5-b75b45abd2e2] Started GET "/developments/4429" for 104.207.192.42 at 2019-09-09 13:24:04 -0400
I, [2019-09-09T13:24:04.463910 #17065]  INFO -- : [e443470f-01a6-438c-88f5-b75b45abd2e2] Processing by DevelopmentsController#show as JSONAPI
I, [2019-09-09T13:24:04.463999 #17065]  INFO -- : [e443470f-01a6-438c-88f5-b75b45abd2e2]   Parameters: {"id"=>"4429"}
I, [2019-09-09T13:24:04.464204 #4289]  INFO -- : [9cf82c51-cf6a-4d08-8aa7-c7cb0afbe123] Started GET "/developments/705" for 104.207.192.42 at 2019-09-09 13:24:04 -0400
I, [2019-09-09T13:24:04.464741 #4289]  INFO -- : [9cf82c51-cf6a-4d08-8aa7-c7cb0afbe123] Processing by DevelopmentsController#show as JSONAPI
I, [2019-09-09T13:24:04.464802 #4289]  INFO -- : [9cf82c51-cf6a-4d08-8aa7-c7cb0afbe123]   Parameters: {"id"=>"705"}
I, [2019-09-09T13:24:04.466240 #4313]  INFO -- : [16608ea1-35d1-4214-9742-ca9d61eb4a7d] Completed 200 OK in 11ms (Views: 0.2ms | ActiveRecord: 5.3ms)
I, [2019-09-09T13:24:04.467321 #4313]  INFO -- : [6d494f4a-964e-48a3-b87c-ed4707b3fe14] Started GET "/developments/2701" for 104.207.192.42 at 2019-09-09 13:24:04 -0400
I, [2019-09-09T13:24:04.467987 #4313]  INFO -- : [6d494f4a-964e-48a3-b87c-ed4707b3fe14] Processing by DevelopmentsController#show as JSONAPI
I, [2019-09-09T13:24:04.469037 #4313]  INFO -- : [6d494f4a-964e-48a3-b87c-ed4707b3fe14]   Parameters: {"id"=>"2701"}
I, [2019-09-09T13:24:04.476050 #4289]  INFO -- : [9cf82c51-cf6a-4d08-8aa7-c7cb0afbe123] Completed 200 OK in 11ms (Views: 0.2ms | ActiveRecord: 4.2ms)
I, [2019-09-09T13:24:04.477062 #4289]  INFO -- : [25b3c1d7-38d7-441b-9c0a-3fa44485643b] Started GET "/developments/4450" for 104.207.192.42 at 2019-09-09 13:24:04 -0400
I, [2019-09-09T13:24:04.477235 #17065]  INFO -- : [e443470f-01a6-438c-88f5-b75b45abd2e2] Completed 200 OK in 13ms (Views: 0.2ms | ActiveRecord: 4.6ms)
I, [2019-09-09T13:24:04.477876 #4289]  INFO -- : [25b3c1d7-38d7-441b-9c0a-3fa44485643b] Processing by DevelopmentsController#show as JSONAPI
I, [2019-09-09T13:24:04.477942 #4289]  INFO -- : [25b3c1d7-38d7-441b-9c0a-3fa44485643b]   Parameters: {"id"=>"4450"}
I, [2019-09-09T13:24:04.478001 #17065]  INFO -- : [0ed93eae-1c8b-464b-bbc4-f8b7174a66f4] Started GET "/developments/2051" for 104.207.192.42 at 2019-09-09 13:24:04 -0400
I, [2019-09-09T13:24:04.478474 #17065]  INFO -- : [0ed93eae-1c8b-464b-bbc4-f8b7174a66f4] Processing by DevelopmentsController#show as JSONAPI
I, [2019-09-09T13:24:04.478521 #17065]  INFO -- : [0ed93eae-1c8b-464b-bbc4-f8b7174a66f4]   Parameters: {"id"=>"2051"}
I, [2019-09-09T13:24:04.485900 #4313]  INFO -- : [6d494f4a-964e-48a3-b87c-ed4707b3fe14] Completed 200 OK in 17ms (Views: 0.2ms | ActiveRecord: 7.7ms)
I, [2019-09-09T13:24:04.487193 #4313]  INFO -- : [5dcbc2b3-8df6-4246-9c00-535bc654c7f7] Started GET "/developments/3934" for 104.207.192.42 at 2019-09-09 13:24:04 -0400
I, [2019-09-09T13:24:04.487575 #4313]  INFO -- : [5dcbc2b3-8df6-4246-9c00-535bc654c7f7] Processing by DevelopmentsController#show as JSONAPI
I, [2019-09-09T13:24:04.487620 #4313]  INFO -- : [5dcbc2b3-8df6-4246-9c00-535bc654c7f7]   Parameters: {"id"=>"3934"}
I, [2019-09-09T13:24:04.489953 #4289]  INFO -- : [25b3c1d7-38d7-441b-9c0a-3fa44485643b] Completed 200 OK in 12ms (Views: 0.2ms | ActiveRecord: 5.2ms)
I, [2019-09-09T13:24:04.491555 #4289]  INFO -- : [1ee2692b-89dd-4965-a7dc-f3a8e3f86890] Started GET "/developments/4065" for 104.207.192.42 at 2019-09-09 13:24:04 -0400
I, [2019-09-09T13:24:04.492164 #4289]  INFO -- : [1ee2692b-89dd-4965-a7dc-f3a8e3f86890] Processing by DevelopmentsController#show as JSONAPI
I, [2019-09-09T13:24:04.492250 #4289]  INFO -- : [1ee2692b-89dd-4965-a7dc-f3a8e3f86890]   Parameters: {"id"=>"4065"}
I, [2019-09-09T13:24:04.492898 #17065]  INFO -- : [0ed93eae-1c8b-464b-bbc4-f8b7174a66f4] Completed 200 OK in 14ms (Views: 0.1ms | ActiveRecord: 6.2ms)
I, [2019-09-09T13:24:04.495533 #17065]  INFO -- : [c50193eb-d73e-436e-9aca-757526fabffc] Started GET "/developments/4456" for 104.207.192.42 at 2019-09-09 13:24:04 -0400
I, [2019-09-09T13:24:04.496268 #17065]  INFO -- : [c50193eb-d73e-436e-9aca-757526fabffc] Processing by DevelopmentsController#show as JSONAPI
I, [2019-09-09T13:24:04.496335 #17065]  INFO -- : [c50193eb-d73e-436e-9aca-757526fabffc]   Parameters: {"id"=>"4456"}
I, [2019-09-09T13:24:04.502934 #4313]  INFO -- : [5dcbc2b3-8df6-4246-9c00-535bc654c7f7] Completed 200 OK in 15ms (Views: 0.2ms | ActiveRecord: 4.0ms)
I, [2019-09-09T13:24:04.503972 #4289]  INFO -- : [1ee2692b-89dd-4965-a7dc-f3a8e3f86890] Completed 200 OK in 12ms (Views: 0.2ms | ActiveRecord: 5.0ms)
I, [2019-09-09T13:24:04.504091 #4313]  INFO -- : [6be4484e-4c75-4820-a6a6-b7041c1e52e7] Started GET "/developments/4536" for 104.207.192.42 at 2019-09-09 13:24:04 -0400
I, [2019-09-09T13:24:04.504965 #4313]  INFO -- : [6be4484e-4c75-4820-a6a6-b7041c1e52e7] Processing by DevelopmentsController#show as JSONAPI
I, [2019-09-09T13:24:04.505031 #4313]  INFO -- : [6be4484e-4c75-4820-a6a6-b7041c1e52e7]   Parameters: {"id"=>"4536"}
I, [2019-09-09T13:24:04.505833 #4289]  INFO -- : [4228f0d2-e780-4bd6-bfcc-6cac8738c7e6] Started GET "/users/548" for 104.207.192.42 at 2019-09-09 13:24:04 -0400
I, [2019-09-09T13:24:04.508301 #17065]  INFO -- : [c50193eb-d73e-436e-9aca-757526fabffc] Completed 200 OK in 12ms (Views: 0.2ms | ActiveRecord: 5.6ms)
I, [2019-09-09T13:24:04.509240 #4289]  INFO -- : [4228f0d2-e780-4bd6-bfcc-6cac8738c7e6] Processing by UsersController#show as JSONAPI
I, [2019-09-09T13:24:04.509305 #4289]  INFO -- : [4228f0d2-e780-4bd6-bfcc-6cac8738c7e6]   Parameters: {"id"=>"548"}
I, [2019-09-09T13:24:04.509890 #17065]  INFO -- : [d6ddcb52-c79e-4313-b95f-29598effd142] Started GET "/developments/380" for 104.207.192.42 at 2019-09-09 13:24:04 -0400
I, [2019-09-09T13:24:04.510507 #17065]  INFO -- : [d6ddcb52-c79e-4313-b95f-29598effd142] Processing by DevelopmentsController#show as JSONAPI
I, [2019-09-09T13:24:04.510574 #17065]  INFO -- : [d6ddcb52-c79e-4313-b95f-29598effd142]   Parameters: {"id"=>"380"}
I, [2019-09-09T13:24:04.515440 #4313]  INFO -- : [6be4484e-4c75-4820-a6a6-b7041c1e52e7] Completed 200 OK in 10ms (Views: 0.1ms | ActiveRecord: 3.7ms)
I, [2019-09-09T13:24:04.516188 #4313]  INFO -- : [99835d87-d46d-4f68-a026-020155c4c129] Started GET "/developments/4454" for 104.207.192.42 at 2019-09-09 13:24:04 -0400
I, [2019-09-09T13:24:04.516762 #4313]  INFO -- : [99835d87-d46d-4f68-a026-020155c4c129] Processing by DevelopmentsController#show as JSONAPI
I, [2019-09-09T13:24:04.516827 #4313]  INFO -- : [99835d87-d46d-4f68-a026-020155c4c129]   Parameters: {"id"=>"4454"}
I, [2019-09-09T13:24:04.525172 #17065]  INFO -- : [d6ddcb52-c79e-4313-b95f-29598effd142] Completed 200 OK in 15ms (Views: 0.1ms | ActiveRecord: 7.4ms)
I, [2019-09-09T13:24:04.526672 #17065]  INFO -- : [120efe12-b216-433d-8030-52387c3c0cfa] Started GET "/developments/4397" for 104.207.192.42 at 2019-09-09 13:24:04 -0400
I, [2019-09-09T13:24:04.527302 #17065]  INFO -- : [120efe12-b216-433d-8030-52387c3c0cfa] Processing by DevelopmentsController#show as JSONAPI
I, [2019-09-09T13:24:04.527368 #17065]  INFO -- : [120efe12-b216-433d-8030-52387c3c0cfa]   Parameters: {"id"=>"4397"}
I, [2019-09-09T13:24:04.530255 #4313]  INFO -- : [99835d87-d46d-4f68-a026-020155c4c129] Completed 200 OK in 13ms (Views: 0.2ms | ActiveRecord: 6.8ms)
I, [2019-09-09T13:24:04.531006 #4313]  INFO -- : [23982514-e4b7-42a9-b580-8c1cedb9ff99] Started GET "/developments/3349" for 104.207.192.42 at 2019-09-09 13:24:04 -0400
I, [2019-09-09T13:24:04.531503 #4313]  INFO -- : [23982514-e4b7-42a9-b580-8c1cedb9ff99] Processing by DevelopmentsController#show as JSONAPI
I, [2019-09-09T13:24:04.531559 #4313]  INFO -- : [23982514-e4b7-42a9-b580-8c1cedb9ff99]   Parameters: {"id"=>"3349"}
I, [2019-09-09T13:24:04.533719 #4289]  INFO -- : [4228f0d2-e780-4bd6-bfcc-6cac8738c7e6] [active_model_serializers] Rendered UserSerializer with ActiveModelSerializers::Adapter::JsonApi (13.78ms)
I, [2019-09-09T13:24:04.534008 #4289]  INFO -- : [4228f0d2-e780-4bd6-bfcc-6cac8738c7e6] Completed 200 OK in 25ms (Views: 11.9ms | ActiveRecord: 7.0ms)
I, [2019-09-09T13:24:04.535157 #4289]  INFO -- : [7acb0888-7dc9-424d-8f1b-62aedf7b717f] Started GET "/developments/4313" for 104.207.192.42 at 2019-09-09 13:24:04 -0400
I, [2019-09-09T13:24:04.535952 #4289]  INFO -- : [7acb0888-7dc9-424d-8f1b-62aedf7b717f] Processing by DevelopmentsController#show as JSONAPI
I, [2019-09-09T13:24:04.536050 #4289]  INFO -- : [7acb0888-7dc9-424d-8f1b-62aedf7b717f]   Parameters: {"id"=>"4313"}
I, [2019-09-09T13:24:04.542964 #17065]  INFO -- : [120efe12-b216-433d-8030-52387c3c0cfa] Completed 200 OK in 15ms (Views: 0.2ms | ActiveRecord: 5.0ms)
I, [2019-09-09T13:24:04.544213 #17065]  INFO -- : [681c672b-3334-47a8-8874-743e214bff67] Started GET "/developments/4455" for 104.207.192.42 at 2019-09-09 13:24:04 -0400
I, [2019-09-09T13:24:04.544870 #17065]  INFO -- : [681c672b-3334-47a8-8874-743e214bff67] Processing by DevelopmentsController#show as JSONAPI
I, [2019-09-09T13:24:04.544937 #17065]  INFO -- : [681c672b-3334-47a8-8874-743e214bff67]   Parameters: {"id"=>"4455"}
I, [2019-09-09T13:24:04.546704 #4313]  INFO -- : [23982514-e4b7-42a9-b580-8c1cedb9ff99] Completed 200 OK in 15ms (Views: 0.1ms | ActiveRecord: 5.7ms)
I, [2019-09-09T13:24:04.547790 #4313]  INFO -- : [d1505d29-2de0-4066-a799-af428aa43633] Started GET "/developments/4334" for 104.207.192.42 at 2019-09-09 13:24:04 -0400
I, [2019-09-09T13:24:04.548398 #4313]  INFO -- : [d1505d29-2de0-4066-a799-af428aa43633] Processing by DevelopmentsController#show as JSONAPI
I, [2019-09-09T13:24:04.548461 #4313]  INFO -- : [d1505d29-2de0-4066-a799-af428aa43633]   Parameters: {"id"=>"4334"}
I, [2019-09-09T13:24:04.549672 #4289]  INFO -- : [7acb0888-7dc9-424d-8f1b-62aedf7b717f] Completed 200 OK in 14ms (Views: 0.3ms | ActiveRecord: 6.1ms)
I, [2019-09-09T13:24:04.550589 #4289]  INFO -- : [9171c1a0-1ff8-46d6-bdf3-64b73b41e885] Started GET "/developments/2158" for 104.207.192.42 at 2019-09-09 13:24:04 -0400
I, [2019-09-09T13:24:04.551142 #4289]  INFO -- : [9171c1a0-1ff8-46d6-bdf3-64b73b41e885] Processing by DevelopmentsController#show as JSONAPI
I, [2019-09-09T13:24:04.551202 #4289]  INFO -- : [9171c1a0-1ff8-46d6-bdf3-64b73b41e885]   Parameters: {"id"=>"2158"}
I, [2019-09-09T13:24:04.558820 #17065]  INFO -- : [681c672b-3334-47a8-8874-743e214bff67] Completed 200 OK in 14ms (Views: 0.2ms | ActiveRecord: 5.6ms)
I, [2019-09-09T13:24:04.559821 #17065]  INFO -- : [23a0be63-5815-4975-a8dc-4ad535cd8306] Started GET "/developments/4451" for 104.207.192.42 at 2019-09-09 13:24:04 -0400
I, [2019-09-09T13:24:04.560416 #17065]  INFO -- : [23a0be63-5815-4975-a8dc-4ad535cd8306] Processing by DevelopmentsController#show as JSONAPI
I, [2019-09-09T13:24:04.560485 #17065]  INFO -- : [23a0be63-5815-4975-a8dc-4ad535cd8306]   Parameters: {"id"=>"4451"}
I, [2019-09-09T13:24:04.562373 #4313]  INFO -- : [d1505d29-2de0-4066-a799-af428aa43633] Completed 200 OK in 14ms (Views: 0.2ms | ActiveRecord: 5.4ms)
I, [2019-09-09T13:24:04.563432 #4313]  INFO -- : [97f6807b-dadc-4621-9681-80495b1718ab] Started GET "/developments/4236" for 104.207.192.42 at 2019-09-09 13:24:04 -0400
I, [2019-09-09T13:24:04.564010 #4313]  INFO -- : [97f6807b-dadc-4621-9681-80495b1718ab] Processing by DevelopmentsController#show as JSONAPI
I, [2019-09-09T13:24:04.564076 #4313]  INFO -- : [97f6807b-dadc-4621-9681-80495b1718ab]   Parameters: {"id"=>"4236"}
I, [2019-09-09T13:24:04.564958 #4289]  INFO -- : [9171c1a0-1ff8-46d6-bdf3-64b73b41e885] Completed 200 OK in 14ms (Views: 0.2ms | ActiveRecord: 6.2ms)
I, [2019-09-09T13:24:04.567370 #4289]  INFO -- : [32fc27ce-3734-446c-8575-1458228676bc] Started GET "/developments/2312" for 104.207.192.42 at 2019-09-09 13:24:04 -0400
I, [2019-09-09T13:24:04.568001 #4289]  INFO -- : [32fc27ce-3734-446c-8575-1458228676bc] Processing by DevelopmentsController#show as JSONAPI
I, [2019-09-09T13:24:04.568066 #4289]  INFO -- : [32fc27ce-3734-446c-8575-1458228676bc]   Parameters: {"id"=>"2312"}
I, [2019-09-09T13:24:04.573412 #17065]  INFO -- : [23a0be63-5815-4975-a8dc-4ad535cd8306] Completed 200 OK in 13ms (Views: 0.1ms | ActiveRecord: 6.5ms)
I, [2019-09-09T13:24:04.575120 #17065]  INFO -- : [e5264472-b602-4499-aae2-ab8e133df951] Started GET "/developments/4372" for 104.207.192.42 at 2019-09-09 13:24:04 -0400
I, [2019-09-09T13:24:04.575747 #17065]  INFO -- : [e5264472-b602-4499-aae2-ab8e133df951] Processing by DevelopmentsController#show as JSONAPI
I, [2019-09-09T13:24:04.575814 #17065]  INFO -- : [e5264472-b602-4499-aae2-ab8e133df951]   Parameters: {"id"=>"4372"}
I, [2019-09-09T13:24:04.577721 #4289]  INFO -- : [32fc27ce-3734-446c-8575-1458228676bc] Completed 200 OK in 10ms (Views: 0.2ms | ActiveRecord: 3.7ms)
I, [2019-09-09T13:24:04.579492 #4313]  INFO -- : [97f6807b-dadc-4621-9681-80495b1718ab] Completed 200 OK in 15ms (Views: 0.2ms | ActiveRecord: 7.0ms)
I, [2019-09-09T13:24:04.580818 #4289]  INFO -- : [a2b9d8f6-4818-4452-acfa-c1bb0fd19e82] Started GET "/developments/1684" for 104.207.192.42 at 2019-09-09 13:24:04 -0400
I, [2019-09-09T13:24:04.581279 #4289]  INFO -- : [a2b9d8f6-4818-4452-acfa-c1bb0fd19e82] Processing by DevelopmentsController#show as JSONAPI
I, [2019-09-09T13:24:04.581326 #4289]  INFO -- : [a2b9d8f6-4818-4452-acfa-c1bb0fd19e82]   Parameters: {"id"=>"1684"}
I, [2019-09-09T13:24:04.581866 #4313]  INFO -- : [c893d7f3-69e9-4c00-a2c3-33bee578ef84] Started GET "/developments/23" for 104.207.192.42 at 2019-09-09 13:24:04 -0400
I, [2019-09-09T13:24:04.582460 #4313]  INFO -- : [c893d7f3-69e9-4c00-a2c3-33bee578ef84] Processing by DevelopmentsController#show as JSONAPI
I, [2019-09-09T13:24:04.582524 #4313]  INFO -- : [c893d7f3-69e9-4c00-a2c3-33bee578ef84]   Parameters: {"id"=>"23"}
I, [2019-09-09T13:24:04.585886 #17065]  INFO -- : [e5264472-b602-4499-aae2-ab8e133df951] Completed 200 OK in 10ms (Views: 0.2ms | ActiveRecord: 3.2ms)
I, [2019-09-09T13:24:04.586958 #17065]  INFO -- : [cd2e8463-30a5-49be-a762-e3117e46dbe1] Started GET "/developments/4074" for 104.207.192.42 at 2019-09-09 13:24:04 -0400
I, [2019-09-09T13:24:04.587554 #17065]  INFO -- : [cd2e8463-30a5-49be-a762-e3117e46dbe1] Processing by DevelopmentsController#show as JSONAPI
I, [2019-09-09T13:24:04.587619 #17065]  INFO -- : [cd2e8463-30a5-49be-a762-e3117e46dbe1]   Parameters: {"id"=>"4074"}
I, [2019-09-09T13:24:04.593817 #4289]  INFO -- : [a2b9d8f6-4818-4452-acfa-c1bb0fd19e82] Completed 200 OK in 12ms (Views: 0.1ms | ActiveRecord: 5.2ms)
I, [2019-09-09T13:24:04.595229 #4289]  INFO -- : [852b1a5c-a74c-4ea8-bc48-5ca4fe94e090] Started GET "/developments/1445" for 104.207.192.42 at 2019-09-09 13:24:04 -0400
I, [2019-09-09T13:24:04.595794 #4289]  INFO -- : [852b1a5c-a74c-4ea8-bc48-5ca4fe94e090] Processing by DevelopmentsController#show as JSONAPI
I, [2019-09-09T13:24:04.595857 #4289]  INFO -- : [852b1a5c-a74c-4ea8-bc48-5ca4fe94e090]   Parameters: {"id"=>"1445"}
I, [2019-09-09T13:24:04.597433 #4313]  INFO -- : [c893d7f3-69e9-4c00-a2c3-33bee578ef84] Completed 200 OK in 15ms (Views: 0.2ms | ActiveRecord: 5.6ms)
I, [2019-09-09T13:24:04.600074 #17065]  INFO -- : [cd2e8463-30a5-49be-a762-e3117e46dbe1] Completed 200 OK in 12ms (Views: 0.2ms | ActiveRecord: 5.2ms)
I, [2019-09-09T13:24:04.600831 #4313]  INFO -- : [0439ecfe-24b0-47b8-a3f2-d406aea6f3b7] Started GET "/developments/3356" for 104.207.192.42 at 2019-09-09 13:24:04 -0400
I, [2019-09-09T13:24:04.601331 #4313]  INFO -- : [0439ecfe-24b0-47b8-a3f2-d406aea6f3b7] Processing by DevelopmentsController#show as JSONAPI
I, [2019-09-09T13:24:04.601394 #4313]  INFO -- : [0439ecfe-24b0-47b8-a3f2-d406aea6f3b7]   Parameters: {"id"=>"3356"}
I, [2019-09-09T13:24:04.602026 #17065]  INFO -- : [f8457cef-f4ef-4c1d-b0f8-cd15328e5907] Started GET "/developments/1909" for 104.207.192.42 at 2019-09-09 13:24:04 -0400
I, [2019-09-09T13:24:04.602591 #17065]  INFO -- : [f8457cef-f4ef-4c1d-b0f8-cd15328e5907] Processing by DevelopmentsController#show as JSONAPI
I, [2019-09-09T13:24:04.602658 #17065]  INFO -- : [f8457cef-f4ef-4c1d-b0f8-cd15328e5907]   Parameters: {"id"=>"1909"}
I, [2019-09-09T13:24:04.606468 #4289]  INFO -- : [852b1a5c-a74c-4ea8-bc48-5ca4fe94e090] Completed 200 OK in 11ms (Views: 0.2ms | ActiveRecord: 3.5ms)
I, [2019-09-09T13:24:04.607590 #4289]  INFO -- : [e3fdad88-c17e-4a78-b573-8b7df8c74496] Started GET "/developments/1533" for 104.207.192.42 at 2019-09-09 13:24:04 -0400
I, [2019-09-09T13:24:04.608174 #4289]  INFO -- : [e3fdad88-c17e-4a78-b573-8b7df8c74496] Processing by DevelopmentsController#show as JSONAPI
I, [2019-09-09T13:24:04.608238 #4289]  INFO -- : [e3fdad88-c17e-4a78-b573-8b7df8c74496]   Parameters: {"id"=>"1533"}
I, [2019-09-09T13:24:04.612936 #4313]  INFO -- : [0439ecfe-24b0-47b8-a3f2-d406aea6f3b7] Completed 200 OK in 11ms (Views: 0.2ms | ActiveRecord: 5.1ms)
I, [2019-09-09T13:24:04.613826 #4313]  INFO -- : [a18e4ce1-3c55-44aa-ad4b-ba8269eeb670] Started GET "/developments/4587" for 104.207.192.42 at 2019-09-09 13:24:04 -0400
I, [2019-09-09T13:24:04.614322 #4313]  INFO -- : [a18e4ce1-3c55-44aa-ad4b-ba8269eeb670] Processing by DevelopmentsController#show as JSONAPI
I, [2019-09-09T13:24:04.614369 #4313]  INFO -- : [a18e4ce1-3c55-44aa-ad4b-ba8269eeb670]   Parameters: {"id"=>"4587"}
I, [2019-09-09T13:24:04.617427 #17065]  INFO -- : [f8457cef-f4ef-4c1d-b0f8-cd15328e5907] Completed 200 OK in 15ms (Views: 0.2ms | ActiveRecord: 5.2ms)
I, [2019-09-09T13:24:04.619281 #17065]  INFO -- : [b704cac5-5ca4-4139-8bce-04aa6aa25224] Started GET "/developments/2080" for 104.207.192.42 at 2019-09-09 13:24:04 -0400
I, [2019-09-09T13:24:04.619915 #17065]  INFO -- : [b704cac5-5ca4-4139-8bce-04aa6aa25224] Processing by DevelopmentsController#show as JSONAPI
I, [2019-09-09T13:24:04.620006 #17065]  INFO -- : [b704cac5-5ca4-4139-8bce-04aa6aa25224]   Parameters: {"id"=>"2080"}
I, [2019-09-09T13:24:04.622131 #4289]  INFO -- : [e3fdad88-c17e-4a78-b573-8b7df8c74496] Completed 200 OK in 14ms (Views: 0.2ms | ActiveRecord: 7.7ms)
I, [2019-09-09T13:24:04.624152 #4289]  INFO -- : [b429d3c3-8672-4e0d-8740-d3b293a78ee7] Started GET "/developments/1401" for 104.207.192.42 at 2019-09-09 13:24:04 -0400
I, [2019-09-09T13:24:04.624780 #4289]  INFO -- : [b429d3c3-8672-4e0d-8740-d3b293a78ee7] Processing by DevelopmentsController#show as JSONAPI
I, [2019-09-09T13:24:04.624828 #4289]  INFO -- : [b429d3c3-8672-4e0d-8740-d3b293a78ee7]   Parameters: {"id"=>"1401"}
I, [2019-09-09T13:24:04.627537 #4313]  INFO -- : [a18e4ce1-3c55-44aa-ad4b-ba8269eeb670] Completed 200 OK in 13ms (Views: 0.2ms | ActiveRecord: 6.3ms)
I, [2019-09-09T13:24:04.629522 #4313]  INFO -- : [fe0f35b3-c082-45a5-b116-b112ae69d529] Started GET "/developments/705" for 104.207.192.42 at 2019-09-09 13:24:04 -0400
I, [2019-09-09T13:24:04.630177 #4313]  INFO -- : [fe0f35b3-c082-45a5-b116-b112ae69d529] Processing by DevelopmentsController#show as JSONAPI
I, [2019-09-09T13:24:04.630241 #4313]  INFO -- : [fe0f35b3-c082-45a5-b116-b112ae69d529]   Parameters: {"id"=>"705"}
I, [2019-09-09T13:24:04.634108 #17065]  INFO -- : [b704cac5-5ca4-4139-8bce-04aa6aa25224] Completed 200 OK in 14ms (Views: 0.2ms | ActiveRecord: 5.1ms)
I, [2019-09-09T13:24:04.636648 #4289]  INFO -- : [b429d3c3-8672-4e0d-8740-d3b293a78ee7] Completed 200 OK in 12ms (Views: 0.2ms | ActiveRecord: 5.2ms)
I, [2019-09-09T13:24:04.636723 #17065]  INFO -- : [eb0cf1af-b093-4d46-8460-165f359da025] Started GET "/developments/4429" for 104.207.192.42 at 2019-09-09 13:24:04 -0400
I, [2019-09-09T13:24:04.637611 #4289]  INFO -- : [6bdc8bd4-1929-48b6-bb52-3246a91c1ac8] Started GET "/developments/4456" for 104.207.192.42 at 2019-09-09 13:24:04 -0400
I, [2019-09-09T13:24:04.638211 #4289]  INFO -- : [6bdc8bd4-1929-48b6-bb52-3246a91c1ac8] Processing by DevelopmentsController#show as JSONAPI
I, [2019-09-09T13:24:04.638274 #4289]  INFO -- : [6bdc8bd4-1929-48b6-bb52-3246a91c1ac8]   Parameters: {"id"=>"4456"}
I, [2019-09-09T13:24:04.638504 #17065]  INFO -- : [eb0cf1af-b093-4d46-8460-165f359da025] Processing by DevelopmentsController#show as JSONAPI
I, [2019-09-09T13:24:04.638570 #17065]  INFO -- : [eb0cf1af-b093-4d46-8460-165f359da025]   Parameters: {"id"=>"4429"}
I, [2019-09-09T13:24:04.641019 #4313]  INFO -- : [fe0f35b3-c082-45a5-b116-b112ae69d529] Completed 200 OK in 11ms (Views: 0.2ms | ActiveRecord: 4.0ms)
I, [2019-09-09T13:24:04.642988 #4313]  INFO -- : [ce5c4a0e-e639-4055-88d7-c3f8bd148cba] Started GET "/developments/3934" for 104.207.192.42 at 2019-09-09 13:24:04 -0400
I, [2019-09-09T13:24:04.643490 #4313]  INFO -- : [ce5c4a0e-e639-4055-88d7-c3f8bd148cba] Processing by DevelopmentsController#show as JSONAPI
I, [2019-09-09T13:24:04.643537 #4313]  INFO -- : [ce5c4a0e-e639-4055-88d7-c3f8bd148cba]   Parameters: {"id"=>"3934"}
I, [2019-09-09T13:24:04.650534 #17065]  INFO -- : [eb0cf1af-b093-4d46-8460-165f359da025] Completed 200 OK in 12ms (Views: 0.2ms | ActiveRecord: 4.8ms)
I, [2019-09-09T13:24:04.651719 #4289]  INFO -- : [6bdc8bd4-1929-48b6-bb52-3246a91c1ac8] Completed 200 OK in 13ms (Views: 0.2ms | ActiveRecord: 5.5ms)
I, [2019-09-09T13:24:04.652418 #17065]  INFO -- : [1641ad78-b009-4b7a-8d5d-16152acf65a1] Started GET "/developments/4536" for 104.207.192.42 at 2019-09-09 13:24:04 -0400
I, [2019-09-09T13:24:04.652805 #4289]  INFO -- : [c5d3f030-69e7-4547-9fed-df5e2b7ed55e] Started GET "/developments/4454" for 104.207.192.42 at 2019-09-09 13:24:04 -0400
I, [2019-09-09T13:24:04.653141 #17065]  INFO -- : [1641ad78-b009-4b7a-8d5d-16152acf65a1] Processing by DevelopmentsController#show as JSONAPI
I, [2019-09-09T13:24:04.653206 #17065]  INFO -- : [1641ad78-b009-4b7a-8d5d-16152acf65a1]   Parameters: {"id"=>"4536"}
I, [2019-09-09T13:24:04.653392 #4289]  INFO -- : [c5d3f030-69e7-4547-9fed-df5e2b7ed55e] Processing by DevelopmentsController#show as JSONAPI
I, [2019-09-09T13:24:04.653475 #4289]  INFO -- : [c5d3f030-69e7-4547-9fed-df5e2b7ed55e]   Parameters: {"id"=>"4454"}
I, [2019-09-09T13:24:04.655696 #4313]  INFO -- : [ce5c4a0e-e639-4055-88d7-c3f8bd148cba] Completed 200 OK in 12ms (Views: 0.2ms | ActiveRecord: 5.7ms)
I, [2019-09-09T13:24:04.656783 #4313]  INFO -- : [facce132-0eda-420c-ba3a-6aba9e4c0ef3] Started GET "/developments/4451" for 104.207.192.42 at 2019-09-09 13:24:04 -0400
I, [2019-09-09T13:24:04.657389 #4313]  INFO -- : [facce132-0eda-420c-ba3a-6aba9e4c0ef3] Processing by DevelopmentsController#show as JSONAPI
I, [2019-09-09T13:24:04.657451 #4313]  INFO -- : [facce132-0eda-420c-ba3a-6aba9e4c0ef3]   Parameters: {"id"=>"4451"}
I, [2019-09-09T13:24:04.665484 #4289]  INFO -- : [c5d3f030-69e7-4547-9fed-df5e2b7ed55e] Completed 200 OK in 12ms (Views: 0.2ms | ActiveRecord: 3.9ms)
I, [2019-09-09T13:24:04.666514 #4289]  INFO -- : [812ed99d-3246-45b0-b90a-bc72e71352c3] Started GET "/developments/4372" for 104.207.192.42 at 2019-09-09 13:24:04 -0400
I, [2019-09-09T13:24:04.667120 #4289]  INFO -- : [812ed99d-3246-45b0-b90a-bc72e71352c3] Processing by DevelopmentsController#show as JSONAPI
I, [2019-09-09T13:24:04.667181 #4289]  INFO -- : [812ed99d-3246-45b0-b90a-bc72e71352c3]   Parameters: {"id"=>"4372"}
I, [2019-09-09T13:24:04.667612 #17065]  INFO -- : [1641ad78-b009-4b7a-8d5d-16152acf65a1] Completed 200 OK in 14ms (Views: 0.3ms | ActiveRecord: 4.4ms)
I, [2019-09-09T13:24:04.668469 #17065]  INFO -- : [e9c58e0d-7fd6-4dd9-966b-cd24d176b3f7] Started GET "/developments/23" for 104.207.192.42 at 2019-09-09 13:24:04 -0400
I, [2019-09-09T13:24:04.670255 #17065]  INFO -- : [e9c58e0d-7fd6-4dd9-966b-cd24d176b3f7] Processing by DevelopmentsController#show as JSONAPI
I, [2019-09-09T13:24:04.670309 #17065]  INFO -- : [e9c58e0d-7fd6-4dd9-966b-cd24d176b3f7]   Parameters: {"id"=>"23"}
I, [2019-09-09T13:24:04.672947 #4313]  INFO -- : [facce132-0eda-420c-ba3a-6aba9e4c0ef3] Completed 200 OK in 15ms (Views: 0.2ms | ActiveRecord: 9.0ms)
I, [2019-09-09T13:24:04.673731 #4313]  INFO -- : [f8fe316c-f85f-4f3e-9700-ed28b5e8219d] Started GET "/developments/3356" for 104.207.192.42 at 2019-09-09 13:24:04 -0400
I, [2019-09-09T13:24:04.674307 #4313]  INFO -- : [f8fe316c-f85f-4f3e-9700-ed28b5e8219d] Processing by DevelopmentsController#show as JSONAPI
I, [2019-09-09T13:24:04.674368 #4313]  INFO -- : [f8fe316c-f85f-4f3e-9700-ed28b5e8219d]   Parameters: {"id"=>"3356"}
I, [2019-09-09T13:24:04.678381 #4289]  INFO -- : [812ed99d-3246-45b0-b90a-bc72e71352c3] Completed 200 OK in 11ms (Views: 0.2ms | ActiveRecord: 4.5ms)
I, [2019-09-09T13:24:04.679733 #4289]  INFO -- : [c5e411c5-bd04-405e-b643-9df13b7a0bc3] Started GET "/developments/1909" for 104.207.192.42 at 2019-09-09 13:24:04 -0400
I, [2019-09-09T13:24:04.680368 #4289]  INFO -- : [c5e411c5-bd04-405e-b643-9df13b7a0bc3] Processing by DevelopmentsController#show as JSONAPI
I, [2019-09-09T13:24:04.680435 #4289]  INFO -- : [c5e411c5-bd04-405e-b643-9df13b7a0bc3]   Parameters: {"id"=>"1909"}
I, [2019-09-09T13:24:04.687088 #17065]  INFO -- : [e9c58e0d-7fd6-4dd9-966b-cd24d176b3f7] Completed 200 OK in 17ms (Views: 0.3ms | ActiveRecord: 6.0ms)
I, [2019-09-09T13:24:04.688881 #4313]  INFO -- : [f8fe316c-f85f-4f3e-9700-ed28b5e8219d] Completed 200 OK in 14ms (Views: 0.2ms | ActiveRecord: 6.8ms)
I, [2019-09-09T13:24:04.689135 #17065]  INFO -- : [2e070213-9eb2-4adc-9f3f-f73ad1193248] Started GET "/developments/1533" for 104.207.192.42 at 2019-09-09 13:24:04 -0400
I, [2019-09-09T13:24:04.689950 #4313]  INFO -- : [236e72dc-951c-414c-885e-f4d6eafb98cf] Started GET "/developments/4587" for 104.207.192.42 at 2019-09-09 13:24:04 -0400
I, [2019-09-09T13:24:04.689945 #17065]  INFO -- : [2e070213-9eb2-4adc-9f3f-f73ad1193248] Processing by DevelopmentsController#show as JSONAPI
I, [2019-09-09T13:24:04.690010 #17065]  INFO -- : [2e070213-9eb2-4adc-9f3f-f73ad1193248]   Parameters: {"id"=>"1533"}
I, [2019-09-09T13:24:04.690587 #4313]  INFO -- : [236e72dc-951c-414c-885e-f4d6eafb98cf] Processing by DevelopmentsController#show as JSONAPI
I, [2019-09-09T13:24:04.690665 #4313]  INFO -- : [236e72dc-951c-414c-885e-f4d6eafb98cf]   Parameters: {"id"=>"4587"}
I, [2019-09-09T13:24:04.692180 #4289]  INFO -- : [c5e411c5-bd04-405e-b643-9df13b7a0bc3] Completed 200 OK in 12ms (Views: 0.2ms | ActiveRecord: 5.5ms)
I, [2019-09-09T13:24:04.693008 #4289]  INFO -- : [3d0f6e18-86ac-43ab-85d0-cba1acd6bb5e] Started GET "/developments/3934" for 104.207.192.42 at 2019-09-09 13:24:04 -0400
I, [2019-09-09T13:24:04.693432 #4289]  INFO -- : [3d0f6e18-86ac-43ab-85d0-cba1acd6bb5e] Processing by DevelopmentsController#show as JSONAPI
I, [2019-09-09T13:24:04.693476 #4289]  INFO -- : [3d0f6e18-86ac-43ab-85d0-cba1acd6bb5e]   Parameters: {"id"=>"3934"}
I, [2019-09-09T13:24:04.708013 #4313]  INFO -- : [236e72dc-951c-414c-885e-f4d6eafb98cf] Completed 200 OK in 17ms (Views: 0.2ms | ActiveRecord: 7.0ms)
I, [2019-09-09T13:24:04.709049 #4313]  INFO -- : [143981fd-4f35-4445-be0b-2089492839bc] Started GET "/developments/4454" for 104.207.192.42 at 2019-09-09 13:24:04 -0400
I, [2019-09-09T13:24:04.709643 #4313]  INFO -- : [143981fd-4f35-4445-be0b-2089492839bc] Processing by DevelopmentsController#show as JSONAPI
I, [2019-09-09T13:24:04.709705 #4313]  INFO -- : [143981fd-4f35-4445-be0b-2089492839bc]   Parameters: {"id"=>"4454"}
I, [2019-09-09T13:24:04.710177 #17065]  INFO -- : [2e070213-9eb2-4adc-9f3f-f73ad1193248] Completed 200 OK in 20ms (Views: 0.2ms | ActiveRecord: 8.7ms)
I, [2019-09-09T13:24:04.711052 #17065]  INFO -- : [ef5e90fc-744a-407d-a109-a58fae603d2f] Started GET "/developments/4536" for 104.207.192.42 at 2019-09-09 13:24:04 -0400
I, [2019-09-09T13:24:04.711737 #17065]  INFO -- : [ef5e90fc-744a-407d-a109-a58fae603d2f] Processing by DevelopmentsController#show as JSONAPI
I, [2019-09-09T13:24:04.711831 #17065]  INFO -- : [ef5e90fc-744a-407d-a109-a58fae603d2f]   Parameters: {"id"=>"4536"}
I, [2019-09-09T13:24:04.714499 #4289]  INFO -- : [3d0f6e18-86ac-43ab-85d0-cba1acd6bb5e] Completed 200 OK in 21ms (Views: 0.2ms | ActiveRecord: 12.6ms)
I, [2019-09-09T13:24:04.715501 #4289]  INFO -- : [e914c0d5-457a-4b4d-bc6b-e9edc1f6be9d] Started GET "/developments/4451" for 104.207.192.42 at 2019-09-09 13:24:04 -0400
I, [2019-09-09T13:24:04.716168 #4289]  INFO -- : [e914c0d5-457a-4b4d-bc6b-e9edc1f6be9d] Processing by DevelopmentsController#show as JSONAPI
I, [2019-09-09T13:24:04.716234 #4289]  INFO -- : [e914c0d5-457a-4b4d-bc6b-e9edc1f6be9d]   Parameters: {"id"=>"4451"}
I, [2019-09-09T13:24:04.729419 #4313]  INFO -- : [143981fd-4f35-4445-be0b-2089492839bc] Completed 200 OK in 20ms (Views: 0.2ms | ActiveRecord: 11.4ms)
I, [2019-09-09T13:24:04.730372 #4313]  INFO -- : [797d7f09-5318-4981-9b9e-94de59d866c8] Started GET "/developments/4372" for 104.207.192.42 at 2019-09-09 13:24:04 -0400
I, [2019-09-09T13:24:04.730972 #4313]  INFO -- : [797d7f09-5318-4981-9b9e-94de59d866c8] Processing by DevelopmentsController#show as JSONAPI
I, [2019-09-09T13:24:04.731034 #4313]  INFO -- : [797d7f09-5318-4981-9b9e-94de59d866c8]   Parameters: {"id"=>"4372"}
I, [2019-09-09T13:24:04.732762 #17065]  INFO -- : [ef5e90fc-744a-407d-a109-a58fae603d2f] Completed 200 OK in 21ms (Views: 0.3ms | ActiveRecord: 12.9ms)
I, [2019-09-09T13:24:04.733685 #17065]  INFO -- : [b518fdb8-399e-490f-8c02-96270823d9e8] Started GET "/developments/23" for 104.207.192.42 at 2019-09-09 13:24:04 -0400
I, [2019-09-09T13:24:04.734336 #17065]  INFO -- : [b518fdb8-399e-490f-8c02-96270823d9e8] Processing by DevelopmentsController#show as JSONAPI
I, [2019-09-09T13:24:04.734401 #17065]  INFO -- : [b518fdb8-399e-490f-8c02-96270823d9e8]   Parameters: {"id"=>"23"}
I, [2019-09-09T13:24:04.735463 #4289]  INFO -- : [e914c0d5-457a-4b4d-bc6b-e9edc1f6be9d] Completed 200 OK in 19ms (Views: 0.2ms | ActiveRecord: 9.0ms)
I, [2019-09-09T13:24:04.736500 #4289]  INFO -- : [f358db1f-f30f-459c-aaed-ab17d05da9c1] Started GET "/developments/3934" for 104.207.192.42 at 2019-09-09 13:24:04 -0400
I, [2019-09-09T13:24:04.736939 #4289]  INFO -- : [f358db1f-f30f-459c-aaed-ab17d05da9c1] Processing by DevelopmentsController#show as JSONAPI
I, [2019-09-09T13:24:04.736999 #4289]  INFO -- : [f358db1f-f30f-459c-aaed-ab17d05da9c1]   Parameters: {"id"=>"3934"}
I, [2019-09-09T13:24:04.747837 #4313]  INFO -- : [797d7f09-5318-4981-9b9e-94de59d866c8] Completed 200 OK in 17ms (Views: 0.2ms | ActiveRecord: 9.1ms)
I, [2019-09-09T13:24:04.750484 #17065]  INFO -- : [b518fdb8-399e-490f-8c02-96270823d9e8] Completed 200 OK in 16ms (Views: 0.2ms | ActiveRecord: 7.1ms)
I, [2019-09-09T13:24:04.751761 #4289]  INFO -- : [f358db1f-f30f-459c-aaed-ab17d05da9c1] Completed 200 OK in 15ms (Views: 0.1ms | ActiveRecord: 6.4ms)
I, [2019-09-09T13:24:04.765958 #17065]  INFO -- : [9e7235e3-fcf1-43e5-9af5-4cfc18c6ff5c] Started GET "/developments/3934" for 104.207.192.42 at 2019-09-09 13:24:04 -0400
I, [2019-09-09T13:24:04.766475 #17065]  INFO -- : [9e7235e3-fcf1-43e5-9af5-4cfc18c6ff5c] Processing by DevelopmentsController#show as JSONAPI
I, [2019-09-09T13:24:04.766521 #17065]  INFO -- : [9e7235e3-fcf1-43e5-9af5-4cfc18c6ff5c]   Parameters: {"id"=>"3934"}
I, [2019-09-09T13:24:04.774361 #17065]  INFO -- : [9e7235e3-fcf1-43e5-9af5-4cfc18c6ff5c] Completed 200 OK in 8ms (Views: 0.2ms | ActiveRecord: 3.1ms)
I, [2019-09-09T13:24:14.429449 #17065]  INFO -- : [65698db6-84d4-4273-a0dc-ec50fc2e0c16] Started GET "/users" for 104.207.192.42 at 2019-09-09 13:24:14 -0400
I, [2019-09-09T13:24:14.430194 #17065]  INFO -- : [65698db6-84d4-4273-a0dc-ec50fc2e0c16] Processing by UsersController#index as JSONAPI
I, [2019-09-09T13:24:18.772697 #17065]  INFO -- : [65698db6-84d4-4273-a0dc-ec50fc2e0c16] [active_model_serializers] Rendered ActiveModel::Serializer::CollectionSerializer with ActiveModelSerializers::Adapter::JsonApi (4313.57ms)
I, [2019-09-09T13:24:18.773033 #17065]  INFO -- : [65698db6-84d4-4273-a0dc-ec50fc2e0c16] Completed 200 OK in 4343ms (Views: 3217.4ms | ActiveRecord: 1121.6ms)
I, [2019-09-09T13:24:37.321849 #17065]  INFO -- : [6f9ae551-daf0-43ff-a5b6-91ab4171f859] Started GET "/parcels?lat=42.42067247460801&lng=-71.14404297641818" for 104.207.192.42 at 2019-09-09 13:24:37 -0400
I, [2019-09-09T13:24:37.322622 #17065]  INFO -- : [6f9ae551-daf0-43ff-a5b6-91ab4171f859] Processing by ParcelsController#index as JSONAPI
I, [2019-09-09T13:24:37.322702 #17065]  INFO -- : [6f9ae551-daf0-43ff-a5b6-91ab4171f859]   Parameters: {"lat"=>"42.42067247460801", "lng"=>"-71.14404297641818"}
I, [2019-09-09T13:24:37.346434 #17065]  INFO -- : [6f9ae551-daf0-43ff-a5b6-91ab4171f859] [active_model_serializers] Rendered ActiveModel::Serializer::CollectionSerializer with ActiveModelSerializers::Adapter::JsonApi (0.77ms)
I, [2019-09-09T13:24:37.346615 #17065]  INFO -- : [6f9ae551-daf0-43ff-a5b6-91ab4171f859] Completed 200 OK in 24ms (Views: 2.6ms | ActiveRecord: 20.8ms)
I, [2019-09-09T13:24:40.038195 #17065]  INFO -- : [4f4c532d-5783-4745-8cdb-06db566e8db9] Started GET "/parcels?lat=42.420640756710796&lng=-71.14369924969097" for 104.207.192.42 at 2019-09-09 13:24:40 -0400
I, [2019-09-09T13:24:40.039073 #17065]  INFO -- : [4f4c532d-5783-4745-8cdb-06db566e8db9] Processing by ParcelsController#index as JSONAPI
I, [2019-09-09T13:24:40.039139 #17065]  INFO -- : [4f4c532d-5783-4745-8cdb-06db566e8db9]   Parameters: {"lat"=>"42.420640756710796", "lng"=>"-71.14369924969097"}
I, [2019-09-09T13:24:40.042612 #17065]  INFO -- : [4f4c532d-5783-4745-8cdb-06db566e8db9] [active_model_serializers] Rendered ActiveModel::Serializer::CollectionSerializer with ActiveModelSerializers::Adapter::JsonApi (0.12ms)
I, [2019-09-09T13:24:40.042815 #17065]  INFO -- : [4f4c532d-5783-4745-8cdb-06db566e8db9] Completed 200 OK in 4ms (Views: 2.1ms | ActiveRecord: 1.1ms)
I, [2019-09-09T13:24:40.404676 #17065]  INFO -- : [7212e3b0-a4fe-408b-a579-b6b164f10e28] Started GET "/parcels?lat=42.42056674817495&lng=-71.14291154256534" for 104.207.192.42 at 2019-09-09 13:24:40 -0400
I, [2019-09-09T13:24:40.405380 #17065]  INFO -- : [7212e3b0-a4fe-408b-a579-b6b164f10e28] Processing by ParcelsController#index as JSONAPI
I, [2019-09-09T13:24:40.405430 #17065]  INFO -- : [7212e3b0-a4fe-408b-a579-b6b164f10e28]   Parameters: {"lat"=>"42.42056674817495", "lng"=>"-71.14291154256534"}
I, [2019-09-09T13:24:40.409812 #17065]  INFO -- : [7212e3b0-a4fe-408b-a579-b6b164f10e28] [active_model_serializers] Rendered ActiveModel::Serializer::CollectionSerializer with ActiveModelSerializers::Adapter::JsonApi (0.1ms)
I, [2019-09-09T13:24:40.409988 #17065]  INFO -- : [7212e3b0-a4fe-408b-a579-b6b164f10e28] Completed 200 OK in 4ms (Views: 1.8ms | ActiveRecord: 2.4ms)
I, [2019-09-09T13:24:40.791311 #17065]  INFO -- : [b8a973f8-327c-4cca-ae71-58a893124857] Started GET "/parcels?lat=42.41981608555446&lng=-71.14440102485959" for 104.207.192.42 at 2019-09-09 13:24:40 -0400
I, [2019-09-09T13:24:40.792175 #17065]  INFO -- : [b8a973f8-327c-4cca-ae71-58a893124857] Processing by ParcelsController#index as JSONAPI
I, [2019-09-09T13:24:40.792232 #17065]  INFO -- : [b8a973f8-327c-4cca-ae71-58a893124857]   Parameters: {"lat"=>"42.41981608555446", "lng"=>"-71.14440102485959"}
I, [2019-09-09T13:24:40.804277 #17065]  INFO -- : [b8a973f8-327c-4cca-ae71-58a893124857] [active_model_serializers] Rendered ActiveModel::Serializer::CollectionSerializer with ActiveModelSerializers::Adapter::JsonApi (0.86ms)
I, [2019-09-09T13:24:40.804494 #17065]  INFO -- : [b8a973f8-327c-4cca-ae71-58a893124857] Completed 200 OK in 12ms (Views: 2.7ms | ActiveRecord: 9.1ms)
I, [2019-09-09T13:24:41.105971 #17065]  INFO -- : [1dad64aa-41dd-4411-b0b6-2f0190f1547a] Started GET "/parcels?lat=42.41956233844245&lng=-71.14491661474767" for 104.207.192.42 at 2019-09-09 13:24:41 -0400
I, [2019-09-09T13:24:41.106700 #17065]  INFO -- : [1dad64aa-41dd-4411-b0b6-2f0190f1547a] Processing by ParcelsController#index as JSONAPI
I, [2019-09-09T13:24:41.106750 #17065]  INFO -- : [1dad64aa-41dd-4411-b0b6-2f0190f1547a]   Parameters: {"lat"=>"42.41956233844245", "lng"=>"-71.14491661474767"}
I, [2019-09-09T13:24:41.110485 #17065]  INFO -- : [1dad64aa-41dd-4411-b0b6-2f0190f1547a] [active_model_serializers] Rendered ActiveModel::Serializer::CollectionSerializer with ActiveModelSerializers::Adapter::JsonApi (0.72ms)
I, [2019-09-09T13:24:41.110643 #17065]  INFO -- : [1dad64aa-41dd-4411-b0b6-2f0190f1547a] Completed 200 OK in 4ms (Views: 2.6ms | ActiveRecord: 0.9ms)
I, [2019-09-09T13:24:41.120950 #17065]  INFO -- : [7a9dd7ba-edc7-42ef-ab2e-43d274a224e8] Started GET "/parcels?lat=42.419456610197614&lng=-71.14498822446896" for 104.207.192.42 at 2019-09-09 13:24:41 -0400
I, [2019-09-09T13:24:41.121378 #17065]  INFO -- : [7a9dd7ba-edc7-42ef-ab2e-43d274a224e8] Processing by ParcelsController#index as JSONAPI
I, [2019-09-09T13:24:41.121425 #17065]  INFO -- : [7a9dd7ba-edc7-42ef-ab2e-43d274a224e8]   Parameters: {"lat"=>"42.419456610197614", "lng"=>"-71.14498822446896"}
I, [2019-09-09T13:24:41.124074 #17065]  INFO -- : [7a9dd7ba-edc7-42ef-ab2e-43d274a224e8] [active_model_serializers] Rendered ActiveModel::Serializer::CollectionSerializer with ActiveModelSerializers::Adapter::JsonApi (0.56ms)
I, [2019-09-09T13:24:41.124214 #17065]  INFO -- : [7a9dd7ba-edc7-42ef-ab2e-43d274a224e8] Completed 200 OK in 3ms (Views: 1.7ms | ActiveRecord: 0.8ms)
I, [2019-09-09T13:24:41.190793 #17065]  INFO -- : [cceae4e2-5a5d-4ec7-8379-f4df497ae838] Started GET "/parcels?lat=42.419393173163144&lng=-71.14503119026018" for 104.207.192.42 at 2019-09-09 13:24:41 -0400
I, [2019-09-09T13:24:41.191224 #17065]  INFO -- : [cceae4e2-5a5d-4ec7-8379-f4df497ae838] Processing by ParcelsController#index as JSONAPI
I, [2019-09-09T13:24:41.191272 #17065]  INFO -- : [cceae4e2-5a5d-4ec7-8379-f4df497ae838]   Parameters: {"lat"=>"42.419393173163144", "lng"=>"-71.14503119026018"}
I, [2019-09-09T13:24:41.197602 #17065]  INFO -- : [cceae4e2-5a5d-4ec7-8379-f4df497ae838] [active_model_serializers] Rendered ActiveModel::Serializer::CollectionSerializer with ActiveModelSerializers::Adapter::JsonApi (0.5ms)
I, [2019-09-09T13:24:41.197753 #17065]  INFO -- : [cceae4e2-5a5d-4ec7-8379-f4df497ae838] Completed 200 OK in 6ms (Views: 1.7ms | ActiveRecord: 4.5ms)
I, [2019-09-09T13:24:41.218810 #17065]  INFO -- : [20002ec5-89b8-45ba-ab4b-da71d933f3f9] Started GET "/parcels?lat=42.41935088173396&lng=-71.14507415609556" for 104.207.192.42 at 2019-09-09 13:24:41 -0400
I, [2019-09-09T13:24:41.219237 #17065]  INFO -- : [20002ec5-89b8-45ba-ab4b-da71d933f3f9] Processing by ParcelsController#index as JSONAPI
I, [2019-09-09T13:24:41.219285 #17065]  INFO -- : [20002ec5-89b8-45ba-ab4b-da71d933f3f9]   Parameters: {"lat"=>"42.41935088173396", "lng"=>"-71.14507415609556"}
I, [2019-09-09T13:24:41.221830 #17065]  INFO -- : [20002ec5-89b8-45ba-ab4b-da71d933f3f9] [active_model_serializers] Rendered ActiveModel::Serializer::CollectionSerializer with ActiveModelSerializers::Adapter::JsonApi (0.5ms)
I, [2019-09-09T13:24:41.221967 #17065]  INFO -- : [20002ec5-89b8-45ba-ab4b-da71d933f3f9] Completed 200 OK in 3ms (Views: 1.6ms | ActiveRecord: 0.8ms)
I, [2019-09-09T13:24:41.321899 #17065]  INFO -- : [80b14211-4f43-4508-86bf-17b121365110] Started GET "/parcels?lat=42.41921343452829&lng=-71.14527466334225" for 104.207.192.42 at 2019-09-09 13:24:41 -0400
I, [2019-09-09T13:24:41.322475 #17065]  INFO -- : [80b14211-4f43-4508-86bf-17b121365110] Processing by ParcelsController#index as JSONAPI
I, [2019-09-09T13:24:41.322524 #17065]  INFO -- : [80b14211-4f43-4508-86bf-17b121365110]   Parameters: {"lat"=>"42.41921343452829", "lng"=>"-71.14527466334225"}
I, [2019-09-09T13:24:41.325735 #17065]  INFO -- : [80b14211-4f43-4508-86bf-17b121365110] [active_model_serializers] Rendered ActiveModel::Serializer::CollectionSerializer with ActiveModelSerializers::Adapter::JsonApi (0.65ms)
I, [2019-09-09T13:24:41.325883 #17065]  INFO -- : [80b14211-4f43-4508-86bf-17b121365110] Completed 200 OK in 3ms (Views: 2.2ms | ActiveRecord: 0.9ms)
I, [2019-09-09T13:24:41.343077 #17065]  INFO -- : [d4ed1087-8594-42d7-bc63-fa0ff3e18f8c] Started GET "/parcels?lat=42.41908655990906&lng=-71.14546084864199" for 104.207.192.42 at 2019-09-09 13:24:41 -0400
I, [2019-09-09T13:24:41.343500 #17065]  INFO -- : [d4ed1087-8594-42d7-bc63-fa0ff3e18f8c] Processing by ParcelsController#index as JSONAPI
I, [2019-09-09T13:24:41.343547 #17065]  INFO -- : [d4ed1087-8594-42d7-bc63-fa0ff3e18f8c]   Parameters: {"lat"=>"42.41908655990906", "lng"=>"-71.14546084864199"}
I, [2019-09-09T13:24:41.345716 #17065]  INFO -- : [d4ed1087-8594-42d7-bc63-fa0ff3e18f8c] [active_model_serializers] Rendered ActiveModel::Serializer::CollectionSerializer with ActiveModelSerializers::Adapter::JsonApi (0.06ms)
I, [2019-09-09T13:24:41.345850 #17065]  INFO -- : [d4ed1087-8594-42d7-bc63-fa0ff3e18f8c] Completed 200 OK in 2ms (Views: 1.2ms | ActiveRecord: 0.9ms)
I, [2019-09-09T13:24:41.436169 #17065]  INFO -- : [d91cf927-22e6-4d80-82ff-df39d38af899] Started GET "/parcels?lat=42.41899140372365&lng=-71.14561839006144" for 104.207.192.42 at 2019-09-09 13:24:41 -0400
I, [2019-09-09T13:24:41.436586 #17065]  INFO -- : [d91cf927-22e6-4d80-82ff-df39d38af899] Processing by ParcelsController#index as JSONAPI
I, [2019-09-09T13:24:41.436634 #17065]  INFO -- : [d91cf927-22e6-4d80-82ff-df39d38af899]   Parameters: {"lat"=>"42.41899140372365", "lng"=>"-71.14561839006144"}
I, [2019-09-09T13:24:41.438816 #17065]  INFO -- : [d91cf927-22e6-4d80-82ff-df39d38af899] [active_model_serializers] Rendered ActiveModel::Serializer::CollectionSerializer with ActiveModelSerializers::Adapter::JsonApi (0.07ms)
I, [2019-09-09T13:24:41.438951 #17065]  INFO -- : [d91cf927-22e6-4d80-82ff-df39d38af899] Completed 200 OK in 2ms (Views: 1.3ms | ActiveRecord: 0.8ms)
I, [2019-09-09T13:24:41.657652 #17065]  INFO -- : [d9cc7cb7-2f41-4c12-a736-73aa71f75384] Started GET "/parcels?lat=42.41897025790587&lng=-71.14609101413446" for 104.207.192.42 at 2019-09-09 13:24:41 -0400
I, [2019-09-09T13:24:41.658345 #17065]  INFO -- : [d9cc7cb7-2f41-4c12-a736-73aa71f75384] Processing by ParcelsController#index as JSONAPI
I, [2019-09-09T13:24:41.658396 #17065]  INFO -- : [d9cc7cb7-2f41-4c12-a736-73aa71f75384]   Parameters: {"lat"=>"42.41897025790587", "lng"=>"-71.14609101413446"}
I, [2019-09-09T13:24:41.665880 #17065]  INFO -- : [d9cc7cb7-2f41-4c12-a736-73aa71f75384] [active_model_serializers] Rendered ActiveModel::Serializer::CollectionSerializer with ActiveModelSerializers::Adapter::JsonApi (0.73ms)
I, [2019-09-09T13:24:41.666041 #17065]  INFO -- : [d9cc7cb7-2f41-4c12-a736-73aa71f75384] Completed 200 OK in 8ms (Views: 2.3ms | ActiveRecord: 5.0ms)
I, [2019-09-09T13:24:41.747804 #17065]  INFO -- : [0b57c084-5bfd-4d1c-ab10-3711dd382d66] Started GET "/parcels?lat=42.41901254964722&lng=-71.14616262389109" for 104.207.192.42 at 2019-09-09 13:24:41 -0400
I, [2019-09-09T13:24:41.748459 #17065]  INFO -- : [0b57c084-5bfd-4d1c-ab10-3711dd382d66] Processing by ParcelsController#index as JSONAPI
I, [2019-09-09T13:24:41.748512 #17065]  INFO -- : [0b57c084-5bfd-4d1c-ab10-3711dd382d66]   Parameters: {"lat"=>"42.41901254964722", "lng"=>"-71.14616262389109"}
I, [2019-09-09T13:24:41.751816 #17065]  INFO -- : [0b57c084-5bfd-4d1c-ab10-3711dd382d66] [active_model_serializers] Rendered ActiveModel::Serializer::CollectionSerializer with ActiveModelSerializers::Adapter::JsonApi (0.61ms)
I, [2019-09-09T13:24:41.752022 #17065]  INFO -- : [0b57c084-5bfd-4d1c-ab10-3711dd382d66] Completed 200 OK in 3ms (Views: 2.2ms | ActiveRecord: 0.9ms)
I, [2019-09-09T13:24:42.775023 #17065]  INFO -- : [74417aaa-d5ea-4e2c-8df1-affc3531eb36] Started GET "/parcels?lat=42.4190048842181&lng=-71.1464445104157" for 104.207.192.42 at 2019-09-09 13:24:42 -0400
I, [2019-09-09T13:24:42.775756 #17065]  INFO -- : [74417aaa-d5ea-4e2c-8df1-affc3531eb36] Processing by ParcelsController#index as JSONAPI
I, [2019-09-09T13:24:42.775807 #17065]  INFO -- : [74417aaa-d5ea-4e2c-8df1-affc3531eb36]   Parameters: {"lat"=>"42.4190048842181", "lng"=>"-71.1464445104157"}
I, [2019-09-09T13:24:42.779925 #17065]  INFO -- : [74417aaa-d5ea-4e2c-8df1-affc3531eb36] [active_model_serializers] Rendered ActiveModel::Serializer::CollectionSerializer with ActiveModelSerializers::Adapter::JsonApi (0.72ms)
I, [2019-09-09T13:24:42.780110 #17065]  INFO -- : [74417aaa-d5ea-4e2c-8df1-affc3531eb36] Completed 200 OK in 4ms (Views: 2.3ms | ActiveRecord: 1.5ms)
I, [2019-09-09T13:24:43.199141 #17065]  INFO -- : [fa6c58f6-68ed-43eb-abff-2c03a666c733] Started GET "/parcels?lat=42.41893593854785&lng=-71.14669896170172" for 104.207.192.42 at 2019-09-09 13:24:43 -0400
I, [2019-09-09T13:24:43.199880 #17065]  INFO -- : [fa6c58f6-68ed-43eb-abff-2c03a666c733] Processing by ParcelsController#index as JSONAPI
I, [2019-09-09T13:24:43.199965 #17065]  INFO -- : [fa6c58f6-68ed-43eb-abff-2c03a666c733]   Parameters: {"lat"=>"42.41893593854785", "lng"=>"-71.14669896170172"}
I, [2019-09-09T13:24:43.202566 #17065]  INFO -- : [fa6c58f6-68ed-43eb-abff-2c03a666c733] [active_model_serializers] Rendered ActiveModel::Serializer::CollectionSerializer with ActiveModelSerializers::Adapter::JsonApi (0.1ms)
I, [2019-09-09T13:24:43.202721 #17065]  INFO -- : [fa6c58f6-68ed-43eb-abff-2c03a666c733] Completed 200 OK in 3ms (Views: 1.5ms | ActiveRecord: 0.8ms)
I, [2019-09-09T13:24:45.312976 #17065]  INFO -- : [cffbdfc8-5097-48a7-88c2-7371f9996c5f] Started GET "/parcels?lat=42.4189284217814&lng=-71.1467235898352" for 104.207.192.42 at 2019-09-09 13:24:45 -0400
I, [2019-09-09T13:24:45.313705 #17065]  INFO -- : [cffbdfc8-5097-48a7-88c2-7371f9996c5f] Processing by ParcelsController#index as JSONAPI
I, [2019-09-09T13:24:45.313757 #17065]  INFO -- : [cffbdfc8-5097-48a7-88c2-7371f9996c5f]   Parameters: {"lat"=>"42.4189284217814", "lng"=>"-71.1467235898352"}
I, [2019-09-09T13:24:45.316642 #17065]  INFO -- : [cffbdfc8-5097-48a7-88c2-7371f9996c5f] [active_model_serializers] Rendered ActiveModel::Serializer::CollectionSerializer with ActiveModelSerializers::Adapter::JsonApi (0.1ms)
I, [2019-09-09T13:24:45.316802 #17065]  INFO -- : [cffbdfc8-5097-48a7-88c2-7371f9996c5f] Completed 200 OK in 3ms (Views: 1.7ms | ActiveRecord: 1.0ms)
I, [2019-09-09T13:24:45.582888 #17065]  INFO -- : [61f855ad-c86e-40e9-a767-a20b006f3a07] Started GET "/parcels?lat=42.418969650138834&lng=-71.14656225331119" for 104.207.192.42 at 2019-09-09 13:24:45 -0400
I, [2019-09-09T13:24:45.583602 #17065]  INFO -- : [61f855ad-c86e-40e9-a767-a20b006f3a07] Processing by ParcelsController#index as JSONAPI
I, [2019-09-09T13:24:45.583653 #17065]  INFO -- : [61f855ad-c86e-40e9-a767-a20b006f3a07]   Parameters: {"lat"=>"42.418969650138834", "lng"=>"-71.14656225331119"}
I, [2019-09-09T13:24:45.587085 #17065]  INFO -- : [61f855ad-c86e-40e9-a767-a20b006f3a07] [active_model_serializers] Rendered ActiveModel::Serializer::CollectionSerializer with ActiveModelSerializers::Adapter::JsonApi (0.7ms)
I, [2019-09-09T13:24:45.587246 #17065]  INFO -- : [61f855ad-c86e-40e9-a767-a20b006f3a07] Completed 200 OK in 3ms (Views: 2.3ms | ActiveRecord: 0.8ms)
I, [2019-09-09T13:25:08.859155 #17065]  INFO -- : [eff4addc-1446-4582-8345-3510fcc8ecbe] Started GET "/parcels?lat=42.419132272775315&lng=-71.14655294577146" for 104.207.192.42 at 2019-09-09 13:25:08 -0400
I, [2019-09-09T13:25:08.859898 #17065]  INFO -- : [eff4addc-1446-4582-8345-3510fcc8ecbe] Processing by ParcelsController#index as JSONAPI
I, [2019-09-09T13:25:08.859996 #17065]  INFO -- : [eff4addc-1446-4582-8345-3510fcc8ecbe]   Parameters: {"lat"=>"42.419132272775315", "lng"=>"-71.14655294577146"}
I, [2019-09-09T13:25:08.863981 #17065]  INFO -- : [eff4addc-1446-4582-8345-3510fcc8ecbe] [active_model_serializers] Rendered ActiveModel::Serializer::CollectionSerializer with ActiveModelSerializers::Adapter::JsonApi (0.71ms)
I, [2019-09-09T13:25:08.864140 #17065]  INFO -- : [eff4addc-1446-4582-8345-3510fcc8ecbe] Completed 200 OK in 4ms (Views: 2.6ms | ActiveRecord: 1.2ms)
I, [2019-09-09T13:25:10.159174 #17065]  INFO -- : [e732a4fa-ef57-4329-b4ec-f639dcb858e4] Started GET "/parcels?lat=42.41917808182026&lng=-71.14668946150886" for 104.207.192.42 at 2019-09-09 13:25:10 -0400
I, [2019-09-09T13:25:10.159889 #17065]  INFO -- : [e732a4fa-ef57-4329-b4ec-f639dcb858e4] Processing by ParcelsController#index as JSONAPI
I, [2019-09-09T13:25:10.159976 #17065]  INFO -- : [e732a4fa-ef57-4329-b4ec-f639dcb858e4]   Parameters: {"lat"=>"42.41917808182026", "lng"=>"-71.14668946150886"}
I, [2019-09-09T13:25:10.163000 #17065]  INFO -- : [e732a4fa-ef57-4329-b4ec-f639dcb858e4] [active_model_serializers] Rendered ActiveModel::Serializer::CollectionSerializer with ActiveModelSerializers::Adapter::JsonApi (0.1ms)
