I, [2019-09-09T15:00:27.356941 #17065]  INFO -- : [697cf542-20a2-46c4-8daf-5bed0e8c809d] Started GET "/developments/3846" for 104.207.192.42 at 2019-09-09 15:00:27 -0400
I, [2019-09-09T15:00:27.357571 #17065]  INFO -- : [697cf542-20a2-46c4-8daf-5bed0e8c809d] Processing by DevelopmentsController#show as JSONAPI
I, [2019-09-09T15:00:27.357637 #17065]  INFO -- : [697cf542-20a2-46c4-8daf-5bed0e8c809d]   Parameters: {"id"=>"3846"}
I, [2019-09-09T15:00:27.363107 #8114]  INFO -- : [c112a106-5c69-4049-8d1a-7c78156023d5] Completed 200 OK in 9ms (Views: 0.1ms | ActiveRecord: 3.4ms)
I, [2019-09-09T15:00:27.364137 #8114]  INFO -- : [21ad25b2-1f50-412f-b718-bfa3450a9e5f] Started GET "/developments/648" for 104.207.192.42 at 2019-09-09 15:00:27 -0400
I, [2019-09-09T15:00:27.364633 #8114]  INFO -- : [21ad25b2-1f50-412f-b718-bfa3450a9e5f] Processing by DevelopmentsController#show as JSONAPI
I, [2019-09-09T15:00:27.364682 #8114]  INFO -- : [21ad25b2-1f50-412f-b718-bfa3450a9e5f]   Parameters: {"id"=>"648"}
I, [2019-09-09T15:00:27.367260 #17065]  INFO -- : [697cf542-20a2-46c4-8daf-5bed0e8c809d] Completed 200 OK in 9ms (Views: 0.2ms | ActiveRecord: 3.2ms)
I, [2019-09-09T15:00:27.368563 #17065]  INFO -- : [30445ce1-45b2-4b79-8795-ed210b76345c] Started GET "/developments/619" for 104.207.192.42 at 2019-09-09 15:00:27 -0400
I, [2019-09-09T15:00:27.369090 #17065]  INFO -- : [30445ce1-45b2-4b79-8795-ed210b76345c] Processing by DevelopmentsController#show as JSONAPI
I, [2019-09-09T15:00:27.369138 #17065]  INFO -- : [30445ce1-45b2-4b79-8795-ed210b76345c]   Parameters: {"id"=>"619"}
I, [2019-09-09T15:00:27.374367 #8114]  INFO -- : [21ad25b2-1f50-412f-b718-bfa3450a9e5f] Completed 200 OK in 10ms (Views: 0.1ms | ActiveRecord: 3.4ms)
I, [2019-09-09T15:00:27.375300 #8114]  INFO -- : [01a70e7c-7e78-438c-9eee-2f120cece8c5] Started GET "/developments/337" for 104.207.192.42 at 2019-09-09 15:00:27 -0400
I, [2019-09-09T15:00:27.375843 #8114]  INFO -- : [01a70e7c-7e78-438c-9eee-2f120cece8c5] Processing by DevelopmentsController#show as JSONAPI
I, [2019-09-09T15:00:27.375917 #8114]  INFO -- : [01a70e7c-7e78-438c-9eee-2f120cece8c5]   Parameters: {"id"=>"337"}
I, [2019-09-09T15:00:27.378651 #17065]  INFO -- : [30445ce1-45b2-4b79-8795-ed210b76345c] Completed 200 OK in 9ms (Views: 0.2ms | ActiveRecord: 3.2ms)
I, [2019-09-09T15:00:27.379457 #17065]  INFO -- : [dd0f9d34-b57b-4f8f-893c-1dadf854474c] Started GET "/developments/2790" for 104.207.192.42 at 2019-09-09 15:00:27 -0400
I, [2019-09-09T15:00:27.380110 #17065]  INFO -- : [dd0f9d34-b57b-4f8f-893c-1dadf854474c] Processing by DevelopmentsController#show as JSONAPI
I, [2019-09-09T15:00:27.380177 #17065]  INFO -- : [dd0f9d34-b57b-4f8f-893c-1dadf854474c]   Parameters: {"id"=>"2790"}
I, [2019-09-09T15:00:27.385609 #8114]  INFO -- : [01a70e7c-7e78-438c-9eee-2f120cece8c5] Completed 200 OK in 10ms (Views: 0.1ms | ActiveRecord: 3.4ms)
I, [2019-09-09T15:00:27.387143 #8114]  INFO -- : [1b5281d5-ad95-4c0f-b167-d2abd043922d] Started GET "/developments/1445" for 104.207.192.42 at 2019-09-09 15:00:27 -0400
I, [2019-09-09T15:00:27.387655 #8114]  INFO -- : [1b5281d5-ad95-4c0f-b167-d2abd043922d] Processing by DevelopmentsController#show as JSONAPI
I, [2019-09-09T15:00:27.387732 #8114]  INFO -- : [1b5281d5-ad95-4c0f-b167-d2abd043922d]   Parameters: {"id"=>"1445"}
I, [2019-09-09T15:00:27.389789 #17065]  INFO -- : [dd0f9d34-b57b-4f8f-893c-1dadf854474c] Completed 200 OK in 10ms (Views: 0.2ms | ActiveRecord: 3.6ms)
I, [2019-09-09T15:00:27.390606 #17065]  INFO -- : [bc1a89bd-fa98-43af-87c4-99573ff94a84] Started GET "/developments/4399" for 104.207.192.42 at 2019-09-09 15:00:27 -0400
I, [2019-09-09T15:00:27.391191 #17065]  INFO -- : [bc1a89bd-fa98-43af-87c4-99573ff94a84] Processing by DevelopmentsController#show as JSONAPI
I, [2019-09-09T15:00:27.391255 #17065]  INFO -- : [bc1a89bd-fa98-43af-87c4-99573ff94a84]   Parameters: {"id"=>"4399"}
I, [2019-09-09T15:00:27.397608 #8114]  INFO -- : [1b5281d5-ad95-4c0f-b167-d2abd043922d] Completed 200 OK in 10ms (Views: 0.1ms | ActiveRecord: 3.7ms)
I, [2019-09-09T15:00:27.398662 #8114]  INFO -- : [a13b148a-64a7-4c42-9563-373916694e2a] Started GET "/developments/1488" for 104.207.192.42 at 2019-09-09 15:00:27 -0400
I, [2019-09-09T15:00:27.399145 #8114]  INFO -- : [a13b148a-64a7-4c42-9563-373916694e2a] Processing by DevelopmentsController#show as JSONAPI
I, [2019-09-09T15:00:27.399194 #8114]  INFO -- : [a13b148a-64a7-4c42-9563-373916694e2a]   Parameters: {"id"=>"1488"}
I, [2019-09-09T15:00:27.401956 #17065]  INFO -- : [bc1a89bd-fa98-43af-87c4-99573ff94a84] Completed 200 OK in 11ms (Views: 0.2ms | ActiveRecord: 3.3ms)
I, [2019-09-09T15:00:27.403245 #17065]  INFO -- : [1fe826f9-35e4-4ff5-b439-9d807d11f7fe] Started GET "/developments/1341" for 104.207.192.42 at 2019-09-09 15:00:27 -0400
I, [2019-09-09T15:00:27.403782 #17065]  INFO -- : [1fe826f9-35e4-4ff5-b439-9d807d11f7fe] Processing by DevelopmentsController#show as JSONAPI
I, [2019-09-09T15:00:27.403831 #17065]  INFO -- : [1fe826f9-35e4-4ff5-b439-9d807d11f7fe]   Parameters: {"id"=>"1341"}
I, [2019-09-09T15:00:27.409629 #8114]  INFO -- : [a13b148a-64a7-4c42-9563-373916694e2a] Completed 200 OK in 10ms (Views: 0.1ms | ActiveRecord: 4.3ms)
I, [2019-09-09T15:00:27.410597 #8114]  INFO -- : [e9933ba3-f4a6-4b87-abc4-332062022b90] Started GET "/developments/23" for 104.207.192.42 at 2019-09-09 15:00:27 -0400
I, [2019-09-09T15:00:27.411144 #8114]  INFO -- : [e9933ba3-f4a6-4b87-abc4-332062022b90] Processing by DevelopmentsController#show as JSONAPI
I, [2019-09-09T15:00:27.411227 #8114]  INFO -- : [e9933ba3-f4a6-4b87-abc4-332062022b90]   Parameters: {"id"=>"23"}
I, [2019-09-09T15:00:27.414082 #17065]  INFO -- : [1fe826f9-35e4-4ff5-b439-9d807d11f7fe] Completed 200 OK in 10ms (Views: 0.2ms | ActiveRecord: 3.7ms)
I, [2019-09-09T15:00:27.414916 #17065]  INFO -- : [e415dec0-faa9-455a-b4b9-27c408a1fb02] Started GET "/developments/1909" for 104.207.192.42 at 2019-09-09 15:00:27 -0400
I, [2019-09-09T15:00:27.415502 #17065]  INFO -- : [e415dec0-faa9-455a-b4b9-27c408a1fb02] Processing by DevelopmentsController#show as JSONAPI
I, [2019-09-09T15:00:27.415567 #17065]  INFO -- : [e415dec0-faa9-455a-b4b9-27c408a1fb02]   Parameters: {"id"=>"1909"}
I, [2019-09-09T15:00:27.434075 #8114]  INFO -- : [e9933ba3-f4a6-4b87-abc4-332062022b90] Completed 200 OK in 23ms (Views: 0.1ms | ActiveRecord: 16.8ms)
I, [2019-09-09T15:00:27.434910 #8114]  INFO -- : [8de9bee4-be13-4cb6-bece-27cf031b72d8] Started GET "/developments/1909" for 104.207.192.42 at 2019-09-09 15:00:27 -0400
I, [2019-09-09T15:00:27.435451 #8114]  INFO -- : [8de9bee4-be13-4cb6-bece-27cf031b72d8] Processing by DevelopmentsController#show as JSONAPI
I, [2019-09-09T15:00:27.435517 #8114]  INFO -- : [8de9bee4-be13-4cb6-bece-27cf031b72d8]   Parameters: {"id"=>"1909"}
I, [2019-09-09T15:00:27.438684 #17065]  INFO -- : [e415dec0-faa9-455a-b4b9-27c408a1fb02] Completed 200 OK in 23ms (Views: 0.2ms | ActiveRecord: 17.5ms)
I, [2019-09-09T15:00:27.439706 #17065]  INFO -- : [58629b0e-7252-4e94-a847-5babd8dd4643] Started GET "/developments/23" for 104.207.192.42 at 2019-09-09 15:00:27 -0400
I, [2019-09-09T15:00:27.440371 #17065]  INFO -- : [58629b0e-7252-4e94-a847-5babd8dd4643] Processing by DevelopmentsController#show as JSONAPI
I, [2019-09-09T15:00:27.440440 #17065]  INFO -- : [58629b0e-7252-4e94-a847-5babd8dd4643]   Parameters: {"id"=>"23"}
I, [2019-09-09T15:00:27.445505 #8114]  INFO -- : [8de9bee4-be13-4cb6-bece-27cf031b72d8] Completed 200 OK in 10ms (Views: 0.1ms | ActiveRecord: 3.4ms)
I, [2019-09-09T15:00:27.446502 #8114]  INFO -- : [2179a9c4-2389-417f-9d17-457ec093b018] Started GET "/developments/1909" for 104.207.192.42 at 2019-09-09 15:00:27 -0400
I, [2019-09-09T15:00:27.447037 #8114]  INFO -- : [2179a9c4-2389-417f-9d17-457ec093b018] Processing by DevelopmentsController#show as JSONAPI
I, [2019-09-09T15:00:27.447085 #8114]  INFO -- : [2179a9c4-2389-417f-9d17-457ec093b018]   Parameters: {"id"=>"1909"}
I, [2019-09-09T15:00:27.449779 #17065]  INFO -- : [58629b0e-7252-4e94-a847-5babd8dd4643] Completed 200 OK in 9ms (Views: 0.2ms | ActiveRecord: 3.1ms)
I, [2019-09-09T15:00:27.451057 #17065]  INFO -- : [7802b704-f88b-4c66-b513-bc412c072963] Started GET "/developments/23" for 104.207.192.42 at 2019-09-09 15:00:27 -0400
I, [2019-09-09T15:00:27.451606 #17065]  INFO -- : [7802b704-f88b-4c66-b513-bc412c072963] Processing by DevelopmentsController#show as JSONAPI
I, [2019-09-09T15:00:27.451655 #17065]  INFO -- : [7802b704-f88b-4c66-b513-bc412c072963]   Parameters: {"id"=>"23"}
I, [2019-09-09T15:00:27.456689 #8114]  INFO -- : [2179a9c4-2389-417f-9d17-457ec093b018] Completed 200 OK in 10ms (Views: 0.1ms | ActiveRecord: 3.2ms)
I, [2019-09-09T15:00:27.457639 #8114]  INFO -- : [fe02b208-2e26-4933-b80a-55f529263cf2] Started GET "/developments/23" for 104.207.192.42 at 2019-09-09 15:00:27 -0400
I, [2019-09-09T15:00:27.458201 #8114]  INFO -- : [fe02b208-2e26-4933-b80a-55f529263cf2] Processing by DevelopmentsController#show as JSONAPI
I, [2019-09-09T15:00:27.458267 #8114]  INFO -- : [fe02b208-2e26-4933-b80a-55f529263cf2]   Parameters: {"id"=>"23"}
I, [2019-09-09T15:00:27.461068 #17065]  INFO -- : [7802b704-f88b-4c66-b513-bc412c072963] Completed 200 OK in 9ms (Views: 0.2ms | ActiveRecord: 3.3ms)
I, [2019-09-09T15:00:27.462023 #17065]  INFO -- : [4947a7b0-12de-4bed-a538-579c613b52ae] Started GET "/developments/1909" for 104.207.192.42 at 2019-09-09 15:00:27 -0400
I, [2019-09-09T15:00:27.462593 #17065]  INFO -- : [4947a7b0-12de-4bed-a538-579c613b52ae] Processing by DevelopmentsController#show as JSONAPI
I, [2019-09-09T15:00:27.462658 #17065]  INFO -- : [4947a7b0-12de-4bed-a538-579c613b52ae]   Parameters: {"id"=>"1909"}
I, [2019-09-09T15:00:27.468093 #8114]  INFO -- : [fe02b208-2e26-4933-b80a-55f529263cf2] Completed 200 OK in 10ms (Views: 0.2ms | ActiveRecord: 3.4ms)
I, [2019-09-09T15:00:27.469056 #8114]  INFO -- : [fc744025-7fe6-48c8-8e36-6cdaef4cae3b] Started GET "/developments/1909" for 104.207.192.42 at 2019-09-09 15:00:27 -0400
I, [2019-09-09T15:00:27.469612 #8114]  INFO -- : [fc744025-7fe6-48c8-8e36-6cdaef4cae3b] Processing by DevelopmentsController#show as JSONAPI
I, [2019-09-09T15:00:27.469679 #8114]  INFO -- : [fc744025-7fe6-48c8-8e36-6cdaef4cae3b]   Parameters: {"id"=>"1909"}
I, [2019-09-09T15:00:27.472635 #17065]  INFO -- : [4947a7b0-12de-4bed-a538-579c613b52ae] Completed 200 OK in 10ms (Views: 0.2ms | ActiveRecord: 3.2ms)
I, [2019-09-09T15:00:27.473528 #17065]  INFO -- : [a685be7e-995f-4b3e-bcdb-5c88679d9dc4] Started GET "/developments/1909" for 104.207.192.42 at 2019-09-09 15:00:27 -0400
I, [2019-09-09T15:00:27.474091 #17065]  INFO -- : [a685be7e-995f-4b3e-bcdb-5c88679d9dc4] Processing by DevelopmentsController#show as JSONAPI
I, [2019-09-09T15:00:27.474157 #17065]  INFO -- : [a685be7e-995f-4b3e-bcdb-5c88679d9dc4]   Parameters: {"id"=>"1909"}
I, [2019-09-09T15:00:27.479605 #8114]  INFO -- : [fc744025-7fe6-48c8-8e36-6cdaef4cae3b] Completed 200 OK in 10ms (Views: 0.1ms | ActiveRecord: 3.4ms)
I, [2019-09-09T15:00:27.480414 #8114]  INFO -- : [980cc1d5-e473-4e0f-941c-a25c5edf049d] Started GET "/developments/23" for 104.207.192.42 at 2019-09-09 15:00:27 -0400
I, [2019-09-09T15:00:27.480962 #8114]  INFO -- : [980cc1d5-e473-4e0f-941c-a25c5edf049d] Processing by DevelopmentsController#show as JSONAPI
I, [2019-09-09T15:00:27.481028 #8114]  INFO -- : [980cc1d5-e473-4e0f-941c-a25c5edf049d]   Parameters: {"id"=>"23"}
I, [2019-09-09T15:00:27.484303 #17065]  INFO -- : [a685be7e-995f-4b3e-bcdb-5c88679d9dc4] Completed 200 OK in 10ms (Views: 0.2ms | ActiveRecord: 3.4ms)
I, [2019-09-09T15:00:27.485275 #17065]  INFO -- : [342d2e6c-5f92-4356-9492-efd2466de1d9] Started GET "/developments/648" for 104.207.192.42 at 2019-09-09 15:00:27 -0400
I, [2019-09-09T15:00:27.485876 #17065]  INFO -- : [342d2e6c-5f92-4356-9492-efd2466de1d9] Processing by DevelopmentsController#show as JSONAPI
I, [2019-09-09T15:00:27.485943 #17065]  INFO -- : [342d2e6c-5f92-4356-9492-efd2466de1d9]   Parameters: {"id"=>"648"}
I, [2019-09-09T15:00:27.491204 #8114]  INFO -- : [980cc1d5-e473-4e0f-941c-a25c5edf049d] Completed 200 OK in 10ms (Views: 0.1ms | ActiveRecord: 3.6ms)
I, [2019-09-09T15:00:27.492002 #8114]  INFO -- : [0a492cc1-67f3-4ce8-af91-326b1659f150] Started GET "/developments/4331" for 104.207.192.42 at 2019-09-09 15:00:27 -0400
I, [2019-09-09T15:00:27.492549 #8114]  INFO -- : [0a492cc1-67f3-4ce8-af91-326b1659f150] Processing by DevelopmentsController#show as JSONAPI
I, [2019-09-09T15:00:27.492614 #8114]  INFO -- : [0a492cc1-67f3-4ce8-af91-326b1659f150]   Parameters: {"id"=>"4331"}
I, [2019-09-09T15:00:27.496080 #17065]  INFO -- : [342d2e6c-5f92-4356-9492-efd2466de1d9] Completed 200 OK in 10ms (Views: 0.2ms | ActiveRecord: 3.2ms)
I, [2019-09-09T15:00:27.496913 #17065]  INFO -- : [1960e5ca-ba9d-4869-8a2d-3b2291573a71] Started GET "/developments/4360" for 104.207.192.42 at 2019-09-09 15:00:27 -0400
I, [2019-09-09T15:00:27.497562 #17065]  INFO -- : [1960e5ca-ba9d-4869-8a2d-3b2291573a71] Processing by DevelopmentsController#show as JSONAPI
I, [2019-09-09T15:00:27.497628 #17065]  INFO -- : [1960e5ca-ba9d-4869-8a2d-3b2291573a71]   Parameters: {"id"=>"4360"}
I, [2019-09-09T15:00:27.502890 #8114]  INFO -- : [0a492cc1-67f3-4ce8-af91-326b1659f150] Completed 200 OK in 10ms (Views: 0.1ms | ActiveRecord: 3.3ms)
I, [2019-09-09T15:00:27.503669 #8114]  INFO -- : [4d348473-b21b-4f0c-9ea5-161b1e2f951e] Started GET "/developments/974" for 104.207.192.42 at 2019-09-09 15:00:27 -0400
I, [2019-09-09T15:00:27.504249 #8114]  INFO -- : [4d348473-b21b-4f0c-9ea5-161b1e2f951e] Processing by DevelopmentsController#show as JSONAPI
I, [2019-09-09T15:00:27.504323 #8114]  INFO -- : [4d348473-b21b-4f0c-9ea5-161b1e2f951e]   Parameters: {"id"=>"974"}
I, [2019-09-09T15:00:27.507350 #17065]  INFO -- : [1960e5ca-ba9d-4869-8a2d-3b2291573a71] Completed 200 OK in 10ms (Views: 0.2ms | ActiveRecord: 3.2ms)
I, [2019-09-09T15:00:27.508459 #17065]  INFO -- : [6714e589-1a02-4c24-8c26-2ccf038650b4] Started GET "/developments/367" for 104.207.192.42 at 2019-09-09 15:00:27 -0400
I, [2019-09-09T15:00:27.509033 #17065]  INFO -- : [6714e589-1a02-4c24-8c26-2ccf038650b4] Processing by DevelopmentsController#show as JSONAPI
I, [2019-09-09T15:00:27.509103 #17065]  INFO -- : [6714e589-1a02-4c24-8c26-2ccf038650b4]   Parameters: {"id"=>"367"}
I, [2019-09-09T15:00:27.514430 #8114]  INFO -- : [4d348473-b21b-4f0c-9ea5-161b1e2f951e] Completed 200 OK in 10ms (Views: 0.1ms | ActiveRecord: 3.3ms)
I, [2019-09-09T15:00:27.515162 #8114]  INFO -- : [cb2438b0-a695-4a98-a200-f59bb9cf8d15] Started GET "/developments/4371" for 104.207.192.42 at 2019-09-09 15:00:27 -0400
I, [2019-09-09T15:00:27.515740 #8114]  INFO -- : [cb2438b0-a695-4a98-a200-f59bb9cf8d15] Processing by DevelopmentsController#show as JSONAPI
I, [2019-09-09T15:00:27.515807 #8114]  INFO -- : [cb2438b0-a695-4a98-a200-f59bb9cf8d15]   Parameters: {"id"=>"4371"}
I, [2019-09-09T15:00:27.520052 #17065]  INFO -- : [6714e589-1a02-4c24-8c26-2ccf038650b4] Completed 200 OK in 11ms (Views: 0.3ms | ActiveRecord: 3.4ms)
I, [2019-09-09T15:00:27.520854 #17065]  INFO -- : [80c46dae-11c8-426b-bc2f-c3d97b30557e] Started GET "/developments/3072" for 104.207.192.42 at 2019-09-09 15:00:27 -0400
I, [2019-09-09T15:00:27.521337 #17065]  INFO -- : [80c46dae-11c8-426b-bc2f-c3d97b30557e] Processing by DevelopmentsController#show as JSONAPI
I, [2019-09-09T15:00:27.521404 #17065]  INFO -- : [80c46dae-11c8-426b-bc2f-c3d97b30557e]   Parameters: {"id"=>"3072"}
I, [2019-09-09T15:00:27.528281 #8114]  INFO -- : [cb2438b0-a695-4a98-a200-f59bb9cf8d15] Completed 200 OK in 12ms (Views: 0.1ms | ActiveRecord: 5.8ms)
I, [2019-09-09T15:00:27.529243 #8114]  INFO -- : [1a0cab5f-4b85-4727-9e9b-1099e93c9d05] Started GET "/developments/4403" for 104.207.192.42 at 2019-09-09 15:00:27 -0400
I, [2019-09-09T15:00:27.529764 #8114]  INFO -- : [1a0cab5f-4b85-4727-9e9b-1099e93c9d05] Processing by DevelopmentsController#show as JSONAPI
I, [2019-09-09T15:00:27.529829 #8114]  INFO -- : [1a0cab5f-4b85-4727-9e9b-1099e93c9d05]   Parameters: {"id"=>"4403"}
I, [2019-09-09T15:00:27.530928 #17065]  INFO -- : [80c46dae-11c8-426b-bc2f-c3d97b30557e] Completed 200 OK in 9ms (Views: 0.1ms | ActiveRecord: 3.3ms)
I, [2019-09-09T15:00:27.531724 #17065]  INFO -- : [f970268c-a412-4204-a71b-ed8caecfce5e] Started GET "/developments/2632" for 104.207.192.42 at 2019-09-09 15:00:27 -0400
I, [2019-09-09T15:00:27.532352 #17065]  INFO -- : [f970268c-a412-4204-a71b-ed8caecfce5e] Processing by DevelopmentsController#show as JSONAPI
I, [2019-09-09T15:00:27.532419 #17065]  INFO -- : [f970268c-a412-4204-a71b-ed8caecfce5e]   Parameters: {"id"=>"2632"}
I, [2019-09-09T15:00:27.539191 #8114]  INFO -- : [1a0cab5f-4b85-4727-9e9b-1099e93c9d05] Completed 200 OK in 9ms (Views: 0.2ms | ActiveRecord: 3.1ms)
I, [2019-09-09T15:00:27.539903 #8114]  INFO -- : [05dbfd1a-a59f-480f-a872-e7c935e305d9] Started GET "/developments/4579" for 104.207.192.42 at 2019-09-09 15:00:27 -0400
I, [2019-09-09T15:00:27.540437 #8114]  INFO -- : [05dbfd1a-a59f-480f-a872-e7c935e305d9] Processing by DevelopmentsController#show as JSONAPI
I, [2019-09-09T15:00:27.540520 #8114]  INFO -- : [05dbfd1a-a59f-480f-a872-e7c935e305d9]   Parameters: {"id"=>"4579"}
I, [2019-09-09T15:00:27.542098 #17065]  INFO -- : [f970268c-a412-4204-a71b-ed8caecfce5e] Completed 200 OK in 10ms (Views: 0.2ms | ActiveRecord: 3.7ms)
I, [2019-09-09T15:00:27.543397 #17065]  INFO -- : [cd63aca1-36d2-4b14-a952-ff87561b39f5] Started GET "/developments/4579" for 104.207.192.42 at 2019-09-09 15:00:27 -0400
I, [2019-09-09T15:00:27.544515 #17065]  INFO -- : [cd63aca1-36d2-4b14-a952-ff87561b39f5] Processing by DevelopmentsController#show as JSONAPI
I, [2019-09-09T15:00:27.544584 #17065]  INFO -- : [cd63aca1-36d2-4b14-a952-ff87561b39f5]   Parameters: {"id"=>"4579"}
I, [2019-09-09T15:00:27.549918 #8114]  INFO -- : [05dbfd1a-a59f-480f-a872-e7c935e305d9] Completed 200 OK in 9ms (Views: 0.1ms | ActiveRecord: 3.3ms)
I, [2019-09-09T15:00:27.550634 #8114]  INFO -- : [d5718fd2-3b01-4dfc-a197-e59338b37891] Started GET "/developments/2886" for 104.207.192.42 at 2019-09-09 15:00:27 -0400
I, [2019-09-09T15:00:27.551168 #8114]  INFO -- : [d5718fd2-3b01-4dfc-a197-e59338b37891] Processing by DevelopmentsController#show as JSONAPI
I, [2019-09-09T15:00:27.551232 #8114]  INFO -- : [d5718fd2-3b01-4dfc-a197-e59338b37891]   Parameters: {"id"=>"2886"}
I, [2019-09-09T15:00:27.554328 #17065]  INFO -- : [cd63aca1-36d2-4b14-a952-ff87561b39f5] Completed 200 OK in 10ms (Views: 0.2ms | ActiveRecord: 3.2ms)
I, [2019-09-09T15:00:27.555348 #17065]  INFO -- : [93549c78-31d3-41d9-9eaf-b67662069502] Started GET "/developments/3392" for 104.207.192.42 at 2019-09-09 15:00:27 -0400
I, [2019-09-09T15:00:27.556032 #17065]  INFO -- : [93549c78-31d3-41d9-9eaf-b67662069502] Processing by DevelopmentsController#show as JSONAPI
I, [2019-09-09T15:00:27.556101 #17065]  INFO -- : [93549c78-31d3-41d9-9eaf-b67662069502]   Parameters: {"id"=>"3392"}
I, [2019-09-09T15:00:27.561235 #8114]  INFO -- : [d5718fd2-3b01-4dfc-a197-e59338b37891] Completed 200 OK in 10ms (Views: 0.1ms | ActiveRecord: 3.2ms)
I, [2019-09-09T15:00:27.562165 #8114]  INFO -- : [4520bb75-b1bd-4a52-a129-6f4a53fc3fac] Started GET "/developments/326" for 104.207.192.42 at 2019-09-09 15:00:27 -0400
I, [2019-09-09T15:00:27.562691 #8114]  INFO -- : [4520bb75-b1bd-4a52-a129-6f4a53fc3fac] Processing by DevelopmentsController#show as JSONAPI
I, [2019-09-09T15:00:27.562741 #8114]  INFO -- : [4520bb75-b1bd-4a52-a129-6f4a53fc3fac]   Parameters: {"id"=>"326"}
I, [2019-09-09T15:00:27.565565 #17065]  INFO -- : [93549c78-31d3-41d9-9eaf-b67662069502] Completed 200 OK in 9ms (Views: 0.2ms | ActiveRecord: 3.3ms)
I, [2019-09-09T15:00:27.566615 #17065]  INFO -- : [b08e4e2a-5dea-4313-a06e-802cd0a04303] Started GET "/developments/4074" for 104.207.192.42 at 2019-09-09 15:00:27 -0400
I, [2019-09-09T15:00:27.567184 #17065]  INFO -- : [b08e4e2a-5dea-4313-a06e-802cd0a04303] Processing by DevelopmentsController#show as JSONAPI
I, [2019-09-09T15:00:27.567235 #17065]  INFO -- : [b08e4e2a-5dea-4313-a06e-802cd0a04303]   Parameters: {"id"=>"4074"}
I, [2019-09-09T15:00:27.572292 #8114]  INFO -- : [4520bb75-b1bd-4a52-a129-6f4a53fc3fac] Completed 200 OK in 9ms (Views: 0.1ms | ActiveRecord: 3.2ms)
I, [2019-09-09T15:00:27.573053 #8114]  INFO -- : [10b85a18-1ff4-4572-ac5f-5ad67e94438a] Started GET "/developments/2031" for 104.207.192.42 at 2019-09-09 15:00:27 -0400
I, [2019-09-09T15:00:27.573588 #8114]  INFO -- : [10b85a18-1ff4-4572-ac5f-5ad67e94438a] Processing by DevelopmentsController#show as JSONAPI
I, [2019-09-09T15:00:27.573676 #8114]  INFO -- : [10b85a18-1ff4-4572-ac5f-5ad67e94438a]   Parameters: {"id"=>"2031"}
I, [2019-09-09T15:00:27.576938 #17065]  INFO -- : [b08e4e2a-5dea-4313-a06e-802cd0a04303] Completed 200 OK in 10ms (Views: 0.2ms | ActiveRecord: 3.6ms)
I, [2019-09-09T15:00:27.577967 #17065]  INFO -- : [48fb658a-a78a-49ec-a82b-a2fc519f6967] Started GET "/developments/325" for 104.207.192.42 at 2019-09-09 15:00:27 -0400
I, [2019-09-09T15:00:27.578559 #17065]  INFO -- : [48fb658a-a78a-49ec-a82b-a2fc519f6967] Processing by DevelopmentsController#show as JSONAPI
I, [2019-09-09T15:00:27.578626 #17065]  INFO -- : [48fb658a-a78a-49ec-a82b-a2fc519f6967]   Parameters: {"id"=>"325"}
I, [2019-09-09T15:00:27.583572 #8114]  INFO -- : [10b85a18-1ff4-4572-ac5f-5ad67e94438a] Completed 200 OK in 10ms (Views: 0.2ms | ActiveRecord: 3.1ms)
I, [2019-09-09T15:00:27.584397 #8114]  INFO -- : [23095dd5-1a16-4c9f-ae26-df32d8fa6d5d] Started GET "/developments/4414" for 104.207.192.42 at 2019-09-09 15:00:27 -0400
I, [2019-09-09T15:00:27.584919 #8114]  INFO -- : [23095dd5-1a16-4c9f-ae26-df32d8fa6d5d] Processing by DevelopmentsController#show as JSONAPI
I, [2019-09-09T15:00:27.585007 #8114]  INFO -- : [23095dd5-1a16-4c9f-ae26-df32d8fa6d5d]   Parameters: {"id"=>"4414"}
I, [2019-09-09T15:00:27.588224 #17065]  INFO -- : [48fb658a-a78a-49ec-a82b-a2fc519f6967] Completed 200 OK in 10ms (Views: 0.2ms | ActiveRecord: 3.2ms)
I, [2019-09-09T15:00:27.589303 #17065]  INFO -- : [ed6c55c8-51cb-4f04-babd-8b1b36f521f0] Started GET "/developments/3072" for 104.207.192.42 at 2019-09-09 15:00:27 -0400
I, [2019-09-09T15:00:27.589867 #17065]  INFO -- : [ed6c55c8-51cb-4f04-babd-8b1b36f521f0] Processing by DevelopmentsController#show as JSONAPI
I, [2019-09-09T15:00:27.589917 #17065]  INFO -- : [ed6c55c8-51cb-4f04-babd-8b1b36f521f0]   Parameters: {"id"=>"3072"}
I, [2019-09-09T15:00:27.594924 #8114]  INFO -- : [23095dd5-1a16-4c9f-ae26-df32d8fa6d5d] Completed 200 OK in 10ms (Views: 0.1ms | ActiveRecord: 3.1ms)
I, [2019-09-09T15:00:27.595663 #8114]  INFO -- : [bc27eb94-4d19-42bb-a82d-2ef7e996d0d6] Started GET "/developments/3617" for 104.207.192.42 at 2019-09-09 15:00:27 -0400
I, [2019-09-09T15:00:27.596220 #8114]  INFO -- : [bc27eb94-4d19-42bb-a82d-2ef7e996d0d6] Processing by DevelopmentsController#show as JSONAPI
I, [2019-09-09T15:00:27.596284 #8114]  INFO -- : [bc27eb94-4d19-42bb-a82d-2ef7e996d0d6]   Parameters: {"id"=>"3617"}
I, [2019-09-09T15:00:27.599620 #17065]  INFO -- : [ed6c55c8-51cb-4f04-babd-8b1b36f521f0] Completed 200 OK in 10ms (Views: 0.2ms | ActiveRecord: 3.5ms)
I, [2019-09-09T15:00:27.600632 #17065]  INFO -- : [5d230749-f1e6-417e-9ca5-442ffb0190d7] Started GET "/developments/3844" for 104.207.192.42 at 2019-09-09 15:00:27 -0400
I, [2019-09-09T15:00:27.601205 #17065]  INFO -- : [5d230749-f1e6-417e-9ca5-442ffb0190d7] Processing by DevelopmentsController#show as JSONAPI
I, [2019-09-09T15:00:27.601255 #17065]  INFO -- : [5d230749-f1e6-417e-9ca5-442ffb0190d7]   Parameters: {"id"=>"3844"}
I, [2019-09-09T15:00:27.606251 #8114]  INFO -- : [bc27eb94-4d19-42bb-a82d-2ef7e996d0d6] Completed 200 OK in 10ms (Views: 0.2ms | ActiveRecord: 3.1ms)
I, [2019-09-09T15:00:27.606995 #8114]  INFO -- : [9d578dd8-8c55-462b-99fa-d0bb32412235] Started GET "/developments/87" for 104.207.192.42 at 2019-09-09 15:00:27 -0400
I, [2019-09-09T15:00:27.607522 #8114]  INFO -- : [9d578dd8-8c55-462b-99fa-d0bb32412235] Processing by DevelopmentsController#show as JSONAPI
I, [2019-09-09T15:00:27.607587 #8114]  INFO -- : [9d578dd8-8c55-462b-99fa-d0bb32412235]   Parameters: {"id"=>"87"}
I, [2019-09-09T15:00:27.611172 #17065]  INFO -- : [5d230749-f1e6-417e-9ca5-442ffb0190d7] Completed 200 OK in 10ms (Views: 0.2ms | ActiveRecord: 3.6ms)
I, [2019-09-09T15:00:27.612172 #17065]  INFO -- : [bd2e88cc-ada2-44fb-8429-2969ee86baa1] Started GET "/developments/2754" for 104.207.192.42 at 2019-09-09 15:00:27 -0400
I, [2019-09-09T15:00:27.612713 #17065]  INFO -- : [bd2e88cc-ada2-44fb-8429-2969ee86baa1] Processing by DevelopmentsController#show as JSONAPI
I, [2019-09-09T15:00:27.612780 #17065]  INFO -- : [bd2e88cc-ada2-44fb-8429-2969ee86baa1]   Parameters: {"id"=>"2754"}
I, [2019-09-09T15:00:27.617687 #8114]  INFO -- : [9d578dd8-8c55-462b-99fa-d0bb32412235] Completed 200 OK in 10ms (Views: 0.2ms | ActiveRecord: 3.5ms)
I, [2019-09-09T15:00:27.618541 #8114]  INFO -- : [0562f68f-0345-4762-9687-85c540730925] Started GET "/developments/475" for 104.207.192.42 at 2019-09-09 15:00:27 -0400
I, [2019-09-09T15:00:27.618978 #8114]  INFO -- : [0562f68f-0345-4762-9687-85c540730925] Processing by DevelopmentsController#show as JSONAPI
I, [2019-09-09T15:00:27.619044 #8114]  INFO -- : [0562f68f-0345-4762-9687-85c540730925]   Parameters: {"id"=>"475"}
I, [2019-09-09T15:00:27.623815 #17065]  INFO -- : [bd2e88cc-ada2-44fb-8429-2969ee86baa1] Completed 200 OK in 11ms (Views: 0.2ms | ActiveRecord: 3.3ms)
I, [2019-09-09T15:00:27.624875 #17065]  INFO -- : [08a50bfa-de94-4b2a-9ead-cf7b7b2306b0] Started GET "/developments/3866" for 104.207.192.42 at 2019-09-09 15:00:27 -0400
I, [2019-09-09T15:00:27.626035 #17065]  INFO -- : [08a50bfa-de94-4b2a-9ead-cf7b7b2306b0] Processing by DevelopmentsController#show as JSONAPI
I, [2019-09-09T15:00:27.626104 #17065]  INFO -- : [08a50bfa-de94-4b2a-9ead-cf7b7b2306b0]   Parameters: {"id"=>"3866"}
I, [2019-09-09T15:00:27.631068 #8114]  INFO -- : [0562f68f-0345-4762-9687-85c540730925] Completed 200 OK in 12ms (Views: 0.1ms | ActiveRecord: 4.2ms)
I, [2019-09-09T15:00:27.632045 #8114]  INFO -- : [46c5be0d-31cd-4b4e-b676-45701afc9a08] Started GET "/developments/769" for 104.207.192.42 at 2019-09-09 15:00:27 -0400
I, [2019-09-09T15:00:27.632408 #8114]  INFO -- : [46c5be0d-31cd-4b4e-b676-45701afc9a08] Processing by DevelopmentsController#show as JSONAPI
I, [2019-09-09T15:00:27.632452 #8114]  INFO -- : [46c5be0d-31cd-4b4e-b676-45701afc9a08]   Parameters: {"id"=>"769"}
I, [2019-09-09T15:00:27.637021 #17065]  INFO -- : [08a50bfa-de94-4b2a-9ead-cf7b7b2306b0] Completed 200 OK in 11ms (Views: 0.2ms | ActiveRecord: 4.0ms)
I, [2019-09-09T15:00:27.637870 #17065]  INFO -- : [40065e50-261a-4243-982a-990905076fe5] Started GET "/developments/3597" for 104.207.192.42 at 2019-09-09 15:00:27 -0400
I, [2019-09-09T15:00:27.638438 #17065]  INFO -- : [40065e50-261a-4243-982a-990905076fe5] Processing by DevelopmentsController#show as JSONAPI
I, [2019-09-09T15:00:27.638503 #17065]  INFO -- : [40065e50-261a-4243-982a-990905076fe5]   Parameters: {"id"=>"3597"}
I, [2019-09-09T15:00:27.641658 #8114]  INFO -- : [46c5be0d-31cd-4b4e-b676-45701afc9a08] Completed 200 OK in 9ms (Views: 0.2ms | ActiveRecord: 3.1ms)
I, [2019-09-09T15:00:27.642647 #8114]  INFO -- : [da80e9c2-ce79-4fa8-b4ac-891794b67e83] Started GET "/developments/4659" for 104.207.192.42 at 2019-09-09 15:00:27 -0400
I, [2019-09-09T15:00:27.643157 #8114]  INFO -- : [da80e9c2-ce79-4fa8-b4ac-891794b67e83] Processing by DevelopmentsController#show as JSONAPI
I, [2019-09-09T15:00:27.643205 #8114]  INFO -- : [da80e9c2-ce79-4fa8-b4ac-891794b67e83]   Parameters: {"id"=>"4659"}
I, [2019-09-09T15:00:27.648366 #17065]  INFO -- : [40065e50-261a-4243-982a-990905076fe5] Completed 200 OK in 10ms (Views: 0.1ms | ActiveRecord: 3.2ms)
I, [2019-09-09T15:00:27.649468 #17065]  INFO -- : [da0406ee-3621-4883-ab94-04a46cf28e84] Started GET "/developments/4698" for 104.207.192.42 at 2019-09-09 15:00:27 -0400
I, [2019-09-09T15:00:27.650050 #17065]  INFO -- : [da0406ee-3621-4883-ab94-04a46cf28e84] Processing by DevelopmentsController#show as JSONAPI
I, [2019-09-09T15:00:27.650099 #17065]  INFO -- : [da0406ee-3621-4883-ab94-04a46cf28e84]   Parameters: {"id"=>"4698"}
I, [2019-09-09T15:00:27.652354 #8114]  INFO -- : [da80e9c2-ce79-4fa8-b4ac-891794b67e83] Completed 200 OK in 9ms (Views: 0.1ms | ActiveRecord: 3.2ms)
I, [2019-09-09T15:00:27.653270 #8114]  INFO -- : [a0644fed-aa52-49ba-934f-f2b7435dfd2a] Started GET "/developments/4698" for 104.207.192.42 at 2019-09-09 15:00:27 -0400
I, [2019-09-09T15:00:27.653812 #8114]  INFO -- : [a0644fed-aa52-49ba-934f-f2b7435dfd2a] Processing by DevelopmentsController#show as JSONAPI
I, [2019-09-09T15:00:27.653876 #8114]  INFO -- : [a0644fed-aa52-49ba-934f-f2b7435dfd2a]   Parameters: {"id"=>"4698"}
I, [2019-09-09T15:00:27.662003 #17065]  INFO -- : [da0406ee-3621-4883-ab94-04a46cf28e84] Completed 200 OK in 12ms (Views: 1.1ms | ActiveRecord: 4.3ms)
I, [2019-09-09T15:00:27.663047 #17065]  INFO -- : [4587803a-f694-41d2-afb9-20d80dbf4fe8] Started GET "/developments/4382" for 104.207.192.42 at 2019-09-09 15:00:27 -0400
I, [2019-09-09T15:00:27.663615 #17065]  INFO -- : [4587803a-f694-41d2-afb9-20d80dbf4fe8] Processing by DevelopmentsController#show as JSONAPI
I, [2019-09-09T15:00:27.663680 #17065]  INFO -- : [4587803a-f694-41d2-afb9-20d80dbf4fe8]   Parameters: {"id"=>"4382"}
I, [2019-09-09T15:00:27.664033 #8114]  INFO -- : [a0644fed-aa52-49ba-934f-f2b7435dfd2a] Completed 200 OK in 10ms (Views: 0.2ms | ActiveRecord: 3.9ms)
I, [2019-09-09T15:00:27.664898 #8114]  INFO -- : [0b90975c-1f8d-4ac8-869e-da12e3b04375] Started GET "/developments/4381" for 104.207.192.42 at 2019-09-09 15:00:27 -0400
I, [2019-09-09T15:00:27.665467 #8114]  INFO -- : [0b90975c-1f8d-4ac8-869e-da12e3b04375] Processing by DevelopmentsController#show as JSONAPI
I, [2019-09-09T15:00:27.665534 #8114]  INFO -- : [0b90975c-1f8d-4ac8-869e-da12e3b04375]   Parameters: {"id"=>"4381"}
I, [2019-09-09T15:00:27.673659 #17065]  INFO -- : [4587803a-f694-41d2-afb9-20d80dbf4fe8] Completed 200 OK in 10ms (Views: 0.2ms | ActiveRecord: 3.5ms)
I, [2019-09-09T15:00:27.674999 #8114]  INFO -- : [0b90975c-1f8d-4ac8-869e-da12e3b04375] Completed 200 OK in 9ms (Views: 0.2ms | ActiveRecord: 3.3ms)
I, [2019-09-09T15:00:27.675076 #17065]  INFO -- : [4862d4bf-1427-4b3b-8a1d-eca77c5995c9] Started GET "/developments/1374" for 104.207.192.42 at 2019-09-09 15:00:27 -0400
I, [2019-09-09T15:00:27.675968 #8114]  INFO -- : [eb811074-2850-4ffd-9147-8af80715d0ec] Started GET "/developments/111" for 104.207.192.42 at 2019-09-09 15:00:27 -0400
I, [2019-09-09T15:00:27.676030 #17065]  INFO -- : [4862d4bf-1427-4b3b-8a1d-eca77c5995c9] Processing by DevelopmentsController#show as JSONAPI
I, [2019-09-09T15:00:27.676096 #17065]  INFO -- : [4862d4bf-1427-4b3b-8a1d-eca77c5995c9]   Parameters: {"id"=>"1374"}
I, [2019-09-09T15:00:27.676492 #8114]  INFO -- : [eb811074-2850-4ffd-9147-8af80715d0ec] Processing by DevelopmentsController#show as JSONAPI
I, [2019-09-09T15:00:27.676540 #8114]  INFO -- : [eb811074-2850-4ffd-9147-8af80715d0ec]   Parameters: {"id"=>"111"}
I, [2019-09-09T15:00:27.686087 #17065]  INFO -- : [4862d4bf-1427-4b3b-8a1d-eca77c5995c9] Completed 200 OK in 10ms (Views: 0.2ms | ActiveRecord: 3.5ms)
I, [2019-09-09T15:00:27.687223 #17065]  INFO -- : [ae6cf851-ead8-4015-aa13-78dedb874b90] Started GET "/developments/4295" for 104.207.192.42 at 2019-09-09 15:00:27 -0400
I, [2019-09-09T15:00:27.687385 #8114]  INFO -- : [eb811074-2850-4ffd-9147-8af80715d0ec] Completed 200 OK in 11ms (Views: 0.2ms | ActiveRecord: 4.5ms)
I, [2019-09-09T15:00:27.688192 #8114]  INFO -- : [a9ea7a39-8fa9-4e73-bce1-9210a5f1c751] Started GET "/developments/987" for 104.207.192.42 at 2019-09-09 15:00:27 -0400
I, [2019-09-09T15:00:27.688359 #17065]  INFO -- : [ae6cf851-ead8-4015-aa13-78dedb874b90] Processing by DevelopmentsController#show as JSONAPI
I, [2019-09-09T15:00:27.688437 #17065]  INFO -- : [ae6cf851-ead8-4015-aa13-78dedb874b90]   Parameters: {"id"=>"4295"}
I, [2019-09-09T15:00:27.688734 #8114]  INFO -- : [a9ea7a39-8fa9-4e73-bce1-9210a5f1c751] Processing by DevelopmentsController#show as JSONAPI
I, [2019-09-09T15:00:27.688794 #8114]  INFO -- : [a9ea7a39-8fa9-4e73-bce1-9210a5f1c751]   Parameters: {"id"=>"987"}
I, [2019-09-09T15:00:27.698275 #8114]  INFO -- : [a9ea7a39-8fa9-4e73-bce1-9210a5f1c751] Completed 200 OK in 9ms (Views: 0.2ms | ActiveRecord: 3.3ms)
I, [2019-09-09T15:00:27.699335 #8114]  INFO -- : [27fcdbb4-afc7-4d50-8810-0fdb6cda7b1f] Started GET "/developments/2465" for 104.207.192.42 at 2019-09-09 15:00:27 -0400
I, [2019-09-09T15:00:27.699876 #8114]  INFO -- : [27fcdbb4-afc7-4d50-8810-0fdb6cda7b1f] Processing by DevelopmentsController#show as JSONAPI
I, [2019-09-09T15:00:27.699978 #8114]  INFO -- : [27fcdbb4-afc7-4d50-8810-0fdb6cda7b1f]   Parameters: {"id"=>"2465"}
I, [2019-09-09T15:00:27.700241 #17065]  INFO -- : [ae6cf851-ead8-4015-aa13-78dedb874b90] Completed 200 OK in 12ms (Views: 0.3ms | ActiveRecord: 4.6ms)
I, [2019-09-09T15:00:27.701206 #17065]  INFO -- : [d943feec-ea19-40be-bb7b-4bc441d74a5a] Started GET "/developments/250" for 104.207.192.42 at 2019-09-09 15:00:27 -0400
I, [2019-09-09T15:00:27.701791 #17065]  INFO -- : [d943feec-ea19-40be-bb7b-4bc441d74a5a] Processing by DevelopmentsController#show as JSONAPI
I, [2019-09-09T15:00:27.701858 #17065]  INFO -- : [d943feec-ea19-40be-bb7b-4bc441d74a5a]   Parameters: {"id"=>"250"}
I, [2019-09-09T15:00:27.709863 #8114]  INFO -- : [27fcdbb4-afc7-4d50-8810-0fdb6cda7b1f] Completed 200 OK in 10ms (Views: 0.2ms | ActiveRecord: 3.7ms)
I, [2019-09-09T15:00:27.710843 #8114]  INFO -- : [21ee4949-90a1-4bbb-8f9a-b5a5a9e2617a] Started GET "/developments/1908" for 104.207.192.42 at 2019-09-09 15:00:27 -0400
I, [2019-09-09T15:00:27.711448 #8114]  INFO -- : [21ee4949-90a1-4bbb-8f9a-b5a5a9e2617a] Processing by DevelopmentsController#show as JSONAPI
I, [2019-09-09T15:00:27.711514 #8114]  INFO -- : [21ee4949-90a1-4bbb-8f9a-b5a5a9e2617a]   Parameters: {"id"=>"1908"}
I, [2019-09-09T15:00:27.712035 #17065]  INFO -- : [d943feec-ea19-40be-bb7b-4bc441d74a5a] Completed 200 OK in 10ms (Views: 0.2ms | ActiveRecord: 3.4ms)
I, [2019-09-09T15:00:27.713128 #17065]  INFO -- : [904253ab-11e8-4b00-9264-e06e1ddaba80] Started GET "/developments/1884" for 104.207.192.42 at 2019-09-09 15:00:27 -0400
I, [2019-09-09T15:00:27.713701 #17065]  INFO -- : [904253ab-11e8-4b00-9264-e06e1ddaba80] Processing by DevelopmentsController#show as JSONAPI
I, [2019-09-09T15:00:27.713756 #17065]  INFO -- : [904253ab-11e8-4b00-9264-e06e1ddaba80]   Parameters: {"id"=>"1884"}
I, [2019-09-09T15:00:27.720533 #8114]  INFO -- : [21ee4949-90a1-4bbb-8f9a-b5a5a9e2617a] Completed 200 OK in 9ms (Views: 0.1ms | ActiveRecord: 3.2ms)
I, [2019-09-09T15:00:27.721530 #8114]  INFO -- : [fa13f4d2-2606-4ded-a1a0-d50df09836c3] Started GET "/developments/379" for 104.207.192.42 at 2019-09-09 15:00:27 -0400
I, [2019-09-09T15:00:27.722051 #8114]  INFO -- : [fa13f4d2-2606-4ded-a1a0-d50df09836c3] Processing by DevelopmentsController#show as JSONAPI
I, [2019-09-09T15:00:27.722117 #8114]  INFO -- : [fa13f4d2-2606-4ded-a1a0-d50df09836c3]   Parameters: {"id"=>"379"}
I, [2019-09-09T15:00:27.723184 #17065]  INFO -- : [904253ab-11e8-4b00-9264-e06e1ddaba80] Completed 200 OK in 9ms (Views: 0.1ms | ActiveRecord: 3.2ms)
I, [2019-09-09T15:00:27.724267 #17065]  INFO -- : [c326d050-c48a-427f-af42-0078b8fcf98a] Started GET "/developments/4426" for 104.207.192.42 at 2019-09-09 15:00:27 -0400
I, [2019-09-09T15:00:27.724832 #17065]  INFO -- : [c326d050-c48a-427f-af42-0078b8fcf98a] Processing by DevelopmentsController#show as JSONAPI
I, [2019-09-09T15:00:27.724891 #17065]  INFO -- : [c326d050-c48a-427f-af42-0078b8fcf98a]   Parameters: {"id"=>"4426"}
I, [2019-09-09T15:00:27.731404 #8114]  INFO -- : [fa13f4d2-2606-4ded-a1a0-d50df09836c3] Completed 200 OK in 9ms (Views: 0.1ms | ActiveRecord: 3.4ms)
I, [2019-09-09T15:00:27.732360 #8114]  INFO -- : [adb27277-dae8-43ac-962f-eec265ff7d69] Started GET "/developments/2545" for 104.207.192.42 at 2019-09-09 15:00:27 -0400
I, [2019-09-09T15:00:27.732900 #8114]  INFO -- : [adb27277-dae8-43ac-962f-eec265ff7d69] Processing by DevelopmentsController#show as JSONAPI
I, [2019-09-09T15:00:27.732966 #8114]  INFO -- : [adb27277-dae8-43ac-962f-eec265ff7d69]   Parameters: {"id"=>"2545"}
I, [2019-09-09T15:00:27.734095 #17065]  INFO -- : [c326d050-c48a-427f-af42-0078b8fcf98a] Completed 200 OK in 9ms (Views: 0.2ms | ActiveRecord: 3.3ms)
I, [2019-09-09T15:00:27.735095 #17065]  INFO -- : [946841a8-fc2c-4b9e-a299-0d5ed3a83ac4] Started GET "/developments/726" for 104.207.192.42 at 2019-09-09 15:00:27 -0400
I, [2019-09-09T15:00:27.735629 #17065]  INFO -- : [946841a8-fc2c-4b9e-a299-0d5ed3a83ac4] Processing by DevelopmentsController#show as JSONAPI
I, [2019-09-09T15:00:27.735682 #17065]  INFO -- : [946841a8-fc2c-4b9e-a299-0d5ed3a83ac4]   Parameters: {"id"=>"726"}
I, [2019-09-09T15:00:27.742198 #8114]  INFO -- : [adb27277-dae8-43ac-962f-eec265ff7d69] Completed 200 OK in 9ms (Views: 0.2ms | ActiveRecord: 3.3ms)
I, [2019-09-09T15:00:27.743107 #8114]  INFO -- : [ef1e1a8a-43f4-44f8-82ea-d175954d4eb2] Started GET "/developments/4074" for 104.207.192.42 at 2019-09-09 15:00:27 -0400
I, [2019-09-09T15:00:27.743623 #8114]  INFO -- : [ef1e1a8a-43f4-44f8-82ea-d175954d4eb2] Processing by DevelopmentsController#show as JSONAPI
I, [2019-09-09T15:00:27.743686 #8114]  INFO -- : [ef1e1a8a-43f4-44f8-82ea-d175954d4eb2]   Parameters: {"id"=>"4074"}
I, [2019-09-09T15:00:27.745047 #17065]  INFO -- : [946841a8-fc2c-4b9e-a299-0d5ed3a83ac4] Completed 200 OK in 9ms (Views: 0.1ms | ActiveRecord: 3.3ms)
I, [2019-09-09T15:00:27.746149 #17065]  INFO -- : [e2913cca-38fe-43ef-9f1d-75c5fea42dd1] Started GET "/developments/1401" for 104.207.192.42 at 2019-09-09 15:00:27 -0400
I, [2019-09-09T15:00:27.746620 #17065]  INFO -- : [e2913cca-38fe-43ef-9f1d-75c5fea42dd1] Processing by DevelopmentsController#show as JSONAPI
I, [2019-09-09T15:00:27.746718 #17065]  INFO -- : [e2913cca-38fe-43ef-9f1d-75c5fea42dd1]   Parameters: {"id"=>"1401"}
I, [2019-09-09T15:00:27.753549 #8114]  INFO -- : [ef1e1a8a-43f4-44f8-82ea-d175954d4eb2] Completed 200 OK in 10ms (Views: 0.1ms | ActiveRecord: 3.7ms)
I, [2019-09-09T15:00:27.754547 #8114]  INFO -- : [dba0d71f-baf4-4dc9-99fd-71110a0e4135] Started GET "/developments/2928" for 104.207.192.42 at 2019-09-09 15:00:27 -0400
I, [2019-09-09T15:00:27.755136 #8114]  INFO -- : [dba0d71f-baf4-4dc9-99fd-71110a0e4135] Processing by DevelopmentsController#show as JSONAPI
I, [2019-09-09T15:00:27.755205 #8114]  INFO -- : [dba0d71f-baf4-4dc9-99fd-71110a0e4135]   Parameters: {"id"=>"2928"}
I, [2019-09-09T15:00:27.756314 #17065]  INFO -- : [e2913cca-38fe-43ef-9f1d-75c5fea42dd1] Completed 200 OK in 9ms (Views: 0.2ms | ActiveRecord: 3.3ms)
I, [2019-09-09T15:00:27.757267 #17065]  INFO -- : [3b3e1e65-f5df-4768-a74b-fc44b2fa749d] Started GET "/developments/2253" for 104.207.192.42 at 2019-09-09 15:00:27 -0400
I, [2019-09-09T15:00:27.758410 #17065]  INFO -- : [3b3e1e65-f5df-4768-a74b-fc44b2fa749d] Processing by DevelopmentsController#show as JSONAPI
I, [2019-09-09T15:00:27.758479 #17065]  INFO -- : [3b3e1e65-f5df-4768-a74b-fc44b2fa749d]   Parameters: {"id"=>"2253"}
I, [2019-09-09T15:00:27.766211 #8114]  INFO -- : [dba0d71f-baf4-4dc9-99fd-71110a0e4135] Completed 200 OK in 11ms (Views: 0.1ms | ActiveRecord: 3.8ms)
I, [2019-09-09T15:00:27.767147 #8114]  INFO -- : [b797411b-840d-4e01-b493-6bfaa74205d0] Started GET "/developments/2459" for 104.207.192.42 at 2019-09-09 15:00:27 -0400
I, [2019-09-09T15:00:27.767690 #8114]  INFO -- : [b797411b-840d-4e01-b493-6bfaa74205d0] Processing by DevelopmentsController#show as JSONAPI
I, [2019-09-09T15:00:27.767753 #8114]  INFO -- : [b797411b-840d-4e01-b493-6bfaa74205d0]   Parameters: {"id"=>"2459"}
I, [2019-09-09T15:00:27.769163 #17065]  INFO -- : [3b3e1e65-f5df-4768-a74b-fc44b2fa749d] Completed 200 OK in 11ms (Views: 0.2ms | ActiveRecord: 3.5ms)
I, [2019-09-09T15:00:27.770568 #17065]  INFO -- : [28b9a07a-97f8-418f-ab9c-f89083e65871] Started GET "/developments/2698" for 104.207.192.42 at 2019-09-09 15:00:27 -0400
I, [2019-09-09T15:00:27.771215 #17065]  INFO -- : [28b9a07a-97f8-418f-ab9c-f89083e65871] Processing by DevelopmentsController#show as JSONAPI
I, [2019-09-09T15:00:27.771279 #17065]  INFO -- : [28b9a07a-97f8-418f-ab9c-f89083e65871]   Parameters: {"id"=>"2698"}
I, [2019-09-09T15:00:27.777266 #8114]  INFO -- : [b797411b-840d-4e01-b493-6bfaa74205d0] Completed 200 OK in 9ms (Views: 0.2ms | ActiveRecord: 3.2ms)
I, [2019-09-09T15:00:27.778189 #8114]  INFO -- : [d7a54ee8-be33-4e3c-b700-da5e125ac583] Started GET "/developments/3227" for 104.207.192.42 at 2019-09-09 15:00:27 -0400
I, [2019-09-09T15:00:27.778655 #8114]  INFO -- : [d7a54ee8-be33-4e3c-b700-da5e125ac583] Processing by DevelopmentsController#show as JSONAPI
I, [2019-09-09T15:00:27.778703 #8114]  INFO -- : [d7a54ee8-be33-4e3c-b700-da5e125ac583]   Parameters: {"id"=>"3227"}
I, [2019-09-09T15:00:27.781518 #17065]  INFO -- : [28b9a07a-97f8-418f-ab9c-f89083e65871] Completed 200 OK in 10ms (Views: 0.2ms | ActiveRecord: 3.3ms)
I, [2019-09-09T15:00:27.782479 #17065]  INFO -- : [34289f26-fc5c-4525-9d8e-3af6a63fccfe] Started GET "/developments/2491" for 104.207.192.42 at 2019-09-09 15:00:27 -0400
I, [2019-09-09T15:00:27.783125 #17065]  INFO -- : [34289f26-fc5c-4525-9d8e-3af6a63fccfe] Processing by DevelopmentsController#show as JSONAPI
I, [2019-09-09T15:00:27.783273 #17065]  INFO -- : [34289f26-fc5c-4525-9d8e-3af6a63fccfe]   Parameters: {"id"=>"2491"}
I, [2019-09-09T15:00:27.789019 #8114]  INFO -- : [d7a54ee8-be33-4e3c-b700-da5e125ac583] Completed 200 OK in 10ms (Views: 0.2ms | ActiveRecord: 3.7ms)
I, [2019-09-09T15:00:27.789964 #8114]  INFO -- : [49cebf78-1319-40f8-aae5-5465f752b6cb] Started GET "/developments/1418" for 104.207.192.42 at 2019-09-09 15:00:27 -0400
I, [2019-09-09T15:00:27.790474 #8114]  INFO -- : [49cebf78-1319-40f8-aae5-5465f752b6cb] Processing by DevelopmentsController#show as JSONAPI
I, [2019-09-09T15:00:27.790521 #8114]  INFO -- : [49cebf78-1319-40f8-aae5-5465f752b6cb]   Parameters: {"id"=>"1418"}
I, [2019-09-09T15:00:27.793614 #17065]  INFO -- : [34289f26-fc5c-4525-9d8e-3af6a63fccfe] Completed 200 OK in 10ms (Views: 0.2ms | ActiveRecord: 3.4ms)
I, [2019-09-09T15:00:27.794447 #17065]  INFO -- : [890d20ab-f997-4e15-af0a-27122d2d0433] Started GET "/developments/4428" for 104.207.192.42 at 2019-09-09 15:00:27 -0400
I, [2019-09-09T15:00:27.795076 #17065]  INFO -- : [890d20ab-f997-4e15-af0a-27122d2d0433] Processing by DevelopmentsController#show as JSONAPI
I, [2019-09-09T15:00:27.795141 #17065]  INFO -- : [890d20ab-f997-4e15-af0a-27122d2d0433]   Parameters: {"id"=>"4428"}
I, [2019-09-09T15:00:27.800418 #8114]  INFO -- : [49cebf78-1319-40f8-aae5-5465f752b6cb] Completed 200 OK in 10ms (Views: 0.1ms | ActiveRecord: 3.2ms)
I, [2019-09-09T15:00:27.801087 #8114]  INFO -- : [b7a82ad3-e978-4bac-b9f3-33c2e515edc3] Started GET "/developments/4429" for 104.207.192.42 at 2019-09-09 15:00:27 -0400
I, [2019-09-09T15:00:27.802376 #8114]  INFO -- : [b7a82ad3-e978-4bac-b9f3-33c2e515edc3] Processing by DevelopmentsController#show as JSONAPI
I, [2019-09-09T15:00:27.802425 #8114]  INFO -- : [b7a82ad3-e978-4bac-b9f3-33c2e515edc3]   Parameters: {"id"=>"4429"}
I, [2019-09-09T15:00:27.805004 #17065]  INFO -- : [890d20ab-f997-4e15-af0a-27122d2d0433] Completed 200 OK in 10ms (Views: 0.2ms | ActiveRecord: 4.0ms)
I, [2019-09-09T15:00:27.806491 #17065]  INFO -- : [c506b18c-3d3c-4d95-a287-a578216b5a38] Started GET "/developments/3356" for 104.207.192.42 at 2019-09-09 15:00:27 -0400
I, [2019-09-09T15:00:27.806960 #17065]  INFO -- : [c506b18c-3d3c-4d95-a287-a578216b5a38] Processing by DevelopmentsController#show as JSONAPI
I, [2019-09-09T15:00:27.807027 #17065]  INFO -- : [c506b18c-3d3c-4d95-a287-a578216b5a38]   Parameters: {"id"=>"3356"}
I, [2019-09-09T15:00:27.812046 #8114]  INFO -- : [b7a82ad3-e978-4bac-b9f3-33c2e515edc3] Completed 200 OK in 10ms (Views: 0.2ms | ActiveRecord: 3.2ms)
I, [2019-09-09T15:00:27.812960 #8114]  INFO -- : [44dbee7a-3412-4994-9337-ded34fc1f1ac] Started GET "/developments/1684" for 104.207.192.42 at 2019-09-09 15:00:27 -0400
I, [2019-09-09T15:00:27.813577 #8114]  INFO -- : [44dbee7a-3412-4994-9337-ded34fc1f1ac] Processing by DevelopmentsController#show as JSONAPI
I, [2019-09-09T15:00:27.813627 #8114]  INFO -- : [44dbee7a-3412-4994-9337-ded34fc1f1ac]   Parameters: {"id"=>"1684"}
I, [2019-09-09T15:00:27.816183 #17065]  INFO -- : [c506b18c-3d3c-4d95-a287-a578216b5a38] Completed 200 OK in 9ms (Views: 0.2ms | ActiveRecord: 3.1ms)
I, [2019-09-09T15:00:27.816932 #17065]  INFO -- : [d029f3a2-6ea5-4276-a77e-c2afee5087ae] Started GET "/developments/2533" for 104.207.192.42 at 2019-09-09 15:00:27 -0400
I, [2019-09-09T15:00:27.817484 #17065]  INFO -- : [d029f3a2-6ea5-4276-a77e-c2afee5087ae] Processing by DevelopmentsController#show as JSONAPI
I, [2019-09-09T15:00:27.817549 #17065]  INFO -- : [d029f3a2-6ea5-4276-a77e-c2afee5087ae]   Parameters: {"id"=>"2533"}
I, [2019-09-09T15:00:27.823485 #8114]  INFO -- : [44dbee7a-3412-4994-9337-ded34fc1f1ac] Completed 200 OK in 10ms (Views: 0.2ms | ActiveRecord: 3.4ms)
I, [2019-09-09T15:00:27.824582 #8114]  INFO -- : [8ca63500-55e0-410d-a9dd-fa3234f4b7ef] Started GET "/developments/979" for 104.207.192.42 at 2019-09-09 15:00:27 -0400
I, [2019-09-09T15:00:27.825030 #8114]  INFO -- : [8ca63500-55e0-410d-a9dd-fa3234f4b7ef] Processing by DevelopmentsController#show as JSONAPI
I, [2019-09-09T15:00:27.825076 #8114]  INFO -- : [8ca63500-55e0-410d-a9dd-fa3234f4b7ef]   Parameters: {"id"=>"979"}
I, [2019-09-09T15:00:27.827427 #17065]  INFO -- : [d029f3a2-6ea5-4276-a77e-c2afee5087ae] Completed 200 OK in 10ms (Views: 0.1ms | ActiveRecord: 3.6ms)
I, [2019-09-09T15:00:27.828130 #17065]  INFO -- : [6332cf02-bf26-4a1f-a7cb-082e37c07b45] Started GET "/developments/4429" for 104.207.192.42 at 2019-09-09 15:00:27 -0400
I, [2019-09-09T15:00:27.828517 #17065]  INFO -- : [6332cf02-bf26-4a1f-a7cb-082e37c07b45] Processing by DevelopmentsController#show as JSONAPI
I, [2019-09-09T15:00:27.828562 #17065]  INFO -- : [6332cf02-bf26-4a1f-a7cb-082e37c07b45]   Parameters: {"id"=>"4429"}
I, [2019-09-09T15:00:27.837255 #8114]  INFO -- : [8ca63500-55e0-410d-a9dd-fa3234f4b7ef] Completed 200 OK in 12ms (Views: 0.2ms | ActiveRecord: 5.0ms)
I, [2019-09-09T15:00:27.838033 #8114]  INFO -- : [d246d49b-2652-4b33-9814-3958052c22a7] Started GET "/developments/2376" for 104.207.192.42 at 2019-09-09 15:00:27 -0400
I, [2019-09-09T15:00:27.838416 #8114]  INFO -- : [d246d49b-2652-4b33-9814-3958052c22a7] Processing by DevelopmentsController#show as JSONAPI
I, [2019-09-09T15:00:27.838461 #8114]  INFO -- : [d246d49b-2652-4b33-9814-3958052c22a7]   Parameters: {"id"=>"2376"}
I, [2019-09-09T15:00:27.842511 #17065]  INFO -- : [6332cf02-bf26-4a1f-a7cb-082e37c07b45] Completed 200 OK in 14ms (Views: 0.2ms | ActiveRecord: 6.8ms)
I, [2019-09-09T15:00:27.843595 #17065]  INFO -- : [d17290ad-c7f5-4934-969d-08ada098ba51] Started GET "/developments/380" for 104.207.192.42 at 2019-09-09 15:00:27 -0400
I, [2019-09-09T15:00:27.844303 #17065]  INFO -- : [d17290ad-c7f5-4934-969d-08ada098ba51] Processing by DevelopmentsController#show as JSONAPI
I, [2019-09-09T15:00:27.844368 #17065]  INFO -- : [d17290ad-c7f5-4934-969d-08ada098ba51]   Parameters: {"id"=>"380"}
I, [2019-09-09T15:00:27.850347 #8114]  INFO -- : [d246d49b-2652-4b33-9814-3958052c22a7] Completed 200 OK in 12ms (Views: 0.2ms | ActiveRecord: 5.5ms)
I, [2019-09-09T15:00:27.851228 #8114]  INFO -- : [8d1b6fee-0225-432f-9d5b-ebe9bee6e6f1] Started GET "/developments/3741" for 104.207.192.42 at 2019-09-09 15:00:27 -0400
I, [2019-09-09T15:00:27.851623 #8114]  INFO -- : [8d1b6fee-0225-432f-9d5b-ebe9bee6e6f1] Processing by DevelopmentsController#show as JSONAPI
I, [2019-09-09T15:00:27.851667 #8114]  INFO -- : [8d1b6fee-0225-432f-9d5b-ebe9bee6e6f1]   Parameters: {"id"=>"3741"}
I, [2019-09-09T15:00:27.855603 #17065]  INFO -- : [d17290ad-c7f5-4934-969d-08ada098ba51] Completed 200 OK in 11ms (Views: 0.2ms | ActiveRecord: 4.1ms)
I, [2019-09-09T15:00:27.856342 #17065]  INFO -- : [7251a39c-c373-4f9e-ba5a-5df800b83e0e] Started GET "/developments/3502" for 104.207.192.42 at 2019-09-09 15:00:27 -0400
I, [2019-09-09T15:00:27.856880 #17065]  INFO -- : [7251a39c-c373-4f9e-ba5a-5df800b83e0e] Processing by DevelopmentsController#show as JSONAPI
I, [2019-09-09T15:00:27.856941 #17065]  INFO -- : [7251a39c-c373-4f9e-ba5a-5df800b83e0e]   Parameters: {"id"=>"3502"}
I, [2019-09-09T15:00:27.861407 #8114]  INFO -- : [8d1b6fee-0225-432f-9d5b-ebe9bee6e6f1] Completed 200 OK in 10ms (Views: 0.1ms | ActiveRecord: 3.8ms)
I, [2019-09-09T15:00:27.862368 #8114]  INFO -- : [ef29028b-a05e-438c-931b-5365e59f4a64] Started GET "/developments/252" for 104.207.192.42 at 2019-09-09 15:00:27 -0400
I, [2019-09-09T15:00:27.862734 #8114]  INFO -- : [ef29028b-a05e-438c-931b-5365e59f4a64] Processing by DevelopmentsController#show as JSONAPI
I, [2019-09-09T15:00:27.862791 #8114]  INFO -- : [ef29028b-a05e-438c-931b-5365e59f4a64]   Parameters: {"id"=>"252"}
I, [2019-09-09T15:00:27.866487 #17065]  INFO -- : [7251a39c-c373-4f9e-ba5a-5df800b83e0e] Completed 200 OK in 9ms (Views: 0.2ms | ActiveRecord: 3.2ms)
I, [2019-09-09T15:00:27.867576 #17065]  INFO -- : [9a8c8447-a9a6-4a2d-a045-4e40abacf00e] Started GET "/developments/19" for 104.207.192.42 at 2019-09-09 15:00:27 -0400
I, [2019-09-09T15:00:27.868101 #17065]  INFO -- : [9a8c8447-a9a6-4a2d-a045-4e40abacf00e] Processing by DevelopmentsController#show as JSONAPI
I, [2019-09-09T15:00:27.868150 #17065]  INFO -- : [9a8c8447-a9a6-4a2d-a045-4e40abacf00e]   Parameters: {"id"=>"19"}
I, [2019-09-09T15:00:27.872134 #8114]  INFO -- : [ef29028b-a05e-438c-931b-5365e59f4a64] Completed 200 OK in 9ms (Views: 0.2ms | ActiveRecord: 3.4ms)
I, [2019-09-09T15:00:27.873092 #8114]  INFO -- : [e3adf484-6334-40d9-9eeb-f00dd7746336] Started GET "/developments/2926" for 104.207.192.42 at 2019-09-09 15:00:27 -0400
