I, [2019-09-09T15:00:27.873586 #8114]  INFO -- : [e3adf484-6334-40d9-9eeb-f00dd7746336] Processing by DevelopmentsController#show as JSONAPI
I, [2019-09-09T15:00:27.873647 #8114]  INFO -- : [e3adf484-6334-40d9-9eeb-f00dd7746336]   Parameters: {"id"=>"2926"}
I, [2019-09-09T15:00:27.877825 #17065]  INFO -- : [9a8c8447-a9a6-4a2d-a045-4e40abacf00e] Completed 200 OK in 10ms (Views: 0.1ms | ActiveRecord: 3.6ms)
I, [2019-09-09T15:00:27.878834 #17065]  INFO -- : [90db9333-1205-4630-8efa-ea2ad041e44c] Started GET "/developments/2886" for 104.207.192.42 at 2019-09-09 15:00:27 -0400
I, [2019-09-09T15:00:27.879237 #17065]  INFO -- : [90db9333-1205-4630-8efa-ea2ad041e44c] Processing by DevelopmentsController#show as JSONAPI
I, [2019-09-09T15:00:27.879286 #17065]  INFO -- : [90db9333-1205-4630-8efa-ea2ad041e44c]   Parameters: {"id"=>"2886"}
I, [2019-09-09T15:00:27.883375 #8114]  INFO -- : [e3adf484-6334-40d9-9eeb-f00dd7746336] Completed 200 OK in 10ms (Views: 0.1ms | ActiveRecord: 3.3ms)
I, [2019-09-09T15:00:27.884345 #8114]  INFO -- : [db4d8d7a-76d2-4a92-9662-4ff16b8afbbe] Started GET "/developments/1997" for 104.207.192.42 at 2019-09-09 15:00:27 -0400
I, [2019-09-09T15:00:27.884739 #8114]  INFO -- : [db4d8d7a-76d2-4a92-9662-4ff16b8afbbe] Processing by DevelopmentsController#show as JSONAPI
I, [2019-09-09T15:00:27.884793 #8114]  INFO -- : [db4d8d7a-76d2-4a92-9662-4ff16b8afbbe]   Parameters: {"id"=>"1997"}
I, [2019-09-09T15:00:27.888909 #17065]  INFO -- : [90db9333-1205-4630-8efa-ea2ad041e44c] Completed 200 OK in 10ms (Views: 0.1ms | ActiveRecord: 3.2ms)
I, [2019-09-09T15:00:27.889880 #17065]  INFO -- : [e7f8193e-e66f-4913-a4b6-da3f900f0d18] Started GET "/developments/4428" for 104.207.192.42 at 2019-09-09 15:00:27 -0400
I, [2019-09-09T15:00:27.890272 #17065]  INFO -- : [e7f8193e-e66f-4913-a4b6-da3f900f0d18] Processing by DevelopmentsController#show as JSONAPI
I, [2019-09-09T15:00:27.890317 #17065]  INFO -- : [e7f8193e-e66f-4913-a4b6-da3f900f0d18]   Parameters: {"id"=>"4428"}
I, [2019-09-09T15:00:27.894383 #8114]  INFO -- : [db4d8d7a-76d2-4a92-9662-4ff16b8afbbe] Completed 200 OK in 10ms (Views: 0.1ms | ActiveRecord: 3.2ms)
I, [2019-09-09T15:00:27.895335 #8114]  INFO -- : [63b1548d-e244-4304-aed2-73a4f8caa637] Started GET "/developments/3227" for 104.207.192.42 at 2019-09-09 15:00:27 -0400
I, [2019-09-09T15:00:27.895726 #8114]  INFO -- : [63b1548d-e244-4304-aed2-73a4f8caa637] Processing by DevelopmentsController#show as JSONAPI
I, [2019-09-09T15:00:27.895780 #8114]  INFO -- : [63b1548d-e244-4304-aed2-73a4f8caa637]   Parameters: {"id"=>"3227"}
I, [2019-09-09T15:00:27.899970 #17065]  INFO -- : [e7f8193e-e66f-4913-a4b6-da3f900f0d18] Completed 200 OK in 10ms (Views: 0.1ms | ActiveRecord: 3.3ms)
I, [2019-09-09T15:00:27.900958 #17065]  INFO -- : [37c17bfb-586a-4b19-a269-1f9983cee44b] Started GET "/developments/705" for 104.207.192.42 at 2019-09-09 15:00:27 -0400
I, [2019-09-09T15:00:27.901312 #17065]  INFO -- : [37c17bfb-586a-4b19-a269-1f9983cee44b] Processing by DevelopmentsController#show as JSONAPI
I, [2019-09-09T15:00:27.901359 #17065]  INFO -- : [37c17bfb-586a-4b19-a269-1f9983cee44b]   Parameters: {"id"=>"705"}
I, [2019-09-09T15:00:27.905235 #8114]  INFO -- : [63b1548d-e244-4304-aed2-73a4f8caa637] Completed 200 OK in 9ms (Views: 0.2ms | ActiveRecord: 3.1ms)
I, [2019-09-09T15:00:27.905921 #8114]  INFO -- : [f4f1ef6f-b2fb-4266-abfc-ede7710168d1] Started GET "/developments/2117" for 104.207.192.42 at 2019-09-09 15:00:27 -0400
I, [2019-09-09T15:00:27.906284 #8114]  INFO -- : [f4f1ef6f-b2fb-4266-abfc-ede7710168d1] Processing by DevelopmentsController#show as JSONAPI
I, [2019-09-09T15:00:27.906327 #8114]  INFO -- : [f4f1ef6f-b2fb-4266-abfc-ede7710168d1]   Parameters: {"id"=>"2117"}
I, [2019-09-09T15:00:27.911323 #17065]  INFO -- : [37c17bfb-586a-4b19-a269-1f9983cee44b] Completed 200 OK in 10ms (Views: 0.1ms | ActiveRecord: 4.3ms)
I, [2019-09-09T15:00:27.912273 #17065]  INFO -- : [7d60d655-8efd-4b8f-be35-80c4c80005a5] Started GET "/developments/686" for 104.207.192.42 at 2019-09-09 15:00:27 -0400
I, [2019-09-09T15:00:27.912898 #17065]  INFO -- : [7d60d655-8efd-4b8f-be35-80c4c80005a5] Processing by DevelopmentsController#show as JSONAPI
I, [2019-09-09T15:00:27.912949 #17065]  INFO -- : [7d60d655-8efd-4b8f-be35-80c4c80005a5]   Parameters: {"id"=>"686"}
I, [2019-09-09T15:00:27.915421 #8114]  INFO -- : [f4f1ef6f-b2fb-4266-abfc-ede7710168d1] Completed 200 OK in 9ms (Views: 0.1ms | ActiveRecord: 3.4ms)
I, [2019-09-09T15:00:27.916735 #8114]  INFO -- : [1d47a32a-d138-4e38-99dd-38a5b987cd9e] Started GET "/developments/3818" for 104.207.192.42 at 2019-09-09 15:00:27 -0400
I, [2019-09-09T15:00:27.917267 #8114]  INFO -- : [1d47a32a-d138-4e38-99dd-38a5b987cd9e] Processing by DevelopmentsController#show as JSONAPI
I, [2019-09-09T15:00:27.917315 #8114]  INFO -- : [1d47a32a-d138-4e38-99dd-38a5b987cd9e]   Parameters: {"id"=>"3818"}
I, [2019-09-09T15:00:27.922278 #17065]  INFO -- : [7d60d655-8efd-4b8f-be35-80c4c80005a5] Completed 200 OK in 9ms (Views: 0.1ms | ActiveRecord: 3.3ms)
I, [2019-09-09T15:00:27.923214 #17065]  INFO -- : [7848800d-0280-4cdc-8ad2-fcf187ad3895] Started GET "/developments/2648" for 104.207.192.42 at 2019-09-09 15:00:27 -0400
I, [2019-09-09T15:00:27.923775 #17065]  INFO -- : [7848800d-0280-4cdc-8ad2-fcf187ad3895] Processing by DevelopmentsController#show as JSONAPI
I, [2019-09-09T15:00:27.923826 #17065]  INFO -- : [7848800d-0280-4cdc-8ad2-fcf187ad3895]   Parameters: {"id"=>"2648"}
I, [2019-09-09T15:00:27.926144 #8114]  INFO -- : [1d47a32a-d138-4e38-99dd-38a5b987cd9e] Completed 200 OK in 9ms (Views: 0.1ms | ActiveRecord: 3.1ms)
I, [2019-09-09T15:00:27.926924 #8114]  INFO -- : [201320fe-c7fd-4e4f-a8ea-b52af6fc8a3f] Started GET "/developments/379" for 104.207.192.42 at 2019-09-09 15:00:27 -0400
I, [2019-09-09T15:00:27.927474 #8114]  INFO -- : [201320fe-c7fd-4e4f-a8ea-b52af6fc8a3f] Processing by DevelopmentsController#show as JSONAPI
I, [2019-09-09T15:00:27.927538 #8114]  INFO -- : [201320fe-c7fd-4e4f-a8ea-b52af6fc8a3f]   Parameters: {"id"=>"379"}
I, [2019-09-09T15:00:27.933580 #17065]  INFO -- : [7848800d-0280-4cdc-8ad2-fcf187ad3895] Completed 200 OK in 10ms (Views: 0.1ms | ActiveRecord: 3.3ms)
I, [2019-09-09T15:00:27.934571 #17065]  INFO -- : [3945f3c3-04f6-4682-a05b-ce298d9fe403] Started GET "/developments/2701" for 104.207.192.42 at 2019-09-09 15:00:27 -0400
I, [2019-09-09T15:00:27.935103 #17065]  INFO -- : [3945f3c3-04f6-4682-a05b-ce298d9fe403] Processing by DevelopmentsController#show as JSONAPI
I, [2019-09-09T15:00:27.935169 #17065]  INFO -- : [3945f3c3-04f6-4682-a05b-ce298d9fe403]   Parameters: {"id"=>"2701"}
I, [2019-09-09T15:00:27.937364 #8114]  INFO -- : [201320fe-c7fd-4e4f-a8ea-b52af6fc8a3f] Completed 200 OK in 10ms (Views: 0.2ms | ActiveRecord: 3.4ms)
I, [2019-09-09T15:00:27.938237 #8114]  INFO -- : [40c06c54-e7e3-47ff-a5f7-ce68015c1b9e] Started GET "/developments/974" for 104.207.192.42 at 2019-09-09 15:00:27 -0400
I, [2019-09-09T15:00:27.938606 #8114]  INFO -- : [40c06c54-e7e3-47ff-a5f7-ce68015c1b9e] Processing by DevelopmentsController#show as JSONAPI
I, [2019-09-09T15:00:27.938651 #8114]  INFO -- : [40c06c54-e7e3-47ff-a5f7-ce68015c1b9e]   Parameters: {"id"=>"974"}
I, [2019-09-09T15:00:27.945789 #17065]  INFO -- : [3945f3c3-04f6-4682-a05b-ce298d9fe403] Completed 200 OK in 11ms (Views: 0.2ms | ActiveRecord: 4.3ms)
I, [2019-09-09T15:00:27.947090 #17065]  INFO -- : [66b09c2c-0379-4b51-863f-bc99ed7ead7a] Started GET "/developments/1711" for 104.207.192.42 at 2019-09-09 15:00:27 -0400
I, [2019-09-09T15:00:27.947782 #17065]  INFO -- : [66b09c2c-0379-4b51-863f-bc99ed7ead7a] Processing by DevelopmentsController#show as JSONAPI
I, [2019-09-09T15:00:27.947850 #17065]  INFO -- : [66b09c2c-0379-4b51-863f-bc99ed7ead7a]   Parameters: {"id"=>"1711"}
I, [2019-09-09T15:00:27.948480 #8114]  INFO -- : [40c06c54-e7e3-47ff-a5f7-ce68015c1b9e] Completed 200 OK in 10ms (Views: 0.2ms | ActiveRecord: 3.4ms)
I, [2019-09-09T15:00:27.949427 #8114]  INFO -- : [76729e0a-782c-4d08-b984-fd68a6205613] Started GET "/developments/21" for 104.207.192.42 at 2019-09-09 15:00:27 -0400
I, [2019-09-09T15:00:27.949919 #8114]  INFO -- : [76729e0a-782c-4d08-b984-fd68a6205613] Processing by DevelopmentsController#show as JSONAPI
I, [2019-09-09T15:00:27.949963 #8114]  INFO -- : [76729e0a-782c-4d08-b984-fd68a6205613]   Parameters: {"id"=>"21"}
I, [2019-09-09T15:00:27.958827 #17065]  INFO -- : [66b09c2c-0379-4b51-863f-bc99ed7ead7a] Completed 200 OK in 11ms (Views: 0.2ms | ActiveRecord: 4.2ms)
I, [2019-09-09T15:00:27.960002 #17065]  INFO -- : [3d4aebae-08ed-4d26-acdd-c4b8a5311829] Started GET "/developments/4452" for 104.207.192.42 at 2019-09-09 15:00:27 -0400
I, [2019-09-09T15:00:27.960600 #17065]  INFO -- : [3d4aebae-08ed-4d26-acdd-c4b8a5311829] Processing by DevelopmentsController#show as JSONAPI
I, [2019-09-09T15:00:27.960666 #17065]  INFO -- : [3d4aebae-08ed-4d26-acdd-c4b8a5311829]   Parameters: {"id"=>"4452"}
I, [2019-09-09T15:00:27.960849 #8114]  INFO -- : [76729e0a-782c-4d08-b984-fd68a6205613] Completed 200 OK in 11ms (Views: 0.2ms | ActiveRecord: 3.7ms)
I, [2019-09-09T15:00:27.961916 #8114]  INFO -- : [8bf50f0a-c690-4506-9701-fb824ce734f2] Started GET "/developments/4451" for 104.207.192.42 at 2019-09-09 15:00:27 -0400
I, [2019-09-09T15:00:27.962536 #8114]  INFO -- : [8bf50f0a-c690-4506-9701-fb824ce734f2] Processing by DevelopmentsController#show as JSONAPI
I, [2019-09-09T15:00:27.962601 #8114]  INFO -- : [8bf50f0a-c690-4506-9701-fb824ce734f2]   Parameters: {"id"=>"4451"}
I, [2019-09-09T15:00:27.971161 #17065]  INFO -- : [3d4aebae-08ed-4d26-acdd-c4b8a5311829] Completed 200 OK in 10ms (Views: 0.2ms | ActiveRecord: 3.6ms)
I, [2019-09-09T15:00:27.972157 #17065]  INFO -- : [c932a99f-0bf3-4a93-9f73-0494ebdc17e6] Started GET "/developments/2806" for 104.207.192.42 at 2019-09-09 15:00:27 -0400
I, [2019-09-09T15:00:27.972724 #17065]  INFO -- : [c932a99f-0bf3-4a93-9f73-0494ebdc17e6] Processing by DevelopmentsController#show as JSONAPI
I, [2019-09-09T15:00:27.972790 #17065]  INFO -- : [c932a99f-0bf3-4a93-9f73-0494ebdc17e6]   Parameters: {"id"=>"2806"}
I, [2019-09-09T15:00:27.973249 #8114]  INFO -- : [8bf50f0a-c690-4506-9701-fb824ce734f2] Completed 200 OK in 11ms (Views: 0.2ms | ActiveRecord: 3.7ms)
I, [2019-09-09T15:00:27.974166 #8114]  INFO -- : [5405d32d-f5ac-45d9-a873-f98d298b38bc] Started GET "/developments/1" for 104.207.192.42 at 2019-09-09 15:00:27 -0400
I, [2019-09-09T15:00:27.974700 #8114]  INFO -- : [5405d32d-f5ac-45d9-a873-f98d298b38bc] Processing by DevelopmentsController#show as JSONAPI
I, [2019-09-09T15:00:27.974767 #8114]  INFO -- : [5405d32d-f5ac-45d9-a873-f98d298b38bc]   Parameters: {"id"=>"1"}
I, [2019-09-09T15:00:27.982614 #17065]  INFO -- : [c932a99f-0bf3-4a93-9f73-0494ebdc17e6] Completed 200 OK in 10ms (Views: 0.2ms | ActiveRecord: 3.4ms)
I, [2019-09-09T15:00:27.983580 #17065]  INFO -- : [69260c5d-c544-48ff-a425-787537ea5f12] Started GET "/developments/4433" for 104.207.192.42 at 2019-09-09 15:00:27 -0400
I, [2019-09-09T15:00:27.984179 #17065]  INFO -- : [69260c5d-c544-48ff-a425-787537ea5f12] Processing by DevelopmentsController#show as JSONAPI
I, [2019-09-09T15:00:27.984248 #17065]  INFO -- : [69260c5d-c544-48ff-a425-787537ea5f12]   Parameters: {"id"=>"4433"}
I, [2019-09-09T15:00:27.984704 #8114]  INFO -- : [5405d32d-f5ac-45d9-a873-f98d298b38bc] Completed 200 OK in 10ms (Views: 0.2ms | ActiveRecord: 3.4ms)
I, [2019-09-09T15:00:27.985580 #8114]  INFO -- : [2341a9bb-9aa1-47c6-a060-237a11f76152] Started GET "/developments/693" for 104.207.192.42 at 2019-09-09 15:00:27 -0400
I, [2019-09-09T15:00:27.986127 #8114]  INFO -- : [2341a9bb-9aa1-47c6-a060-237a11f76152] Processing by DevelopmentsController#show as JSONAPI
I, [2019-09-09T15:00:27.986195 #8114]  INFO -- : [2341a9bb-9aa1-47c6-a060-237a11f76152]   Parameters: {"id"=>"693"}
I, [2019-09-09T15:00:27.994571 #17065]  INFO -- : [69260c5d-c544-48ff-a425-787537ea5f12] Completed 200 OK in 10ms (Views: 0.2ms | ActiveRecord: 3.3ms)
I, [2019-09-09T15:00:27.995535 #17065]  INFO -- : [fc118fe1-3612-4f8a-97d9-7447cd88b2a6] Started GET "/developments/4432" for 104.207.192.42 at 2019-09-09 15:00:27 -0400
I, [2019-09-09T15:00:27.996113 #17065]  INFO -- : [fc118fe1-3612-4f8a-97d9-7447cd88b2a6] Processing by DevelopmentsController#show as JSONAPI
I, [2019-09-09T15:00:27.996182 #17065]  INFO -- : [fc118fe1-3612-4f8a-97d9-7447cd88b2a6]   Parameters: {"id"=>"4432"}
I, [2019-09-09T15:00:27.996696 #8114]  INFO -- : [2341a9bb-9aa1-47c6-a060-237a11f76152] Completed 200 OK in 10ms (Views: 0.1ms | ActiveRecord: 4.1ms)
I, [2019-09-09T15:00:27.997820 #8114]  INFO -- : [54ab1669-c975-4817-adc8-6375b7536489] Started GET "/developments/2701" for 104.207.192.42 at 2019-09-09 15:00:27 -0400
I, [2019-09-09T15:00:27.998354 #8114]  INFO -- : [54ab1669-c975-4817-adc8-6375b7536489] Processing by DevelopmentsController#show as JSONAPI
I, [2019-09-09T15:00:27.998433 #8114]  INFO -- : [54ab1669-c975-4817-adc8-6375b7536489]   Parameters: {"id"=>"2701"}
I, [2019-09-09T15:00:28.005592 #17065]  INFO -- : [fc118fe1-3612-4f8a-97d9-7447cd88b2a6] Completed 200 OK in 9ms (Views: 0.2ms | ActiveRecord: 3.3ms)
I, [2019-09-09T15:00:28.006543 #17065]  INFO -- : [8f52bf8b-fbfb-4dee-9ee0-26797ee662eb] Started GET "/developments/1997" for 104.207.192.42 at 2019-09-09 15:00:28 -0400
I, [2019-09-09T15:00:28.007101 #17065]  INFO -- : [8f52bf8b-fbfb-4dee-9ee0-26797ee662eb] Processing by DevelopmentsController#show as JSONAPI
I, [2019-09-09T15:00:28.007167 #17065]  INFO -- : [8f52bf8b-fbfb-4dee-9ee0-26797ee662eb]   Parameters: {"id"=>"1997"}
I, [2019-09-09T15:00:28.007782 #8114]  INFO -- : [54ab1669-c975-4817-adc8-6375b7536489] Completed 200 OK in 9ms (Views: 0.2ms | ActiveRecord: 3.2ms)
I, [2019-09-09T15:00:28.008832 #8114]  INFO -- : [1f394210-55d8-4212-a399-178a41582d47] Started GET "/developments/2073" for 104.207.192.42 at 2019-09-09 15:00:28 -0400
I, [2019-09-09T15:00:28.009680 #8114]  INFO -- : [1f394210-55d8-4212-a399-178a41582d47] Processing by DevelopmentsController#show as JSONAPI
I, [2019-09-09T15:00:28.009748 #8114]  INFO -- : [1f394210-55d8-4212-a399-178a41582d47]   Parameters: {"id"=>"2073"}
I, [2019-09-09T15:00:28.017629 #17065]  INFO -- : [8f52bf8b-fbfb-4dee-9ee0-26797ee662eb] Completed 200 OK in 10ms (Views: 0.2ms | ActiveRecord: 3.8ms)
I, [2019-09-09T15:00:28.018629 #17065]  INFO -- : [562aa7bc-8231-4e07-8e83-3dafdbaed18b] Started GET "/developments/705" for 104.207.192.42 at 2019-09-09 15:00:28 -0400
I, [2019-09-09T15:00:28.019207 #17065]  INFO -- : [562aa7bc-8231-4e07-8e83-3dafdbaed18b] Processing by DevelopmentsController#show as JSONAPI
I, [2019-09-09T15:00:28.019274 #17065]  INFO -- : [562aa7bc-8231-4e07-8e83-3dafdbaed18b]   Parameters: {"id"=>"705"}
I, [2019-09-09T15:00:28.019531 #8114]  INFO -- : [1f394210-55d8-4212-a399-178a41582d47] Completed 200 OK in 10ms (Views: 0.2ms | ActiveRecord: 3.6ms)
I, [2019-09-09T15:00:28.020518 #8114]  INFO -- : [6880ec18-98ab-4c1a-be53-4620b156a9e1] Started GET "/developments/4453" for 104.207.192.42 at 2019-09-09 15:00:28 -0400
I, [2019-09-09T15:00:28.021111 #8114]  INFO -- : [6880ec18-98ab-4c1a-be53-4620b156a9e1] Processing by DevelopmentsController#show as JSONAPI
I, [2019-09-09T15:00:28.021178 #8114]  INFO -- : [6880ec18-98ab-4c1a-be53-4620b156a9e1]   Parameters: {"id"=>"4453"}
I, [2019-09-09T15:00:28.028979 #17065]  INFO -- : [562aa7bc-8231-4e07-8e83-3dafdbaed18b] Completed 200 OK in 10ms (Views: 0.2ms | ActiveRecord: 3.3ms)
I, [2019-09-09T15:00:28.029981 #17065]  INFO -- : [a56625cf-2362-4aeb-bf62-1f71e080eef9] Started GET "/developments/4450" for 104.207.192.42 at 2019-09-09 15:00:28 -0400
I, [2019-09-09T15:00:28.030554 #17065]  INFO -- : [a56625cf-2362-4aeb-bf62-1f71e080eef9] Processing by DevelopmentsController#show as JSONAPI
I, [2019-09-09T15:00:28.030621 #17065]  INFO -- : [a56625cf-2362-4aeb-bf62-1f71e080eef9]   Parameters: {"id"=>"4450"}
I, [2019-09-09T15:00:28.031053 #8114]  INFO -- : [6880ec18-98ab-4c1a-be53-4620b156a9e1] Completed 200 OK in 10ms (Views: 0.2ms | ActiveRecord: 3.3ms)
I, [2019-09-09T15:00:28.031960 #8114]  INFO -- : [418549df-b0f3-42e4-a047-9ec199a69b07] Started GET "/developments/1129" for 104.207.192.42 at 2019-09-09 15:00:28 -0400
I, [2019-09-09T15:00:28.032598 #8114]  INFO -- : [418549df-b0f3-42e4-a047-9ec199a69b07] Processing by DevelopmentsController#show as JSONAPI
I, [2019-09-09T15:00:28.032662 #8114]  INFO -- : [418549df-b0f3-42e4-a047-9ec199a69b07]   Parameters: {"id"=>"1129"}
I, [2019-09-09T15:00:28.042884 #17065]  INFO -- : [a56625cf-2362-4aeb-bf62-1f71e080eef9] Completed 200 OK in 12ms (Views: 0.2ms | ActiveRecord: 3.2ms)
I, [2019-09-09T15:00:28.043884 #17065]  INFO -- : [390f53bc-c39b-4fd9-9f84-37fd52209f4a] Started GET "/developments/248" for 104.207.192.42 at 2019-09-09 15:00:28 -0400
I, [2019-09-09T15:00:28.044496 #17065]  INFO -- : [390f53bc-c39b-4fd9-9f84-37fd52209f4a] Processing by DevelopmentsController#show as JSONAPI
I, [2019-09-09T15:00:28.044567 #17065]  INFO -- : [390f53bc-c39b-4fd9-9f84-37fd52209f4a]   Parameters: {"id"=>"248"}
I, [2019-09-09T15:00:28.045530 #8114]  INFO -- : [418549df-b0f3-42e4-a047-9ec199a69b07] Completed 200 OK in 13ms (Views: 0.2ms | ActiveRecord: 4.3ms)
I, [2019-09-09T15:00:28.046440 #8114]  INFO -- : [831bb876-3119-4e95-a291-90200e3732cf] Started GET "/developments/4074" for 104.207.192.42 at 2019-09-09 15:00:28 -0400
I, [2019-09-09T15:00:28.047014 #8114]  INFO -- : [831bb876-3119-4e95-a291-90200e3732cf] Processing by DevelopmentsController#show as JSONAPI
I, [2019-09-09T15:00:28.047081 #8114]  INFO -- : [831bb876-3119-4e95-a291-90200e3732cf]   Parameters: {"id"=>"4074"}
I, [2019-09-09T15:00:28.054176 #17065]  INFO -- : [390f53bc-c39b-4fd9-9f84-37fd52209f4a] Completed 200 OK in 9ms (Views: 0.1ms | ActiveRecord: 3.3ms)
I, [2019-09-09T15:00:28.055126 #17065]  INFO -- : [b801d9bc-5a0c-444a-943c-d2466b35bf26] Started GET "/developments/2351" for 104.207.192.42 at 2019-09-09 15:00:28 -0400
I, [2019-09-09T15:00:28.055692 #17065]  INFO -- : [b801d9bc-5a0c-444a-943c-d2466b35bf26] Processing by DevelopmentsController#show as JSONAPI
I, [2019-09-09T15:00:28.055760 #17065]  INFO -- : [b801d9bc-5a0c-444a-943c-d2466b35bf26]   Parameters: {"id"=>"2351"}
I, [2019-09-09T15:00:28.056714 #8114]  INFO -- : [831bb876-3119-4e95-a291-90200e3732cf] Completed 200 OK in 10ms (Views: 0.2ms | ActiveRecord: 3.4ms)
I, [2019-09-09T15:00:28.057958 #8114]  INFO -- : [78706440-b017-41a3-aa8a-cc2f16dc5cb5] Started GET "/developments/2253" for 104.207.192.42 at 2019-09-09 15:00:28 -0400
I, [2019-09-09T15:00:28.058516 #8114]  INFO -- : [78706440-b017-41a3-aa8a-cc2f16dc5cb5] Processing by DevelopmentsController#show as JSONAPI
I, [2019-09-09T15:00:28.058584 #8114]  INFO -- : [78706440-b017-41a3-aa8a-cc2f16dc5cb5]   Parameters: {"id"=>"2253"}
I, [2019-09-09T15:00:28.065086 #17065]  INFO -- : [b801d9bc-5a0c-444a-943c-d2466b35bf26] Completed 200 OK in 9ms (Views: 0.2ms | ActiveRecord: 3.2ms)
I, [2019-09-09T15:00:28.065859 #17065]  INFO -- : [11b57f40-0acb-4db9-90e4-8bcaf001a653] Started GET "/developments/2542" for 104.207.192.42 at 2019-09-09 15:00:28 -0400
I, [2019-09-09T15:00:28.066424 #17065]  INFO -- : [11b57f40-0acb-4db9-90e4-8bcaf001a653] Processing by DevelopmentsController#show as JSONAPI
I, [2019-09-09T15:00:28.066476 #17065]  INFO -- : [11b57f40-0acb-4db9-90e4-8bcaf001a653]   Parameters: {"id"=>"2542"}
I, [2019-09-09T15:00:28.068982 #8114]  INFO -- : [78706440-b017-41a3-aa8a-cc2f16dc5cb5] Completed 200 OK in 10ms (Views: 0.1ms | ActiveRecord: 3.2ms)
I, [2019-09-09T15:00:28.070339 #8114]  INFO -- : [407e1f24-0f97-4b53-90ed-61f0cf9ee06f] Started GET "/developments/2928" for 104.207.192.42 at 2019-09-09 15:00:28 -0400
I, [2019-09-09T15:00:28.070807 #8114]  INFO -- : [407e1f24-0f97-4b53-90ed-61f0cf9ee06f] Processing by DevelopmentsController#show as JSONAPI
I, [2019-09-09T15:00:28.070855 #8114]  INFO -- : [407e1f24-0f97-4b53-90ed-61f0cf9ee06f]   Parameters: {"id"=>"2928"}
I, [2019-09-09T15:00:28.075697 #17065]  INFO -- : [11b57f40-0acb-4db9-90e4-8bcaf001a653] Completed 200 OK in 9ms (Views: 0.1ms | ActiveRecord: 3.1ms)
I, [2019-09-09T15:00:28.076412 #17065]  INFO -- : [e931bae0-aa58-43af-aaab-9bd5bdfb4d06] Started GET "/developments/2533" for 104.207.192.42 at 2019-09-09 15:00:28 -0400
I, [2019-09-09T15:00:28.076959 #17065]  INFO -- : [e931bae0-aa58-43af-aaab-9bd5bdfb4d06] Processing by DevelopmentsController#show as JSONAPI
I, [2019-09-09T15:00:28.077027 #17065]  INFO -- : [e931bae0-aa58-43af-aaab-9bd5bdfb4d06]   Parameters: {"id"=>"2533"}
I, [2019-09-09T15:00:28.080065 #8114]  INFO -- : [407e1f24-0f97-4b53-90ed-61f0cf9ee06f] Completed 200 OK in 9ms (Views: 0.2ms | ActiveRecord: 3.4ms)
I, [2019-09-09T15:00:28.081562 #8114]  INFO -- : [5535e91b-163b-4f2b-9aba-b16e273b25eb] Started GET "/developments/2358" for 104.207.192.42 at 2019-09-09 15:00:28 -0400
I, [2019-09-09T15:00:28.082155 #8114]  INFO -- : [5535e91b-163b-4f2b-9aba-b16e273b25eb] Processing by DevelopmentsController#show as JSONAPI
I, [2019-09-09T15:00:28.082221 #8114]  INFO -- : [5535e91b-163b-4f2b-9aba-b16e273b25eb]   Parameters: {"id"=>"2358"}
I, [2019-09-09T15:00:28.086973 #17065]  INFO -- : [e931bae0-aa58-43af-aaab-9bd5bdfb4d06] Completed 200 OK in 10ms (Views: 0.1ms | ActiveRecord: 3.4ms)
I, [2019-09-09T15:00:28.087749 #17065]  INFO -- : [e5c93619-9fbe-4b3d-a43b-889fec7d6b9d] Started GET "/developments/1684" for 104.207.192.42 at 2019-09-09 15:00:28 -0400
I, [2019-09-09T15:00:28.088252 #17065]  INFO -- : [e5c93619-9fbe-4b3d-a43b-889fec7d6b9d] Processing by DevelopmentsController#show as JSONAPI
I, [2019-09-09T15:00:28.088302 #17065]  INFO -- : [e5c93619-9fbe-4b3d-a43b-889fec7d6b9d]   Parameters: {"id"=>"1684"}
I, [2019-09-09T15:00:28.092883 #8114]  INFO -- : [5535e91b-163b-4f2b-9aba-b16e273b25eb] Completed 200 OK in 11ms (Views: 0.2ms | ActiveRecord: 3.6ms)
I, [2019-09-09T15:00:28.093619 #8114]  INFO -- : [361485d0-880e-4447-8c3d-8edd7d3616cc] Started GET "/developments/1445" for 104.207.192.42 at 2019-09-09 15:00:28 -0400
I, [2019-09-09T15:00:28.094149 #8114]  INFO -- : [361485d0-880e-4447-8c3d-8edd7d3616cc] Processing by DevelopmentsController#show as JSONAPI
I, [2019-09-09T15:00:28.094197 #8114]  INFO -- : [361485d0-880e-4447-8c3d-8edd7d3616cc]   Parameters: {"id"=>"1445"}
I, [2019-09-09T15:00:28.099436 #17065]  INFO -- : [e5c93619-9fbe-4b3d-a43b-889fec7d6b9d] Completed 200 OK in 11ms (Views: 0.2ms | ActiveRecord: 3.7ms)
I, [2019-09-09T15:00:28.100237 #17065]  INFO -- : [36c68e89-5ea7-4612-8fdf-09528c246d6b] Started GET "/developments/1401" for 104.207.192.42 at 2019-09-09 15:00:28 -0400
I, [2019-09-09T15:00:28.100688 #17065]  INFO -- : [36c68e89-5ea7-4612-8fdf-09528c246d6b] Processing by DevelopmentsController#show as JSONAPI
I, [2019-09-09T15:00:28.100738 #17065]  INFO -- : [36c68e89-5ea7-4612-8fdf-09528c246d6b]   Parameters: {"id"=>"1401"}
I, [2019-09-09T15:00:28.104986 #8114]  INFO -- : [361485d0-880e-4447-8c3d-8edd7d3616cc] Completed 200 OK in 11ms (Views: 0.1ms | ActiveRecord: 3.8ms)
I, [2019-09-09T15:00:28.105992 #8114]  INFO -- : [a057a21b-1453-4319-95d8-f18b9ad92d5a] Started GET "/developments/1401" for 104.207.192.42 at 2019-09-09 15:00:28 -0400
I, [2019-09-09T15:00:28.106360 #8114]  INFO -- : [a057a21b-1453-4319-95d8-f18b9ad92d5a] Processing by DevelopmentsController#show as JSONAPI
I, [2019-09-09T15:00:28.106404 #8114]  INFO -- : [a057a21b-1453-4319-95d8-f18b9ad92d5a]   Parameters: {"id"=>"1401"}
I, [2019-09-09T15:00:28.110836 #17065]  INFO -- : [36c68e89-5ea7-4612-8fdf-09528c246d6b] Completed 200 OK in 10ms (Views: 0.7ms | ActiveRecord: 3.3ms)
I, [2019-09-09T15:00:28.111858 #17065]  INFO -- : [f30676a6-2560-4be7-b0fe-eca513914f09] Started GET "/developments/2019" for 104.207.192.42 at 2019-09-09 15:00:28 -0400
I, [2019-09-09T15:00:28.112262 #17065]  INFO -- : [f30676a6-2560-4be7-b0fe-eca513914f09] Processing by DevelopmentsController#show as JSONAPI
I, [2019-09-09T15:00:28.112349 #17065]  INFO -- : [f30676a6-2560-4be7-b0fe-eca513914f09]   Parameters: {"id"=>"2019"}
I, [2019-09-09T15:00:28.116232 #8114]  INFO -- : [a057a21b-1453-4319-95d8-f18b9ad92d5a] Completed 200 OK in 10ms (Views: 0.2ms | ActiveRecord: 3.1ms)
I, [2019-09-09T15:00:28.116900 #8114]  INFO -- : [447f3c96-8c26-4d53-875a-e8a81a39cd5d] Started GET "/developments/4451" for 104.207.192.42 at 2019-09-09 15:00:28 -0400
I, [2019-09-09T15:00:28.117284 #8114]  INFO -- : [447f3c96-8c26-4d53-875a-e8a81a39cd5d] Processing by DevelopmentsController#show as JSONAPI
I, [2019-09-09T15:00:28.117329 #8114]  INFO -- : [447f3c96-8c26-4d53-875a-e8a81a39cd5d]   Parameters: {"id"=>"4451"}
I, [2019-09-09T15:00:28.122273 #17065]  INFO -- : [f30676a6-2560-4be7-b0fe-eca513914f09] Completed 200 OK in 10ms (Views: 0.1ms | ActiveRecord: 4.1ms)
I, [2019-09-09T15:00:28.123119 #17065]  INFO -- : [babfc3ea-b8d0-4e6e-8b1a-a860359d7dbc] Started GET "/developments/4074" for 104.207.192.42 at 2019-09-09 15:00:28 -0400
I, [2019-09-09T15:00:28.123744 #17065]  INFO -- : [babfc3ea-b8d0-4e6e-8b1a-a860359d7dbc] Processing by DevelopmentsController#show as JSONAPI
I, [2019-09-09T15:00:28.123811 #17065]  INFO -- : [babfc3ea-b8d0-4e6e-8b1a-a860359d7dbc]   Parameters: {"id"=>"4074"}
I, [2019-09-09T15:00:28.126595 #8114]  INFO -- : [447f3c96-8c26-4d53-875a-e8a81a39cd5d] Completed 200 OK in 9ms (Views: 0.2ms | ActiveRecord: 3.4ms)
I, [2019-09-09T15:00:28.127957 #8114]  INFO -- : [64f60c4a-833e-45be-8968-64446d08b857] Started GET "/developments/3356" for 104.207.192.42 at 2019-09-09 15:00:28 -0400
I, [2019-09-09T15:00:28.128375 #8114]  INFO -- : [64f60c4a-833e-45be-8968-64446d08b857] Processing by DevelopmentsController#show as JSONAPI
I, [2019-09-09T15:00:28.128439 #8114]  INFO -- : [64f60c4a-833e-45be-8968-64446d08b857]   Parameters: {"id"=>"3356"}
I, [2019-09-09T15:00:28.133465 #17065]  INFO -- : [babfc3ea-b8d0-4e6e-8b1a-a860359d7dbc] Completed 200 OK in 10ms (Views: 0.2ms | ActiveRecord: 3.3ms)
I, [2019-09-09T15:00:28.134262 #17065]  INFO -- : [2d624d9b-1a4b-4138-8eea-22dc30ad6d69] Started GET "/developments/2358" for 104.207.192.42 at 2019-09-09 15:00:28 -0400
I, [2019-09-09T15:00:28.134789 #17065]  INFO -- : [2d624d9b-1a4b-4138-8eea-22dc30ad6d69] Processing by DevelopmentsController#show as JSONAPI
I, [2019-09-09T15:00:28.134857 #17065]  INFO -- : [2d624d9b-1a4b-4138-8eea-22dc30ad6d69]   Parameters: {"id"=>"2358"}
I, [2019-09-09T15:00:28.138281 #8114]  INFO -- : [64f60c4a-833e-45be-8968-64446d08b857] Completed 200 OK in 10ms (Views: 0.2ms | ActiveRecord: 3.2ms)
I, [2019-09-09T15:00:28.139096 #8114]  INFO -- : [b32798f6-ab90-458a-b547-735f581c59ee] Started GET "/developments/1684" for 104.207.192.42 at 2019-09-09 15:00:28 -0400
I, [2019-09-09T15:00:28.141459 #8114]  INFO -- : [b32798f6-ab90-458a-b547-735f581c59ee] Processing by DevelopmentsController#show as JSONAPI
I, [2019-09-09T15:00:28.141529 #8114]  INFO -- : [b32798f6-ab90-458a-b547-735f581c59ee]   Parameters: {"id"=>"1684"}
I, [2019-09-09T15:00:28.145753 #17065]  INFO -- : [2d624d9b-1a4b-4138-8eea-22dc30ad6d69] Completed 200 OK in 11ms (Views: 0.2ms | ActiveRecord: 3.3ms)
I, [2019-09-09T15:00:28.146716 #17065]  INFO -- : [f08027be-f8d2-4be5-af8d-c15718a0a6a0] Started GET "/developments/726" for 104.207.192.42 at 2019-09-09 15:00:28 -0400
I, [2019-09-09T15:00:28.147158 #17065]  INFO -- : [f08027be-f8d2-4be5-af8d-c15718a0a6a0] Processing by DevelopmentsController#show as JSONAPI
I, [2019-09-09T15:00:28.147208 #17065]  INFO -- : [f08027be-f8d2-4be5-af8d-c15718a0a6a0]   Parameters: {"id"=>"726"}
I, [2019-09-09T15:00:28.152178 #8114]  INFO -- : [b32798f6-ab90-458a-b547-735f581c59ee] Completed 200 OK in 11ms (Views: 0.1ms | ActiveRecord: 3.3ms)
I, [2019-09-09T15:00:28.153104 #8114]  INFO -- : [cacb81ad-f4d6-4b86-b348-2ba02f2024ef] Started GET "/developments/2928" for 104.207.192.42 at 2019-09-09 15:00:28 -0400
I, [2019-09-09T15:00:28.154048 #8114]  INFO -- : [cacb81ad-f4d6-4b86-b348-2ba02f2024ef] Processing by DevelopmentsController#show as JSONAPI
I, [2019-09-09T15:00:28.154116 #8114]  INFO -- : [cacb81ad-f4d6-4b86-b348-2ba02f2024ef]   Parameters: {"id"=>"2928"}
I, [2019-09-09T15:00:28.156552 #17065]  INFO -- : [f08027be-f8d2-4be5-af8d-c15718a0a6a0] Completed 200 OK in 9ms (Views: 0.1ms | ActiveRecord: 3.2ms)
I, [2019-09-09T15:00:28.157471 #17065]  INFO -- : [c412ab11-f206-4cf4-8a60-e0a70e1532a0] Started GET "/developments/1401" for 104.207.192.42 at 2019-09-09 15:00:28 -0400
I, [2019-09-09T15:00:28.158004 #17065]  INFO -- : [c412ab11-f206-4cf4-8a60-e0a70e1532a0] Processing by DevelopmentsController#show as JSONAPI
I, [2019-09-09T15:00:28.158068 #17065]  INFO -- : [c412ab11-f206-4cf4-8a60-e0a70e1532a0]   Parameters: {"id"=>"1401"}
I, [2019-09-09T15:00:28.163544 #8114]  INFO -- : [cacb81ad-f4d6-4b86-b348-2ba02f2024ef] Completed 200 OK in 9ms (Views: 0.2ms | ActiveRecord: 3.1ms)
I, [2019-09-09T15:00:28.164519 #8114]  INFO -- : [107bd23f-3e06-413a-8c61-7fedbcdeb4da] Started GET "/developments/2253" for 104.207.192.42 at 2019-09-09 15:00:28 -0400
I, [2019-09-09T15:00:28.164995 #8114]  INFO -- : [107bd23f-3e06-413a-8c61-7fedbcdeb4da] Processing by DevelopmentsController#show as JSONAPI
I, [2019-09-09T15:00:28.165043 #8114]  INFO -- : [107bd23f-3e06-413a-8c61-7fedbcdeb4da]   Parameters: {"id"=>"2253"}
I, [2019-09-09T15:00:28.167106 #17065]  INFO -- : [c412ab11-f206-4cf4-8a60-e0a70e1532a0] Completed 200 OK in 9ms (Views: 0.2ms | ActiveRecord: 3.1ms)
I, [2019-09-09T15:00:28.168127 #17065]  INFO -- : [06f915a9-9099-40ae-8c91-796c5a6cbac7] Started GET "/developments/3934" for 104.207.192.42 at 2019-09-09 15:00:28 -0400
I, [2019-09-09T15:00:28.168675 #17065]  INFO -- : [06f915a9-9099-40ae-8c91-796c5a6cbac7] Processing by DevelopmentsController#show as JSONAPI
I, [2019-09-09T15:00:28.168740 #17065]  INFO -- : [06f915a9-9099-40ae-8c91-796c5a6cbac7]   Parameters: {"id"=>"3934"}
I, [2019-09-09T15:00:28.174676 #8114]  INFO -- : [107bd23f-3e06-413a-8c61-7fedbcdeb4da] Completed 200 OK in 10ms (Views: 0.2ms | ActiveRecord: 3.5ms)
I, [2019-09-09T15:00:28.175470 #8114]  INFO -- : [de8327b3-c0dd-4ad5-af9a-98aa5cd579ae] Started GET "/developments/3934" for 104.207.192.42 at 2019-09-09 15:00:28 -0400
I, [2019-09-09T15:00:28.176056 #8114]  INFO -- : [de8327b3-c0dd-4ad5-af9a-98aa5cd579ae] Processing by DevelopmentsController#show as JSONAPI
I, [2019-09-09T15:00:28.176123 #8114]  INFO -- : [de8327b3-c0dd-4ad5-af9a-98aa5cd579ae]   Parameters: {"id"=>"3934"}
I, [2019-09-09T15:00:28.178840 #17065]  INFO -- : [06f915a9-9099-40ae-8c91-796c5a6cbac7] Completed 200 OK in 10ms (Views: 0.2ms | ActiveRecord: 3.8ms)
I, [2019-09-09T15:00:28.180158 #17065]  INFO -- : [955da80d-4951-4f13-aeb8-8814ed4152fd] Started GET "/developments/3934" for 104.207.192.42 at 2019-09-09 15:00:28 -0400
I, [2019-09-09T15:00:28.180646 #17065]  INFO -- : [955da80d-4951-4f13-aeb8-8814ed4152fd] Processing by DevelopmentsController#show as JSONAPI
I, [2019-09-09T15:00:28.180695 #17065]  INFO -- : [955da80d-4951-4f13-aeb8-8814ed4152fd]   Parameters: {"id"=>"3934"}
I, [2019-09-09T15:00:28.186032 #8114]  INFO -- : [de8327b3-c0dd-4ad5-af9a-98aa5cd579ae] Completed 200 OK in 10ms (Views: 0.2ms | ActiveRecord: 3.3ms)
I, [2019-09-09T15:00:28.186730 #8114]  INFO -- : [37e6ef9f-026a-4efc-8770-59d39302f2cd] Started GET "/developments/1207" for 104.207.192.42 at 2019-09-09 15:00:28 -0400
I, [2019-09-09T15:00:28.187235 #8114]  INFO -- : [37e6ef9f-026a-4efc-8770-59d39302f2cd] Processing by DevelopmentsController#show as JSONAPI
I, [2019-09-09T15:00:28.187301 #8114]  INFO -- : [37e6ef9f-026a-4efc-8770-59d39302f2cd]   Parameters: {"id"=>"1207"}
I, [2019-09-09T15:00:28.190494 #17065]  INFO -- : [955da80d-4951-4f13-aeb8-8814ed4152fd] Completed 200 OK in 10ms (Views: 0.2ms | ActiveRecord: 3.7ms)
I, [2019-09-09T15:00:28.191760 #17065]  INFO -- : [fc8e242b-94d6-4354-be19-223640c6dc27] Started GET "/developments/3356" for 104.207.192.42 at 2019-09-09 15:00:28 -0400
I, [2019-09-09T15:00:28.192306 #17065]  INFO -- : [fc8e242b-94d6-4354-be19-223640c6dc27] Processing by DevelopmentsController#show as JSONAPI
I, [2019-09-09T15:00:28.192373 #17065]  INFO -- : [fc8e242b-94d6-4354-be19-223640c6dc27]   Parameters: {"id"=>"3356"}
I, [2019-09-09T15:00:28.197129 #8114]  INFO -- : [37e6ef9f-026a-4efc-8770-59d39302f2cd] Completed 200 OK in 10ms (Views: 0.1ms | ActiveRecord: 3.3ms)
I, [2019-09-09T15:00:28.197953 #8114]  INFO -- : [8168e754-e586-45ef-828b-60c98fb07b34] Started GET "/developments/2051" for 104.207.192.42 at 2019-09-09 15:00:28 -0400
I, [2019-09-09T15:00:28.198528 #8114]  INFO -- : [8168e754-e586-45ef-828b-60c98fb07b34] Processing by DevelopmentsController#show as JSONAPI
I, [2019-09-09T15:00:28.198577 #8114]  INFO -- : [8168e754-e586-45ef-828b-60c98fb07b34]   Parameters: {"id"=>"2051"}
I, [2019-09-09T15:00:28.203103 #17065]  INFO -- : [fc8e242b-94d6-4354-be19-223640c6dc27] Completed 200 OK in 11ms (Views: 0.1ms | ActiveRecord: 3.9ms)
I, [2019-09-09T15:00:28.203961 #17065]  INFO -- : [3578a234-7f9e-4b4e-9ec9-e62f1d20e0c3] Started GET "/developments/2051" for 104.207.192.42 at 2019-09-09 15:00:28 -0400
I, [2019-09-09T15:00:28.204405 #17065]  INFO -- : [3578a234-7f9e-4b4e-9ec9-e62f1d20e0c3] Processing by DevelopmentsController#show as JSONAPI
I, [2019-09-09T15:00:28.204454 #17065]  INFO -- : [3578a234-7f9e-4b4e-9ec9-e62f1d20e0c3]   Parameters: {"id"=>"2051"}
I, [2019-09-09T15:00:28.208612 #8114]  INFO -- : [8168e754-e586-45ef-828b-60c98fb07b34] Completed 200 OK in 10ms (Views: 0.1ms | ActiveRecord: 3.4ms)
I, [2019-09-09T15:00:28.209704 #8114]  INFO -- : [d6c5cd4c-bc54-433a-9f70-5afea6dc5f6d] Started GET "/developments/2977" for 104.207.192.42 at 2019-09-09 15:00:28 -0400
I, [2019-09-09T15:00:28.210383 #8114]  INFO -- : [d6c5cd4c-bc54-433a-9f70-5afea6dc5f6d] Processing by DevelopmentsController#show as JSONAPI
I, [2019-09-09T15:00:28.210451 #8114]  INFO -- : [d6c5cd4c-bc54-433a-9f70-5afea6dc5f6d]   Parameters: {"id"=>"2977"}
I, [2019-09-09T15:00:28.214460 #17065]  INFO -- : [3578a234-7f9e-4b4e-9ec9-e62f1d20e0c3] Completed 200 OK in 10ms (Views: 0.5ms | ActiveRecord: 3.3ms)
I, [2019-09-09T15:00:28.215543 #17065]  INFO -- : [b3d7ab9b-8b8d-4c79-84a0-026a3c93123a] Started GET "/developments/705" for 104.207.192.42 at 2019-09-09 15:00:28 -0400
I, [2019-09-09T15:00:28.216124 #17065]  INFO -- : [b3d7ab9b-8b8d-4c79-84a0-026a3c93123a] Processing by DevelopmentsController#show as JSONAPI
I, [2019-09-09T15:00:28.216191 #17065]  INFO -- : [b3d7ab9b-8b8d-4c79-84a0-026a3c93123a]   Parameters: {"id"=>"705"}
I, [2019-09-09T15:00:28.220815 #8114]  INFO -- : [d6c5cd4c-bc54-433a-9f70-5afea6dc5f6d] Completed 200 OK in 10ms (Views: 0.3ms | ActiveRecord: 3.5ms)
I, [2019-09-09T15:00:28.221640 #8114]  INFO -- : [98807631-eaee-47b7-aedf-bae57a33af91] Started GET "/developments/407" for 104.207.192.42 at 2019-09-09 15:00:28 -0400
I, [2019-09-09T15:00:28.222086 #8114]  INFO -- : [98807631-eaee-47b7-aedf-bae57a33af91] Processing by DevelopmentsController#show as JSONAPI
I, [2019-09-09T15:00:28.222152 #8114]  INFO -- : [98807631-eaee-47b7-aedf-bae57a33af91]   Parameters: {"id"=>"407"}
I, [2019-09-09T15:00:28.225514 #17065]  INFO -- : [b3d7ab9b-8b8d-4c79-84a0-026a3c93123a] Completed 200 OK in 9ms (Views: 0.2ms | ActiveRecord: 3.3ms)
I, [2019-09-09T15:00:28.226745 #17065]  INFO -- : [28cc7a68-0864-4dd0-a30e-5afe986fa6b1] Started GET "/developments/2533" for 104.207.192.42 at 2019-09-09 15:00:28 -0400
I, [2019-09-09T15:00:28.227125 #17065]  INFO -- : [28cc7a68-0864-4dd0-a30e-5afe986fa6b1] Processing by DevelopmentsController#show as JSONAPI
I, [2019-09-09T15:00:28.227181 #17065]  INFO -- : [28cc7a68-0864-4dd0-a30e-5afe986fa6b1]   Parameters: {"id"=>"2533"}
I, [2019-09-09T15:00:28.232132 #8114]  INFO -- : [98807631-eaee-47b7-aedf-bae57a33af91] Completed 200 OK in 10ms (Views: 0.1ms | ActiveRecord: 3.6ms)
I, [2019-09-09T15:00:28.232814 #8114]  INFO -- : [27a254c6-34de-4170-b208-988ccb7aa152] Started GET "/developments/2735" for 104.207.192.42 at 2019-09-09 15:00:28 -0400
I, [2019-09-09T15:00:28.233350 #8114]  INFO -- : [27a254c6-34de-4170-b208-988ccb7aa152] Processing by DevelopmentsController#show as JSONAPI
I, [2019-09-09T15:00:28.233436 #8114]  INFO -- : [27a254c6-34de-4170-b208-988ccb7aa152]   Parameters: {"id"=>"2735"}
I, [2019-09-09T15:00:28.236524 #17065]  INFO -- : [28cc7a68-0864-4dd0-a30e-5afe986fa6b1] Completed 200 OK in 9ms (Views: 0.2ms | ActiveRecord: 3.3ms)
I, [2019-09-09T15:00:28.237240 #17065]  INFO -- : [5c2ff97b-ae5f-4672-8cba-c0494dc4d8a3] Started GET "/developments/4429" for 104.207.192.42 at 2019-09-09 15:00:28 -0400
I, [2019-09-09T15:00:28.237768 #17065]  INFO -- : [5c2ff97b-ae5f-4672-8cba-c0494dc4d8a3] Processing by DevelopmentsController#show as JSONAPI
I, [2019-09-09T15:00:28.237834 #17065]  INFO -- : [5c2ff97b-ae5f-4672-8cba-c0494dc4d8a3]   Parameters: {"id"=>"4429"}
I, [2019-09-09T15:00:28.244062 #8114]  INFO -- : [27a254c6-34de-4170-b208-988ccb7aa152] Completed 200 OK in 11ms (Views: 0.2ms | ActiveRecord: 3.9ms)
I, [2019-09-09T15:00:28.244785 #8114]  INFO -- : [3c7e5f3b-533c-414f-b594-1be52b4f570a] Started GET "/developments/1908" for 104.207.192.42 at 2019-09-09 15:00:28 -0400
I, [2019-09-09T15:00:28.245373 #8114]  INFO -- : [3c7e5f3b-533c-414f-b594-1be52b4f570a] Processing by DevelopmentsController#show as JSONAPI
I, [2019-09-09T15:00:28.245437 #8114]  INFO -- : [3c7e5f3b-533c-414f-b594-1be52b4f570a]   Parameters: {"id"=>"1908"}
I, [2019-09-09T15:00:28.246819 #17065]  INFO -- : [5c2ff97b-ae5f-4672-8cba-c0494dc4d8a3] Completed 200 OK in 9ms (Views: 0.2ms | ActiveRecord: 3.2ms)
I, [2019-09-09T15:00:28.248039 #17065]  INFO -- : [95fc70a5-fd23-4543-8b0b-0d12c3ad722a] Started GET "/developments/987" for 104.207.192.42 at 2019-09-09 15:00:28 -0400
I, [2019-09-09T15:00:28.248575 #17065]  INFO -- : [95fc70a5-fd23-4543-8b0b-0d12c3ad722a] Processing by DevelopmentsController#show as JSONAPI
I, [2019-09-09T15:00:28.248640 #17065]  INFO -- : [95fc70a5-fd23-4543-8b0b-0d12c3ad722a]   Parameters: {"id"=>"987"}
I, [2019-09-09T15:00:28.254928 #8114]  INFO -- : [3c7e5f3b-533c-414f-b594-1be52b4f570a] Completed 200 OK in 9ms (Views: 0.2ms | ActiveRecord: 3.5ms)
I, [2019-09-09T15:00:28.255891 #8114]  INFO -- : [5300b029-b490-4520-bb21-de51a30f2c1d] Started GET "/developments/3077" for 104.207.192.42 at 2019-09-09 15:00:28 -0400
I, [2019-09-09T15:00:28.256440 #8114]  INFO -- : [5300b029-b490-4520-bb21-de51a30f2c1d] Processing by DevelopmentsController#show as JSONAPI
I, [2019-09-09T15:00:28.256505 #8114]  INFO -- : [5300b029-b490-4520-bb21-de51a30f2c1d]   Parameters: {"id"=>"3077"}
I, [2019-09-09T15:00:28.257606 #17065]  INFO -- : [95fc70a5-fd23-4543-8b0b-0d12c3ad722a] Completed 200 OK in 9ms (Views: 0.1ms | ActiveRecord: 3.1ms)
I, [2019-09-09T15:00:28.258419 #17065]  INFO -- : [daf95933-672e-4116-8003-5ce431f7460f] Started GET "/developments/2701" for 104.207.192.42 at 2019-09-09 15:00:28 -0400
I, [2019-09-09T15:00:28.258952 #17065]  INFO -- : [daf95933-672e-4116-8003-5ce431f7460f] Processing by DevelopmentsController#show as JSONAPI
I, [2019-09-09T15:00:28.259017 #17065]  INFO -- : [daf95933-672e-4116-8003-5ce431f7460f]   Parameters: {"id"=>"2701"}
I, [2019-09-09T15:00:28.266042 #8114]  INFO -- : [5300b029-b490-4520-bb21-de51a30f2c1d] Completed 200 OK in 9ms (Views: 0.1ms | ActiveRecord: 3.1ms)
I, [2019-09-09T15:00:28.267036 #8114]  INFO -- : [b82e6fdb-e4d5-4e89-80e3-2b06b721d5b0] Started GET "/developments/1347" for 104.207.192.42 at 2019-09-09 15:00:28 -0400
I, [2019-09-09T15:00:28.267586 #8114]  INFO -- : [b82e6fdb-e4d5-4e89-80e3-2b06b721d5b0] Processing by DevelopmentsController#show as JSONAPI
I, [2019-09-09T15:00:28.267653 #8114]  INFO -- : [b82e6fdb-e4d5-4e89-80e3-2b06b721d5b0]   Parameters: {"id"=>"1347"}
I, [2019-09-09T15:00:28.268352 #17065]  INFO -- : [daf95933-672e-4116-8003-5ce431f7460f] Completed 200 OK in 9ms (Views: 0.1ms | ActiveRecord: 3.2ms)
I, [2019-09-09T15:00:28.269326 #17065]  INFO -- : [fba7b7d6-cb70-42ae-b2a6-99822abc8c2a] Started GET "/developments/3360" for 104.207.192.42 at 2019-09-09 15:00:28 -0400
I, [2019-09-09T15:00:28.269852 #17065]  INFO -- : [fba7b7d6-cb70-42ae-b2a6-99822abc8c2a] Processing by DevelopmentsController#show as JSONAPI
I, [2019-09-09T15:00:28.269929 #17065]  INFO -- : [fba7b7d6-cb70-42ae-b2a6-99822abc8c2a]   Parameters: {"id"=>"3360"}
I, [2019-09-09T15:00:28.276800 #8114]  INFO -- : [b82e6fdb-e4d5-4e89-80e3-2b06b721d5b0] Completed 200 OK in 9ms (Views: 0.2ms | ActiveRecord: 3.1ms)
I, [2019-09-09T15:00:28.277765 #8114]  INFO -- : [da14607c-e7da-4fcc-95af-0a74a0b5e0b1] Started GET "/developments/3593" for 104.207.192.42 at 2019-09-09 15:00:28 -0400
I, [2019-09-09T15:00:28.278306 #8114]  INFO -- : [da14607c-e7da-4fcc-95af-0a74a0b5e0b1] Processing by DevelopmentsController#show as JSONAPI
I, [2019-09-09T15:00:28.278406 #8114]  INFO -- : [da14607c-e7da-4fcc-95af-0a74a0b5e0b1]   Parameters: {"id"=>"3593"}
I, [2019-09-09T15:00:28.278945 #17065]  INFO -- : [fba7b7d6-cb70-42ae-b2a6-99822abc8c2a] Completed 200 OK in 9ms (Views: 0.2ms | ActiveRecord: 3.0ms)
I, [2019-09-09T15:00:28.279811 #17065]  INFO -- : [c976043c-61b0-4418-8dab-be9e6a52b0cb] Started GET "/developments/4232" for 104.207.192.42 at 2019-09-09 15:00:28 -0400
I, [2019-09-09T15:00:28.280359 #17065]  INFO -- : [c976043c-61b0-4418-8dab-be9e6a52b0cb] Processing by DevelopmentsController#show as JSONAPI
I, [2019-09-09T15:00:28.280430 #17065]  INFO -- : [c976043c-61b0-4418-8dab-be9e6a52b0cb]   Parameters: {"id"=>"4232"}
I, [2019-09-09T15:00:28.287724 #8114]  INFO -- : [da14607c-e7da-4fcc-95af-0a74a0b5e0b1] Completed 200 OK in 9ms (Views: 0.1ms | ActiveRecord: 3.5ms)
I, [2019-09-09T15:00:28.288737 #8114]  INFO -- : [bed04716-3cb7-4b72-98a3-d67d85efdaf0] Started GET "/developments/3924" for 104.207.192.42 at 2019-09-09 15:00:28 -0400
I, [2019-09-09T15:00:28.289268 #8114]  INFO -- : [bed04716-3cb7-4b72-98a3-d67d85efdaf0] Processing by DevelopmentsController#show as JSONAPI
I, [2019-09-09T15:00:28.289334 #8114]  INFO -- : [bed04716-3cb7-4b72-98a3-d67d85efdaf0]   Parameters: {"id"=>"3924"}
I, [2019-09-09T15:00:28.290273 #17065]  INFO -- : [c976043c-61b0-4418-8dab-be9e6a52b0cb] Completed 200 OK in 10ms (Views: 0.2ms | ActiveRecord: 3.7ms)
I, [2019-09-09T15:00:28.291203 #17065]  INFO -- : [64bc90da-f989-4b7b-8913-586b7d5fb27d] Started GET "/developments/4163" for 104.207.192.42 at 2019-09-09 15:00:28 -0400
I, [2019-09-09T15:00:28.291736 #17065]  INFO -- : [64bc90da-f989-4b7b-8913-586b7d5fb27d] Processing by DevelopmentsController#show as JSONAPI
I, [2019-09-09T15:00:28.291793 #17065]  INFO -- : [64bc90da-f989-4b7b-8913-586b7d5fb27d]   Parameters: {"id"=>"4163"}
I, [2019-09-09T15:00:28.297679 #8114]  INFO -- : [bed04716-3cb7-4b72-98a3-d67d85efdaf0] Completed 200 OK in 8ms (Views: 0.1ms | ActiveRecord: 3.3ms)
I, [2019-09-09T15:00:28.298654 #8114]  INFO -- : [f2c8221d-f953-4ff2-991d-ab296bc93c54] Started GET "/developments/3934" for 104.207.192.42 at 2019-09-09 15:00:28 -0400
I, [2019-09-09T15:00:28.299200 #8114]  INFO -- : [f2c8221d-f953-4ff2-991d-ab296bc93c54] Processing by DevelopmentsController#show as JSONAPI
I, [2019-09-09T15:00:28.299265 #8114]  INFO -- : [f2c8221d-f953-4ff2-991d-ab296bc93c54]   Parameters: {"id"=>"3934"}
I, [2019-09-09T15:00:28.307061 #17065]  INFO -- : [64bc90da-f989-4b7b-8913-586b7d5fb27d] Completed 200 OK in 15ms (Views: 0.2ms | ActiveRecord: 7.9ms)
I, [2019-09-09T15:00:28.308206 #17065]  INFO -- : [3fa75de2-70f2-4daf-be0d-ee2c4c11e20b] Started GET "/developments/2073" for 104.207.192.42 at 2019-09-09 15:00:28 -0400
I, [2019-09-09T15:00:28.309023 #17065]  INFO -- : [3fa75de2-70f2-4daf-be0d-ee2c4c11e20b] Processing by DevelopmentsController#show as JSONAPI
I, [2019-09-09T15:00:28.309095 #17065]  INFO -- : [3fa75de2-70f2-4daf-be0d-ee2c4c11e20b]   Parameters: {"id"=>"2073"}
I, [2019-09-09T15:00:28.310185 #8114]  INFO -- : [f2c8221d-f953-4ff2-991d-ab296bc93c54] Completed 200 OK in 11ms (Views: 0.2ms | ActiveRecord: 3.7ms)
I, [2019-09-09T15:00:28.311247 #8114]  INFO -- : [46f402e5-6022-47d5-bfc3-602241af5b48] Started GET "/developments/2368" for 104.207.192.42 at 2019-09-09 15:00:28 -0400
I, [2019-09-09T15:00:28.311692 #8114]  INFO -- : [46f402e5-6022-47d5-bfc3-602241af5b48] Processing by DevelopmentsController#show as JSONAPI
I, [2019-09-09T15:00:28.311740 #8114]  INFO -- : [46f402e5-6022-47d5-bfc3-602241af5b48]   Parameters: {"id"=>"2368"}
I, [2019-09-09T15:00:28.320276 #17065]  INFO -- : [3fa75de2-70f2-4daf-be0d-ee2c4c11e20b] Completed 200 OK in 11ms (Views: 0.2ms | ActiveRecord: 5.1ms)
I, [2019-09-09T15:00:28.321297 #17065]  INFO -- : [2cd14868-5742-4dfa-a76e-87bb05d86a05] Started GET "/developments/2368" for 104.207.192.42 at 2019-09-09 15:00:28 -0400
I, [2019-09-09T15:00:28.321385 #8114]  INFO -- : [46f402e5-6022-47d5-bfc3-602241af5b48] Completed 200 OK in 10ms (Views: 0.2ms | ActiveRecord: 3.6ms)
I, [2019-09-09T15:00:28.322149 #17065]  INFO -- : [2cd14868-5742-4dfa-a76e-87bb05d86a05] Processing by DevelopmentsController#show as JSONAPI
I, [2019-09-09T15:00:28.322219 #17065]  INFO -- : [2cd14868-5742-4dfa-a76e-87bb05d86a05]   Parameters: {"id"=>"2368"}
I, [2019-09-09T15:00:28.322362 #8114]  INFO -- : [cd736126-d12f-414f-9f37-c697b4b86bca] Started GET "/developments/750" for 104.207.192.42 at 2019-09-09 15:00:28 -0400
I, [2019-09-09T15:00:28.322796 #8114]  INFO -- : [cd736126-d12f-414f-9f37-c697b4b86bca] Processing by DevelopmentsController#show as JSONAPI
I, [2019-09-09T15:00:28.322843 #8114]  INFO -- : [cd736126-d12f-414f-9f37-c697b4b86bca]   Parameters: {"id"=>"750"}
I, [2019-09-09T15:00:28.341321 #8114]  INFO -- : [cd736126-d12f-414f-9f37-c697b4b86bca] Completed 200 OK in 18ms (Views: 0.1ms | ActiveRecord: 11.4ms)
I, [2019-09-09T15:00:28.342825 #8114]  INFO -- : [a0f4571d-4410-4347-ab0e-b46d010c8fec] Started GET "/developments/3059" for 104.207.192.42 at 2019-09-09 15:00:28 -0400
I, [2019-09-09T15:00:28.343361 #8114]  INFO -- : [a0f4571d-4410-4347-ab0e-b46d010c8fec] Processing by DevelopmentsController#show as JSONAPI
I, [2019-09-09T15:00:28.343427 #8114]  INFO -- : [a0f4571d-4410-4347-ab0e-b46d010c8fec]   Parameters: {"id"=>"3059"}
I, [2019-09-09T15:00:28.344055 #17065]  INFO -- : [2cd14868-5742-4dfa-a76e-87bb05d86a05] Completed 200 OK in 22ms (Views: 0.2ms | ActiveRecord: 14.2ms)
I, [2019-09-09T15:00:28.344903 #17065]  INFO -- : [2ee64698-a032-47cb-b430-25f418bdc12b] Started GET "/developments/4431" for 104.207.192.42 at 2019-09-09 15:00:28 -0400
I, [2019-09-09T15:00:28.345431 #17065]  INFO -- : [2ee64698-a032-47cb-b430-25f418bdc12b] Processing by DevelopmentsController#show as JSONAPI
I, [2019-09-09T15:00:28.345500 #17065]  INFO -- : [2ee64698-a032-47cb-b430-25f418bdc12b]   Parameters: {"id"=>"4431"}
I, [2019-09-09T15:00:28.353333 #8114]  INFO -- : [a0f4571d-4410-4347-ab0e-b46d010c8fec] Completed 200 OK in 10ms (Views: 0.1ms | ActiveRecord: 4.5ms)
I, [2019-09-09T15:00:28.354303 #8114]  INFO -- : [2a7a84b5-6b1d-4022-84b0-17ae81a4ac9b] Started GET "/developments/4435" for 104.207.192.42 at 2019-09-09 15:00:28 -0400
I, [2019-09-09T15:00:28.354844 #8114]  INFO -- : [2a7a84b5-6b1d-4022-84b0-17ae81a4ac9b] Processing by DevelopmentsController#show as JSONAPI
I, [2019-09-09T15:00:28.354911 #8114]  INFO -- : [2a7a84b5-6b1d-4022-84b0-17ae81a4ac9b]   Parameters: {"id"=>"4435"}
I, [2019-09-09T15:00:28.357530 #17065]  INFO -- : [2ee64698-a032-47cb-b430-25f418bdc12b] Completed 200 OK in 12ms (Views: 0.2ms | ActiveRecord: 5.0ms)
I, [2019-09-09T15:00:28.358531 #17065]  INFO -- : [5f2dd79f-3b68-4ef6-a51c-4cc3243c6368] Started GET "/developments/4422" for 104.207.192.42 at 2019-09-09 15:00:28 -0400
I, [2019-09-09T15:00:28.359065 #17065]  INFO -- : [5f2dd79f-3b68-4ef6-a51c-4cc3243c6368] Processing by DevelopmentsController#show as JSONAPI
I, [2019-09-09T15:00:28.359146 #17065]  INFO -- : [5f2dd79f-3b68-4ef6-a51c-4cc3243c6368]   Parameters: {"id"=>"4422"}
I, [2019-09-09T15:00:28.364979 #8114]  INFO -- : [2a7a84b5-6b1d-4022-84b0-17ae81a4ac9b] Completed 200 OK in 10ms (Views: 0.2ms | ActiveRecord: 3.2ms)
I, [2019-09-09T15:00:28.366206 #8114]  INFO -- : [46a65ccd-d2b6-41a9-a792-813c01191c76] Started GET "/developments/2830" for 104.207.192.42 at 2019-09-09 15:00:28 -0400
I, [2019-09-09T15:00:28.366593 #8114]  INFO -- : [46a65ccd-d2b6-41a9-a792-813c01191c76] Processing by DevelopmentsController#show as JSONAPI
I, [2019-09-09T15:00:28.366637 #8114]  INFO -- : [46a65ccd-d2b6-41a9-a792-813c01191c76]   Parameters: {"id"=>"2830"}
I, [2019-09-09T15:00:28.368859 #17065]  INFO -- : [5f2dd79f-3b68-4ef6-a51c-4cc3243c6368] Completed 200 OK in 10ms (Views: 0.1ms | ActiveRecord: 3.5ms)
I, [2019-09-09T15:00:28.369864 #17065]  INFO -- : [1f9d59c6-de68-4c79-afa6-e863a2cc091a] Started GET "/developments/3018" for 104.207.192.42 at 2019-09-09 15:00:28 -0400
I, [2019-09-09T15:00:28.370395 #17065]  INFO -- : [1f9d59c6-de68-4c79-afa6-e863a2cc091a] Processing by DevelopmentsController#show as JSONAPI
I, [2019-09-09T15:00:28.370463 #17065]  INFO -- : [1f9d59c6-de68-4c79-afa6-e863a2cc091a]   Parameters: {"id"=>"3018"}
I, [2019-09-09T15:00:28.375827 #8114]  INFO -- : [46a65ccd-d2b6-41a9-a792-813c01191c76] Completed 200 OK in 9ms (Views: 0.1ms | ActiveRecord: 3.1ms)
I, [2019-09-09T15:00:28.376655 #8114]  INFO -- : [d7490e5d-0667-4340-bc79-e1e2af2d94ac] Started GET "/developments/373" for 104.207.192.42 at 2019-09-09 15:00:28 -0400
I, [2019-09-09T15:00:28.377204 #8114]  INFO -- : [d7490e5d-0667-4340-bc79-e1e2af2d94ac] Processing by DevelopmentsController#show as JSONAPI
I, [2019-09-09T15:00:28.377270 #8114]  INFO -- : [d7490e5d-0667-4340-bc79-e1e2af2d94ac]   Parameters: {"id"=>"373"}
I, [2019-09-09T15:00:28.380671 #17065]  INFO -- : [1f9d59c6-de68-4c79-afa6-e863a2cc091a] Completed 200 OK in 10ms (Views: 0.2ms | ActiveRecord: 3.7ms)
I, [2019-09-09T15:00:28.381697 #17065]  INFO -- : [fa9eb1c5-2f78-447e-bf48-9018d39cbd3e] Started GET "/developments/3490" for 104.207.192.42 at 2019-09-09 15:00:28 -0400
I, [2019-09-09T15:00:28.382230 #17065]  INFO -- : [fa9eb1c5-2f78-447e-bf48-9018d39cbd3e] Processing by DevelopmentsController#show as JSONAPI
I, [2019-09-09T15:00:28.382296 #17065]  INFO -- : [fa9eb1c5-2f78-447e-bf48-9018d39cbd3e]   Parameters: {"id"=>"3490"}
