
I, [2019-09-09T07:44:30.476698 #18674]  INFO -- : [c45c13e6-97ea-4fb5-a8f2-02bdfdf2ac21] Completed 200 OK in 11ms (Views: 0.3ms | ActiveRecord: 4.0ms)
I, [2019-09-09T07:44:30.477670 #18674]  INFO -- : [23c484ad-1f0a-4966-994e-a8a756dc807c] Started GET "/developments/476" for 104.207.192.42 at 2019-09-09 07:44:30 -0400
I, [2019-09-09T07:44:30.478367 #18674]  INFO -- : [23c484ad-1f0a-4966-994e-a8a756dc807c] Processing by DevelopmentsController#show as JSONAPI
I, [2019-09-09T07:44:30.478429 #18674]  INFO -- : [23c484ad-1f0a-4966-994e-a8a756dc807c]   Parameters: {"id"=>"476"}
I, [2019-09-09T07:44:30.482495 #17065]  INFO -- : [6954b580-a964-486c-8212-bc1630f7cebc] Completed 200 OK in 15ms (Views: 0.3ms | ActiveRecord: 7.2ms)
I, [2019-09-09T07:44:30.484611 #17065]  INFO -- : [2620cd00-a620-456d-8f96-2aeec5aa8122] Started GET "/developments/881" for 104.207.192.42 at 2019-09-09 07:44:30 -0400
I, [2019-09-09T07:44:30.485324 #17065]  INFO -- : [2620cd00-a620-456d-8f96-2aeec5aa8122] Processing by DevelopmentsController#show as JSONAPI
I, [2019-09-09T07:44:30.485391 #17065]  INFO -- : [2620cd00-a620-456d-8f96-2aeec5aa8122]   Parameters: {"id"=>"881"}
I, [2019-09-09T07:44:30.488142 #18674]  INFO -- : [23c484ad-1f0a-4966-994e-a8a756dc807c] Completed 200 OK in 10ms (Views: 0.2ms | ActiveRecord: 3.5ms)
I, [2019-09-09T07:44:30.489027 #18674]  INFO -- : [3c28f582-fbe7-4624-9942-fc85f4a5b25f] Started GET "/developments/4831" for 104.207.192.42 at 2019-09-09 07:44:30 -0400
I, [2019-09-09T07:44:30.489419 #18674]  INFO -- : [3c28f582-fbe7-4624-9942-fc85f4a5b25f] Processing by DevelopmentsController#show as JSONAPI
I, [2019-09-09T07:44:30.489462 #18674]  INFO -- : [3c28f582-fbe7-4624-9942-fc85f4a5b25f]   Parameters: {"id"=>"4831"}
I, [2019-09-09T07:44:30.491866 #18702]  INFO -- : [0d2d90bf-44a0-4f11-aa0a-acc25482058b] Completed 200 OK in 18ms (Views: 0.2ms | ActiveRecord: 7.9ms)
I, [2019-09-09T07:44:30.492983 #18702]  INFO -- : [8d477d98-3cc5-494f-8c2b-78bf9ab3796d] Started GET "/developments/795" for 104.207.192.42 at 2019-09-09 07:44:30 -0400
I, [2019-09-09T07:44:30.493610 #18702]  INFO -- : [8d477d98-3cc5-494f-8c2b-78bf9ab3796d] Processing by DevelopmentsController#show as JSONAPI
I, [2019-09-09T07:44:30.493673 #18702]  INFO -- : [8d477d98-3cc5-494f-8c2b-78bf9ab3796d]   Parameters: {"id"=>"795"}
I, [2019-09-09T07:44:30.497879 #17065]  INFO -- : [2620cd00-a620-456d-8f96-2aeec5aa8122] Completed 200 OK in 12ms (Views: 0.2ms | ActiveRecord: 5.2ms)
I, [2019-09-09T07:44:30.498807 #17065]  INFO -- : [07e34390-0b51-46ec-9b5d-311eea010c00] Started GET "/developments/343" for 104.207.192.42 at 2019-09-09 07:44:30 -0400
I, [2019-09-09T07:44:30.499405 #17065]  INFO -- : [07e34390-0b51-46ec-9b5d-311eea010c00] Processing by DevelopmentsController#show as JSONAPI
I, [2019-09-09T07:44:30.499467 #17065]  INFO -- : [07e34390-0b51-46ec-9b5d-311eea010c00]   Parameters: {"id"=>"343"}
I, [2019-09-09T07:44:30.503298 #18674]  INFO -- : [3c28f582-fbe7-4624-9942-fc85f4a5b25f] Completed 200 OK in 14ms (Views: 0.2ms | ActiveRecord: 3.4ms)
I, [2019-09-09T07:44:30.505813 #18674]  INFO -- : [e58e91f6-f14c-4a60-b8f4-0135c367cf85] Started GET "/developments/1919" for 104.207.192.42 at 2019-09-09 07:44:30 -0400
I, [2019-09-09T07:44:30.506264 #18702]  INFO -- : [8d477d98-3cc5-494f-8c2b-78bf9ab3796d] Completed 200 OK in 12ms (Views: 0.2ms | ActiveRecord: 4.7ms)
I, [2019-09-09T07:44:30.506477 #18674]  INFO -- : [e58e91f6-f14c-4a60-b8f4-0135c367cf85] Processing by DevelopmentsController#show as JSONAPI
I, [2019-09-09T07:44:30.506561 #18674]  INFO -- : [e58e91f6-f14c-4a60-b8f4-0135c367cf85]   Parameters: {"id"=>"1919"}
I, [2019-09-09T07:44:30.507404 #18702]  INFO -- : [ff380b5c-586e-424d-9438-ad4afc6db5a0] Started GET "/developments/4587" for 104.207.192.42 at 2019-09-09 07:44:30 -0400
I, [2019-09-09T07:44:30.507879 #18702]  INFO -- : [ff380b5c-586e-424d-9438-ad4afc6db5a0] Processing by DevelopmentsController#show as JSONAPI
I, [2019-09-09T07:44:30.507926 #18702]  INFO -- : [ff380b5c-586e-424d-9438-ad4afc6db5a0]   Parameters: {"id"=>"4587"}
I, [2019-09-09T07:44:30.512531 #17065]  INFO -- : [07e34390-0b51-46ec-9b5d-311eea010c00] Completed 200 OK in 13ms (Views: 0.2ms | ActiveRecord: 6.1ms)
I, [2019-09-09T07:44:30.513412 #17065]  INFO -- : [d3210804-df7f-46ad-aa0d-7d0f6978320b] Started GET "/developments/3651" for 104.207.192.42 at 2019-09-09 07:44:30 -0400
I, [2019-09-09T07:44:30.514077 #17065]  INFO -- : [d3210804-df7f-46ad-aa0d-7d0f6978320b] Processing by DevelopmentsController#show as JSONAPI
I, [2019-09-09T07:44:30.514141 #17065]  INFO -- : [d3210804-df7f-46ad-aa0d-7d0f6978320b]   Parameters: {"id"=>"3651"}
I, [2019-09-09T07:44:30.521986 #18702]  INFO -- : [ff380b5c-586e-424d-9438-ad4afc6db5a0] Completed 200 OK in 14ms (Views: 0.3ms | ActiveRecord: 6.0ms)
I, [2019-09-09T07:44:30.523360 #18702]  INFO -- : [5f532d72-16bd-4da6-9133-504f7ac1bf28] Started GET "/developments/4564" for 104.207.192.42 at 2019-09-09 07:44:30 -0400
I, [2019-09-09T07:44:30.524215 #18702]  INFO -- : [5f532d72-16bd-4da6-9133-504f7ac1bf28] Processing by DevelopmentsController#show as JSONAPI
I, [2019-09-09T07:44:30.524282 #18702]  INFO -- : [5f532d72-16bd-4da6-9133-504f7ac1bf28]   Parameters: {"id"=>"4564"}
I, [2019-09-09T07:44:30.526033 #18674]  INFO -- : [e58e91f6-f14c-4a60-b8f4-0135c367cf85] Completed 200 OK in 19ms (Views: 0.3ms | ActiveRecord: 4.0ms)
I, [2019-09-09T07:44:30.527082 #18674]  INFO -- : [fd822173-1860-480c-8e25-b8722f434f52] Started GET "/developments/4556" for 104.207.192.42 at 2019-09-09 07:44:30 -0400
I, [2019-09-09T07:44:30.527828 #18674]  INFO -- : [fd822173-1860-480c-8e25-b8722f434f52] Processing by DevelopmentsController#show as JSONAPI
I, [2019-09-09T07:44:30.527890 #18674]  INFO -- : [fd822173-1860-480c-8e25-b8722f434f52]   Parameters: {"id"=>"4556"}
I, [2019-09-09T07:44:30.528906 #17065]  INFO -- : [d3210804-df7f-46ad-aa0d-7d0f6978320b] Completed 200 OK in 15ms (Views: 0.3ms | ActiveRecord: 5.6ms)
I, [2019-09-09T07:44:30.531795 #17065]  INFO -- : [5d04b856-7282-4873-a7c0-ddfa65fa53af] Started GET "/developments/4446" for 104.207.192.42 at 2019-09-09 07:44:30 -0400
I, [2019-09-09T07:44:30.532988 #17065]  INFO -- : [5d04b856-7282-4873-a7c0-ddfa65fa53af] Processing by DevelopmentsController#show as JSONAPI
I, [2019-09-09T07:44:30.533039 #17065]  INFO -- : [5d04b856-7282-4873-a7c0-ddfa65fa53af]   Parameters: {"id"=>"4446"}
I, [2019-09-09T07:44:30.538135 #18702]  INFO -- : [5f532d72-16bd-4da6-9133-504f7ac1bf28] Completed 200 OK in 14ms (Views: 0.2ms | ActiveRecord: 5.4ms)
I, [2019-09-09T07:44:30.540724 #18674]  INFO -- : [fd822173-1860-480c-8e25-b8722f434f52] Completed 200 OK in 13ms (Views: 0.2ms | ActiveRecord: 5.8ms)
I, [2019-09-09T07:44:30.541596 #18702]  INFO -- : [72568796-a2d8-4506-ba17-65c56741fa0d] Started GET "/developments/590" for 104.207.192.42 at 2019-09-09 07:44:30 -0400
I, [2019-09-09T07:44:30.542135 #18702]  INFO -- : [72568796-a2d8-4506-ba17-65c56741fa0d] Processing by DevelopmentsController#show as JSONAPI
I, [2019-09-09T07:44:30.542197 #18702]  INFO -- : [72568796-a2d8-4506-ba17-65c56741fa0d]   Parameters: {"id"=>"590"}
I, [2019-09-09T07:44:30.542836 #18674]  INFO -- : [5ef1f714-6172-413e-93bf-e56035ad7db3] Started GET "/developments/4334" for 104.207.192.42 at 2019-09-09 07:44:30 -0400
I, [2019-09-09T07:44:30.543444 #18674]  INFO -- : [5ef1f714-6172-413e-93bf-e56035ad7db3] Processing by DevelopmentsController#show as JSONAPI
I, [2019-09-09T07:44:30.543507 #18674]  INFO -- : [5ef1f714-6172-413e-93bf-e56035ad7db3]   Parameters: {"id"=>"4334"}
I, [2019-09-09T07:44:30.544748 #17065]  INFO -- : [5d04b856-7282-4873-a7c0-ddfa65fa53af] Completed 200 OK in 12ms (Views: 0.2ms | ActiveRecord: 3.5ms)
I, [2019-09-09T07:44:30.545865 #17065]  INFO -- : [929c07fa-8612-4ba1-bc7d-7dbb904450f6] Started GET "/developments/4782" for 104.207.192.42 at 2019-09-09 07:44:30 -0400
I, [2019-09-09T07:44:30.546390 #17065]  INFO -- : [929c07fa-8612-4ba1-bc7d-7dbb904450f6] Processing by DevelopmentsController#show as JSONAPI
I, [2019-09-09T07:44:30.546454 #17065]  INFO -- : [929c07fa-8612-4ba1-bc7d-7dbb904450f6]   Parameters: {"id"=>"4782"}
I, [2019-09-09T07:44:30.554462 #18702]  INFO -- : [72568796-a2d8-4506-ba17-65c56741fa0d] Completed 200 OK in 12ms (Views: 0.2ms | ActiveRecord: 5.3ms)
I, [2019-09-09T07:44:30.555973 #18702]  INFO -- : [5db30159-6443-4da4-89b5-23cd0e3f95a0] Started GET "/developments/726" for 104.207.192.42 at 2019-09-09 07:44:30 -0400
I, [2019-09-09T07:44:30.556092 #18674]  INFO -- : [5ef1f714-6172-413e-93bf-e56035ad7db3] Completed 200 OK in 12ms (Views: 0.2ms | ActiveRecord: 6.0ms)
I, [2019-09-09T07:44:30.556978 #18674]  INFO -- : [ff43d2ce-ad09-4255-b642-cecc10190425] Started GET "/developments/4777" for 104.207.192.42 at 2019-09-09 07:44:30 -0400
I, [2019-09-09T07:44:30.557523 #18674]  INFO -- : [ff43d2ce-ad09-4255-b642-cecc10190425] Processing by DevelopmentsController#show as JSONAPI
I, [2019-09-09T07:44:30.557587 #18674]  INFO -- : [ff43d2ce-ad09-4255-b642-cecc10190425]   Parameters: {"id"=>"4777"}
I, [2019-09-09T07:44:30.557970 #18702]  INFO -- : [5db30159-6443-4da4-89b5-23cd0e3f95a0] Processing by DevelopmentsController#show as JSONAPI
I, [2019-09-09T07:44:30.558027 #18702]  INFO -- : [5db30159-6443-4da4-89b5-23cd0e3f95a0]   Parameters: {"id"=>"726"}
I, [2019-09-09T07:44:30.560736 #17065]  INFO -- : [929c07fa-8612-4ba1-bc7d-7dbb904450f6] Completed 200 OK in 14ms (Views: 0.2ms | ActiveRecord: 7.8ms)
I, [2019-09-09T07:44:30.561867 #17065]  INFO -- : [bc45a534-f3c2-4a48-ace0-23cdc3121e6d] Started GET "/developments/811" for 104.207.192.42 at 2019-09-09 07:44:30 -0400
I, [2019-09-09T07:44:30.562426 #17065]  INFO -- : [bc45a534-f3c2-4a48-ace0-23cdc3121e6d] Processing by DevelopmentsController#show as JSONAPI
I, [2019-09-09T07:44:30.562492 #17065]  INFO -- : [bc45a534-f3c2-4a48-ace0-23cdc3121e6d]   Parameters: {"id"=>"811"}
I, [2019-09-09T07:44:30.568058 #18674]  INFO -- : [ff43d2ce-ad09-4255-b642-cecc10190425] Completed 200 OK in 10ms (Views: 0.2ms | ActiveRecord: 4.1ms)
I, [2019-09-09T07:44:30.568663 #18674]  INFO -- : [c8d6f7be-da2f-47e2-a30c-8911bbc82d90] Started GET "/developments/1517" for 104.207.192.42 at 2019-09-09 07:44:30 -0400
I, [2019-09-09T07:44:30.569094 #18674]  INFO -- : [c8d6f7be-da2f-47e2-a30c-8911bbc82d90] Processing by DevelopmentsController#show as JSONAPI
I, [2019-09-09T07:44:30.569158 #18674]  INFO -- : [c8d6f7be-da2f-47e2-a30c-8911bbc82d90]   Parameters: {"id"=>"1517"}
I, [2019-09-09T07:44:30.572753 #17065]  INFO -- : [bc45a534-f3c2-4a48-ace0-23cdc3121e6d] Completed 200 OK in 10ms (Views: 0.2ms | ActiveRecord: 3.4ms)
I, [2019-09-09T07:44:30.573499 #18702]  INFO -- : [5db30159-6443-4da4-89b5-23cd0e3f95a0] Completed 200 OK in 15ms (Views: 0.2ms | ActiveRecord: 8.9ms)
I, [2019-09-09T07:44:30.574719 #17065]  INFO -- : [062de2f2-5aef-453c-bdff-3bcd23c58b01] Started GET "/developments/638" for 104.207.192.42 at 2019-09-09 07:44:30 -0400
I, [2019-09-09T07:44:30.575134 #18702]  INFO -- : [41c5e33d-690d-4ce7-b72a-330bf4f98d45] Started GET "/developments/703" for 104.207.192.42 at 2019-09-09 07:44:30 -0400
I, [2019-09-09T07:44:30.575296 #17065]  INFO -- : [062de2f2-5aef-453c-bdff-3bcd23c58b01] Processing by DevelopmentsController#show as JSONAPI
I, [2019-09-09T07:44:30.575359 #17065]  INFO -- : [062de2f2-5aef-453c-bdff-3bcd23c58b01]   Parameters: {"id"=>"638"}
I, [2019-09-09T07:44:30.575722 #18702]  INFO -- : [41c5e33d-690d-4ce7-b72a-330bf4f98d45] Processing by DevelopmentsController#show as JSONAPI
I, [2019-09-09T07:44:30.575779 #18702]  INFO -- : [41c5e33d-690d-4ce7-b72a-330bf4f98d45]   Parameters: {"id"=>"703"}
I, [2019-09-09T07:44:30.584326 #18674]  INFO -- : [c8d6f7be-da2f-47e2-a30c-8911bbc82d90] Completed 200 OK in 15ms (Views: 0.2ms | ActiveRecord: 5.8ms)
I, [2019-09-09T07:44:30.585570 #18674]  INFO -- : [04952db6-3837-4125-9f9e-bae1f2df2a5f] Started GET "/developments/498" for 104.207.192.42 at 2019-09-09 07:44:30 -0400
I, [2019-09-09T07:44:30.586122 #18674]  INFO -- : [04952db6-3837-4125-9f9e-bae1f2df2a5f] Processing by DevelopmentsController#show as JSONAPI
I, [2019-09-09T07:44:30.586186 #18674]  INFO -- : [04952db6-3837-4125-9f9e-bae1f2df2a5f]   Parameters: {"id"=>"498"}
I, [2019-09-09T07:44:30.587475 #17065]  INFO -- : [062de2f2-5aef-453c-bdff-3bcd23c58b01] Completed 200 OK in 12ms (Views: 0.2ms | ActiveRecord: 4.1ms)
I, [2019-09-09T07:44:30.588639 #17065]  INFO -- : [50fc998a-7003-4b95-b4a2-e18e9a3480c3] Started GET "/developments/3771" for 104.207.192.42 at 2019-09-09 07:44:30 -0400
I, [2019-09-09T07:44:30.589197 #17065]  INFO -- : [50fc998a-7003-4b95-b4a2-e18e9a3480c3] Processing by DevelopmentsController#show as JSONAPI
I, [2019-09-09T07:44:30.589263 #17065]  INFO -- : [50fc998a-7003-4b95-b4a2-e18e9a3480c3]   Parameters: {"id"=>"3771"}
I, [2019-09-09T07:44:30.592111 #18702]  INFO -- : [41c5e33d-690d-4ce7-b72a-330bf4f98d45] Completed 200 OK in 16ms (Views: 0.2ms | ActiveRecord: 7.2ms)
I, [2019-09-09T07:44:30.596586 #18702]  INFO -- : [d0ceebb9-9720-42b0-836f-49d1459b4c3d] Started GET "/developments/3220" for 104.207.192.42 at 2019-09-09 07:44:30 -0400
I, [2019-09-09T07:44:30.597152 #18702]  INFO -- : [d0ceebb9-9720-42b0-836f-49d1459b4c3d] Processing by DevelopmentsController#show as JSONAPI
I, [2019-09-09T07:44:30.597213 #18702]  INFO -- : [d0ceebb9-9720-42b0-836f-49d1459b4c3d]   Parameters: {"id"=>"3220"}
I, [2019-09-09T07:44:30.597418 #18674]  INFO -- : [04952db6-3837-4125-9f9e-bae1f2df2a5f] Completed 200 OK in 11ms (Views: 0.2ms | ActiveRecord: 4.3ms)
I, [2019-09-09T07:44:30.598429 #18674]  INFO -- : [69cc6c48-d575-4445-ac0a-636f57dd292a] Started GET "/developments/2859" for 104.207.192.42 at 2019-09-09 07:44:30 -0400
I, [2019-09-09T07:44:30.599003 #18674]  INFO -- : [69cc6c48-d575-4445-ac0a-636f57dd292a] Processing by DevelopmentsController#show as JSONAPI
I, [2019-09-09T07:44:30.599068 #18674]  INFO -- : [69cc6c48-d575-4445-ac0a-636f57dd292a]   Parameters: {"id"=>"2859"}
I, [2019-09-09T07:44:30.604002 #17065]  INFO -- : [50fc998a-7003-4b95-b4a2-e18e9a3480c3] Completed 200 OK in 15ms (Views: 0.2ms | ActiveRecord: 4.4ms)
I, [2019-09-09T07:44:30.604842 #17065]  INFO -- : [a53e9b8d-651d-4cf8-8f8d-9555b91cd6d6] Started GET "/developments/3875" for 104.207.192.42 at 2019-09-09 07:44:30 -0400
I, [2019-09-09T07:44:30.605386 #17065]  INFO -- : [a53e9b8d-651d-4cf8-8f8d-9555b91cd6d6] Processing by DevelopmentsController#show as JSONAPI
I, [2019-09-09T07:44:30.605452 #17065]  INFO -- : [a53e9b8d-651d-4cf8-8f8d-9555b91cd6d6]   Parameters: {"id"=>"3875"}
I, [2019-09-09T07:44:30.608536 #18702]  INFO -- : [d0ceebb9-9720-42b0-836f-49d1459b4c3d] Completed 200 OK in 11ms (Views: 0.2ms | ActiveRecord: 4.7ms)
I, [2019-09-09T07:44:30.609543 #18702]  INFO -- : [7b5c95d2-b3d0-4cbf-a37f-eff10764de5a] Started GET "/developments/4429" for 104.207.192.42 at 2019-09-09 07:44:30 -0400
I, [2019-09-09T07:44:30.610090 #18702]  INFO -- : [7b5c95d2-b3d0-4cbf-a37f-eff10764de5a] Processing by DevelopmentsController#show as JSONAPI
I, [2019-09-09T07:44:30.610152 #18702]  INFO -- : [7b5c95d2-b3d0-4cbf-a37f-eff10764de5a]   Parameters: {"id"=>"4429"}
I, [2019-09-09T07:44:30.613934 #18674]  INFO -- : [69cc6c48-d575-4445-ac0a-636f57dd292a] Completed 200 OK in 15ms (Views: 0.2ms | ActiveRecord: 4.0ms)
I, [2019-09-09T07:44:30.615656 #18674]  INFO -- : [91057f34-58c3-4951-bc88-818385bceea2] Started GET "/developments/2875" for 104.207.192.42 at 2019-09-09 07:44:30 -0400
I, [2019-09-09T07:44:30.616271 #18674]  INFO -- : [91057f34-58c3-4951-bc88-818385bceea2] Processing by DevelopmentsController#show as JSONAPI
I, [2019-09-09T07:44:30.616335 #18674]  INFO -- : [91057f34-58c3-4951-bc88-818385bceea2]   Parameters: {"id"=>"2875"}
I, [2019-09-09T07:44:30.617946 #17065]  INFO -- : [a53e9b8d-651d-4cf8-8f8d-9555b91cd6d6] Completed 200 OK in 12ms (Views: 0.2ms | ActiveRecord: 6.1ms)
I, [2019-09-09T07:44:30.619819 #17065]  INFO -- : [87bcd19a-a6ea-4013-97bd-cdc7325972d5] Started GET "/developments/2312" for 104.207.192.42 at 2019-09-09 07:44:30 -0400
I, [2019-09-09T07:44:30.621852 #18702]  INFO -- : [7b5c95d2-b3d0-4cbf-a37f-eff10764de5a] Completed 200 OK in 12ms (Views: 0.1ms | ActiveRecord: 5.4ms)
I, [2019-09-09T07:44:30.622674 #17065]  INFO -- : [87bcd19a-a6ea-4013-97bd-cdc7325972d5] Processing by DevelopmentsController#show as JSONAPI
I, [2019-09-09T07:44:30.622724 #17065]  INFO -- : [87bcd19a-a6ea-4013-97bd-cdc7325972d5]   Parameters: {"id"=>"2312"}
I, [2019-09-09T07:44:30.623264 #18702]  INFO -- : [857eaa1e-0c1b-478b-8ede-a5e1bd33ea4a] Started GET "/developments/4128" for 104.207.192.42 at 2019-09-09 07:44:30 -0400
I, [2019-09-09T07:44:30.623788 #18702]  INFO -- : [857eaa1e-0c1b-478b-8ede-a5e1bd33ea4a] Processing by DevelopmentsController#show as JSONAPI
I, [2019-09-09T07:44:30.623866 #18702]  INFO -- : [857eaa1e-0c1b-478b-8ede-a5e1bd33ea4a]   Parameters: {"id"=>"4128"}
I, [2019-09-09T07:44:30.626622 #18674]  INFO -- : [91057f34-58c3-4951-bc88-818385bceea2] Completed 200 OK in 10ms (Views: 0.1ms | ActiveRecord: 3.9ms)
I, [2019-09-09T07:44:30.628582 #18674]  INFO -- : [607e6094-e519-499c-b619-80669b06f5b7] Started GET "/developments/373" for 104.207.192.42 at 2019-09-09 07:44:30 -0400
I, [2019-09-09T07:44:30.629154 #18674]  INFO -- : [607e6094-e519-499c-b619-80669b06f5b7] Processing by DevelopmentsController#show as JSONAPI
I, [2019-09-09T07:44:30.629224 #18674]  INFO -- : [607e6094-e519-499c-b619-80669b06f5b7]   Parameters: {"id"=>"373"}
I, [2019-09-09T07:44:30.633923 #18702]  INFO -- : [857eaa1e-0c1b-478b-8ede-a5e1bd33ea4a] Completed 200 OK in 10ms (Views: 0.2ms | ActiveRecord: 3.3ms)
I, [2019-09-09T07:44:30.635579 #18702]  INFO -- : [66a70ba8-364f-4731-a485-731b162ad9d3] Started GET "/developments/1" for 104.207.192.42 at 2019-09-09 07:44:30 -0400
I, [2019-09-09T07:44:30.636146 #18702]  INFO -- : [66a70ba8-364f-4731-a485-731b162ad9d3] Processing by DevelopmentsController#show as JSONAPI
I, [2019-09-09T07:44:30.636209 #18702]  INFO -- : [66a70ba8-364f-4731-a485-731b162ad9d3]   Parameters: {"id"=>"1"}
I, [2019-09-09T07:44:30.638817 #17065]  INFO -- : [87bcd19a-a6ea-4013-97bd-cdc7325972d5] Completed 200 OK in 16ms (Views: 0.2ms | ActiveRecord: 8.6ms)
I, [2019-09-09T07:44:30.639638 #17065]  INFO -- : [fc1d7c52-415b-420f-acca-1c873b785395] Started GET "/developments/2928" for 104.207.192.42 at 2019-09-09 07:44:30 -0400
I, [2019-09-09T07:44:30.640262 #17065]  INFO -- : [fc1d7c52-415b-420f-acca-1c873b785395] Processing by DevelopmentsController#show as JSONAPI
I, [2019-09-09T07:44:30.640327 #17065]  INFO -- : [fc1d7c52-415b-420f-acca-1c873b785395]   Parameters: {"id"=>"2928"}
I, [2019-09-09T07:44:30.640861 #18674]  INFO -- : [607e6094-e519-499c-b619-80669b06f5b7] Completed 200 OK in 12ms (Views: 0.1ms | ActiveRecord: 4.3ms)
I, [2019-09-09T07:44:30.642056 #18674]  INFO -- : [6e23c490-1e29-4053-9528-8e07d35939bf] Started GET "/developments/4512" for 104.207.192.42 at 2019-09-09 07:44:30 -0400
I, [2019-09-09T07:44:30.642625 #18674]  INFO -- : [6e23c490-1e29-4053-9528-8e07d35939bf] Processing by DevelopmentsController#show as JSONAPI
I, [2019-09-09T07:44:30.642673 #18674]  INFO -- : [6e23c490-1e29-4053-9528-8e07d35939bf]   Parameters: {"id"=>"4512"}
I, [2019-09-09T07:44:30.650135 #18702]  INFO -- : [66a70ba8-364f-4731-a485-731b162ad9d3] Completed 200 OK in 14ms (Views: 0.2ms | ActiveRecord: 6.6ms)
I, [2019-09-09T07:44:30.651659 #18702]  INFO -- : [58467688-ab0f-44dd-bcc3-14c542219883] Started GET "/developments/3200" for 104.207.192.42 at 2019-09-09 07:44:30 -0400
I, [2019-09-09T07:44:30.653863 #17065]  INFO -- : [fc1d7c52-415b-420f-acca-1c873b785395] Completed 200 OK in 13ms (Views: 0.2ms | ActiveRecord: 7.5ms)
I, [2019-09-09T07:44:30.654666 #17065]  INFO -- : [ca7d6491-68a6-44ce-bff4-1cb0ae85d641] Started GET "/developments/1920" for 104.207.192.42 at 2019-09-09 07:44:30 -0400
I, [2019-09-09T07:44:30.655200 #18674]  INFO -- : [6e23c490-1e29-4053-9528-8e07d35939bf] Completed 200 OK in 12ms (Views: 0.2ms | ActiveRecord: 4.7ms)
I, [2019-09-09T07:44:30.655246 #17065]  INFO -- : [ca7d6491-68a6-44ce-bff4-1cb0ae85d641] Processing by DevelopmentsController#show as JSONAPI
I, [2019-09-09T07:44:30.655310 #17065]  INFO -- : [ca7d6491-68a6-44ce-bff4-1cb0ae85d641]   Parameters: {"id"=>"1920"}
I, [2019-09-09T07:44:30.655920 #18702]  INFO -- : [58467688-ab0f-44dd-bcc3-14c542219883] Processing by DevelopmentsController#show as JSONAPI
I, [2019-09-09T07:44:30.656029 #18702]  INFO -- : [58467688-ab0f-44dd-bcc3-14c542219883]   Parameters: {"id"=>"3200"}
I, [2019-09-09T07:44:30.656288 #18674]  INFO -- : [c5d262f3-a55e-4eb0-a46b-87465769738d] Started GET "/developments/4536" for 104.207.192.42 at 2019-09-09 07:44:30 -0400
I, [2019-09-09T07:44:30.656690 #18674]  INFO -- : [c5d262f3-a55e-4eb0-a46b-87465769738d] Processing by DevelopmentsController#show as JSONAPI
I, [2019-09-09T07:44:30.656735 #18674]  INFO -- : [c5d262f3-a55e-4eb0-a46b-87465769738d]   Parameters: {"id"=>"4536"}
I, [2019-09-09T07:44:30.673221 #18674]  INFO -- : [c5d262f3-a55e-4eb0-a46b-87465769738d] Completed 200 OK in 16ms (Views: 0.2ms | ActiveRecord: 3.8ms)
I, [2019-09-09T07:44:30.674353 #18674]  INFO -- : [6625eb14-def2-4aab-86b6-22b2fe1a791d] Started GET "/developments/3767" for 104.207.192.42 at 2019-09-09 07:44:30 -0400
I, [2019-09-09T07:44:30.675019 #18674]  INFO -- : [6625eb14-def2-4aab-86b6-22b2fe1a791d] Processing by DevelopmentsController#show as JSONAPI
I, [2019-09-09T07:44:30.675084 #18674]  INFO -- : [6625eb14-def2-4aab-86b6-22b2fe1a791d]   Parameters: {"id"=>"3767"}
I, [2019-09-09T07:44:30.677111 #17065]  INFO -- : [ca7d6491-68a6-44ce-bff4-1cb0ae85d641] Completed 200 OK in 22ms (Views: 0.2ms | ActiveRecord: 5.1ms)
I, [2019-09-09T07:44:30.677808 #18702]  INFO -- : [58467688-ab0f-44dd-bcc3-14c542219883] Completed 200 OK in 22ms (Views: 0.4ms | ActiveRecord: 7.9ms)
I, [2019-09-09T07:44:30.678105 #17065]  INFO -- : [8edafeaf-f227-4909-acaa-1900c64dd347] Started GET "/developments/4449" for 104.207.192.42 at 2019-09-09 07:44:30 -0400
I, [2019-09-09T07:44:30.678904 #17065]  INFO -- : [8edafeaf-f227-4909-acaa-1900c64dd347] Processing by DevelopmentsController#show as JSONAPI
I, [2019-09-09T07:44:30.678969 #17065]  INFO -- : [8edafeaf-f227-4909-acaa-1900c64dd347]   Parameters: {"id"=>"4449"}
I, [2019-09-09T07:44:30.679769 #18702]  INFO -- : [a3c372d7-d142-4f20-8637-bd0dc3791908] Started GET "/developments/2080" for 104.207.192.42 at 2019-09-09 07:44:30 -0400
I, [2019-09-09T07:44:30.680439 #18702]  INFO -- : [a3c372d7-d142-4f20-8637-bd0dc3791908] Processing by DevelopmentsController#show as JSONAPI
I, [2019-09-09T07:44:30.680503 #18702]  INFO -- : [a3c372d7-d142-4f20-8637-bd0dc3791908]   Parameters: {"id"=>"2080"}
I, [2019-09-09T07:44:30.686885 #18674]  INFO -- : [6625eb14-def2-4aab-86b6-22b2fe1a791d] Completed 200 OK in 12ms (Views: 0.2ms | ActiveRecord: 5.3ms)
I, [2019-09-09T07:44:30.687606 #18674]  INFO -- : [49c39a24-7ece-4207-a0b1-49c4ad455140] Started GET "/developments/2483" for 104.207.192.42 at 2019-09-09 07:44:30 -0400
I, [2019-09-09T07:44:30.688224 #18674]  INFO -- : [49c39a24-7ece-4207-a0b1-49c4ad455140] Processing by DevelopmentsController#show as JSONAPI
I, [2019-09-09T07:44:30.688291 #18674]  INFO -- : [49c39a24-7ece-4207-a0b1-49c4ad455140]   Parameters: {"id"=>"2483"}
I, [2019-09-09T07:44:30.692277 #17065]  INFO -- : [8edafeaf-f227-4909-acaa-1900c64dd347] Completed 200 OK in 13ms (Views: 0.3ms | ActiveRecord: 4.5ms)
I, [2019-09-09T07:44:30.693280 #17065]  INFO -- : [d395b9e0-c92c-4e9b-858d-518971b7826f] Started GET "/developments/4597" for 104.207.192.42 at 2019-09-09 07:44:30 -0400
I, [2019-09-09T07:44:30.693883 #17065]  INFO -- : [d395b9e0-c92c-4e9b-858d-518971b7826f] Processing by DevelopmentsController#show as JSONAPI
I, [2019-09-09T07:44:30.693932 #17065]  INFO -- : [d395b9e0-c92c-4e9b-858d-518971b7826f]   Parameters: {"id"=>"4597"}
I, [2019-09-09T07:44:30.698417 #18674]  INFO -- : [49c39a24-7ece-4207-a0b1-49c4ad455140] Completed 200 OK in 10ms (Views: 0.2ms | ActiveRecord: 3.3ms)
I, [2019-09-09T07:44:30.698940 #18702]  INFO -- : [a3c372d7-d142-4f20-8637-bd0dc3791908] Completed 200 OK in 18ms (Views: 0.2ms | ActiveRecord: 11.4ms)
I, [2019-09-09T07:44:30.700006 #18702]  INFO -- : [a7d75bb4-24d7-418c-9fee-a7586d6e68b7] Started GET "/developments/1069" for 104.207.192.42 at 2019-09-09 07:44:30 -0400
I, [2019-09-09T07:44:30.700565 #18674]  INFO -- : [3dffd95b-39c6-46ae-a33f-42109fc6b4b9] Started GET "/developments/1401" for 104.207.192.42 at 2019-09-09 07:44:30 -0400
I, [2019-09-09T07:44:30.700707 #18702]  INFO -- : [a7d75bb4-24d7-418c-9fee-a7586d6e68b7] Processing by DevelopmentsController#show as JSONAPI
I, [2019-09-09T07:44:30.700766 #18702]  INFO -- : [a7d75bb4-24d7-418c-9fee-a7586d6e68b7]   Parameters: {"id"=>"1069"}
I, [2019-09-09T07:44:30.701310 #18674]  INFO -- : [3dffd95b-39c6-46ae-a33f-42109fc6b4b9] Processing by DevelopmentsController#show as JSONAPI
I, [2019-09-09T07:44:30.701373 #18674]  INFO -- : [3dffd95b-39c6-46ae-a33f-42109fc6b4b9]   Parameters: {"id"=>"1401"}
I, [2019-09-09T07:44:30.711696 #17065]  INFO -- : [d395b9e0-c92c-4e9b-858d-518971b7826f] Completed 200 OK in 18ms (Views: 0.3ms | ActiveRecord: 7.9ms)
I, [2019-09-09T07:44:30.713094 #17065]  INFO -- : [fe09a032-5578-47c8-be4f-d2553c8be268] Started GET "/developments/2806" for 104.207.192.42 at 2019-09-09 07:44:30 -0400
I, [2019-09-09T07:44:30.713869 #17065]  INFO -- : [fe09a032-5578-47c8-be4f-d2553c8be268] Processing by DevelopmentsController#show as JSONAPI
I, [2019-09-09T07:44:30.713953 #17065]  INFO -- : [fe09a032-5578-47c8-be4f-d2553c8be268]   Parameters: {"id"=>"2806"}
I, [2019-09-09T07:44:30.716639 #18702]  INFO -- : [a7d75bb4-24d7-418c-9fee-a7586d6e68b7] Completed 200 OK in 16ms (Views: 0.2ms | ActiveRecord: 8.6ms)
I, [2019-09-09T07:44:30.718164 #18674]  INFO -- : [3dffd95b-39c6-46ae-a33f-42109fc6b4b9] Completed 200 OK in 17ms (Views: 0.2ms | ActiveRecord: 4.9ms)
I, [2019-09-09T07:44:30.719241 #18674]  INFO -- : [3666c24b-a0b3-4309-9037-d1d6564fd924] Started GET "/developments/4454" for 104.207.192.42 at 2019-09-09 07:44:30 -0400
I, [2019-09-09T07:44:30.719856 #18674]  INFO -- : [3666c24b-a0b3-4309-9037-d1d6564fd924] Processing by DevelopmentsController#show as JSONAPI
I, [2019-09-09T07:44:30.719922 #18674]  INFO -- : [3666c24b-a0b3-4309-9037-d1d6564fd924]   Parameters: {"id"=>"4454"}
I, [2019-09-09T07:44:30.720761 #18702]  INFO -- : [9a5b6b8a-c858-4029-afdf-a80a5948536d] Started GET "/developments/1909" for 104.207.192.42 at 2019-09-09 07:44:30 -0400
I, [2019-09-09T07:44:30.721478 #18702]  INFO -- : [9a5b6b8a-c858-4029-afdf-a80a5948536d] Processing by DevelopmentsController#show as JSONAPI
I, [2019-09-09T07:44:30.721567 #18702]  INFO -- : [9a5b6b8a-c858-4029-afdf-a80a5948536d]   Parameters: {"id"=>"1909"}
I, [2019-09-09T07:44:30.725524 #17065]  INFO -- : [fe09a032-5578-47c8-be4f-d2553c8be268] Completed 200 OK in 11ms (Views: 0.3ms | ActiveRecord: 3.6ms)
I, [2019-09-09T07:44:30.726665 #17065]  INFO -- : [4af13aae-2756-4bc0-9f8b-724dca086fce] Started GET "/developments/3519" for 104.207.192.42 at 2019-09-09 07:44:30 -0400
I, [2019-09-09T07:44:30.727327 #17065]  INFO -- : [4af13aae-2756-4bc0-9f8b-724dca086fce] Processing by DevelopmentsController#show as JSONAPI
I, [2019-09-09T07:44:30.727390 #17065]  INFO -- : [4af13aae-2756-4bc0-9f8b-724dca086fce]   Parameters: {"id"=>"3519"}
I, [2019-09-09T07:44:30.733598 #18674]  INFO -- : [3666c24b-a0b3-4309-9037-d1d6564fd924] Completed 200 OK in 13ms (Views: 0.2ms | ActiveRecord: 5.5ms)
I, [2019-09-09T07:44:30.734377 #18674]  INFO -- : [b1d2b529-e43b-495b-9ab9-d420d742fdc9] Started GET "/developments/2877" for 104.207.192.42 at 2019-09-09 07:44:30 -0400
I, [2019-09-09T07:44:30.734952 #18674]  INFO -- : [b1d2b529-e43b-495b-9ab9-d420d742fdc9] Processing by DevelopmentsController#show as JSONAPI
I, [2019-09-09T07:44:30.735014 #18674]  INFO -- : [b1d2b529-e43b-495b-9ab9-d420d742fdc9]   Parameters: {"id"=>"2877"}
I, [2019-09-09T07:44:30.736028 #18702]  INFO -- : [9a5b6b8a-c858-4029-afdf-a80a5948536d] Completed 200 OK in 14ms (Views: 0.2ms | ActiveRecord: 6.7ms)
I, [2019-09-09T07:44:30.737895 #18702]  INFO -- : [238530ec-62b8-4b97-aacb-7a9a570618b2] Started GET "/developments/2533" for 104.207.192.42 at 2019-09-09 07:44:30 -0400
I, [2019-09-09T07:44:30.740370 #17065]  INFO -- : [4af13aae-2756-4bc0-9f8b-724dca086fce] Completed 200 OK in 13ms (Views: 0.2ms | ActiveRecord: 5.8ms)
I, [2019-09-09T07:44:30.741122 #18702]  INFO -- : [238530ec-62b8-4b97-aacb-7a9a570618b2] Processing by DevelopmentsController#show as JSONAPI
I, [2019-09-09T07:44:30.741187 #18702]  INFO -- : [238530ec-62b8-4b97-aacb-7a9a570618b2]   Parameters: {"id"=>"2533"}
I, [2019-09-09T07:44:30.742045 #17065]  INFO -- : [06fd61d2-91af-4eab-b447-6222f52f339f] Started GET "/developments/4109" for 104.207.192.42 at 2019-09-09 07:44:30 -0400
I, [2019-09-09T07:44:30.742621 #17065]  INFO -- : [06fd61d2-91af-4eab-b447-6222f52f339f] Processing by DevelopmentsController#show as JSONAPI
I, [2019-09-09T07:44:30.742670 #17065]  INFO -- : [06fd61d2-91af-4eab-b447-6222f52f339f]   Parameters: {"id"=>"4109"}
I, [2019-09-09T07:44:30.744631 #18674]  INFO -- : [b1d2b529-e43b-495b-9ab9-d420d742fdc9] Completed 200 OK in 9ms (Views: 0.2ms | ActiveRecord: 3.5ms)
I, [2019-09-09T07:44:30.745550 #18674]  INFO -- : [52a6e715-b9e5-4013-9619-4180119d2454] Started GET "/developments/4453" for 104.207.192.42 at 2019-09-09 07:44:30 -0400
I, [2019-09-09T07:44:30.746091 #18674]  INFO -- : [52a6e715-b9e5-4013-9619-4180119d2454] Processing by DevelopmentsController#show as JSONAPI
I, [2019-09-09T07:44:30.746156 #18674]  INFO -- : [52a6e715-b9e5-4013-9619-4180119d2454]   Parameters: {"id"=>"4453"}
I, [2019-09-09T07:44:30.755153 #18702]  INFO -- : [238530ec-62b8-4b97-aacb-7a9a570618b2] Completed 200 OK in 14ms (Views: 0.2ms | ActiveRecord: 6.9ms)
I, [2019-09-09T07:44:30.756265 #18702]  INFO -- : [1c37608c-d8d2-4571-8216-25e81d040c4d] Started GET "/developments/3356" for 104.207.192.42 at 2019-09-09 07:44:30 -0400
I, [2019-09-09T07:44:30.756865 #18702]  INFO -- : [1c37608c-d8d2-4571-8216-25e81d040c4d] Processing by DevelopmentsController#show as JSONAPI
I, [2019-09-09T07:44:30.756966 #18702]  INFO -- : [1c37608c-d8d2-4571-8216-25e81d040c4d]   Parameters: {"id"=>"3356"}
I, [2019-09-09T07:44:30.757108 #17065]  INFO -- : [06fd61d2-91af-4eab-b447-6222f52f339f] Completed 200 OK in 14ms (Views: 0.3ms | ActiveRecord: 7.4ms)
I, [2019-09-09T07:44:30.758201 #17065]  INFO -- : [5a08626d-28da-485f-ae66-ada05013ccd2] Started GET "/developments/1684" for 104.207.192.42 at 2019-09-09 07:44:30 -0400
I, [2019-09-09T07:44:30.758825 #17065]  INFO -- : [5a08626d-28da-485f-ae66-ada05013ccd2] Processing by DevelopmentsController#show as JSONAPI
I, [2019-09-09T07:44:30.758889 #17065]  INFO -- : [5a08626d-28da-485f-ae66-ada05013ccd2]   Parameters: {"id"=>"1684"}
I, [2019-09-09T07:44:30.759598 #18674]  INFO -- : [52a6e715-b9e5-4013-9619-4180119d2454] Completed 200 OK in 13ms (Views: 0.1ms | ActiveRecord: 5.9ms)
I, [2019-09-09T07:44:30.760740 #18674]  INFO -- : [352b12cb-e0cf-423a-aa9a-1d4fd191923b] Started GET "/developments/705" for 104.207.192.42 at 2019-09-09 07:44:30 -0400
I, [2019-09-09T07:44:30.761329 #18674]  INFO -- : [352b12cb-e0cf-423a-aa9a-1d4fd191923b] Processing by DevelopmentsController#show as JSONAPI
I, [2019-09-09T07:44:30.761378 #18674]  INFO -- : [352b12cb-e0cf-423a-aa9a-1d4fd191923b]   Parameters: {"id"=>"705"}
I, [2019-09-09T07:44:30.769993 #17065]  INFO -- : [5a08626d-28da-485f-ae66-ada05013ccd2] Completed 200 OK in 11ms (Views: 0.2ms | ActiveRecord: 4.1ms)
I, [2019-09-09T07:44:30.770962 #17065]  INFO -- : [40df6337-e4fd-42f7-94d1-a7dda519116c] Started GET "/developments/23" for 104.207.192.42 at 2019-09-09 07:44:30 -0400
I, [2019-09-09T07:44:30.771560 #17065]  INFO -- : [40df6337-e4fd-42f7-94d1-a7dda519116c] Processing by DevelopmentsController#show as JSONAPI
I, [2019-09-09T07:44:30.771666 #17065]  INFO -- : [40df6337-e4fd-42f7-94d1-a7dda519116c]   Parameters: {"id"=>"23"}
I, [2019-09-09T07:44:30.771694 #18702]  INFO -- : [1c37608c-d8d2-4571-8216-25e81d040c4d] Completed 200 OK in 15ms (Views: 1.3ms | ActiveRecord: 4.7ms)
I, [2019-09-09T07:44:30.772694 #18702]  INFO -- : [0ebe61c8-6cc1-4682-be63-3e3f663579e7] Started GET "/developments/307" for 104.207.192.42 at 2019-09-09 07:44:30 -0400
I, [2019-09-09T07:44:30.773271 #18702]  INFO -- : [0ebe61c8-6cc1-4682-be63-3e3f663579e7] Processing by DevelopmentsController#show as JSONAPI
I, [2019-09-09T07:44:30.773365 #18702]  INFO -- : [0ebe61c8-6cc1-4682-be63-3e3f663579e7]   Parameters: {"id"=>"307"}
I, [2019-09-09T07:44:30.775896 #18674]  INFO -- : [352b12cb-e0cf-423a-aa9a-1d4fd191923b] Completed 200 OK in 14ms (Views: 0.6ms | ActiveRecord: 6.3ms)
I, [2019-09-09T07:44:30.777719 #18674]  INFO -- : [d1bfeaae-11d5-4e5b-ae77-5873adcdb799] Started GET "/developments/802" for 104.207.192.42 at 2019-09-09 07:44:30 -0400
I, [2019-09-09T07:44:30.778278 #18674]  INFO -- : [d1bfeaae-11d5-4e5b-ae77-5873adcdb799] Processing by DevelopmentsController#show as JSONAPI
I, [2019-09-09T07:44:30.778325 #18674]  INFO -- : [d1bfeaae-11d5-4e5b-ae77-5873adcdb799]   Parameters: {"id"=>"802"}
I, [2019-09-09T07:44:30.784127 #18702]  INFO -- : [0ebe61c8-6cc1-4682-be63-3e3f663579e7] Completed 200 OK in 11ms (Views: 0.2ms | ActiveRecord: 4.3ms)
I, [2019-09-09T07:44:30.785087 #18702]  INFO -- : [588e84d3-4811-4f6b-a030-ccb8f7ef29dd] Started GET "/developments/4773" for 104.207.192.42 at 2019-09-09 07:44:30 -0400
I, [2019-09-09T07:44:30.785675 #18702]  INFO -- : [588e84d3-4811-4f6b-a030-ccb8f7ef29dd] Processing by DevelopmentsController#show as JSONAPI
I, [2019-09-09T07:44:30.785740 #18702]  INFO -- : [588e84d3-4811-4f6b-a030-ccb8f7ef29dd]   Parameters: {"id"=>"4773"}
I, [2019-09-09T07:44:30.788894 #17065]  INFO -- : [40df6337-e4fd-42f7-94d1-a7dda519116c] Completed 200 OK in 17ms (Views: 0.2ms | ActiveRecord: 7.2ms)
I, [2019-09-09T07:44:30.789754 #17065]  INFO -- : [caddd7a8-f806-486b-a3aa-7ef118bda52c] Started GET "/developments/2051" for 104.207.192.42 at 2019-09-09 07:44:30 -0400
I, [2019-09-09T07:44:30.790472 #17065]  INFO -- : [caddd7a8-f806-486b-a3aa-7ef118bda52c] Processing by DevelopmentsController#show as JSONAPI
I, [2019-09-09T07:44:30.790559 #17065]  INFO -- : [caddd7a8-f806-486b-a3aa-7ef118bda52c]   Parameters: {"id"=>"2051"}
I, [2019-09-09T07:44:30.790735 #18674]  INFO -- : [d1bfeaae-11d5-4e5b-ae77-5873adcdb799] Completed 200 OK in 12ms (Views: 1.4ms | ActiveRecord: 4.0ms)
I, [2019-09-09T07:44:30.793228 #18674]  INFO -- : [f606634f-4917-41e6-a79d-68f2dcae3964] Started GET "/developments/4313" for 104.207.192.42 at 2019-09-09 07:44:30 -0400
I, [2019-09-09T07:44:30.793832 #18674]  INFO -- : [f606634f-4917-41e6-a79d-68f2dcae3964] Processing by DevelopmentsController#show as JSONAPI
I, [2019-09-09T07:44:30.793895 #18674]  INFO -- : [f606634f-4917-41e6-a79d-68f2dcae3964]   Parameters: {"id"=>"4313"}
I, [2019-09-09T07:44:30.798866 #18702]  INFO -- : [588e84d3-4811-4f6b-a030-ccb8f7ef29dd] Completed 200 OK in 13ms (Views: 0.2ms | ActiveRecord: 6.8ms)
I, [2019-09-09T07:44:30.799782 #18702]  INFO -- : [f5e913da-1893-48b1-a93d-b76464c64365] Started GET "/developments/4456" for 104.207.192.42 at 2019-09-09 07:44:30 -0400
I, [2019-09-09T07:44:30.800377 #18702]  INFO -- : [f5e913da-1893-48b1-a93d-b76464c64365] Processing by DevelopmentsController#show as JSONAPI
I, [2019-09-09T07:44:30.800460 #18702]  INFO -- : [f5e913da-1893-48b1-a93d-b76464c64365]   Parameters: {"id"=>"4456"}
I, [2019-09-09T07:44:30.802761 #17065]  INFO -- : [caddd7a8-f806-486b-a3aa-7ef118bda52c] Completed 200 OK in 12ms (Views: 0.3ms | ActiveRecord: 5.4ms)
I, [2019-09-09T07:44:30.803834 #17065]  INFO -- : [1ac5e8f9-35fd-4269-8be0-421e8d537c8c] Started GET "/developments/4236" for 104.207.192.42 at 2019-09-09 07:44:30 -0400
I, [2019-09-09T07:44:30.804443 #17065]  INFO -- : [1ac5e8f9-35fd-4269-8be0-421e8d537c8c] Processing by DevelopmentsController#show as JSONAPI
I, [2019-09-09T07:44:30.804510 #17065]  INFO -- : [1ac5e8f9-35fd-4269-8be0-421e8d537c8c]   Parameters: {"id"=>"4236"}
I, [2019-09-09T07:44:30.805623 #18674]  INFO -- : [f606634f-4917-41e6-a79d-68f2dcae3964] Completed 200 OK in 12ms (Views: 0.2ms | ActiveRecord: 5.4ms)
I, [2019-09-09T07:44:30.807961 #18674]  INFO -- : [c779b660-1a02-4eac-8f9d-43b18361c296] Started GET "/developments/3934" for 104.207.192.42 at 2019-09-09 07:44:30 -0400
I, [2019-09-09T07:44:30.808591 #18674]  INFO -- : [c779b660-1a02-4eac-8f9d-43b18361c296] Processing by DevelopmentsController#show as JSONAPI
I, [2019-09-09T07:44:30.808656 #18674]  INFO -- : [c779b660-1a02-4eac-8f9d-43b18361c296]   Parameters: {"id"=>"3934"}
I, [2019-09-09T07:44:30.815188 #18702]  INFO -- : [f5e913da-1893-48b1-a93d-b76464c64365] Completed 200 OK in 15ms (Views: 0.2ms | ActiveRecord: 8.1ms)
I, [2019-09-09T07:44:30.816664 #17065]  INFO -- : [1ac5e8f9-35fd-4269-8be0-421e8d537c8c] Completed 200 OK in 12ms (Views: 0.2ms | ActiveRecord: 4.8ms)
I, [2019-09-09T07:44:30.817167 #18702]  INFO -- : [0db10c2f-035f-4ff3-a868-37960c55e255] Started GET "/developments/4509" for 104.207.192.42 at 2019-09-09 07:44:30 -0400
I, [2019-09-09T07:44:30.817720 #17065]  INFO -- : [345fd4d7-65ae-4f48-928c-8ea02b2c6bc4] Started GET "/developments/4074" for 104.207.192.42 at 2019-09-09 07:44:30 -0400
I, [2019-09-09T07:44:30.817774 #18702]  INFO -- : [0db10c2f-035f-4ff3-a868-37960c55e255] Processing by DevelopmentsController#show as JSONAPI
I, [2019-09-09T07:44:30.817835 #18702]  INFO -- : [0db10c2f-035f-4ff3-a868-37960c55e255]   Parameters: {"id"=>"4509"}
I, [2019-09-09T07:44:30.818374 #17065]  INFO -- : [345fd4d7-65ae-4f48-928c-8ea02b2c6bc4] Processing by DevelopmentsController#show as JSONAPI
I, [2019-09-09T07:44:30.818472 #17065]  INFO -- : [345fd4d7-65ae-4f48-928c-8ea02b2c6bc4]   Parameters: {"id"=>"4074"}
I, [2019-09-09T07:44:30.820153 #18674]  INFO -- : [c779b660-1a02-4eac-8f9d-43b18361c296] Completed 200 OK in 11ms (Views: 0.2ms | ActiveRecord: 5.4ms)
I, [2019-09-09T07:44:30.821195 #18674]  INFO -- : [d36fa76a-9d44-42fd-bac8-6dbd65deee34] Started GET "/developments/2368" for 104.207.192.42 at 2019-09-09 07:44:30 -0400
I, [2019-09-09T07:44:30.821798 #18674]  INFO -- : [d36fa76a-9d44-42fd-bac8-6dbd65deee34] Processing by DevelopmentsController#show as JSONAPI
I, [2019-09-09T07:44:30.821862 #18674]  INFO -- : [d36fa76a-9d44-42fd-bac8-6dbd65deee34]   Parameters: {"id"=>"2368"}
I, [2019-09-09T07:44:30.830481 #17065]  INFO -- : [345fd4d7-65ae-4f48-928c-8ea02b2c6bc4] Completed 200 OK in 12ms (Views: 0.2ms | ActiveRecord: 5.3ms)
I, [2019-09-09T07:44:30.831480 #17065]  INFO -- : [ebff2df8-5eb4-49d1-8eed-f77785a512d8] Started GET "/developments/380" for 104.207.192.42 at 2019-09-09 07:44:30 -0400
I, [2019-09-09T07:44:30.832115 #17065]  INFO -- : [ebff2df8-5eb4-49d1-8eed-f77785a512d8] Processing by DevelopmentsController#show as JSONAPI
I, [2019-09-09T07:44:30.832181 #17065]  INFO -- : [ebff2df8-5eb4-49d1-8eed-f77785a512d8]   Parameters: {"id"=>"380"}
I, [2019-09-09T07:44:30.832430 #18702]  INFO -- : [0db10c2f-035f-4ff3-a868-37960c55e255] Completed 200 OK in 14ms (Views: 0.2ms | ActiveRecord: 4.6ms)
I, [2019-09-09T07:44:30.833396 #18702]  INFO -- : [2ceb2f5a-84c6-4908-b91b-453a927be874] Started GET "/developments/4783" for 104.207.192.42 at 2019-09-09 07:44:30 -0400
I, [2019-09-09T07:44:30.834005 #18702]  INFO -- : [2ceb2f5a-84c6-4908-b91b-453a927be874] Processing by DevelopmentsController#show as JSONAPI
I, [2019-09-09T07:44:30.834102 #18702]  INFO -- : [2ceb2f5a-84c6-4908-b91b-453a927be874]   Parameters: {"id"=>"4783"}
I, [2019-09-09T07:44:30.835282 #18674]  INFO -- : [d36fa76a-9d44-42fd-bac8-6dbd65deee34] Completed 200 OK in 13ms (Views: 0.2ms | ActiveRecord: 5.1ms)
I, [2019-09-09T07:44:30.837011 #18674]  INFO -- : [530ff118-900b-4d37-ac72-5153592f2183] Started GET "/developments/2158" for 104.207.192.42 at 2019-09-09 07:44:30 -0400
I, [2019-09-09T07:44:30.837608 #18674]  INFO -- : [530ff118-900b-4d37-ac72-5153592f2183] Processing by DevelopmentsController#show as JSONAPI
I, [2019-09-09T07:44:30.837670 #18674]  INFO -- : [530ff118-900b-4d37-ac72-5153592f2183]   Parameters: {"id"=>"2158"}
I, [2019-09-09T07:44:30.845685 #17065]  INFO -- : [ebff2df8-5eb4-49d1-8eed-f77785a512d8] Completed 200 OK in 13ms (Views: 0.2ms | ActiveRecord: 6.8ms)
I, [2019-09-09T07:44:30.846598 #17065]  INFO -- : [5642c795-2170-4642-860b-0aea8025222f] Started GET "/developments/1445" for 104.207.192.42 at 2019-09-09 07:44:30 -0400
I, [2019-09-09T07:44:30.847205 #17065]  INFO -- : [5642c795-2170-4642-860b-0aea8025222f] Processing by DevelopmentsController#show as JSONAPI
I, [2019-09-09T07:44:30.847246 #18702]  INFO -- : [2ceb2f5a-84c6-4908-b91b-453a927be874] Completed 200 OK in 13ms (Views: 0.2ms | ActiveRecord: 5.8ms)
I, [2019-09-09T07:44:30.847270 #17065]  INFO -- : [5642c795-2170-4642-860b-0aea8025222f]   Parameters: {"id"=>"1445"}
I, [2019-09-09T07:44:30.848333 #18702]  INFO -- : [285c4e43-34ae-4dbe-9c09-025465ae3d45] Started GET "/developments/979" for 104.207.192.42 at 2019-09-09 07:44:30 -0400
I, [2019-09-09T07:44:30.848975 #18702]  INFO -- : [285c4e43-34ae-4dbe-9c09-025465ae3d45] Processing by DevelopmentsController#show as JSONAPI
I, [2019-09-09T07:44:30.849026 #18702]  INFO -- : [285c4e43-34ae-4dbe-9c09-025465ae3d45]   Parameters: {"id"=>"979"}
I, [2019-09-09T07:44:30.851617 #18674]  INFO -- : [530ff118-900b-4d37-ac72-5153592f2183] Completed 200 OK in 14ms (Views: 0.2ms | ActiveRecord: 7.6ms)
I, [2019-09-09T07:44:30.852483 #18674]  INFO -- : [69a5c35b-b38c-4948-8130-da15447ab3f7] Started GET "/developments/200" for 104.207.192.42 at 2019-09-09 07:44:30 -0400
I, [2019-09-09T07:44:30.853044 #18674]  INFO -- : [69a5c35b-b38c-4948-8130-da15447ab3f7] Processing by DevelopmentsController#show as JSONAPI
I, [2019-09-09T07:44:30.853105 #18674]  INFO -- : [69a5c35b-b38c-4948-8130-da15447ab3f7]   Parameters: {"id"=>"200"}
I, [2019-09-09T07:44:30.859633 #17065]  INFO -- : [5642c795-2170-4642-860b-0aea8025222f] Completed 200 OK in 12ms (Views: 0.2ms | ActiveRecord: 3.7ms)
I, [2019-09-09T07:44:30.860517 #17065]  INFO -- : [9014c334-109d-4abd-84a9-1b9e4255d014] Started GET "/developments/4451" for 104.207.192.42 at 2019-09-09 07:44:30 -0400
I, [2019-09-09T07:44:30.861110 #17065]  INFO -- : [9014c334-109d-4abd-84a9-1b9e4255d014] Processing by DevelopmentsController#show as JSONAPI
I, [2019-09-09T07:44:30.861174 #17065]  INFO -- : [9014c334-109d-4abd-84a9-1b9e4255d014]   Parameters: {"id"=>"4451"}
I, [2019-09-09T07:44:30.862872 #18702]  INFO -- : [285c4e43-34ae-4dbe-9c09-025465ae3d45] Completed 200 OK in 14ms (Views: 0.2ms | ActiveRecord: 5.0ms)
I, [2019-09-09T07:44:30.864891 #18702]  INFO -- : [18015792-91ce-4987-a0c4-9ac5f70a77b2] Started GET "/developments/4827" for 104.207.192.42 at 2019-09-09 07:44:30 -0400
I, [2019-09-09T07:44:30.867026 #18674]  INFO -- : [69a5c35b-b38c-4948-8130-da15447ab3f7] Completed 200 OK in 14ms (Views: 0.1ms | ActiveRecord: 7.6ms)
I, [2019-09-09T07:44:30.867744 #18674]  INFO -- : [43246237-5c64-4564-9ebe-e7f2b1bd8ec3] Started GET "/developments/4455" for 104.207.192.42 at 2019-09-09 07:44:30 -0400
I, [2019-09-09T07:44:30.868366 #18674]  INFO -- : [43246237-5c64-4564-9ebe-e7f2b1bd8ec3] Processing by DevelopmentsController#show as JSONAPI
I, [2019-09-09T07:44:30.868429 #18674]  INFO -- : [43246237-5c64-4564-9ebe-e7f2b1bd8ec3]   Parameters: {"id"=>"4455"}
I, [2019-09-09T07:44:30.869248 #18702]  INFO -- : [18015792-91ce-4987-a0c4-9ac5f70a77b2] Processing by DevelopmentsController#show as JSONAPI
I, [2019-09-09T07:44:30.869314 #18702]  INFO -- : [18015792-91ce-4987-a0c4-9ac5f70a77b2]   Parameters: {"id"=>"4827"}
I, [2019-09-09T07:44:30.871884 #17065]  INFO -- : [9014c334-109d-4abd-84a9-1b9e4255d014] Completed 200 OK in 11ms (Views: 0.2ms | ActiveRecord: 3.8ms)
I, [2019-09-09T07:44:30.873039 #17065]  INFO -- : [b834bbe4-86ed-4acf-a718-60fa19951ad6] Started GET "/developments/4587" for 104.207.192.42 at 2019-09-09 07:44:30 -0400
I, [2019-09-09T07:44:30.873721 #17065]  INFO -- : [b834bbe4-86ed-4acf-a718-60fa19951ad6] Processing by DevelopmentsController#show as JSONAPI
I, [2019-09-09T07:44:30.873789 #17065]  INFO -- : [b834bbe4-86ed-4acf-a718-60fa19951ad6]   Parameters: {"id"=>"4587"}
I, [2019-09-09T07:44:30.880426 #18674]  INFO -- : [43246237-5c64-4564-9ebe-e7f2b1bd8ec3] Completed 200 OK in 12ms (Views: 0.2ms | ActiveRecord: 4.3ms)
I, [2019-09-09T07:44:30.881188 #18674]  INFO -- : [c0c62fef-c8fb-49f4-b658-738b8438d6eb] Started GET "/developments/4782" for 104.207.192.42 at 2019-09-09 07:44:30 -0400
I, [2019-09-09T07:44:30.881790 #18674]  INFO -- : [c0c62fef-c8fb-49f4-b658-738b8438d6eb] Processing by DevelopmentsController#show as JSONAPI
I, [2019-09-09T07:44:30.881870 #18674]  INFO -- : [c0c62fef-c8fb-49f4-b658-738b8438d6eb]   Parameters: {"id"=>"4782"}
I, [2019-09-09T07:44:30.883281 #18702]  INFO -- : [18015792-91ce-4987-a0c4-9ac5f70a77b2] Completed 200 OK in 14ms (Views: 0.2ms | ActiveRecord: 6.2ms)
I, [2019-09-09T07:44:30.887504 #17065]  INFO -- : [b834bbe4-86ed-4acf-a718-60fa19951ad6] Completed 200 OK in 14ms (Views: 0.2ms | ActiveRecord: 6.3ms)
I, [2019-09-09T07:44:30.887906 #18702]  INFO -- : [e9c224b1-2cff-4891-837a-740102bc412e] Started GET "/developments/726" for 104.207.192.42 at 2019-09-09 07:44:30 -0400
I, [2019-09-09T07:44:30.888542 #18702]  INFO -- : [e9c224b1-2cff-4891-837a-740102bc412e] Processing by DevelopmentsController#show as JSONAPI
I, [2019-09-09T07:44:30.888608 #18702]  INFO -- : [e9c224b1-2cff-4891-837a-740102bc412e]   Parameters: {"id"=>"726"}
I, [2019-09-09T07:44:30.889292 #17065]  INFO -- : [9e6f90dd-b73d-4be1-9add-05a293b59b3c] Started GET "/developments/4429" for 104.207.192.42 at 2019-09-09 07:44:30 -0400
I, [2019-09-09T07:44:30.889946 #17065]  INFO -- : [9e6f90dd-b73d-4be1-9add-05a293b59b3c] Processing by DevelopmentsController#show as JSONAPI
I, [2019-09-09T07:44:30.890014 #17065]  INFO -- : [9e6f90dd-b73d-4be1-9add-05a293b59b3c]   Parameters: {"id"=>"4429"}
I, [2019-09-09T07:44:30.891541 #18674]  INFO -- : [c0c62fef-c8fb-49f4-b658-738b8438d6eb] Completed 200 OK in 10ms (Views: 0.1ms | ActiveRecord: 3.3ms)
I, [2019-09-09T07:44:30.893491 #18674]  INFO -- : [8331f424-65f9-420f-81f6-e30588dea39a] Started GET "/developments/4536" for 104.207.192.42 at 2019-09-09 07:44:30 -0400
I, [2019-09-09T07:44:30.895747 #18674]  INFO -- : [8331f424-65f9-420f-81f6-e30588dea39a] Processing by DevelopmentsController#show as JSONAPI
I, [2019-09-09T07:44:30.895812 #18674]  INFO -- : [8331f424-65f9-420f-81f6-e30588dea39a]   Parameters: {"id"=>"4536"}
I, [2019-09-09T07:44:30.902384 #17065]  INFO -- : [9e6f90dd-b73d-4be1-9add-05a293b59b3c] Completed 200 OK in 12ms (Views: 0.3ms | ActiveRecord: 5.3ms)
I, [2019-09-09T07:44:30.903248 #17065]  INFO -- : [03e18d48-e2a0-444b-a080-74a1005a88bf] Started GET "/developments/4449" for 104.207.192.42 at 2019-09-09 07:44:30 -0400
I, [2019-09-09T07:44:30.903912 #17065]  INFO -- : [03e18d48-e2a0-444b-a080-74a1005a88bf] Processing by DevelopmentsController#show as JSONAPI
I, [2019-09-09T07:44:30.904003 #17065]  INFO -- : [03e18d48-e2a0-444b-a080-74a1005a88bf]   Parameters: {"id"=>"4449"}
I, [2019-09-09T07:44:30.906661 #18702]  INFO -- : [e9c224b1-2cff-4891-837a-740102bc412e] Completed 200 OK in 18ms (Views: 0.2ms | ActiveRecord: 11.5ms)
I, [2019-09-09T07:44:30.907640 #18702]  INFO -- : [2a066dbb-67ce-4c82-af83-85a6821fdc85] Started GET "/developments/2483" for 104.207.192.42 at 2019-09-09 07:44:30 -0400
I, [2019-09-09T07:44:30.908050 #18674]  INFO -- : [8331f424-65f9-420f-81f6-e30588dea39a] Completed 200 OK in 12ms (Views: 0.2ms | ActiveRecord: 3.3ms)
I, [2019-09-09T07:44:30.908341 #18702]  INFO -- : [2a066dbb-67ce-4c82-af83-85a6821fdc85] Processing by DevelopmentsController#show as JSONAPI
I, [2019-09-09T07:44:30.908404 #18702]  INFO -- : [2a066dbb-67ce-4c82-af83-85a6821fdc85]   Parameters: {"id"=>"2483"}
I, [2019-09-09T07:44:30.909161 #18674]  INFO -- : [ce6657fb-6ef0-46c6-a9c2-3b1b4e5322b1] Started GET "/developments/2080" for 104.207.192.42 at 2019-09-09 07:44:30 -0400
I, [2019-09-09T07:44:30.909769 #18674]  INFO -- : [ce6657fb-6ef0-46c6-a9c2-3b1b4e5322b1] Processing by DevelopmentsController#show as JSONAPI
I, [2019-09-09T07:44:30.909833 #18674]  INFO -- : [ce6657fb-6ef0-46c6-a9c2-3b1b4e5322b1]   Parameters: {"id"=>"2080"}
I, [2019-09-09T07:44:30.921916 #18674]  INFO -- : [ce6657fb-6ef0-46c6-a9c2-3b1b4e5322b1] Completed 200 OK in 12ms (Views: 0.3ms | ActiveRecord: 5.1ms)
I, [2019-09-09T07:44:30.923009 #18674]  INFO -- : [f36455f0-f38b-43d5-9124-182a56044520] Started GET "/developments/4388" for 104.207.192.42 at 2019-09-09 07:44:30 -0400
I, [2019-09-09T07:44:30.923751 #18674]  INFO -- : [f36455f0-f38b-43d5-9124-182a56044520] Processing by DevelopmentsController#show as JSONAPI
I, [2019-09-09T07:44:30.923835 #18674]  INFO -- : [f36455f0-f38b-43d5-9124-182a56044520]   Parameters: {"id"=>"4388"}
I, [2019-09-09T07:44:30.924407 #17065]  INFO -- : [03e18d48-e2a0-444b-a080-74a1005a88bf] Completed 200 OK in 20ms (Views: 0.3ms | ActiveRecord: 6.6ms)
I, [2019-09-09T07:44:30.925410 #18702]  INFO -- : [2a066dbb-67ce-4c82-af83-85a6821fdc85] Completed 200 OK in 17ms (Views: 0.2ms | ActiveRecord: 3.7ms)
I, [2019-09-09T07:44:30.926535 #17065]  INFO -- : [b980a638-dbe2-4b46-9fd5-e3d7195d0b75] Started GET "/developments/1401" for 104.207.192.42 at 2019-09-09 07:44:30 -0400
I, [2019-09-09T07:44:30.927316 #17065]  INFO -- : [b980a638-dbe2-4b46-9fd5-e3d7195d0b75] Processing by DevelopmentsController#show as JSONAPI
I, [2019-09-09T07:44:30.927382 #17065]  INFO -- : [b980a638-dbe2-4b46-9fd5-e3d7195d0b75]   Parameters: {"id"=>"1401"}
I, [2019-09-09T07:44:30.928341 #18702]  INFO -- : [ddc0646c-8c15-40f1-be3d-597af214eaad] Started GET "/developments/4454" for 104.207.192.42 at 2019-09-09 07:44:30 -0400
I, [2019-09-09T07:44:30.928958 #18702]  INFO -- : [ddc0646c-8c15-40f1-be3d-597af214eaad] Processing by DevelopmentsController#show as JSONAPI
I, [2019-09-09T07:44:30.929019 #18702]  INFO -- : [ddc0646c-8c15-40f1-be3d-597af214eaad]   Parameters: {"id"=>"4454"}
