I, [2019-09-05T10:01:09.163536 #13411]  INFO -- : [8bb1375e-5893-4517-8b78-8dfd8ac9f5c4]   Parameters: {"id"=>"4098"}
I, [2019-09-05T10:01:09.165210 #13430]  INFO -- : [52dd7b28-ea29-4b01-aed3-6d2f8f279f5b] Completed 200 OK in 13ms (Views: 0.1ms | ActiveRecord: 5.5ms)
I, [2019-09-05T10:01:09.166229 #13430]  INFO -- : [8a631259-cbb3-4fb7-aae7-a147f379b097] Started GET "/developments/4777" for 104.207.192.42 at 2019-09-05 10:01:09 -0400
I, [2019-09-05T10:01:09.166783 #13430]  INFO -- : [8a631259-cbb3-4fb7-aae7-a147f379b097] Processing by DevelopmentsController#show as JSONAPI
I, [2019-09-05T10:01:09.166850 #13430]  INFO -- : [8a631259-cbb3-4fb7-aae7-a147f379b097]   Parameters: {"id"=>"4777"}
I, [2019-09-05T10:01:09.167985 #6632]  INFO -- : [26939d0b-5dfd-48e5-afce-e8232b3f1209] Completed 200 OK in 14ms (Views: 0.2ms | ActiveRecord: 6.8ms)
I, [2019-09-05T10:01:09.171557 #6632]  INFO -- : [19296897-3deb-4f03-8608-37f7dd3da8e2] Started GET "/developments/4381" for 104.207.192.42 at 2019-09-05 10:01:09 -0400
I, [2019-09-05T10:01:09.172240 #6632]  INFO -- : [19296897-3deb-4f03-8608-37f7dd3da8e2] Processing by DevelopmentsController#show as JSONAPI
I, [2019-09-05T10:01:09.172307 #6632]  INFO -- : [19296897-3deb-4f03-8608-37f7dd3da8e2]   Parameters: {"id"=>"4381"}
I, [2019-09-05T10:01:09.178680 #13430]  INFO -- : [8a631259-cbb3-4fb7-aae7-a147f379b097] Completed 200 OK in 12ms (Views: 0.2ms | ActiveRecord: 5.8ms)
I, [2019-09-05T10:01:09.179975 #13430]  INFO -- : [23553c03-fabe-49ac-9da2-20f4eabe8a6f] Started GET "/developments/4397" for 104.207.192.42 at 2019-09-05 10:01:09 -0400
I, [2019-09-05T10:01:09.179971 #13411]  INFO -- : [8bb1375e-5893-4517-8b78-8dfd8ac9f5c4] Completed 200 OK in 16ms (Views: 0.2ms | ActiveRecord: 4.5ms)
I, [2019-09-05T10:01:09.181578 #13411]  INFO -- : [89ca0d5b-3321-4e1a-8d5d-7cd91cafa685] Started GET "/developments/4349" for 104.207.192.42 at 2019-09-05 10:01:09 -0400
I, [2019-09-05T10:01:09.181737 #13430]  INFO -- : [23553c03-fabe-49ac-9da2-20f4eabe8a6f] Processing by DevelopmentsController#show as JSONAPI
I, [2019-09-05T10:01:09.181809 #13430]  INFO -- : [23553c03-fabe-49ac-9da2-20f4eabe8a6f]   Parameters: {"id"=>"4397"}
I, [2019-09-05T10:01:09.182177 #13411]  INFO -- : [89ca0d5b-3321-4e1a-8d5d-7cd91cafa685] Processing by DevelopmentsController#show as JSONAPI
I, [2019-09-05T10:01:09.182226 #13411]  INFO -- : [89ca0d5b-3321-4e1a-8d5d-7cd91cafa685]   Parameters: {"id"=>"4349"}
I, [2019-09-05T10:01:09.184784 #6632]  INFO -- : [19296897-3deb-4f03-8608-37f7dd3da8e2] Completed 200 OK in 12ms (Views: 0.5ms | ActiveRecord: 5.6ms)
I, [2019-09-05T10:01:09.186595 #6632]  INFO -- : [cb91dddc-7097-4882-9030-753ea6ba671f] Started GET "/developments/4831" for 104.207.192.42 at 2019-09-05 10:01:09 -0400
I, [2019-09-05T10:01:09.187191 #6632]  INFO -- : [cb91dddc-7097-4882-9030-753ea6ba671f] Processing by DevelopmentsController#show as JSONAPI
I, [2019-09-05T10:01:09.187257 #6632]  INFO -- : [cb91dddc-7097-4882-9030-753ea6ba671f]   Parameters: {"id"=>"4831"}
I, [2019-09-05T10:01:09.193465 #13411]  INFO -- : [89ca0d5b-3321-4e1a-8d5d-7cd91cafa685] Completed 200 OK in 11ms (Views: 0.2ms | ActiveRecord: 4.2ms)
I, [2019-09-05T10:01:09.194103 #13411]  INFO -- : [dbe9ef30-d2b9-4626-ba04-fa400c55cf6a] Started GET "/developments/2597" for 104.207.192.42 at 2019-09-05 10:01:09 -0400
I, [2019-09-05T10:01:09.194743 #13411]  INFO -- : [dbe9ef30-d2b9-4626-ba04-fa400c55cf6a] Processing by DevelopmentsController#show as JSONAPI
I, [2019-09-05T10:01:09.194821 #13411]  INFO -- : [dbe9ef30-d2b9-4626-ba04-fa400c55cf6a]   Parameters: {"id"=>"2597"}
I, [2019-09-05T10:01:09.198304 #6632]  INFO -- : [cb91dddc-7097-4882-9030-753ea6ba671f] Completed 200 OK in 11ms (Views: 0.2ms | ActiveRecord: 3.2ms)
I, [2019-09-05T10:01:09.199098 #6632]  INFO -- : [e803b457-44ce-4340-b901-9d2dc1cf11f8] Started GET "/developments/3880" for 104.207.192.42 at 2019-09-05 10:01:09 -0400
I, [2019-09-05T10:01:09.199436 #13430]  INFO -- : [23553c03-fabe-49ac-9da2-20f4eabe8a6f] Completed 200 OK in 18ms (Views: 0.2ms | ActiveRecord: 9.1ms)
I, [2019-09-05T10:01:09.199672 #6632]  INFO -- : [e803b457-44ce-4340-b901-9d2dc1cf11f8] Processing by DevelopmentsController#show as JSONAPI
I, [2019-09-05T10:01:09.199737 #6632]  INFO -- : [e803b457-44ce-4340-b901-9d2dc1cf11f8]   Parameters: {"id"=>"3880"}
I, [2019-09-05T10:01:09.201691 #13430]  INFO -- : [2add78a4-3385-4cd3-868b-440b0943a78a] Started GET "/developments/4408" for 104.207.192.42 at 2019-09-05 10:01:09 -0400
I, [2019-09-05T10:01:09.202220 #13430]  INFO -- : [2add78a4-3385-4cd3-868b-440b0943a78a] Processing by DevelopmentsController#show as JSONAPI
I, [2019-09-05T10:01:09.202281 #13430]  INFO -- : [2add78a4-3385-4cd3-868b-440b0943a78a]   Parameters: {"id"=>"4408"}
I, [2019-09-05T10:01:09.209295 #13411]  INFO -- : [dbe9ef30-d2b9-4626-ba04-fa400c55cf6a] Completed 200 OK in 14ms (Views: 0.1ms | ActiveRecord: 7.6ms)
I, [2019-09-05T10:01:09.210592 #13411]  INFO -- : [62feb2ce-677f-412a-8f45-e73c365f6f90] Started GET "/developments/4535" for 104.207.192.42 at 2019-09-05 10:01:09 -0400
I, [2019-09-05T10:01:09.212290 #13411]  INFO -- : [62feb2ce-677f-412a-8f45-e73c365f6f90] Processing by DevelopmentsController#show as JSONAPI
I, [2019-09-05T10:01:09.212359 #13411]  INFO -- : [62feb2ce-677f-412a-8f45-e73c365f6f90]   Parameters: {"id"=>"4535"}
I, [2019-09-05T10:01:09.212574 #6632]  INFO -- : [e803b457-44ce-4340-b901-9d2dc1cf11f8] Completed 200 OK in 13ms (Views: 0.2ms | ActiveRecord: 5.0ms)
I, [2019-09-05T10:01:09.214134 #6632]  INFO -- : [e41c8e81-4652-44cb-adc0-49dd22f027c2] Started GET "/developments/614" for 104.207.192.42 at 2019-09-05 10:01:09 -0400
I, [2019-09-05T10:01:09.214759 #6632]  INFO -- : [e41c8e81-4652-44cb-adc0-49dd22f027c2] Processing by DevelopmentsController#show as JSONAPI
I, [2019-09-05T10:01:09.214822 #6632]  INFO -- : [e41c8e81-4652-44cb-adc0-49dd22f027c2]   Parameters: {"id"=>"614"}
I, [2019-09-05T10:01:09.215277 #13430]  INFO -- : [2add78a4-3385-4cd3-868b-440b0943a78a] Completed 200 OK in 13ms (Views: 0.2ms | ActiveRecord: 6.5ms)
I, [2019-09-05T10:01:09.215992 #13430]  INFO -- : [9b280e6c-0828-4204-998e-ef98e5365665] Started GET "/developments/3811" for 104.207.192.42 at 2019-09-05 10:01:09 -0400
I, [2019-09-05T10:01:09.216628 #13430]  INFO -- : [9b280e6c-0828-4204-998e-ef98e5365665] Processing by DevelopmentsController#show as JSONAPI
I, [2019-09-05T10:01:09.216700 #13430]  INFO -- : [9b280e6c-0828-4204-998e-ef98e5365665]   Parameters: {"id"=>"3811"}
I, [2019-09-05T10:01:09.226498 #6632]  INFO -- : [e41c8e81-4652-44cb-adc0-49dd22f027c2] Completed 200 OK in 12ms (Views: 0.2ms | ActiveRecord: 3.7ms)
I, [2019-09-05T10:01:09.227834 #13411]  INFO -- : [62feb2ce-677f-412a-8f45-e73c365f6f90] Completed 200 OK in 15ms (Views: 0.2ms | ActiveRecord: 4.8ms)
I, [2019-09-05T10:01:09.227854 #6632]  INFO -- : [1e57d7ba-ee65-4807-8641-19d422e35e70] Started GET "/developments/2187" for 104.207.192.42 at 2019-09-05 10:01:09 -0400
I, [2019-09-05T10:01:09.229153 #6632]  INFO -- : [1e57d7ba-ee65-4807-8641-19d422e35e70] Processing by DevelopmentsController#show as JSONAPI
I, [2019-09-05T10:01:09.229220 #6632]  INFO -- : [1e57d7ba-ee65-4807-8641-19d422e35e70]   Parameters: {"id"=>"2187"}
I, [2019-09-05T10:01:09.229696 #13411]  INFO -- : [c715773e-bd2a-402f-9f10-aa3552ddbf4e] Started GET "/developments/4815" for 104.207.192.42 at 2019-09-05 10:01:09 -0400
I, [2019-09-05T10:01:09.230270 #13411]  INFO -- : [c715773e-bd2a-402f-9f10-aa3552ddbf4e] Processing by DevelopmentsController#show as JSONAPI
I, [2019-09-05T10:01:09.230334 #13411]  INFO -- : [c715773e-bd2a-402f-9f10-aa3552ddbf4e]   Parameters: {"id"=>"4815"}
I, [2019-09-05T10:01:09.232506 #13430]  INFO -- : [9b280e6c-0828-4204-998e-ef98e5365665] Completed 200 OK in 16ms (Views: 0.2ms | ActiveRecord: 8.7ms)
I, [2019-09-05T10:01:09.233838 #13430]  INFO -- : [ec4e0b2d-eca9-470f-8486-7094ab305113] Started GET "/developments/3893" for 104.207.192.42 at 2019-09-05 10:01:09 -0400
I, [2019-09-05T10:01:09.234400 #13430]  INFO -- : [ec4e0b2d-eca9-470f-8486-7094ab305113] Processing by DevelopmentsController#show as JSONAPI
I, [2019-09-05T10:01:09.234468 #13430]  INFO -- : [ec4e0b2d-eca9-470f-8486-7094ab305113]   Parameters: {"id"=>"3893"}
I, [2019-09-05T10:01:09.241009 #6632]  INFO -- : [1e57d7ba-ee65-4807-8641-19d422e35e70] Completed 200 OK in 12ms (Views: 0.2ms | ActiveRecord: 4.3ms)
I, [2019-09-05T10:01:09.242446 #6632]  INFO -- : [3b55759b-82f7-4b4e-af1b-864d3791b8f4] Started GET "/developments/4772" for 104.207.192.42 at 2019-09-05 10:01:09 -0400
I, [2019-09-05T10:01:09.243077 #6632]  INFO -- : [3b55759b-82f7-4b4e-af1b-864d3791b8f4] Processing by DevelopmentsController#show as JSONAPI
I, [2019-09-05T10:01:09.243144 #6632]  INFO -- : [3b55759b-82f7-4b4e-af1b-864d3791b8f4]   Parameters: {"id"=>"4772"}
I, [2019-09-05T10:01:09.245480 #13411]  INFO -- : [c715773e-bd2a-402f-9f10-aa3552ddbf4e] Completed 200 OK in 15ms (Views: 0.2ms | ActiveRecord: 6.2ms)
I, [2019-09-05T10:01:09.246206 #13411]  INFO -- : [1f26f241-d2ff-4825-9968-c7cc0b4fff49] Started GET "/developments/1533" for 104.207.192.42 at 2019-09-05 10:01:09 -0400
I, [2019-09-05T10:01:09.246770 #13411]  INFO -- : [1f26f241-d2ff-4825-9968-c7cc0b4fff49] Processing by DevelopmentsController#show as JSONAPI
I, [2019-09-05T10:01:09.246834 #13411]  INFO -- : [1f26f241-d2ff-4825-9968-c7cc0b4fff49]   Parameters: {"id"=>"1533"}
I, [2019-09-05T10:01:09.249099 #13430]  INFO -- : [ec4e0b2d-eca9-470f-8486-7094ab305113] Completed 200 OK in 14ms (Views: 0.1ms | ActiveRecord: 7.5ms)
I, [2019-09-05T10:01:09.250422 #13430]  INFO -- : [64fc0fe5-8fb3-4578-99ee-82282218c56d] Started GET "/developments/329" for 104.207.192.42 at 2019-09-05 10:01:09 -0400
I, [2019-09-05T10:01:09.250982 #13430]  INFO -- : [64fc0fe5-8fb3-4578-99ee-82282218c56d] Processing by DevelopmentsController#show as JSONAPI
I, [2019-09-05T10:01:09.251049 #13430]  INFO -- : [64fc0fe5-8fb3-4578-99ee-82282218c56d]   Parameters: {"id"=>"329"}
I, [2019-09-05T10:01:09.258202 #6632]  INFO -- : [3b55759b-82f7-4b4e-af1b-864d3791b8f4] Completed 200 OK in 15ms (Views: 0.2ms | ActiveRecord: 7.6ms)
I, [2019-09-05T10:01:09.259263 #6632]  INFO -- : [b08b796a-5dc3-4101-8ddb-d02eca727ca0] Started GET "/developments/4429" for 104.207.192.42 at 2019-09-05 10:01:09 -0400
I, [2019-09-05T10:01:09.259844 #6632]  INFO -- : [b08b796a-5dc3-4101-8ddb-d02eca727ca0] Processing by DevelopmentsController#show as JSONAPI
I, [2019-09-05T10:01:09.259910 #6632]  INFO -- : [b08b796a-5dc3-4101-8ddb-d02eca727ca0]   Parameters: {"id"=>"4429"}
I, [2019-09-05T10:01:09.260231 #13411]  INFO -- : [1f26f241-d2ff-4825-9968-c7cc0b4fff49] Completed 200 OK in 13ms (Views: 0.2ms | ActiveRecord: 6.0ms)
I, [2019-09-05T10:01:09.264458 #13430]  INFO -- : [64fc0fe5-8fb3-4578-99ee-82282218c56d] Completed 200 OK in 13ms (Views: 0.2ms | ActiveRecord: 7.1ms)
I, [2019-09-05T10:01:09.268947 #13411]  INFO -- : [594fd1cf-405b-48b9-99ef-46dd2f504dbc] Started GET "/developments/4511" for 104.207.192.42 at 2019-09-05 10:01:09 -0400
I, [2019-09-05T10:01:09.269484 #13411]  INFO -- : [594fd1cf-405b-48b9-99ef-46dd2f504dbc] Processing by DevelopmentsController#show as JSONAPI
I, [2019-09-05T10:01:09.269550 #13411]  INFO -- : [594fd1cf-405b-48b9-99ef-46dd2f504dbc]   Parameters: {"id"=>"4511"}
I, [2019-09-05T10:01:09.270491 #13430]  INFO -- : [54afbf19-d3ea-49b2-a3da-95ed93f5a03c] Started GET "/developments/4313" for 104.207.192.42 at 2019-09-05 10:01:09 -0400
I, [2019-09-05T10:01:09.271044 #13430]  INFO -- : [54afbf19-d3ea-49b2-a3da-95ed93f5a03c] Processing by DevelopmentsController#show as JSONAPI
I, [2019-09-05T10:01:09.271108 #13430]  INFO -- : [54afbf19-d3ea-49b2-a3da-95ed93f5a03c]   Parameters: {"id"=>"4313"}
I, [2019-09-05T10:01:09.272554 #6632]  INFO -- : [b08b796a-5dc3-4101-8ddb-d02eca727ca0] Completed 200 OK in 13ms (Views: 0.2ms | ActiveRecord: 4.4ms)
I, [2019-09-05T10:01:09.273597 #6632]  INFO -- : [72a10267-6bc3-4898-bca4-040ed61dcc3b] Started GET "/developments/3098" for 104.207.192.42 at 2019-09-05 10:01:09 -0400
I, [2019-09-05T10:01:09.274225 #6632]  INFO -- : [72a10267-6bc3-4898-bca4-040ed61dcc3b] Processing by DevelopmentsController#show as JSONAPI
I, [2019-09-05T10:01:09.274290 #6632]  INFO -- : [72a10267-6bc3-4898-bca4-040ed61dcc3b]   Parameters: {"id"=>"3098"}
I, [2019-09-05T10:01:09.282374 #13430]  INFO -- : [54afbf19-d3ea-49b2-a3da-95ed93f5a03c] Completed 200 OK in 11ms (Views: 0.2ms | ActiveRecord: 5.0ms)
I, [2019-09-05T10:01:09.283846 #13430]  INFO -- : [4dda93cb-2eab-4912-891a-9a2f1f89156e] Started GET "/developments/3805" for 104.207.192.42 at 2019-09-05 10:01:09 -0400
I, [2019-09-05T10:01:09.284361 #13411]  INFO -- : [594fd1cf-405b-48b9-99ef-46dd2f504dbc] Completed 200 OK in 15ms (Views: 0.2ms | ActiveRecord: 5.9ms)
I, [2019-09-05T10:01:09.285301 #13411]  INFO -- : [d8fdaa02-3812-4bc7-891d-5d68da8bdc5b] Started GET "/developments/4451" for 104.207.192.42 at 2019-09-05 10:01:09 -0400
I, [2019-09-05T10:01:09.285757 #13430]  INFO -- : [4dda93cb-2eab-4912-891a-9a2f1f89156e] Processing by DevelopmentsController#show as JSONAPI
I, [2019-09-05T10:01:09.285802 #13411]  INFO -- : [d8fdaa02-3812-4bc7-891d-5d68da8bdc5b] Processing by DevelopmentsController#show as JSONAPI
I, [2019-09-05T10:01:09.285822 #13430]  INFO -- : [4dda93cb-2eab-4912-891a-9a2f1f89156e]   Parameters: {"id"=>"3805"}
I, [2019-09-05T10:01:09.285859 #13411]  INFO -- : [d8fdaa02-3812-4bc7-891d-5d68da8bdc5b]   Parameters: {"id"=>"4451"}
I, [2019-09-05T10:01:09.288100 #6632]  INFO -- : [72a10267-6bc3-4898-bca4-040ed61dcc3b] Completed 200 OK in 14ms (Views: 0.2ms | ActiveRecord: 7.3ms)
I, [2019-09-05T10:01:09.289109 #6632]  INFO -- : [12578ca4-4807-423b-a029-b2b9576c61ce] Started GET "/developments/2875" for 104.207.192.42 at 2019-09-05 10:01:09 -0400
I, [2019-09-05T10:01:09.289691 #6632]  INFO -- : [12578ca4-4807-423b-a029-b2b9576c61ce] Processing by DevelopmentsController#show as JSONAPI
I, [2019-09-05T10:01:09.289755 #6632]  INFO -- : [12578ca4-4807-423b-a029-b2b9576c61ce]   Parameters: {"id"=>"2875"}
I, [2019-09-05T10:01:09.296797 #13411]  INFO -- : [d8fdaa02-3812-4bc7-891d-5d68da8bdc5b] Completed 200 OK in 11ms (Views: 0.2ms | ActiveRecord: 4.6ms)
I, [2019-09-05T10:01:09.298034 #13411]  INFO -- : [1d5846d8-134e-41ef-bcec-7a9cb0956084] Started GET "/developments/2311" for 104.207.192.42 at 2019-09-05 10:01:09 -0400
I, [2019-09-05T10:01:09.298538 #13411]  INFO -- : [1d5846d8-134e-41ef-bcec-7a9cb0956084] Processing by DevelopmentsController#show as JSONAPI
I, [2019-09-05T10:01:09.298642 #13411]  INFO -- : [1d5846d8-134e-41ef-bcec-7a9cb0956084]   Parameters: {"id"=>"2311"}
I, [2019-09-05T10:01:09.299652 #13430]  INFO -- : [4dda93cb-2eab-4912-891a-9a2f1f89156e] Completed 200 OK in 14ms (Views: 0.2ms | ActiveRecord: 3.8ms)
I, [2019-09-05T10:01:09.300613 #13430]  INFO -- : [a4c62638-e656-49c1-a837-135b88edc5e1] Started GET "/developments/715" for 104.207.192.42 at 2019-09-05 10:01:09 -0400
I, [2019-09-05T10:01:09.301185 #13430]  INFO -- : [a4c62638-e656-49c1-a837-135b88edc5e1] Processing by DevelopmentsController#show as JSONAPI
I, [2019-09-05T10:01:09.301263 #13430]  INFO -- : [a4c62638-e656-49c1-a837-135b88edc5e1]   Parameters: {"id"=>"715"}
I, [2019-09-05T10:01:09.302714 #6632]  INFO -- : [12578ca4-4807-423b-a029-b2b9576c61ce] Completed 200 OK in 13ms (Views: 0.2ms | ActiveRecord: 5.4ms)
I, [2019-09-05T10:01:09.304435 #6632]  INFO -- : [61ed0e7e-e970-403e-8744-15204cc537a9] Started GET "/developments/3165" for 104.207.192.42 at 2019-09-05 10:01:09 -0400
I, [2019-09-05T10:01:09.305025 #6632]  INFO -- : [61ed0e7e-e970-403e-8744-15204cc537a9] Processing by DevelopmentsController#show as JSONAPI
I, [2019-09-05T10:01:09.305090 #6632]  INFO -- : [61ed0e7e-e970-403e-8744-15204cc537a9]   Parameters: {"id"=>"3165"}
I, [2019-09-05T10:01:09.313488 #13430]  INFO -- : [a4c62638-e656-49c1-a837-135b88edc5e1] Completed 200 OK in 12ms (Views: 0.2ms | ActiveRecord: 3.5ms)
I, [2019-09-05T10:01:09.314416 #13430]  INFO -- : [b0af1c64-c90b-439e-8458-de593794ad69] Started GET "/developments/4219" for 104.207.192.42 at 2019-09-05 10:01:09 -0400
I, [2019-09-05T10:01:09.314960 #13430]  INFO -- : [b0af1c64-c90b-439e-8458-de593794ad69] Processing by DevelopmentsController#show as JSONAPI
I, [2019-09-05T10:01:09.315027 #13430]  INFO -- : [b0af1c64-c90b-439e-8458-de593794ad69]   Parameters: {"id"=>"4219"}
I, [2019-09-05T10:01:09.315250 #13411]  INFO -- : [1d5846d8-134e-41ef-bcec-7a9cb0956084] Completed 200 OK in 17ms (Views: 1.4ms | ActiveRecord: 8.2ms)
I, [2019-09-05T10:01:09.317717 #6632]  INFO -- : [61ed0e7e-e970-403e-8744-15204cc537a9] Completed 200 OK in 12ms (Views: 0.1ms | ActiveRecord: 7.0ms)
I, [2019-09-05T10:01:09.318705 #13411]  INFO -- : [ad6f17e8-bc21-410f-a650-a80b308acaa0] Started GET "/developments/1525" for 104.207.192.42 at 2019-09-05 10:01:09 -0400
I, [2019-09-05T10:01:09.319221 #13411]  INFO -- : [ad6f17e8-bc21-410f-a650-a80b308acaa0] Processing by DevelopmentsController#show as JSONAPI
I, [2019-09-05T10:01:09.319283 #13411]  INFO -- : [ad6f17e8-bc21-410f-a650-a80b308acaa0]   Parameters: {"id"=>"1525"}
I, [2019-09-05T10:01:09.319923 #6632]  INFO -- : [c14fdb85-4f14-4898-b3fc-cdd21453c9c4] Started GET "/developments/1945" for 104.207.192.42 at 2019-09-05 10:01:09 -0400
I, [2019-09-05T10:01:09.320531 #6632]  INFO -- : [c14fdb85-4f14-4898-b3fc-cdd21453c9c4] Processing by DevelopmentsController#show as JSONAPI
I, [2019-09-05T10:01:09.320585 #6632]  INFO -- : [c14fdb85-4f14-4898-b3fc-cdd21453c9c4]   Parameters: {"id"=>"1945"}
I, [2019-09-05T10:01:09.325251 #13430]  INFO -- : [b0af1c64-c90b-439e-8458-de593794ad69] Completed 200 OK in 10ms (Views: 0.2ms | ActiveRecord: 3.6ms)
I, [2019-09-05T10:01:09.326222 #13430]  INFO -- : [4aa2f09a-bd31-4686-ada6-0e06b8cdb8ba] Started GET "/developments/2774" for 104.207.192.42 at 2019-09-05 10:01:09 -0400
I, [2019-09-05T10:01:09.326766 #13430]  INFO -- : [4aa2f09a-bd31-4686-ada6-0e06b8cdb8ba] Processing by DevelopmentsController#show as JSONAPI
I, [2019-09-05T10:01:09.326833 #13430]  INFO -- : [4aa2f09a-bd31-4686-ada6-0e06b8cdb8ba]   Parameters: {"id"=>"2774"}
I, [2019-09-05T10:01:09.332220 #13411]  INFO -- : [ad6f17e8-bc21-410f-a650-a80b308acaa0] Completed 200 OK in 13ms (Views: 0.2ms | ActiveRecord: 5.7ms)
I, [2019-09-05T10:01:09.334638 #6632]  INFO -- : [c14fdb85-4f14-4898-b3fc-cdd21453c9c4] Completed 200 OK in 14ms (Views: 0.2ms | ActiveRecord: 7.8ms)
I, [2019-09-05T10:01:09.335522 #13411]  INFO -- : [0c8022ff-bff9-45db-964f-22bf2913bfc6] Started GET "/developments/526" for 104.207.192.42 at 2019-09-05 10:01:09 -0400
I, [2019-09-05T10:01:09.336103 #13411]  INFO -- : [0c8022ff-bff9-45db-964f-22bf2913bfc6] Processing by DevelopmentsController#show as JSONAPI
I, [2019-09-05T10:01:09.336170 #13411]  INFO -- : [0c8022ff-bff9-45db-964f-22bf2913bfc6]   Parameters: {"id"=>"526"}
I, [2019-09-05T10:01:09.337314 #6632]  INFO -- : [2ab20bbd-2615-4e83-89bd-bce3c72eeafe] Started GET "/developments/3652" for 104.207.192.42 at 2019-09-05 10:01:09 -0400
I, [2019-09-05T10:01:09.337616 #13430]  INFO -- : [4aa2f09a-bd31-4686-ada6-0e06b8cdb8ba] Completed 200 OK in 11ms (Views: 0.2ms | ActiveRecord: 4.4ms)
I, [2019-09-05T10:01:09.337895 #6632]  INFO -- : [2ab20bbd-2615-4e83-89bd-bce3c72eeafe] Processing by DevelopmentsController#show as JSONAPI
I, [2019-09-05T10:01:09.337960 #6632]  INFO -- : [2ab20bbd-2615-4e83-89bd-bce3c72eeafe]   Parameters: {"id"=>"3652"}
I, [2019-09-05T10:01:09.338595 #13430]  INFO -- : [6854db27-63f1-449e-8496-768e0f34ccf5] Started GET "/developments/1973" for 104.207.192.42 at 2019-09-05 10:01:09 -0400
I, [2019-09-05T10:01:09.339129 #13430]  INFO -- : [6854db27-63f1-449e-8496-768e0f34ccf5] Processing by DevelopmentsController#show as JSONAPI
I, [2019-09-05T10:01:09.339195 #13430]  INFO -- : [6854db27-63f1-449e-8496-768e0f34ccf5]   Parameters: {"id"=>"1973"}
I, [2019-09-05T10:01:09.347790 #13411]  INFO -- : [0c8022ff-bff9-45db-964f-22bf2913bfc6] Completed 200 OK in 11ms (Views: 0.2ms | ActiveRecord: 3.8ms)
I, [2019-09-05T10:01:09.348762 #13411]  INFO -- : [d4c68218-6b96-4dbb-b8d2-7b6295fecb88] Started GET "/developments/2080" for 104.207.192.42 at 2019-09-05 10:01:09 -0400
I, [2019-09-05T10:01:09.350101 #13411]  INFO -- : [d4c68218-6b96-4dbb-b8d2-7b6295fecb88] Processing by DevelopmentsController#show as JSONAPI
I, [2019-09-05T10:01:09.350170 #13411]  INFO -- : [d4c68218-6b96-4dbb-b8d2-7b6295fecb88]   Parameters: {"id"=>"2080"}
I, [2019-09-05T10:01:09.351274 #13430]  INFO -- : [6854db27-63f1-449e-8496-768e0f34ccf5] Completed 200 OK in 12ms (Views: 0.2ms | ActiveRecord: 4.4ms)
I, [2019-09-05T10:01:09.352201 #13430]  INFO -- : [b06240c6-84fe-4f68-8853-604d7857f8d5] Started GET "/developments/4067" for 104.207.192.42 at 2019-09-05 10:01:09 -0400
I, [2019-09-05T10:01:09.354460 #6632]  INFO -- : [2ab20bbd-2615-4e83-89bd-bce3c72eeafe] Completed 200 OK in 16ms (Views: 0.2ms | ActiveRecord: 8.5ms)
I, [2019-09-05T10:01:09.355470 #13430]  INFO -- : [b06240c6-84fe-4f68-8853-604d7857f8d5] Processing by DevelopmentsController#show as JSONAPI
I, [2019-09-05T10:01:09.355539 #13430]  INFO -- : [b06240c6-84fe-4f68-8853-604d7857f8d5]   Parameters: {"id"=>"4067"}
I, [2019-09-05T10:01:09.356322 #6632]  INFO -- : [4bffa624-0064-4177-b7f1-6435795f38ff] Started GET "/developments/2153" for 104.207.192.42 at 2019-09-05 10:01:09 -0400
I, [2019-09-05T10:01:09.356967 #6632]  INFO -- : [4bffa624-0064-4177-b7f1-6435795f38ff] Processing by DevelopmentsController#show as JSONAPI
I, [2019-09-05T10:01:09.357032 #6632]  INFO -- : [4bffa624-0064-4177-b7f1-6435795f38ff]   Parameters: {"id"=>"2153"}
I, [2019-09-05T10:01:09.363603 #13411]  INFO -- : [d4c68218-6b96-4dbb-b8d2-7b6295fecb88] Completed 200 OK in 13ms (Views: 0.2ms | ActiveRecord: 5.4ms)
I, [2019-09-05T10:01:09.364796 #13411]  INFO -- : [20f82918-009a-4ca3-b0f5-ff5c4f2c556d] Started GET "/developments/3164" for 104.207.192.42 at 2019-09-05 10:01:09 -0400
I, [2019-09-05T10:01:09.365251 #13411]  INFO -- : [20f82918-009a-4ca3-b0f5-ff5c4f2c556d] Processing by DevelopmentsController#show as JSONAPI
I, [2019-09-05T10:01:09.365317 #13411]  INFO -- : [20f82918-009a-4ca3-b0f5-ff5c4f2c556d]   Parameters: {"id"=>"3164"}
I, [2019-09-05T10:01:09.367402 #6632]  INFO -- : [4bffa624-0064-4177-b7f1-6435795f38ff] Completed 200 OK in 10ms (Views: 0.2ms | ActiveRecord: 3.2ms)
I, [2019-09-05T10:01:09.368909 #6632]  INFO -- : [bdcab365-8fac-43c2-8ef1-382ed074b792] Started GET "/developments/2158" for 104.207.192.42 at 2019-09-05 10:01:09 -0400
I, [2019-09-05T10:01:09.369472 #6632]  INFO -- : [bdcab365-8fac-43c2-8ef1-382ed074b792] Processing by DevelopmentsController#show as JSONAPI
I, [2019-09-05T10:01:09.369538 #6632]  INFO -- : [bdcab365-8fac-43c2-8ef1-382ed074b792]   Parameters: {"id"=>"2158"}
I, [2019-09-05T10:01:09.369628 #13430]  INFO -- : [b06240c6-84fe-4f68-8853-604d7857f8d5] Completed 200 OK in 14ms (Views: 0.2ms | ActiveRecord: 5.9ms)
I, [2019-09-05T10:01:09.371285 #13430]  INFO -- : [1aff8114-a460-4978-8924-a7620c7bad99] Started GET "/developments/999" for 104.207.192.42 at 2019-09-05 10:01:09 -0400
I, [2019-09-05T10:01:09.371909 #13430]  INFO -- : [1aff8114-a460-4978-8924-a7620c7bad99] Processing by DevelopmentsController#show as JSONAPI
I, [2019-09-05T10:01:09.372065 #13430]  INFO -- : [1aff8114-a460-4978-8924-a7620c7bad99]   Parameters: {"id"=>"999"}
I, [2019-09-05T10:01:09.380424 #6632]  INFO -- : [bdcab365-8fac-43c2-8ef1-382ed074b792] Completed 200 OK in 11ms (Views: 0.2ms | ActiveRecord: 4.2ms)
I, [2019-09-05T10:01:09.381797 #6632]  INFO -- : [65395537-ecee-4396-9f31-5677b4a89209] Started GET "/developments/2754" for 104.207.192.42 at 2019-09-05 10:01:09 -0400
I, [2019-09-05T10:01:09.382466 #6632]  INFO -- : [65395537-ecee-4396-9f31-5677b4a89209] Processing by DevelopmentsController#show as JSONAPI
I, [2019-09-05T10:01:09.382556 #6632]  INFO -- : [65395537-ecee-4396-9f31-5677b4a89209]   Parameters: {"id"=>"2754"}
I, [2019-09-05T10:01:09.383241 #13411]  INFO -- : [20f82918-009a-4ca3-b0f5-ff5c4f2c556d] Completed 200 OK in 18ms (Views: 0.2ms | ActiveRecord: 9.6ms)
I, [2019-09-05T10:01:09.384348 #13411]  INFO -- : [2bc5eeea-30e9-4fa5-8bfe-7151876757dc] Started GET "/developments/4428" for 104.207.192.42 at 2019-09-05 10:01:09 -0400
I, [2019-09-05T10:01:09.384858 #13411]  INFO -- : [2bc5eeea-30e9-4fa5-8bfe-7151876757dc] Processing by DevelopmentsController#show as JSONAPI
I, [2019-09-05T10:01:09.384908 #13411]  INFO -- : [2bc5eeea-30e9-4fa5-8bfe-7151876757dc]   Parameters: {"id"=>"4428"}
I, [2019-09-05T10:01:09.387233 #13430]  INFO -- : [1aff8114-a460-4978-8924-a7620c7bad99] Completed 200 OK in 15ms (Views: 0.2ms | ActiveRecord: 6.6ms)
I, [2019-09-05T10:01:09.389229 #13430]  INFO -- : [4f40a482-b069-4d62-986a-f98066494708] Started GET "/developments/4773" for 104.207.192.42 at 2019-09-05 10:01:09 -0400
I, [2019-09-05T10:01:09.389889 #13430]  INFO -- : [4f40a482-b069-4d62-986a-f98066494708] Processing by DevelopmentsController#show as JSONAPI
I, [2019-09-05T10:01:09.389953 #13430]  INFO -- : [4f40a482-b069-4d62-986a-f98066494708]   Parameters: {"id"=>"4773"}
I, [2019-09-05T10:01:09.398416 #13411]  INFO -- : [2bc5eeea-30e9-4fa5-8bfe-7151876757dc] Completed 200 OK in 13ms (Views: 0.2ms | ActiveRecord: 4.9ms)
I, [2019-09-05T10:01:09.399182 #13411]  INFO -- : [a4376c1f-a50a-4c52-8967-a433e3164ed8] Started GET "/developments/2392" for 104.207.192.42 at 2019-09-05 10:01:09 -0400
I, [2019-09-05T10:01:09.399607 #6632]  INFO -- : [65395537-ecee-4396-9f31-5677b4a89209] Completed 200 OK in 17ms (Views: 0.2ms | ActiveRecord: 7.9ms)
I, [2019-09-05T10:01:09.399760 #13411]  INFO -- : [a4376c1f-a50a-4c52-8967-a433e3164ed8] Processing by DevelopmentsController#show as JSONAPI
I, [2019-09-05T10:01:09.399824 #13411]  INFO -- : [a4376c1f-a50a-4c52-8967-a433e3164ed8]   Parameters: {"id"=>"2392"}
I, [2019-09-05T10:01:09.401107 #6632]  INFO -- : [9a931efb-0747-4a81-8617-6ecae452d26e] Started GET "/developments/4387" for 104.207.192.42 at 2019-09-05 10:01:09 -0400
I, [2019-09-05T10:01:09.401737 #6632]  INFO -- : [9a931efb-0747-4a81-8617-6ecae452d26e] Processing by DevelopmentsController#show as JSONAPI
I, [2019-09-05T10:01:09.401806 #6632]  INFO -- : [9a931efb-0747-4a81-8617-6ecae452d26e]   Parameters: {"id"=>"4387"}
I, [2019-09-05T10:01:09.405380 #13430]  INFO -- : [4f40a482-b069-4d62-986a-f98066494708] Completed 200 OK in 15ms (Views: 0.2ms | ActiveRecord: 6.3ms)
I, [2019-09-05T10:01:09.406737 #13430]  INFO -- : [8343d117-6097-474a-84fc-ef6da679c57a] Started GET "/developments/3597" for 104.207.192.42 at 2019-09-05 10:01:09 -0400
I, [2019-09-05T10:01:09.407293 #13430]  INFO -- : [8343d117-6097-474a-84fc-ef6da679c57a] Processing by DevelopmentsController#show as JSONAPI
I, [2019-09-05T10:01:09.407361 #13430]  INFO -- : [8343d117-6097-474a-84fc-ef6da679c57a]   Parameters: {"id"=>"3597"}
I, [2019-09-05T10:01:09.413348 #6632]  INFO -- : [9a931efb-0747-4a81-8617-6ecae452d26e] Completed 200 OK in 11ms (Views: 0.2ms | ActiveRecord: 3.9ms)
I, [2019-09-05T10:01:09.414577 #6632]  INFO -- : [0fc95e43-b316-4e1e-b962-cbf0242e3565] Started GET "/developments/407" for 104.207.192.42 at 2019-09-05 10:01:09 -0400
I, [2019-09-05T10:01:09.415528 #6632]  INFO -- : [0fc95e43-b316-4e1e-b962-cbf0242e3565] Processing by DevelopmentsController#show as JSONAPI
I, [2019-09-05T10:01:09.415593 #6632]  INFO -- : [0fc95e43-b316-4e1e-b962-cbf0242e3565]   Parameters: {"id"=>"407"}
I, [2019-09-05T10:01:09.416038 #13411]  INFO -- : [a4376c1f-a50a-4c52-8967-a433e3164ed8] Completed 200 OK in 16ms (Views: 0.2ms | ActiveRecord: 5.7ms)
I, [2019-09-05T10:01:09.416863 #13411]  INFO -- : [2ba282d4-0a62-4070-9716-73c40d01e99f] Started GET "/developments/3018" for 104.207.192.42 at 2019-09-05 10:01:09 -0400
I, [2019-09-05T10:01:09.417421 #13411]  INFO -- : [2ba282d4-0a62-4070-9716-73c40d01e99f] Processing by DevelopmentsController#show as JSONAPI
I, [2019-09-05T10:01:09.417470 #13411]  INFO -- : [2ba282d4-0a62-4070-9716-73c40d01e99f]   Parameters: {"id"=>"3018"}
I, [2019-09-05T10:01:09.420443 #13430]  INFO -- : [8343d117-6097-474a-84fc-ef6da679c57a] Completed 200 OK in 13ms (Views: 0.5ms | ActiveRecord: 6.1ms)
I, [2019-09-05T10:01:09.421936 #13430]  INFO -- : [20df1d37-5786-4fb2-b2fb-28ba80984e57] Started GET "/developments/19" for 104.207.192.42 at 2019-09-05 10:01:09 -0400
I, [2019-09-05T10:01:09.422546 #13430]  INFO -- : [20df1d37-5786-4fb2-b2fb-28ba80984e57] Processing by DevelopmentsController#show as JSONAPI
I, [2019-09-05T10:01:09.422884 #13430]  INFO -- : [20df1d37-5786-4fb2-b2fb-28ba80984e57]   Parameters: {"id"=>"19"}
I, [2019-09-05T10:01:09.429348 #6632]  INFO -- : [0fc95e43-b316-4e1e-b962-cbf0242e3565] Completed 200 OK in 14ms (Views: 0.2ms | ActiveRecord: 5.3ms)
I, [2019-09-05T10:01:09.431059 #6632]  INFO -- : [be605a95-18fa-4ff3-a57c-30aa914d3336] Started GET "/developments/2680" for 104.207.192.42 at 2019-09-05 10:01:09 -0400
I, [2019-09-05T10:01:09.431682 #6632]  INFO -- : [be605a95-18fa-4ff3-a57c-30aa914d3336] Processing by DevelopmentsController#show as JSONAPI
I, [2019-09-05T10:01:09.431744 #6632]  INFO -- : [be605a95-18fa-4ff3-a57c-30aa914d3336]   Parameters: {"id"=>"2680"}
I, [2019-09-05T10:01:09.431839 #13411]  INFO -- : [2ba282d4-0a62-4070-9716-73c40d01e99f] Completed 200 OK in 14ms (Views: 0.2ms | ActiveRecord: 7.6ms)
I, [2019-09-05T10:01:09.433665 #13411]  INFO -- : [d1c37d87-db66-430a-b545-1c46c35bcb46] Started GET "/developments/4828" for 104.207.192.42 at 2019-09-05 10:01:09 -0400
I, [2019-09-05T10:01:09.434270 #13411]  INFO -- : [d1c37d87-db66-430a-b545-1c46c35bcb46] Processing by DevelopmentsController#show as JSONAPI
I, [2019-09-05T10:01:09.434336 #13411]  INFO -- : [d1c37d87-db66-430a-b545-1c46c35bcb46]   Parameters: {"id"=>"4828"}
I, [2019-09-05T10:01:09.436012 #13430]  INFO -- : [20df1d37-5786-4fb2-b2fb-28ba80984e57] Completed 200 OK in 13ms (Views: 0.2ms | ActiveRecord: 7.2ms)
I, [2019-09-05T10:01:09.437316 #13430]  INFO -- : [6172ab4b-e0d8-4559-b60b-2b6621028b84] Started GET "/developments/3651" for 104.207.192.42 at 2019-09-05 10:01:09 -0400
I, [2019-09-05T10:01:09.437856 #13430]  INFO -- : [6172ab4b-e0d8-4559-b60b-2b6621028b84] Processing by DevelopmentsController#show as JSONAPI
I, [2019-09-05T10:01:09.437923 #13430]  INFO -- : [6172ab4b-e0d8-4559-b60b-2b6621028b84]   Parameters: {"id"=>"3651"}
I, [2019-09-05T10:01:09.443891 #6632]  INFO -- : [be605a95-18fa-4ff3-a57c-30aa914d3336] Completed 200 OK in 12ms (Views: 0.2ms | ActiveRecord: 4.6ms)
I, [2019-09-05T10:01:09.445208 #6632]  INFO -- : [db284e11-9f41-4c0b-b986-bbfe2320426b] Started GET "/developments/474" for 104.207.192.42 at 2019-09-05 10:01:09 -0400
I, [2019-09-05T10:01:09.446026 #6632]  INFO -- : [db284e11-9f41-4c0b-b986-bbfe2320426b] Processing by DevelopmentsController#show as JSONAPI
I, [2019-09-05T10:01:09.446093 #6632]  INFO -- : [db284e11-9f41-4c0b-b986-bbfe2320426b]   Parameters: {"id"=>"474"}
I, [2019-09-05T10:01:09.446797 #13411]  INFO -- : [d1c37d87-db66-430a-b545-1c46c35bcb46] Completed 200 OK in 12ms (Views: 0.1ms | ActiveRecord: 5.2ms)
I, [2019-09-05T10:01:09.448652 #13411]  INFO -- : [1331aa4c-a08f-44ba-91f1-fe56dd9f595d] Started GET "/developments/2019" for 104.207.192.42 at 2019-09-05 10:01:09 -0400
I, [2019-09-05T10:01:09.451010 #13430]  INFO -- : [6172ab4b-e0d8-4559-b60b-2b6621028b84] Completed 200 OK in 13ms (Views: 0.2ms | ActiveRecord: 6.4ms)
I, [2019-09-05T10:01:09.451879 #13411]  INFO -- : [1331aa4c-a08f-44ba-91f1-fe56dd9f595d] Processing by DevelopmentsController#show as JSONAPI
I, [2019-09-05T10:01:09.451968 #13411]  INFO -- : [1331aa4c-a08f-44ba-91f1-fe56dd9f595d]   Parameters: {"id"=>"2019"}
I, [2019-09-05T10:01:09.452605 #13430]  INFO -- : [f1e55bd3-c5bc-4401-8b76-19f223b498f2] Started GET "/developments/2376" for 104.207.192.42 at 2019-09-05 10:01:09 -0400
I, [2019-09-05T10:01:09.453088 #13430]  INFO -- : [f1e55bd3-c5bc-4401-8b76-19f223b498f2] Processing by DevelopmentsController#show as JSONAPI
I, [2019-09-05T10:01:09.453156 #13430]  INFO -- : [f1e55bd3-c5bc-4401-8b76-19f223b498f2]   Parameters: {"id"=>"2376"}
I, [2019-09-05T10:01:09.458746 #6632]  INFO -- : [db284e11-9f41-4c0b-b986-bbfe2320426b] Completed 200 OK in 13ms (Views: 0.1ms | ActiveRecord: 5.8ms)
I, [2019-09-05T10:01:09.459516 #6632]  INFO -- : [8b32b5bb-2878-4483-b91e-38e731e2b3fa] Started GET "/developments/589" for 104.207.192.42 at 2019-09-05 10:01:09 -0400
I, [2019-09-05T10:01:09.459898 #6632]  INFO -- : [8b32b5bb-2878-4483-b91e-38e731e2b3fa] Processing by DevelopmentsController#show as JSONAPI
I, [2019-09-05T10:01:09.459973 #6632]  INFO -- : [8b32b5bb-2878-4483-b91e-38e731e2b3fa]   Parameters: {"id"=>"589"}
I, [2019-09-05T10:01:09.466136 #13411]  INFO -- : [1331aa4c-a08f-44ba-91f1-fe56dd9f595d] Completed 200 OK in 14ms (Views: 0.2ms | ActiveRecord: 7.7ms)
I, [2019-09-05T10:01:09.467241 #13411]  INFO -- : [3c94cfca-75d7-4d4b-80cd-a5f6e008b092] Started GET "/developments/2926" for 104.207.192.42 at 2019-09-05 10:01:09 -0400
I, [2019-09-05T10:01:09.467795 #13411]  INFO -- : [3c94cfca-75d7-4d4b-80cd-a5f6e008b092] Processing by DevelopmentsController#show as JSONAPI
I, [2019-09-05T10:01:09.467859 #13411]  INFO -- : [3c94cfca-75d7-4d4b-80cd-a5f6e008b092]   Parameters: {"id"=>"2926"}
I, [2019-09-05T10:01:09.468619 #13430]  INFO -- : [f1e55bd3-c5bc-4401-8b76-19f223b498f2] Completed 200 OK in 15ms (Views: 0.1ms | ActiveRecord: 9.0ms)
I, [2019-09-05T10:01:09.469491 #13430]  INFO -- : [a580568a-d657-42f9-bbad-d6e4589e254b] Started GET "/developments/590" for 104.207.192.42 at 2019-09-05 10:01:09 -0400
I, [2019-09-05T10:01:09.470020 #13430]  INFO -- : [a580568a-d657-42f9-bbad-d6e4589e254b] Processing by DevelopmentsController#show as JSONAPI
I, [2019-09-05T10:01:09.470113 #13430]  INFO -- : [a580568a-d657-42f9-bbad-d6e4589e254b]   Parameters: {"id"=>"590"}
I, [2019-09-05T10:01:09.474123 #6632]  INFO -- : [8b32b5bb-2878-4483-b91e-38e731e2b3fa] Completed 200 OK in 14ms (Views: 0.2ms | ActiveRecord: 7.4ms)
I, [2019-09-05T10:01:09.475788 #6632]  INFO -- : [ac9d28ff-2045-40a2-ac6b-964810d616d1] Started GET "/developments/1152" for 104.207.192.42 at 2019-09-05 10:01:09 -0400
I, [2019-09-05T10:01:09.476222 #6632]  INFO -- : [ac9d28ff-2045-40a2-ac6b-964810d616d1] Processing by DevelopmentsController#show as JSONAPI
I, [2019-09-05T10:01:09.476339 #6632]  INFO -- : [ac9d28ff-2045-40a2-ac6b-964810d616d1]   Parameters: {"id"=>"1152"}
I, [2019-09-05T10:01:09.482079 #13411]  INFO -- : [3c94cfca-75d7-4d4b-80cd-a5f6e008b092] Completed 200 OK in 14ms (Views: 0.1ms | ActiveRecord: 4.9ms)
I, [2019-09-05T10:01:09.483457 #13430]  INFO -- : [a580568a-d657-42f9-bbad-d6e4589e254b] Completed 200 OK in 13ms (Views: 0.2ms | ActiveRecord: 4.2ms)
I, [2019-09-05T10:01:09.484270 #13411]  INFO -- : [807cdc5d-a780-4adc-8261-48535eaca3df] Started GET "/developments/555" for 104.207.192.42 at 2019-09-05 10:01:09 -0400
I, [2019-09-05T10:01:09.484829 #13411]  INFO -- : [807cdc5d-a780-4adc-8261-48535eaca3df] Processing by DevelopmentsController#show as JSONAPI
I, [2019-09-05T10:01:09.484893 #13411]  INFO -- : [807cdc5d-a780-4adc-8261-48535eaca3df]   Parameters: {"id"=>"555"}
I, [2019-09-05T10:01:09.485907 #13430]  INFO -- : [e51664aa-c475-4cd3-a588-965188fe0c23] Started GET "/developments/2645" for 104.207.192.42 at 2019-09-05 10:01:09 -0400
I, [2019-09-05T10:01:09.486486 #13430]  INFO -- : [e51664aa-c475-4cd3-a588-965188fe0c23] Processing by DevelopmentsController#show as JSONAPI
I, [2019-09-05T10:01:09.486552 #13430]  INFO -- : [e51664aa-c475-4cd3-a588-965188fe0c23]   Parameters: {"id"=>"2645"}
I, [2019-09-05T10:01:09.486752 #6632]  INFO -- : [ac9d28ff-2045-40a2-ac6b-964810d616d1] Completed 200 OK in 10ms (Views: 0.2ms | ActiveRecord: 3.5ms)
I, [2019-09-05T10:01:09.488214 #6632]  INFO -- : [28005cea-57c0-43a8-9c15-93ed7938998a] Started GET "/developments/1586" for 104.207.192.42 at 2019-09-05 10:01:09 -0400
I, [2019-09-05T10:01:09.488786 #6632]  INFO -- : [28005cea-57c0-43a8-9c15-93ed7938998a] Processing by DevelopmentsController#show as JSONAPI
I, [2019-09-05T10:01:09.488850 #6632]  INFO -- : [28005cea-57c0-43a8-9c15-93ed7938998a]   Parameters: {"id"=>"1586"}
I, [2019-09-05T10:01:09.496788 #13411]  INFO -- : [807cdc5d-a780-4adc-8261-48535eaca3df] Completed 200 OK in 12ms (Views: 0.2ms | ActiveRecord: 5.2ms)
I, [2019-09-05T10:01:09.498743 #13411]  INFO -- : [3b088d78-5a68-4354-b8d8-cbc5299db046] Started GET "/developments/4060" for 104.207.192.42 at 2019-09-05 10:01:09 -0400
I, [2019-09-05T10:01:09.499357 #13411]  INFO -- : [3b088d78-5a68-4354-b8d8-cbc5299db046] Processing by DevelopmentsController#show as JSONAPI
I, [2019-09-05T10:01:09.499385 #13430]  INFO -- : [e51664aa-c475-4cd3-a588-965188fe0c23] Completed 200 OK in 13ms (Views: 0.2ms | ActiveRecord: 5.0ms)
I, [2019-09-05T10:01:09.499422 #13411]  INFO -- : [3b088d78-5a68-4354-b8d8-cbc5299db046]   Parameters: {"id"=>"4060"}
I, [2019-09-05T10:01:09.501002 #13430]  INFO -- : [c14e7bd2-2503-4696-8474-c16b860bae8a] Started GET "/developments/2302" for 104.207.192.42 at 2019-09-05 10:01:09 -0400
I, [2019-09-05T10:01:09.501577 #13430]  INFO -- : [c14e7bd2-2503-4696-8474-c16b860bae8a] Processing by DevelopmentsController#show as JSONAPI
I, [2019-09-05T10:01:09.501644 #13430]  INFO -- : [c14e7bd2-2503-4696-8474-c16b860bae8a]   Parameters: {"id"=>"2302"}
I, [2019-09-05T10:01:09.502378 #6632]  INFO -- : [28005cea-57c0-43a8-9c15-93ed7938998a] Completed 200 OK in 13ms (Views: 0.1ms | ActiveRecord: 6.4ms)
I, [2019-09-05T10:01:09.504322 #6632]  INFO -- : [df5c304d-6902-4175-9dac-49efc30a93d4] Started GET "/developments/4888" for 104.207.192.42 at 2019-09-05 10:01:09 -0400
I, [2019-09-05T10:01:09.504710 #6632]  INFO -- : [df5c304d-6902-4175-9dac-49efc30a93d4] Processing by DevelopmentsController#show as JSONAPI
I, [2019-09-05T10:01:09.504755 #6632]  INFO -- : [df5c304d-6902-4175-9dac-49efc30a93d4]   Parameters: {"id"=>"4888"}
I, [2019-09-05T10:01:09.513392 #13411]  INFO -- : [3b088d78-5a68-4354-b8d8-cbc5299db046] Completed 200 OK in 14ms (Views: 0.2ms | ActiveRecord: 7.1ms)
I, [2019-09-05T10:01:09.513614 #13430]  INFO -- : [c14e7bd2-2503-4696-8474-c16b860bae8a] Completed 200 OK in 12ms (Views: 0.2ms | ActiveRecord: 5.5ms)
I, [2019-09-05T10:01:09.514927 #13411]  INFO -- : [8707ad20-c06b-4afa-a427-b892cca19caa] Started GET "/developments/4592" for 104.207.192.42 at 2019-09-05 10:01:09 -0400
I, [2019-09-05T10:01:09.515561 #13430]  INFO -- : [77c66112-3113-4afc-b5d9-37ad5c1dc6db] Started GET "/developments/498" for 104.207.192.42 at 2019-09-05 10:01:09 -0400
I, [2019-09-05T10:01:09.515760 #13411]  INFO -- : [8707ad20-c06b-4afa-a427-b892cca19caa] Processing by DevelopmentsController#show as JSONAPI
I, [2019-09-05T10:01:09.515825 #13411]  INFO -- : [8707ad20-c06b-4afa-a427-b892cca19caa]   Parameters: {"id"=>"4592"}
I, [2019-09-05T10:01:09.517948 #6632]  INFO -- : [df5c304d-6902-4175-9dac-49efc30a93d4] Completed 200 OK in 13ms (Views: 0.2ms | ActiveRecord: 6.2ms)
I, [2019-09-05T10:01:09.518741 #13430]  INFO -- : [77c66112-3113-4afc-b5d9-37ad5c1dc6db] Processing by DevelopmentsController#show as JSONAPI
I, [2019-09-05T10:01:09.518808 #13430]  INFO -- : [77c66112-3113-4afc-b5d9-37ad5c1dc6db]   Parameters: {"id"=>"498"}
I, [2019-09-05T10:01:09.519465 #6632]  INFO -- : [e82fc604-8197-4725-adb8-b6212c8991e2] Started GET "/developments/2555" for 104.207.192.42 at 2019-09-05 10:01:09 -0400
I, [2019-09-05T10:01:09.520519 #6632]  INFO -- : [e82fc604-8197-4725-adb8-b6212c8991e2] Processing by DevelopmentsController#show as JSONAPI
I, [2019-09-05T10:01:09.520587 #6632]  INFO -- : [e82fc604-8197-4725-adb8-b6212c8991e2]   Parameters: {"id"=>"2555"}
I, [2019-09-05T10:01:09.527150 #13411]  INFO -- : [8707ad20-c06b-4afa-a427-b892cca19caa] Completed 200 OK in 11ms (Views: 0.1ms | ActiveRecord: 4.4ms)
I, [2019-09-05T10:01:09.528544 #13411]  INFO -- : [b98c5ea5-ba6f-4ee8-b9f7-27fcc3e84841] Started GET "/developments/3490" for 104.207.192.42 at 2019-09-05 10:01:09 -0400
I, [2019-09-05T10:01:09.529131 #13411]  INFO -- : [b98c5ea5-ba6f-4ee8-b9f7-27fcc3e84841] Processing by DevelopmentsController#show as JSONAPI
I, [2019-09-05T10:01:09.529198 #13411]  INFO -- : [b98c5ea5-ba6f-4ee8-b9f7-27fcc3e84841]   Parameters: {"id"=>"3490"}
I, [2019-09-05T10:01:09.529996 #13430]  INFO -- : [77c66112-3113-4afc-b5d9-37ad5c1dc6db] Completed 200 OK in 11ms (Views: 0.2ms | ActiveRecord: 4.4ms)
I, [2019-09-05T10:01:09.531477 #13430]  INFO -- : [63ccb8aa-c1a0-4a62-bdc9-06f052a9c9dd] Started GET "/developments/284" for 104.207.192.42 at 2019-09-05 10:01:09 -0400
I, [2019-09-05T10:01:09.532331 #13430]  INFO -- : [63ccb8aa-c1a0-4a62-bdc9-06f052a9c9dd] Processing by DevelopmentsController#show as JSONAPI
I, [2019-09-05T10:01:09.532400 #13430]  INFO -- : [63ccb8aa-c1a0-4a62-bdc9-06f052a9c9dd]   Parameters: {"id"=>"284"}
I, [2019-09-05T10:01:09.533601 #6632]  INFO -- : [e82fc604-8197-4725-adb8-b6212c8991e2] Completed 200 OK in 13ms (Views: 0.2ms | ActiveRecord: 5.6ms)
I, [2019-09-05T10:01:09.535534 #6632]  INFO -- : [043d25fe-c38f-441d-bf4f-5ab9d34bd108] Started GET "/developments/1381" for 104.207.192.42 at 2019-09-05 10:01:09 -0400
I, [2019-09-05T10:01:09.536140 #6632]  INFO -- : [043d25fe-c38f-441d-bf4f-5ab9d34bd108] Processing by DevelopmentsController#show as JSONAPI
I, [2019-09-05T10:01:09.536207 #6632]  INFO -- : [043d25fe-c38f-441d-bf4f-5ab9d34bd108]   Parameters: {"id"=>"1381"}
I, [2019-09-05T10:01:09.543021 #13411]  INFO -- : [b98c5ea5-ba6f-4ee8-b9f7-27fcc3e84841] Completed 200 OK in 14ms (Views: 0.2ms | ActiveRecord: 6.2ms)
I, [2019-09-05T10:01:09.544156 #13411]  INFO -- : [f1643c42-c5ab-4670-b85c-168c966072d5] Started GET "/developments/2859" for 104.207.192.42 at 2019-09-05 10:01:09 -0400
I, [2019-09-05T10:01:09.544717 #13411]  INFO -- : [f1643c42-c5ab-4670-b85c-168c966072d5] Processing by DevelopmentsController#show as JSONAPI
I, [2019-09-05T10:01:09.544780 #13411]  INFO -- : [f1643c42-c5ab-4670-b85c-168c966072d5]   Parameters: {"id"=>"2859"}
I, [2019-09-05T10:01:09.546942 #13430]  INFO -- : [63ccb8aa-c1a0-4a62-bdc9-06f052a9c9dd] Completed 200 OK in 14ms (Views: 0.2ms | ActiveRecord: 6.6ms)
I, [2019-09-05T10:01:09.549969 #13430]  INFO -- : [d7a9ea12-02ad-4ae1-9fa8-c75d31a64c89] Started GET "/developments/2073" for 104.207.192.42 at 2019-09-05 10:01:09 -0400
I, [2019-09-05T10:01:09.550567 #13430]  INFO -- : [d7a9ea12-02ad-4ae1-9fa8-c75d31a64c89] Processing by DevelopmentsController#show as JSONAPI
I, [2019-09-05T10:01:09.550633 #13430]  INFO -- : [d7a9ea12-02ad-4ae1-9fa8-c75d31a64c89]   Parameters: {"id"=>"2073"}
I, [2019-09-05T10:01:09.551826 #6632]  INFO -- : [043d25fe-c38f-441d-bf4f-5ab9d34bd108] Completed 200 OK in 15ms (Views: 0.3ms | ActiveRecord: 5.8ms)
I, [2019-09-05T10:01:09.552981 #6632]  INFO -- : [a221db69-7300-4198-a3d7-c7d84bc5688b] Started GET "/developments/2253" for 104.207.192.42 at 2019-09-05 10:01:09 -0400
I, [2019-09-05T10:01:09.553659 #6632]  INFO -- : [a221db69-7300-4198-a3d7-c7d84bc5688b] Processing by DevelopmentsController#show as JSONAPI
I, [2019-09-05T10:01:09.553724 #6632]  INFO -- : [a221db69-7300-4198-a3d7-c7d84bc5688b]   Parameters: {"id"=>"2253"}
I, [2019-09-05T10:01:09.557159 #13411]  INFO -- : [f1643c42-c5ab-4670-b85c-168c966072d5] Completed 200 OK in 12ms (Views: 0.2ms | ActiveRecord: 5.3ms)
I, [2019-09-05T10:01:09.558773 #13411]  INFO -- : [b50ac131-f945-417c-a6aa-5017cc307a14] Started GET "/developments/4583" for 104.207.192.42 at 2019-09-05 10:01:09 -0400
I, [2019-09-05T10:01:09.559693 #13411]  INFO -- : [b50ac131-f945-417c-a6aa-5017cc307a14] Processing by DevelopmentsController#show as JSONAPI
I, [2019-09-05T10:01:09.559758 #13411]  INFO -- : [b50ac131-f945-417c-a6aa-5017cc307a14]   Parameters: {"id"=>"4583"}
I, [2019-09-05T10:01:09.563866 #13430]  INFO -- : [d7a9ea12-02ad-4ae1-9fa8-c75d31a64c89] Completed 200 OK in 13ms (Views: 0.3ms | ActiveRecord: 5.4ms)
I, [2019-09-05T10:01:09.565973 #13430]  INFO -- : [9d09cdb6-9eed-4b47-a909-f1aa6480cf11] Started GET "/developments/4591" for 104.207.192.42 at 2019-09-05 10:01:09 -0400
I, [2019-09-05T10:01:09.566716 #13430]  INFO -- : [9d09cdb6-9eed-4b47-a909-f1aa6480cf11] Processing by DevelopmentsController#show as JSONAPI
I, [2019-09-05T10:01:09.566780 #13430]  INFO -- : [9d09cdb6-9eed-4b47-a909-f1aa6480cf11]   Parameters: {"id"=>"4591"}
I, [2019-09-05T10:01:09.569359 #6632]  INFO -- : [a221db69-7300-4198-a3d7-c7d84bc5688b] Completed 200 OK in 16ms (Views: 0.2ms | ActiveRecord: 6.1ms)
I, [2019-09-05T10:01:09.570672 #6632]  INFO -- : [0b2e8b2a-fb64-4b3b-8e80-509d3e4ec4d1] Started GET "/developments/4582" for 104.207.192.42 at 2019-09-05 10:01:09 -0400
I, [2019-09-05T10:01:09.571427 #6632]  INFO -- : [0b2e8b2a-fb64-4b3b-8e80-509d3e4ec4d1] Processing by DevelopmentsController#show as JSONAPI
I, [2019-09-05T10:01:09.571491 #6632]  INFO -- : [0b2e8b2a-fb64-4b3b-8e80-509d3e4ec4d1]   Parameters: {"id"=>"4582"}
I, [2019-09-05T10:01:09.572225 #13411]  INFO -- : [b50ac131-f945-417c-a6aa-5017cc307a14] Completed 200 OK in 12ms (Views: 0.4ms | ActiveRecord: 4.0ms)
I, [2019-09-05T10:01:09.573495 #13411]  INFO -- : [5c4591bd-ce37-4ecb-9727-0428370a1a9a] Started GET "/developments/4282" for 104.207.192.42 at 2019-09-05 10:01:09 -0400
I, [2019-09-05T10:01:09.574147 #13411]  INFO -- : [5c4591bd-ce37-4ecb-9727-0428370a1a9a] Processing by DevelopmentsController#show as JSONAPI
I, [2019-09-05T10:01:09.574244 #13411]  INFO -- : [5c4591bd-ce37-4ecb-9727-0428370a1a9a]   Parameters: {"id"=>"4282"}
I, [2019-09-05T10:01:09.581421 #13430]  INFO -- : [9d09cdb6-9eed-4b47-a909-f1aa6480cf11] Completed 200 OK in 15ms (Views: 0.2ms | ActiveRecord: 6.9ms)
I, [2019-09-05T10:01:09.583324 #13430]  INFO -- : [868ac242-16cd-4864-9214-35d105c2503c] Started GET "/developments/1953" for 104.207.192.42 at 2019-09-05 10:01:09 -0400
I, [2019-09-05T10:01:09.583892 #13430]  INFO -- : [868ac242-16cd-4864-9214-35d105c2503c] Processing by DevelopmentsController#show as JSONAPI
I, [2019-09-05T10:01:09.585357 #13430]  INFO -- : [868ac242-16cd-4864-9214-35d105c2503c]   Parameters: {"id"=>"1953"}
I, [2019-09-05T10:01:09.586448 #6632]  INFO -- : [0b2e8b2a-fb64-4b3b-8e80-509d3e4ec4d1] Completed 200 OK in 15ms (Views: 0.2ms | ActiveRecord: 6.8ms)
I, [2019-09-05T10:01:09.586872 #13411]  INFO -- : [5c4591bd-ce37-4ecb-9727-0428370a1a9a] Completed 200 OK in 13ms (Views: 0.3ms | ActiveRecord: 4.6ms)
I, [2019-09-05T10:01:09.588496 #6632]  INFO -- : [dc5f184d-214b-44ca-826e-3f1c26fe9a8f] Started GET "/developments/4782" for 104.207.192.42 at 2019-09-05 10:01:09 -0400
I, [2019-09-05T10:01:09.587885 #13411]  INFO -- : [11bd581f-502a-4262-b639-28de22c6acd7] Started GET "/developments/4456" for 104.207.192.42 at 2019-09-05 10:01:09 -0400
I, [2019-09-05T10:01:09.589129 #6632]  INFO -- : [dc5f184d-214b-44ca-826e-3f1c26fe9a8f] Processing by DevelopmentsController#show as JSONAPI
I, [2019-09-05T10:01:09.589195 #6632]  INFO -- : [dc5f184d-214b-44ca-826e-3f1c26fe9a8f]   Parameters: {"id"=>"4782"}
I, [2019-09-05T10:01:09.589678 #13411]  INFO -- : [11bd581f-502a-4262-b639-28de22c6acd7] Processing by DevelopmentsController#show as JSONAPI
I, [2019-09-05T10:01:09.589729 #13411]  INFO -- : [11bd581f-502a-4262-b639-28de22c6acd7]   Parameters: {"id"=>"4456"}
I, [2019-09-05T10:01:09.597876 #13430]  INFO -- : [868ac242-16cd-4864-9214-35d105c2503c] Completed 200 OK in 12ms (Views: 0.2ms | ActiveRecord: 4.6ms)
I, [2019-09-05T10:01:09.598963 #13430]  INFO -- : [ceafea98-e353-43e4-9d01-3b4da6fd52f1] Started GET "/developments/1490" for 104.207.192.42 at 2019-09-05 10:01:09 -0400
I, [2019-09-05T10:01:09.599562 #13430]  INFO -- : [ceafea98-e353-43e4-9d01-3b4da6fd52f1] Processing by DevelopmentsController#show as JSONAPI
I, [2019-09-05T10:01:09.599658 #13430]  INFO -- : [ceafea98-e353-43e4-9d01-3b4da6fd52f1]   Parameters: {"id"=>"1490"}
I, [2019-09-05T10:01:09.601203 #6632]  INFO -- : [dc5f184d-214b-44ca-826e-3f1c26fe9a8f] Completed 200 OK in 12ms (Views: 0.3ms | ActiveRecord: 5.3ms)
I, [2019-09-05T10:01:09.602947 #6632]  INFO -- : [f0b36104-56fb-433f-a03c-3a3ac831c42c] Started GET "/developments/4824" for 104.207.192.42 at 2019-09-05 10:01:09 -0400
I, [2019-09-05T10:01:09.605140 #13411]  INFO -- : [11bd581f-502a-4262-b639-28de22c6acd7] Completed 200 OK in 15ms (Views: 0.1ms | ActiveRecord: 8.1ms)
I, [2019-09-05T10:01:09.605964 #6632]  INFO -- : [f0b36104-56fb-433f-a03c-3a3ac831c42c] Processing by DevelopmentsController#show as JSONAPI
I, [2019-09-05T10:01:09.606034 #6632]  INFO -- : [f0b36104-56fb-433f-a03c-3a3ac831c42c]   Parameters: {"id"=>"4824"}
I, [2019-09-05T10:01:09.606867 #13411]  INFO -- : [7a0d6a17-148d-4a97-8cf0-7bcb545a9ab0] Started GET "/developments/3975" for 104.207.192.42 at 2019-09-05 10:01:09 -0400
I, [2019-09-05T10:01:09.608768 #13411]  INFO -- : [7a0d6a17-148d-4a97-8cf0-7bcb545a9ab0] Processing by DevelopmentsController#show as JSONAPI
I, [2019-09-05T10:01:09.608835 #13411]  INFO -- : [7a0d6a17-148d-4a97-8cf0-7bcb545a9ab0]   Parameters: {"id"=>"3975"}
I, [2019-09-05T10:01:09.610185 #13430]  INFO -- : [ceafea98-e353-43e4-9d01-3b4da6fd52f1] Completed 200 OK in 10ms (Views: 0.2ms | ActiveRecord: 3.3ms)
I, [2019-09-05T10:01:09.611476 #13430]  INFO -- : [7e25832c-d1d6-472f-9e41-70a4bc2840a4] Started GET "/developments/3712" for 104.207.192.42 at 2019-09-05 10:01:09 -0400
I, [2019-09-05T10:01:09.612065 #13430]  INFO -- : [7e25832c-d1d6-472f-9e41-70a4bc2840a4] Processing by DevelopmentsController#show as JSONAPI
I, [2019-09-05T10:01:09.612131 #13430]  INFO -- : [7e25832c-d1d6-472f-9e41-70a4bc2840a4]   Parameters: {"id"=>"3712"}
I, [2019-09-05T10:01:09.618465 #6632]  INFO -- : [f0b36104-56fb-433f-a03c-3a3ac831c42c] Completed 200 OK in 12ms (Views: 0.2ms | ActiveRecord: 5.5ms)
I, [2019-09-05T10:01:09.619808 #6632]  INFO -- : [cee2e8d5-081b-4206-ae04-bfbd12a105d8] Started GET "/developments/3769" for 104.207.192.42 at 2019-09-05 10:01:09 -0400
I, [2019-09-05T10:01:09.620607 #6632]  INFO -- : [cee2e8d5-081b-4206-ae04-bfbd12a105d8] Processing by DevelopmentsController#show as JSONAPI
I, [2019-09-05T10:01:09.620674 #6632]  INFO -- : [cee2e8d5-081b-4206-ae04-bfbd12a105d8]   Parameters: {"id"=>"3769"}
