I, [2019-09-09T15:00:28.954798 #8114]  INFO -- : [9fff935b-eb2c-40c2-8350-c2865703c1d2] Started GET "/developments/4349" for 104.207.192.42 at 2019-09-09 15:00:28 -0400
I, [2019-09-09T15:00:28.955450 #8114]  INFO -- : [9fff935b-eb2c-40c2-8350-c2865703c1d2] Processing by DevelopmentsController#show as JSONAPI
I, [2019-09-09T15:00:28.955500 #8114]  INFO -- : [9fff935b-eb2c-40c2-8350-c2865703c1d2]   Parameters: {"id"=>"4349"}
I, [2019-09-09T15:00:28.963048 #17065]  INFO -- : [765319c5-b019-4e0a-a848-7d21816515c0] Completed 200 OK in 10ms (Views: 0.2ms | ActiveRecord: 3.4ms)
I, [2019-09-09T15:00:28.964156 #17065]  INFO -- : [85b67709-7bc5-4ed1-ab81-3c58bd6f777e] Started GET "/developments/1898" for 104.207.192.42 at 2019-09-09 15:00:28 -0400
I, [2019-09-09T15:00:28.964824 #17065]  INFO -- : [85b67709-7bc5-4ed1-ab81-3c58bd6f777e] Processing by DevelopmentsController#show as JSONAPI
I, [2019-09-09T15:00:28.964905 #17065]  INFO -- : [85b67709-7bc5-4ed1-ab81-3c58bd6f777e]   Parameters: {"id"=>"1898"}
I, [2019-09-09T15:00:28.966104 #8114]  INFO -- : [9fff935b-eb2c-40c2-8350-c2865703c1d2] Completed 200 OK in 11ms (Views: 0.2ms | ActiveRecord: 3.8ms)
I, [2019-09-09T15:00:28.967460 #8114]  INFO -- : [cc4d6ea4-16fb-40a7-8314-f5a65b4ebb44] Started GET "/developments/1898" for 104.207.192.42 at 2019-09-09 15:00:28 -0400
I, [2019-09-09T15:00:28.968346 #8114]  INFO -- : [cc4d6ea4-16fb-40a7-8314-f5a65b4ebb44] Processing by DevelopmentsController#show as JSONAPI
I, [2019-09-09T15:00:28.968414 #8114]  INFO -- : [cc4d6ea4-16fb-40a7-8314-f5a65b4ebb44]   Parameters: {"id"=>"1898"}
I, [2019-09-09T15:00:28.975181 #17065]  INFO -- : [85b67709-7bc5-4ed1-ab81-3c58bd6f777e] Completed 200 OK in 10ms (Views: 0.2ms | ActiveRecord: 3.5ms)
I, [2019-09-09T15:00:28.976312 #17065]  INFO -- : [b285a577-f115-4917-912c-72bfd50149a5] Started GET "/developments/4782" for 104.207.192.42 at 2019-09-09 15:00:28 -0400
I, [2019-09-09T15:00:28.977076 #17065]  INFO -- : [b285a577-f115-4917-912c-72bfd50149a5] Processing by DevelopmentsController#show as JSONAPI
I, [2019-09-09T15:00:28.977142 #17065]  INFO -- : [b285a577-f115-4917-912c-72bfd50149a5]   Parameters: {"id"=>"4782"}
I, [2019-09-09T15:00:28.978003 #8114]  INFO -- : [cc4d6ea4-16fb-40a7-8314-f5a65b4ebb44] Completed 200 OK in 9ms (Views: 0.2ms | ActiveRecord: 3.2ms)
I, [2019-09-09T15:00:28.978986 #8114]  INFO -- : [e7765a25-1e0e-428d-a639-9f010bcb4e66] Started GET "/developments/4475" for 104.207.192.42 at 2019-09-09 15:00:28 -0400
I, [2019-09-09T15:00:28.979408 #8114]  INFO -- : [e7765a25-1e0e-428d-a639-9f010bcb4e66] Processing by DevelopmentsController#show as JSONAPI
I, [2019-09-09T15:00:28.979454 #8114]  INFO -- : [e7765a25-1e0e-428d-a639-9f010bcb4e66]   Parameters: {"id"=>"4475"}
I, [2019-09-09T15:00:28.987834 #17065]  INFO -- : [b285a577-f115-4917-912c-72bfd50149a5] Completed 200 OK in 11ms (Views: 0.2ms | ActiveRecord: 4.0ms)
I, [2019-09-09T15:00:28.988647 #17065]  INFO -- : [563a3009-d454-4ce0-a66e-baae4e066042] Started GET "/developments/4778" for 104.207.192.42 at 2019-09-09 15:00:28 -0400
I, [2019-09-09T15:00:28.989205 #17065]  INFO -- : [563a3009-d454-4ce0-a66e-baae4e066042] Processing by DevelopmentsController#show as JSONAPI
I, [2019-09-09T15:00:28.989271 #17065]  INFO -- : [563a3009-d454-4ce0-a66e-baae4e066042]   Parameters: {"id"=>"4778"}
I, [2019-09-09T15:00:28.989960 #8114]  INFO -- : [e7765a25-1e0e-428d-a639-9f010bcb4e66] Completed 200 OK in 10ms (Views: 0.1ms | ActiveRecord: 3.8ms)
I, [2019-09-09T15:00:28.991026 #8114]  INFO -- : [5647415f-d1d9-427f-8e8c-3a88e7bc61a2] Started GET "/developments/1326" for 104.207.192.42 at 2019-09-09 15:00:28 -0400
I, [2019-09-09T15:00:28.991563 #8114]  INFO -- : [5647415f-d1d9-427f-8e8c-3a88e7bc61a2] Processing by DevelopmentsController#show as JSONAPI
I, [2019-09-09T15:00:28.991611 #8114]  INFO -- : [5647415f-d1d9-427f-8e8c-3a88e7bc61a2]   Parameters: {"id"=>"1326"}
I, [2019-09-09T15:00:29.000260 #17065]  INFO -- : [563a3009-d454-4ce0-a66e-baae4e066042] Completed 200 OK in 11ms (Views: 0.1ms | ActiveRecord: 5.0ms)
I, [2019-09-09T15:00:29.000972 #17065]  INFO -- : [110495f3-0bed-4d2a-a752-9b7fb8d10baa] Started GET "/developments/4815" for 104.207.192.42 at 2019-09-09 15:00:29 -0400
I, [2019-09-09T15:00:29.001526 #17065]  INFO -- : [110495f3-0bed-4d2a-a752-9b7fb8d10baa] Processing by DevelopmentsController#show as JSONAPI
I, [2019-09-09T15:00:29.001591 #17065]  INFO -- : [110495f3-0bed-4d2a-a752-9b7fb8d10baa]   Parameters: {"id"=>"4815"}
I, [2019-09-09T15:00:29.002899 #8114]  INFO -- : [5647415f-d1d9-427f-8e8c-3a88e7bc61a2] Completed 200 OK in 11ms (Views: 0.2ms | ActiveRecord: 4.0ms)
I, [2019-09-09T15:00:29.004007 #8114]  INFO -- : [dd10e3d0-24a9-4b22-b038-20585f690a59] Started GET "/developments/4831" for 104.207.192.42 at 2019-09-09 15:00:29 -0400
I, [2019-09-09T15:00:29.004446 #8114]  INFO -- : [dd10e3d0-24a9-4b22-b038-20585f690a59] Processing by DevelopmentsController#show as JSONAPI
I, [2019-09-09T15:00:29.004508 #8114]  INFO -- : [dd10e3d0-24a9-4b22-b038-20585f690a59]   Parameters: {"id"=>"4831"}
I, [2019-09-09T15:00:29.012164 #17065]  INFO -- : [110495f3-0bed-4d2a-a752-9b7fb8d10baa] Completed 200 OK in 10ms (Views: 0.2ms | ActiveRecord: 3.7ms)
I, [2019-09-09T15:00:29.012905 #17065]  INFO -- : [74f3e0e3-237c-4e6a-99f1-4c7beaef40fd] Started GET "/developments/4817" for 104.207.192.42 at 2019-09-09 15:00:29 -0400
I, [2019-09-09T15:00:29.013370 #17065]  INFO -- : [74f3e0e3-237c-4e6a-99f1-4c7beaef40fd] Processing by DevelopmentsController#show as JSONAPI
I, [2019-09-09T15:00:29.013417 #17065]  INFO -- : [74f3e0e3-237c-4e6a-99f1-4c7beaef40fd]   Parameters: {"id"=>"4817"}
I, [2019-09-09T15:00:29.015615 #8114]  INFO -- : [dd10e3d0-24a9-4b22-b038-20585f690a59] Completed 200 OK in 11ms (Views: 0.2ms | ActiveRecord: 4.3ms)
I, [2019-09-09T15:00:29.017408 #8114]  INFO -- : [ce6bbff5-840f-4554-90ec-15ccf1bcfaf1] Started GET "/developments/4482" for 104.207.192.42 at 2019-09-09 15:00:29 -0400
I, [2019-09-09T15:00:29.017857 #8114]  INFO -- : [ce6bbff5-840f-4554-90ec-15ccf1bcfaf1] Processing by DevelopmentsController#show as JSONAPI
I, [2019-09-09T15:00:29.017901 #8114]  INFO -- : [ce6bbff5-840f-4554-90ec-15ccf1bcfaf1]   Parameters: {"id"=>"4482"}
I, [2019-09-09T15:00:29.024194 #17065]  INFO -- : [74f3e0e3-237c-4e6a-99f1-4c7beaef40fd] Completed 200 OK in 11ms (Views: 0.3ms | ActiveRecord: 3.4ms)
I, [2019-09-09T15:00:29.025097 #17065]  INFO -- : [adf8a8f7-cd96-4c2a-80d8-b24f0081b537] Started GET "/developments/4829" for 104.207.192.42 at 2019-09-09 15:00:29 -0400
I, [2019-09-09T15:00:29.025644 #17065]  INFO -- : [adf8a8f7-cd96-4c2a-80d8-b24f0081b537] Processing by DevelopmentsController#show as JSONAPI
I, [2019-09-09T15:00:29.025694 #17065]  INFO -- : [adf8a8f7-cd96-4c2a-80d8-b24f0081b537]   Parameters: {"id"=>"4829"}
I, [2019-09-09T15:00:29.028235 #8114]  INFO -- : [ce6bbff5-840f-4554-90ec-15ccf1bcfaf1] Completed 200 OK in 10ms (Views: 0.2ms | ActiveRecord: 3.5ms)
I, [2019-09-09T15:00:29.029066 #8114]  INFO -- : [54390141-1e82-4e39-b8c8-e68f575a2ec9] Started GET "/developments/2743" for 104.207.192.42 at 2019-09-09 15:00:29 -0400
I, [2019-09-09T15:00:29.029686 #8114]  INFO -- : [54390141-1e82-4e39-b8c8-e68f575a2ec9] Processing by DevelopmentsController#show as JSONAPI
I, [2019-09-09T15:00:29.029752 #8114]  INFO -- : [54390141-1e82-4e39-b8c8-e68f575a2ec9]   Parameters: {"id"=>"2743"}
I, [2019-09-09T15:00:29.035567 #17065]  INFO -- : [adf8a8f7-cd96-4c2a-80d8-b24f0081b537] Completed 200 OK in 10ms (Views: 0.2ms | ActiveRecord: 3.3ms)
I, [2019-09-09T15:00:29.036586 #17065]  INFO -- : [4615d88a-e669-4443-97e0-736dc2e0a523] Started GET "/developments/4455" for 104.207.192.42 at 2019-09-09 15:00:29 -0400
I, [2019-09-09T15:00:29.037137 #17065]  INFO -- : [4615d88a-e669-4443-97e0-736dc2e0a523] Processing by DevelopmentsController#show as JSONAPI
I, [2019-09-09T15:00:29.037221 #17065]  INFO -- : [4615d88a-e669-4443-97e0-736dc2e0a523]   Parameters: {"id"=>"4455"}
I, [2019-09-09T15:00:29.039713 #8114]  INFO -- : [54390141-1e82-4e39-b8c8-e68f575a2ec9] Completed 200 OK in 10ms (Views: 0.1ms | ActiveRecord: 3.2ms)
I, [2019-09-09T15:00:29.040494 #8114]  INFO -- : [c8826280-0948-4566-bb22-4ad7474dc9ff] Started GET "/developments/2555" for 104.207.192.42 at 2019-09-09 15:00:29 -0400
I, [2019-09-09T15:00:29.041061 #8114]  INFO -- : [c8826280-0948-4566-bb22-4ad7474dc9ff] Processing by DevelopmentsController#show as JSONAPI
I, [2019-09-09T15:00:29.041126 #8114]  INFO -- : [c8826280-0948-4566-bb22-4ad7474dc9ff]   Parameters: {"id"=>"2555"}
I, [2019-09-09T15:00:29.047220 #17065]  INFO -- : [4615d88a-e669-4443-97e0-736dc2e0a523] Completed 200 OK in 10ms (Views: 0.2ms | ActiveRecord: 3.2ms)
I, [2019-09-09T15:00:29.048437 #17065]  INFO -- : [59f37b03-7721-4296-ae45-94e7767a57dc] Started GET "/developments/2939" for 104.207.192.42 at 2019-09-09 15:00:29 -0400
I, [2019-09-09T15:00:29.048967 #17065]  INFO -- : [59f37b03-7721-4296-ae45-94e7767a57dc] Processing by DevelopmentsController#show as JSONAPI
I, [2019-09-09T15:00:29.049033 #17065]  INFO -- : [59f37b03-7721-4296-ae45-94e7767a57dc]   Parameters: {"id"=>"2939"}
I, [2019-09-09T15:00:29.050605 #8114]  INFO -- : [c8826280-0948-4566-bb22-4ad7474dc9ff] Completed 200 OK in 9ms (Views: 0.2ms | ActiveRecord: 3.3ms)
I, [2019-09-09T15:00:29.051616 #8114]  INFO -- : [e595d8a5-227f-4dbf-9904-645746fe408e] Started GET "/developments/2040" for 104.207.192.42 at 2019-09-09 15:00:29 -0400
I, [2019-09-09T15:00:29.052138 #8114]  INFO -- : [e595d8a5-227f-4dbf-9904-645746fe408e] Processing by DevelopmentsController#show as JSONAPI
I, [2019-09-09T15:00:29.052206 #8114]  INFO -- : [e595d8a5-227f-4dbf-9904-645746fe408e]   Parameters: {"id"=>"2040"}
I, [2019-09-09T15:00:29.058800 #17065]  INFO -- : [59f37b03-7721-4296-ae45-94e7767a57dc] Completed 200 OK in 10ms (Views: 0.2ms | ActiveRecord: 3.3ms)
I, [2019-09-09T15:00:29.060198 #17065]  INFO -- : [d230050e-5b02-47b4-8ed7-6cd5174eec07] Started GET "/developments/4509" for 104.207.192.42 at 2019-09-09 15:00:29 -0400
I, [2019-09-09T15:00:29.060746 #17065]  INFO -- : [d230050e-5b02-47b4-8ed7-6cd5174eec07] Processing by DevelopmentsController#show as JSONAPI
I, [2019-09-09T15:00:29.060812 #17065]  INFO -- : [d230050e-5b02-47b4-8ed7-6cd5174eec07]   Parameters: {"id"=>"4509"}
I, [2019-09-09T15:00:29.061798 #8114]  INFO -- : [e595d8a5-227f-4dbf-9904-645746fe408e] Completed 200 OK in 9ms (Views: 0.2ms | ActiveRecord: 3.3ms)
I, [2019-09-09T15:00:29.062968 #8114]  INFO -- : [180cd144-dc2c-4498-8842-fd80f10987d4] Started GET "/developments/1419" for 104.207.192.42 at 2019-09-09 15:00:29 -0400
I, [2019-09-09T15:00:29.063591 #8114]  INFO -- : [180cd144-dc2c-4498-8842-fd80f10987d4] Processing by DevelopmentsController#show as JSONAPI
I, [2019-09-09T15:00:29.063640 #8114]  INFO -- : [180cd144-dc2c-4498-8842-fd80f10987d4]   Parameters: {"id"=>"1419"}
I, [2019-09-09T15:00:29.070748 #17065]  INFO -- : [d230050e-5b02-47b4-8ed7-6cd5174eec07] Completed 200 OK in 10ms (Views: 0.2ms | ActiveRecord: 3.3ms)
I, [2019-09-09T15:00:29.071566 #17065]  INFO -- : [d6baf76b-96c8-4c19-a5ed-91f3f5f78963] Started GET "/developments/3519" for 104.207.192.42 at 2019-09-09 15:00:29 -0400
I, [2019-09-09T15:00:29.072227 #17065]  INFO -- : [d6baf76b-96c8-4c19-a5ed-91f3f5f78963] Processing by DevelopmentsController#show as JSONAPI
I, [2019-09-09T15:00:29.072292 #17065]  INFO -- : [d6baf76b-96c8-4c19-a5ed-91f3f5f78963]   Parameters: {"id"=>"3519"}
I, [2019-09-09T15:00:29.073796 #8114]  INFO -- : [180cd144-dc2c-4498-8842-fd80f10987d4] Completed 200 OK in 10ms (Views: 0.2ms | ActiveRecord: 3.9ms)
I, [2019-09-09T15:00:29.075035 #8114]  INFO -- : [0a58e7bd-596a-4796-b805-bb5aec573d84] Started GET "/developments/3519" for 104.207.192.42 at 2019-09-09 15:00:29 -0400
I, [2019-09-09T15:00:29.075799 #8114]  INFO -- : [0a58e7bd-596a-4796-b805-bb5aec573d84] Processing by DevelopmentsController#show as JSONAPI
I, [2019-09-09T15:00:29.075865 #8114]  INFO -- : [0a58e7bd-596a-4796-b805-bb5aec573d84]   Parameters: {"id"=>"3519"}
I, [2019-09-09T15:00:29.081724 #17065]  INFO -- : [d6baf76b-96c8-4c19-a5ed-91f3f5f78963] Completed 200 OK in 9ms (Views: 0.2ms | ActiveRecord: 3.1ms)
I, [2019-09-09T15:00:29.082944 #17065]  INFO -- : [1af8d9ad-a188-42fa-bc6c-32c0caeec889] Started GET "/developments/1036" for 104.207.192.42 at 2019-09-09 15:00:29 -0400
I, [2019-09-09T15:00:29.083314 #17065]  INFO -- : [1af8d9ad-a188-42fa-bc6c-32c0caeec889] Processing by DevelopmentsController#show as JSONAPI
I, [2019-09-09T15:00:29.083359 #17065]  INFO -- : [1af8d9ad-a188-42fa-bc6c-32c0caeec889]   Parameters: {"id"=>"1036"}
I, [2019-09-09T15:00:29.086010 #8114]  INFO -- : [0a58e7bd-596a-4796-b805-bb5aec573d84] Completed 200 OK in 10ms (Views: 0.2ms | ActiveRecord: 3.9ms)
I, [2019-09-09T15:00:29.086761 #8114]  INFO -- : [7748aed3-287d-412c-9015-76dadbbe5142] Started GET "/developments/526" for 104.207.192.42 at 2019-09-09 15:00:29 -0400
I, [2019-09-09T15:00:29.087319 #8114]  INFO -- : [7748aed3-287d-412c-9015-76dadbbe5142] Processing by DevelopmentsController#show as JSONAPI
I, [2019-09-09T15:00:29.087383 #8114]  INFO -- : [7748aed3-287d-412c-9015-76dadbbe5142]   Parameters: {"id"=>"526"}
I, [2019-09-09T15:00:29.093488 #17065]  INFO -- : [1af8d9ad-a188-42fa-bc6c-32c0caeec889] Completed 200 OK in 10ms (Views: 0.2ms | ActiveRecord: 3.2ms)
I, [2019-09-09T15:00:29.094508 #17065]  INFO -- : [1da52269-a35d-400c-8e16-6de6e939ff6a] Started GET "/developments/226" for 104.207.192.42 at 2019-09-09 15:00:29 -0400
I, [2019-09-09T15:00:29.094965 #17065]  INFO -- : [1da52269-a35d-400c-8e16-6de6e939ff6a] Processing by DevelopmentsController#show as JSONAPI
I, [2019-09-09T15:00:29.095013 #17065]  INFO -- : [1da52269-a35d-400c-8e16-6de6e939ff6a]   Parameters: {"id"=>"226"}
I, [2019-09-09T15:00:29.097226 #8114]  INFO -- : [7748aed3-287d-412c-9015-76dadbbe5142] Completed 200 OK in 10ms (Views: 0.2ms | ActiveRecord: 3.3ms)
I, [2019-09-09T15:00:29.097983 #8114]  INFO -- : [ca4fdffe-4bc9-4649-932f-eea3787d8030] Started GET "/developments/2774" for 104.207.192.42 at 2019-09-09 15:00:29 -0400
I, [2019-09-09T15:00:29.098557 #8114]  INFO -- : [ca4fdffe-4bc9-4649-932f-eea3787d8030] Processing by DevelopmentsController#show as JSONAPI
I, [2019-09-09T15:00:29.098623 #8114]  INFO -- : [ca4fdffe-4bc9-4649-932f-eea3787d8030]   Parameters: {"id"=>"2774"}
I, [2019-09-09T15:00:29.104843 #17065]  INFO -- : [1da52269-a35d-400c-8e16-6de6e939ff6a] Completed 200 OK in 10ms (Views: 0.2ms | ActiveRecord: 3.6ms)
I, [2019-09-09T15:00:29.106039 #17065]  INFO -- : [882c2cc1-5c68-44cb-bc3a-d043cbf6b87c] Started GET "/developments/2475" for 104.207.192.42 at 2019-09-09 15:00:29 -0400
I, [2019-09-09T15:00:29.106619 #17065]  INFO -- : [882c2cc1-5c68-44cb-bc3a-d043cbf6b87c] Processing by DevelopmentsController#show as JSONAPI
I, [2019-09-09T15:00:29.106684 #17065]  INFO -- : [882c2cc1-5c68-44cb-bc3a-d043cbf6b87c]   Parameters: {"id"=>"2475"}
I, [2019-09-09T15:00:29.108336 #8114]  INFO -- : [ca4fdffe-4bc9-4649-932f-eea3787d8030] Completed 200 OK in 10ms (Views: 0.2ms | ActiveRecord: 3.6ms)
I, [2019-09-09T15:00:29.109342 #8114]  INFO -- : [faec2c60-b6f5-410c-9534-57db04c0d5f2] Started GET "/developments/3692" for 104.207.192.42 at 2019-09-09 15:00:29 -0400
I, [2019-09-09T15:00:29.109800 #8114]  INFO -- : [faec2c60-b6f5-410c-9534-57db04c0d5f2] Processing by DevelopmentsController#show as JSONAPI
I, [2019-09-09T15:00:29.109874 #8114]  INFO -- : [faec2c60-b6f5-410c-9534-57db04c0d5f2]   Parameters: {"id"=>"3692"}
I, [2019-09-09T15:00:29.116693 #17065]  INFO -- : [882c2cc1-5c68-44cb-bc3a-d043cbf6b87c] Completed 200 OK in 10ms (Views: 0.2ms | ActiveRecord: 3.2ms)
I, [2019-09-09T15:00:29.117723 #17065]  INFO -- : [9ff128dd-49f2-499f-9eef-3e42c2e7b420] Started GET "/developments/590" for 104.207.192.42 at 2019-09-09 15:00:29 -0400
I, [2019-09-09T15:00:29.118174 #17065]  INFO -- : [9ff128dd-49f2-499f-9eef-3e42c2e7b420] Processing by DevelopmentsController#show as JSONAPI
I, [2019-09-09T15:00:29.118220 #17065]  INFO -- : [9ff128dd-49f2-499f-9eef-3e42c2e7b420]   Parameters: {"id"=>"590"}
I, [2019-09-09T15:00:29.120649 #8114]  INFO -- : [faec2c60-b6f5-410c-9534-57db04c0d5f2] Completed 200 OK in 11ms (Views: 0.1ms | ActiveRecord: 3.8ms)
I, [2019-09-09T15:00:29.121493 #8114]  INFO -- : [e910b063-cbdc-4bcd-88e4-234cbec55c85] Started GET "/developments/2169" for 104.207.192.42 at 2019-09-09 15:00:29 -0400
I, [2019-09-09T15:00:29.122131 #8114]  INFO -- : [e910b063-cbdc-4bcd-88e4-234cbec55c85] Processing by DevelopmentsController#show as JSONAPI
I, [2019-09-09T15:00:29.122197 #8114]  INFO -- : [e910b063-cbdc-4bcd-88e4-234cbec55c85]   Parameters: {"id"=>"2169"}
I, [2019-09-09T15:00:29.128643 #17065]  INFO -- : [9ff128dd-49f2-499f-9eef-3e42c2e7b420] Completed 200 OK in 10ms (Views: 0.2ms | ActiveRecord: 3.3ms)
I, [2019-09-09T15:00:29.129461 #17065]  INFO -- : [5c5788fb-1d8c-4bda-b860-1463a4f8ac2e] Started GET "/developments/2417" for 104.207.192.42 at 2019-09-09 15:00:29 -0400
I, [2019-09-09T15:00:29.129946 #17065]  INFO -- : [5c5788fb-1d8c-4bda-b860-1463a4f8ac2e] Processing by DevelopmentsController#show as JSONAPI
I, [2019-09-09T15:00:29.130026 #17065]  INFO -- : [5c5788fb-1d8c-4bda-b860-1463a4f8ac2e]   Parameters: {"id"=>"2417"}
I, [2019-09-09T15:00:29.132472 #8114]  INFO -- : [e910b063-cbdc-4bcd-88e4-234cbec55c85] Completed 200 OK in 10ms (Views: 0.2ms | ActiveRecord: 3.4ms)
I, [2019-09-09T15:00:29.133639 #8114]  INFO -- : [33615b69-a27b-4f7b-8ae8-a9b614026924] Started GET "/developments/1445" for 104.207.192.42 at 2019-09-09 15:00:29 -0400
I, [2019-09-09T15:00:29.134279 #8114]  INFO -- : [33615b69-a27b-4f7b-8ae8-a9b614026924] Processing by DevelopmentsController#show as JSONAPI
I, [2019-09-09T15:00:29.134387 #8114]  INFO -- : [33615b69-a27b-4f7b-8ae8-a9b614026924]   Parameters: {"id"=>"1445"}
I, [2019-09-09T15:00:29.140592 #17065]  INFO -- : [5c5788fb-1d8c-4bda-b860-1463a4f8ac2e] Completed 200 OK in 10ms (Views: 0.2ms | ActiveRecord: 3.3ms)
I, [2019-09-09T15:00:29.141540 #17065]  INFO -- : [a5da157f-d87a-4cb3-a442-c210f7120fb5] Started GET "/developments/589" for 104.207.192.42 at 2019-09-09 15:00:29 -0400
I, [2019-09-09T15:00:29.142143 #17065]  INFO -- : [a5da157f-d87a-4cb3-a442-c210f7120fb5] Processing by DevelopmentsController#show as JSONAPI
I, [2019-09-09T15:00:29.142212 #17065]  INFO -- : [a5da157f-d87a-4cb3-a442-c210f7120fb5]   Parameters: {"id"=>"589"}
I, [2019-09-09T15:00:29.147582 #8114]  INFO -- : [33615b69-a27b-4f7b-8ae8-a9b614026924] Completed 200 OK in 13ms (Views: 0.2ms | ActiveRecord: 3.3ms)
I, [2019-09-09T15:00:29.148665 #8114]  INFO -- : [75e5bf9c-a9f6-4c99-bbd9-0b2e067550da] Started GET "/developments/1533" for 104.207.192.42 at 2019-09-09 15:00:29 -0400
I, [2019-09-09T15:00:29.149221 #8114]  INFO -- : [75e5bf9c-a9f6-4c99-bbd9-0b2e067550da] Processing by DevelopmentsController#show as JSONAPI
I, [2019-09-09T15:00:29.149287 #8114]  INFO -- : [75e5bf9c-a9f6-4c99-bbd9-0b2e067550da]   Parameters: {"id"=>"1533"}
I, [2019-09-09T15:00:29.152710 #17065]  INFO -- : [a5da157f-d87a-4cb3-a442-c210f7120fb5] Completed 200 OK in 10ms (Views: 0.1ms | ActiveRecord: 3.6ms)
I, [2019-09-09T15:00:29.153624 #17065]  INFO -- : [3cb86ed4-653b-4db2-acb7-a488eed67f71] Started GET "/developments/307" for 104.207.192.42 at 2019-09-09 15:00:29 -0400
I, [2019-09-09T15:00:29.154074 #17065]  INFO -- : [3cb86ed4-653b-4db2-acb7-a488eed67f71] Processing by DevelopmentsController#show as JSONAPI
I, [2019-09-09T15:00:29.154119 #17065]  INFO -- : [3cb86ed4-653b-4db2-acb7-a488eed67f71]   Parameters: {"id"=>"307"}
I, [2019-09-09T15:00:29.165710 #8114]  INFO -- : [75e5bf9c-a9f6-4c99-bbd9-0b2e067550da] Completed 200 OK in 16ms (Views: 0.2ms | ActiveRecord: 9.7ms)
I, [2019-09-09T15:00:29.166964 #8114]  INFO -- : [e1e94d3f-9196-4b24-a575-feb44482bae0] Started GET "/developments/4587" for 104.207.192.42 at 2019-09-09 15:00:29 -0400
I, [2019-09-09T15:00:29.167603 #8114]  INFO -- : [e1e94d3f-9196-4b24-a575-feb44482bae0] Processing by DevelopmentsController#show as JSONAPI
I, [2019-09-09T15:00:29.167668 #8114]  INFO -- : [e1e94d3f-9196-4b24-a575-feb44482bae0]   Parameters: {"id"=>"4587"}
I, [2019-09-09T15:00:29.168084 #17065]  INFO -- : [3cb86ed4-653b-4db2-acb7-a488eed67f71] Completed 200 OK in 14ms (Views: 0.3ms | ActiveRecord: 6.9ms)
I, [2019-09-09T15:00:29.168859 #17065]  INFO -- : [9c7ffa93-2702-4a24-95e7-226f4d173919] Started GET "/developments/2815" for 104.207.192.42 at 2019-09-09 15:00:29 -0400
I, [2019-09-09T15:00:29.169382 #17065]  INFO -- : [9c7ffa93-2702-4a24-95e7-226f4d173919] Processing by DevelopmentsController#show as JSONAPI
I, [2019-09-09T15:00:29.169448 #17065]  INFO -- : [9c7ffa93-2702-4a24-95e7-226f4d173919]   Parameters: {"id"=>"2815"}
I, [2019-09-09T15:00:29.177808 #8114]  INFO -- : [e1e94d3f-9196-4b24-a575-feb44482bae0] Completed 200 OK in 10ms (Views: 0.2ms | ActiveRecord: 3.4ms)
I, [2019-09-09T15:00:29.178898 #8114]  INFO -- : [42a72473-c80d-4d51-94ff-ed011aaacae1] Started GET "/developments/4536" for 104.207.192.42 at 2019-09-09 15:00:29 -0400
I, [2019-09-09T15:00:29.179517 #8114]  INFO -- : [42a72473-c80d-4d51-94ff-ed011aaacae1] Processing by DevelopmentsController#show as JSONAPI
I, [2019-09-09T15:00:29.179581 #8114]  INFO -- : [42a72473-c80d-4d51-94ff-ed011aaacae1]   Parameters: {"id"=>"4536"}
I, [2019-09-09T15:00:29.180042 #17065]  INFO -- : [9c7ffa93-2702-4a24-95e7-226f4d173919] Completed 200 OK in 10ms (Views: 0.2ms | ActiveRecord: 3.8ms)
I, [2019-09-09T15:00:29.181120 #17065]  INFO -- : [41e16984-9bee-4776-be3a-f75602a93a27] Started GET "/developments/4795" for 104.207.192.42 at 2019-09-09 15:00:29 -0400
I, [2019-09-09T15:00:29.181650 #17065]  INFO -- : [41e16984-9bee-4776-be3a-f75602a93a27] Processing by DevelopmentsController#show as JSONAPI
I, [2019-09-09T15:00:29.181717 #17065]  INFO -- : [41e16984-9bee-4776-be3a-f75602a93a27]   Parameters: {"id"=>"4795"}
I, [2019-09-09T15:00:29.196189 #8114]  INFO -- : [42a72473-c80d-4d51-94ff-ed011aaacae1] Completed 200 OK in 16ms (Views: 0.3ms | ActiveRecord: 9.2ms)
I, [2019-09-09T15:00:29.197293 #8114]  INFO -- : [c0ee6616-d09c-4ce6-88d1-baf39d9408f4] Started GET "/developments/4536" for 104.207.192.42 at 2019-09-09 15:00:29 -0400
I, [2019-09-09T15:00:29.197927 #8114]  INFO -- : [c0ee6616-d09c-4ce6-88d1-baf39d9408f4] Processing by DevelopmentsController#show as JSONAPI
I, [2019-09-09T15:00:29.197991 #8114]  INFO -- : [c0ee6616-d09c-4ce6-88d1-baf39d9408f4]   Parameters: {"id"=>"4536"}
I, [2019-09-09T15:00:29.198675 #17065]  INFO -- : [41e16984-9bee-4776-be3a-f75602a93a27] Completed 200 OK in 17ms (Views: 0.2ms | ActiveRecord: 6.4ms)
I, [2019-09-09T15:00:29.199794 #17065]  INFO -- : [a1fea549-49eb-4d57-be9e-4769d50de631] Started GET "/developments/4442" for 104.207.192.42 at 2019-09-09 15:00:29 -0400
I, [2019-09-09T15:00:29.200455 #17065]  INFO -- : [a1fea549-49eb-4d57-be9e-4769d50de631] Processing by DevelopmentsController#show as JSONAPI
I, [2019-09-09T15:00:29.200522 #17065]  INFO -- : [a1fea549-49eb-4d57-be9e-4769d50de631]   Parameters: {"id"=>"4442"}
I, [2019-09-09T15:00:29.214486 #8114]  INFO -- : [c0ee6616-d09c-4ce6-88d1-baf39d9408f4] Completed 200 OK in 16ms (Views: 0.2ms | ActiveRecord: 10.1ms)
I, [2019-09-09T15:00:29.215311 #8114]  INFO -- : [01345798-e1c0-47f5-9f5d-d002feb06315] Started GET "/developments/4535" for 104.207.192.42 at 2019-09-09 15:00:29 -0400
I, [2019-09-09T15:00:29.215970 #8114]  INFO -- : [01345798-e1c0-47f5-9f5d-d002feb06315] Processing by DevelopmentsController#show as JSONAPI
I, [2019-09-09T15:00:29.216038 #8114]  INFO -- : [01345798-e1c0-47f5-9f5d-d002feb06315]   Parameters: {"id"=>"4535"}
I, [2019-09-09T15:00:29.217333 #17065]  INFO -- : [a1fea549-49eb-4d57-be9e-4769d50de631] Completed 200 OK in 17ms (Views: 0.2ms | ActiveRecord: 10.4ms)
I, [2019-09-09T15:00:29.218650 #17065]  INFO -- : [28483916-962a-4c2d-953d-44d86aada048] Started GET "/developments/1223" for 104.207.192.42 at 2019-09-09 15:00:29 -0400
I, [2019-09-09T15:00:29.219278 #17065]  INFO -- : [28483916-962a-4c2d-953d-44d86aada048] Processing by DevelopmentsController#show as JSONAPI
I, [2019-09-09T15:00:29.219343 #17065]  INFO -- : [28483916-962a-4c2d-953d-44d86aada048]   Parameters: {"id"=>"1223"}
I, [2019-09-09T15:00:29.229344 #8114]  INFO -- : [01345798-e1c0-47f5-9f5d-d002feb06315] Completed 200 OK in 13ms (Views: 0.2ms | ActiveRecord: 7.0ms)
I, [2019-09-09T15:00:29.230153 #8114]  INFO -- : [931c74dc-d3f9-4bda-ab03-c29c86ea3f01] Started GET "/developments/4536" for 104.207.192.42 at 2019-09-09 15:00:29 -0400
I, [2019-09-09T15:00:29.230716 #8114]  INFO -- : [931c74dc-d3f9-4bda-ab03-c29c86ea3f01] Processing by DevelopmentsController#show as JSONAPI
I, [2019-09-09T15:00:29.230765 #8114]  INFO -- : [931c74dc-d3f9-4bda-ab03-c29c86ea3f01]   Parameters: {"id"=>"4536"}
I, [2019-09-09T15:00:29.233435 #17065]  INFO -- : [28483916-962a-4c2d-953d-44d86aada048] Completed 200 OK in 14ms (Views: 0.2ms | ActiveRecord: 7.3ms)
I, [2019-09-09T15:00:29.234493 #17065]  INFO -- : [7b0ed527-b5e4-40bd-917a-4f483f0d1e77] Started GET "/developments/4587" for 104.207.192.42 at 2019-09-09 15:00:29 -0400
I, [2019-09-09T15:00:29.235120 #17065]  INFO -- : [7b0ed527-b5e4-40bd-917a-4f483f0d1e77] Processing by DevelopmentsController#show as JSONAPI
I, [2019-09-09T15:00:29.235171 #17065]  INFO -- : [7b0ed527-b5e4-40bd-917a-4f483f0d1e77]   Parameters: {"id"=>"4587"}
I, [2019-09-09T15:00:29.243901 #8114]  INFO -- : [931c74dc-d3f9-4bda-ab03-c29c86ea3f01] Completed 200 OK in 13ms (Views: 0.2ms | ActiveRecord: 6.8ms)
I, [2019-09-09T15:00:29.244782 #8114]  INFO -- : [168501e0-2dc2-4e79-ae4e-1c228ad287ab] Started GET "/developments/2063" for 104.207.192.42 at 2019-09-09 15:00:29 -0400
I, [2019-09-09T15:00:29.245282 #8114]  INFO -- : [168501e0-2dc2-4e79-ae4e-1c228ad287ab] Processing by DevelopmentsController#show as JSONAPI
I, [2019-09-09T15:00:29.245327 #8114]  INFO -- : [168501e0-2dc2-4e79-ae4e-1c228ad287ab]   Parameters: {"id"=>"2063"}
I, [2019-09-09T15:00:29.251341 #17065]  INFO -- : [7b0ed527-b5e4-40bd-917a-4f483f0d1e77] Completed 200 OK in 16ms (Views: 0.2ms | ActiveRecord: 9.7ms)
I, [2019-09-09T15:00:29.253101 #17065]  INFO -- : [afce6bc6-28b5-464e-a3ad-e617b61987cc] Started GET "/developments/212" for 104.207.192.42 at 2019-09-09 15:00:29 -0400
I, [2019-09-09T15:00:29.253818 #17065]  INFO -- : [afce6bc6-28b5-464e-a3ad-e617b61987cc] Processing by DevelopmentsController#show as JSONAPI
I, [2019-09-09T15:00:29.253885 #17065]  INFO -- : [afce6bc6-28b5-464e-a3ad-e617b61987cc]   Parameters: {"id"=>"212"}
I, [2019-09-09T15:00:29.255420 #8114]  INFO -- : [168501e0-2dc2-4e79-ae4e-1c228ad287ab] Completed 200 OK in 10ms (Views: 0.2ms | ActiveRecord: 3.5ms)
I, [2019-09-09T15:00:29.256659 #8114]  INFO -- : [f516e801-cdee-43af-92a0-a96984e1d98a] Started GET "/developments/4888" for 104.207.192.42 at 2019-09-09 15:00:29 -0400
I, [2019-09-09T15:00:29.257253 #8114]  INFO -- : [f516e801-cdee-43af-92a0-a96984e1d98a] Processing by DevelopmentsController#show as JSONAPI
I, [2019-09-09T15:00:29.257317 #8114]  INFO -- : [f516e801-cdee-43af-92a0-a96984e1d98a]   Parameters: {"id"=>"4888"}
I, [2019-09-09T15:00:29.271053 #17065]  INFO -- : [afce6bc6-28b5-464e-a3ad-e617b61987cc] Completed 200 OK in 17ms (Views: 0.1ms | ActiveRecord: 10.5ms)
I, [2019-09-09T15:00:29.271742 #17065]  INFO -- : [a02b85c5-2206-41fc-bb77-e81e2caf1bcb] Started GET "/developments/3164" for 104.207.192.42 at 2019-09-09 15:00:29 -0400
I, [2019-09-09T15:00:29.272310 #17065]  INFO -- : [a02b85c5-2206-41fc-bb77-e81e2caf1bcb] Processing by DevelopmentsController#show as JSONAPI
I, [2019-09-09T15:00:29.272378 #17065]  INFO -- : [a02b85c5-2206-41fc-bb77-e81e2caf1bcb]   Parameters: {"id"=>"3164"}
I, [2019-09-09T15:00:29.275690 #8114]  INFO -- : [f516e801-cdee-43af-92a0-a96984e1d98a] Completed 200 OK in 18ms (Views: 0.2ms | ActiveRecord: 12.1ms)
I, [2019-09-09T15:00:29.276729 #8114]  INFO -- : [c4bfef03-29b2-4cf6-843e-e417b53fe1f5] Started GET "/developments/4514" for 104.207.192.42 at 2019-09-09 15:00:29 -0400
I, [2019-09-09T15:00:29.277207 #8114]  INFO -- : [c4bfef03-29b2-4cf6-843e-e417b53fe1f5] Processing by DevelopmentsController#show as JSONAPI
I, [2019-09-09T15:00:29.277255 #8114]  INFO -- : [c4bfef03-29b2-4cf6-843e-e417b53fe1f5]   Parameters: {"id"=>"4514"}
I, [2019-09-09T15:00:29.286373 #17065]  INFO -- : [a02b85c5-2206-41fc-bb77-e81e2caf1bcb] Completed 200 OK in 14ms (Views: 0.3ms | ActiveRecord: 7.4ms)
I, [2019-09-09T15:00:29.287362 #17065]  INFO -- : [a1261101-b00c-4ec6-b5ab-b13419f4c2cb] Started GET "/developments/3185" for 104.207.192.42 at 2019-09-09 15:00:29 -0400
I, [2019-09-09T15:00:29.287910 #17065]  INFO -- : [a1261101-b00c-4ec6-b5ab-b13419f4c2cb] Processing by DevelopmentsController#show as JSONAPI
I, [2019-09-09T15:00:29.287989 #17065]  INFO -- : [a1261101-b00c-4ec6-b5ab-b13419f4c2cb]   Parameters: {"id"=>"3185"}
I, [2019-09-09T15:00:29.290601 #8114]  INFO -- : [c4bfef03-29b2-4cf6-843e-e417b53fe1f5] Completed 200 OK in 13ms (Views: 0.1ms | ActiveRecord: 7.1ms)
I, [2019-09-09T15:00:29.291627 #8114]  INFO -- : [7d58a330-8513-4bfa-8b48-2805daf35c4b] Started GET "/developments/3164" for 104.207.192.42 at 2019-09-09 15:00:29 -0400
I, [2019-09-09T15:00:29.292206 #8114]  INFO -- : [7d58a330-8513-4bfa-8b48-2805daf35c4b] Processing by DevelopmentsController#show as JSONAPI
I, [2019-09-09T15:00:29.292273 #8114]  INFO -- : [7d58a330-8513-4bfa-8b48-2805daf35c4b]   Parameters: {"id"=>"3164"}
I, [2019-09-09T15:00:29.301038 #17065]  INFO -- : [a1261101-b00c-4ec6-b5ab-b13419f4c2cb] Completed 200 OK in 13ms (Views: 0.1ms | ActiveRecord: 6.5ms)
I, [2019-09-09T15:00:29.302051 #17065]  INFO -- : [4ee25244-1555-4b0e-9709-50ac3e28fbb7] Started GET "/developments/1382" for 104.207.192.42 at 2019-09-09 15:00:29 -0400
I, [2019-09-09T15:00:29.302437 #17065]  INFO -- : [4ee25244-1555-4b0e-9709-50ac3e28fbb7] Processing by DevelopmentsController#show as JSONAPI
I, [2019-09-09T15:00:29.302482 #17065]  INFO -- : [4ee25244-1555-4b0e-9709-50ac3e28fbb7]   Parameters: {"id"=>"1382"}
I, [2019-09-09T15:00:29.306057 #8114]  INFO -- : [7d58a330-8513-4bfa-8b48-2805daf35c4b] Completed 200 OK in 14ms (Views: 0.1ms | ActiveRecord: 7.8ms)
I, [2019-09-09T15:00:29.307850 #8114]  INFO -- : [5f5dd291-4a83-4611-9161-e7af3f921225] Started GET "/developments/487" for 104.207.192.42 at 2019-09-09 15:00:29 -0400
I, [2019-09-09T15:00:29.308344 #8114]  INFO -- : [5f5dd291-4a83-4611-9161-e7af3f921225] Processing by DevelopmentsController#show as JSONAPI
I, [2019-09-09T15:00:29.308411 #8114]  INFO -- : [5f5dd291-4a83-4611-9161-e7af3f921225]   Parameters: {"id"=>"487"}
I, [2019-09-09T15:00:29.313579 #17065]  INFO -- : [4ee25244-1555-4b0e-9709-50ac3e28fbb7] Completed 200 OK in 11ms (Views: 0.2ms | ActiveRecord: 5.1ms)
I, [2019-09-09T15:00:29.314575 #17065]  INFO -- : [cfccc3ba-2131-45ac-a849-fe099f816556] Started GET "/developments/2312" for 104.207.192.42 at 2019-09-09 15:00:29 -0400
I, [2019-09-09T15:00:29.315320 #17065]  INFO -- : [cfccc3ba-2131-45ac-a849-fe099f816556] Processing by DevelopmentsController#show as JSONAPI
I, [2019-09-09T15:00:29.315388 #17065]  INFO -- : [cfccc3ba-2131-45ac-a849-fe099f816556]   Parameters: {"id"=>"2312"}
I, [2019-09-09T15:00:29.318607 #8114]  INFO -- : [5f5dd291-4a83-4611-9161-e7af3f921225] Completed 200 OK in 10ms (Views: 0.2ms | ActiveRecord: 3.7ms)
I, [2019-09-09T15:00:29.319672 #8114]  INFO -- : [c5bfe25e-17f6-4db5-906e-98d770eabd01] Started GET "/developments/1445" for 104.207.192.42 at 2019-09-09 15:00:29 -0400
I, [2019-09-09T15:00:29.320349 #8114]  INFO -- : [c5bfe25e-17f6-4db5-906e-98d770eabd01] Processing by DevelopmentsController#show as JSONAPI
I, [2019-09-09T15:00:29.320439 #8114]  INFO -- : [c5bfe25e-17f6-4db5-906e-98d770eabd01]   Parameters: {"id"=>"1445"}
I, [2019-09-09T15:00:29.325554 #17065]  INFO -- : [cfccc3ba-2131-45ac-a849-fe099f816556] Completed 200 OK in 10ms (Views: 0.2ms | ActiveRecord: 3.2ms)
I, [2019-09-09T15:00:29.326522 #17065]  INFO -- : [2f3d6d69-0e08-46a5-a6ed-b91bbee48b84] Started GET "/developments/1973" for 104.207.192.42 at 2019-09-09 15:00:29 -0400
I, [2019-09-09T15:00:29.326905 #17065]  INFO -- : [2f3d6d69-0e08-46a5-a6ed-b91bbee48b84] Processing by DevelopmentsController#show as JSONAPI
I, [2019-09-09T15:00:29.326950 #17065]  INFO -- : [2f3d6d69-0e08-46a5-a6ed-b91bbee48b84]   Parameters: {"id"=>"1973"}
I, [2019-09-09T15:00:29.330782 #8114]  INFO -- : [c5bfe25e-17f6-4db5-906e-98d770eabd01] Completed 200 OK in 10ms (Views: 0.2ms | ActiveRecord: 3.9ms)
I, [2019-09-09T15:00:29.331734 #8114]  INFO -- : [74f648a5-a3b5-441b-a249-04b1e1cc8fd4] Started GET "/developments/2311" for 104.207.192.42 at 2019-09-09 15:00:29 -0400
I, [2019-09-09T15:00:29.332260 #8114]  INFO -- : [74f648a5-a3b5-441b-a249-04b1e1cc8fd4] Processing by DevelopmentsController#show as JSONAPI
I, [2019-09-09T15:00:29.332310 #8114]  INFO -- : [74f648a5-a3b5-441b-a249-04b1e1cc8fd4]   Parameters: {"id"=>"2311"}
I, [2019-09-09T15:00:29.336672 #17065]  INFO -- : [2f3d6d69-0e08-46a5-a6ed-b91bbee48b84] Completed 200 OK in 10ms (Views: 0.1ms | ActiveRecord: 3.3ms)
I, [2019-09-09T15:00:29.337644 #17065]  INFO -- : [4957977e-2ac8-4880-a48f-d37c89c45443] Started GET "/developments/2312" for 104.207.192.42 at 2019-09-09 15:00:29 -0400
I, [2019-09-09T15:00:29.338041 #17065]  INFO -- : [4957977e-2ac8-4880-a48f-d37c89c45443] Processing by DevelopmentsController#show as JSONAPI
I, [2019-09-09T15:00:29.338087 #17065]  INFO -- : [4957977e-2ac8-4880-a48f-d37c89c45443]   Parameters: {"id"=>"2312"}
I, [2019-09-09T15:00:29.342222 #8114]  INFO -- : [74f648a5-a3b5-441b-a249-04b1e1cc8fd4] Completed 200 OK in 10ms (Views: 0.2ms | ActiveRecord: 3.4ms)
I, [2019-09-09T15:00:29.343486 #8114]  INFO -- : [f80473d0-a468-4339-99c8-144834c4c467] Started GET "/developments/693" for 104.207.192.42 at 2019-09-09 15:00:29 -0400
I, [2019-09-09T15:00:29.344035 #8114]  INFO -- : [f80473d0-a468-4339-99c8-144834c4c467] Processing by DevelopmentsController#show as JSONAPI
I, [2019-09-09T15:00:29.344085 #8114]  INFO -- : [f80473d0-a468-4339-99c8-144834c4c467]   Parameters: {"id"=>"693"}
I, [2019-09-09T15:00:29.348386 #17065]  INFO -- : [4957977e-2ac8-4880-a48f-d37c89c45443] Completed 200 OK in 10ms (Views: 0.2ms | ActiveRecord: 4.0ms)
I, [2019-09-09T15:00:29.349308 #17065]  INFO -- : [b308fd96-6544-4246-8586-3d6f9d5bcad9] Started GET "/developments/248" for 104.207.192.42 at 2019-09-09 15:00:29 -0400
I, [2019-09-09T15:00:29.349743 #17065]  INFO -- : [b308fd96-6544-4246-8586-3d6f9d5bcad9] Processing by DevelopmentsController#show as JSONAPI
I, [2019-09-09T15:00:29.349789 #17065]  INFO -- : [b308fd96-6544-4246-8586-3d6f9d5bcad9]   Parameters: {"id"=>"248"}
I, [2019-09-09T15:00:29.353623 #8114]  INFO -- : [f80473d0-a468-4339-99c8-144834c4c467] Completed 200 OK in 9ms (Views: 0.2ms | ActiveRecord: 3.5ms)
I, [2019-09-09T15:00:29.354786 #8114]  INFO -- : [931faf32-ddcc-4240-bb9d-29720c0a021d] Started GET "/developments/3502" for 104.207.192.42 at 2019-09-09 15:00:29 -0400
I, [2019-09-09T15:00:29.355289 #8114]  INFO -- : [931faf32-ddcc-4240-bb9d-29720c0a021d] Processing by DevelopmentsController#show as JSONAPI
I, [2019-09-09T15:00:29.355337 #8114]  INFO -- : [931faf32-ddcc-4240-bb9d-29720c0a021d]   Parameters: {"id"=>"3502"}
I, [2019-09-09T15:00:29.360244 #17065]  INFO -- : [b308fd96-6544-4246-8586-3d6f9d5bcad9] Completed 200 OK in 10ms (Views: 0.2ms | ActiveRecord: 3.8ms)
I, [2019-09-09T15:00:29.361267 #17065]  INFO -- : [c70067d0-3750-4e30-b541-32cf14a92113] Started GET "/developments/19" for 104.207.192.42 at 2019-09-09 15:00:29 -0400
I, [2019-09-09T15:00:29.361651 #17065]  INFO -- : [c70067d0-3750-4e30-b541-32cf14a92113] Processing by DevelopmentsController#show as JSONAPI
I, [2019-09-09T15:00:29.361716 #17065]  INFO -- : [c70067d0-3750-4e30-b541-32cf14a92113]   Parameters: {"id"=>"19"}
I, [2019-09-09T15:00:29.365323 #8114]  INFO -- : [931faf32-ddcc-4240-bb9d-29720c0a021d] Completed 200 OK in 10ms (Views: 0.2ms | ActiveRecord: 3.7ms)
I, [2019-09-09T15:00:29.366288 #8114]  INFO -- : [e48a4a1b-7489-47ad-b969-6bb72775d274] Started GET "/developments/4788" for 104.207.192.42 at 2019-09-09 15:00:29 -0400
I, [2019-09-09T15:00:29.366803 #8114]  INFO -- : [e48a4a1b-7489-47ad-b969-6bb72775d274] Processing by DevelopmentsController#show as JSONAPI
I, [2019-09-09T15:00:29.366852 #8114]  INFO -- : [e48a4a1b-7489-47ad-b969-6bb72775d274]   Parameters: {"id"=>"4788"}
I, [2019-09-09T15:00:29.372050 #17065]  INFO -- : [c70067d0-3750-4e30-b541-32cf14a92113] Completed 200 OK in 10ms (Views: 0.2ms | ActiveRecord: 3.7ms)
I, [2019-09-09T15:00:29.373577 #17065]  INFO -- : [6161b307-4741-4b08-9b4b-5a9457f3c7cb] Started GET "/developments/380" for 104.207.192.42 at 2019-09-09 15:00:29 -0400
I, [2019-09-09T15:00:29.374100 #17065]  INFO -- : [6161b307-4741-4b08-9b4b-5a9457f3c7cb] Processing by DevelopmentsController#show as JSONAPI
I, [2019-09-09T15:00:29.374169 #17065]  INFO -- : [6161b307-4741-4b08-9b4b-5a9457f3c7cb]   Parameters: {"id"=>"380"}
I, [2019-09-09T15:00:29.376036 #8114]  INFO -- : [e48a4a1b-7489-47ad-b969-6bb72775d274] Completed 200 OK in 9ms (Views: 0.2ms | ActiveRecord: 3.4ms)
I, [2019-09-09T15:00:29.377256 #8114]  INFO -- : [11a75567-3222-45f9-9e67-ee338cde4be4] Started GET "/developments/554" for 104.207.192.42 at 2019-09-09 15:00:29 -0400
I, [2019-09-09T15:00:29.377798 #8114]  INFO -- : [11a75567-3222-45f9-9e67-ee338cde4be4] Processing by DevelopmentsController#show as JSONAPI
I, [2019-09-09T15:00:29.377864 #8114]  INFO -- : [11a75567-3222-45f9-9e67-ee338cde4be4]   Parameters: {"id"=>"554"}
I, [2019-09-09T15:00:29.384022 #17065]  INFO -- : [6161b307-4741-4b08-9b4b-5a9457f3c7cb] Completed 200 OK in 10ms (Views: 0.2ms | ActiveRecord: 3.4ms)
I, [2019-09-09T15:00:29.385194 #17065]  INFO -- : [b79faedf-3f3a-4329-b71c-f0fff9198511] Started GET "/developments/4789" for 104.207.192.42 at 2019-09-09 15:00:29 -0400
I, [2019-09-09T15:00:29.385768 #17065]  INFO -- : [b79faedf-3f3a-4329-b71c-f0fff9198511] Processing by DevelopmentsController#show as JSONAPI
I, [2019-09-09T15:00:29.385834 #17065]  INFO -- : [b79faedf-3f3a-4329-b71c-f0fff9198511]   Parameters: {"id"=>"4789"}
I, [2019-09-09T15:00:29.387332 #8114]  INFO -- : [11a75567-3222-45f9-9e67-ee338cde4be4] Completed 200 OK in 9ms (Views: 0.1ms | ActiveRecord: 3.4ms)
I, [2019-09-09T15:00:29.388224 #8114]  INFO -- : [35876120-d0c1-44f6-ad8d-20bf991790aa] Started GET "/developments/4787" for 104.207.192.42 at 2019-09-09 15:00:29 -0400
I, [2019-09-09T15:00:29.388774 #8114]  INFO -- : [35876120-d0c1-44f6-ad8d-20bf991790aa] Processing by DevelopmentsController#show as JSONAPI
I, [2019-09-09T15:00:29.388823 #8114]  INFO -- : [35876120-d0c1-44f6-ad8d-20bf991790aa]   Parameters: {"id"=>"4787"}
I, [2019-09-09T15:00:29.395900 #17065]  INFO -- : [b79faedf-3f3a-4329-b71c-f0fff9198511] Completed 200 OK in 10ms (Views: 0.1ms | ActiveRecord: 3.3ms)
I, [2019-09-09T15:00:29.398028 #17065]  INFO -- : [38e6fa0d-7384-4859-9b71-d93d635ee36f] Started GET "/developments/2158" for 104.207.192.42 at 2019-09-09 15:00:29 -0400
I, [2019-09-09T15:00:29.398142 #8114]  INFO -- : [35876120-d0c1-44f6-ad8d-20bf991790aa] Completed 200 OK in 9ms (Views: 0.2ms | ActiveRecord: 3.6ms)
I, [2019-09-09T15:00:29.398884 #8114]  INFO -- : [51e55c10-246a-4247-8ced-fe2f4159f250] Started GET "/developments/4114" for 104.207.192.42 at 2019-09-09 15:00:29 -0400
I, [2019-09-09T15:00:29.399034 #17065]  INFO -- : [38e6fa0d-7384-4859-9b71-d93d635ee36f] Processing by DevelopmentsController#show as JSONAPI
I, [2019-09-09T15:00:29.399106 #17065]  INFO -- : [38e6fa0d-7384-4859-9b71-d93d635ee36f]   Parameters: {"id"=>"2158"}
I, [2019-09-09T15:00:29.399442 #8114]  INFO -- : [51e55c10-246a-4247-8ced-fe2f4159f250] Processing by DevelopmentsController#show as JSONAPI
I, [2019-09-09T15:00:29.399500 #8114]  INFO -- : [51e55c10-246a-4247-8ced-fe2f4159f250]   Parameters: {"id"=>"4114"}
I, [2019-09-09T15:00:29.408451 #17065]  INFO -- : [38e6fa0d-7384-4859-9b71-d93d635ee36f] Completed 200 OK in 9ms (Views: 0.2ms | ActiveRecord: 3.3ms)
I, [2019-09-09T15:00:29.409531 #17065]  INFO -- : [326af020-1e9a-4921-9111-a0ed2e7ab132] Started GET "/developments/554" for 104.207.192.42 at 2019-09-09 15:00:29 -0400
I, [2019-09-09T15:00:29.410087 #17065]  INFO -- : [326af020-1e9a-4921-9111-a0ed2e7ab132] Processing by DevelopmentsController#show as JSONAPI
I, [2019-09-09T15:00:29.410197 #17065]  INFO -- : [326af020-1e9a-4921-9111-a0ed2e7ab132]   Parameters: {"id"=>"554"}
I, [2019-09-09T15:00:29.410673 #8114]  INFO -- : [51e55c10-246a-4247-8ced-fe2f4159f250] Completed 200 OK in 11ms (Views: 0.2ms | ActiveRecord: 4.3ms)
I, [2019-09-09T15:00:29.411594 #8114]  INFO -- : [d8770b79-1a5d-4f57-afbd-e907bf103adb] Started GET "/developments/4821" for 104.207.192.42 at 2019-09-09 15:00:29 -0400
I, [2019-09-09T15:00:29.412339 #8114]  INFO -- : [d8770b79-1a5d-4f57-afbd-e907bf103adb] Processing by DevelopmentsController#show as JSONAPI
I, [2019-09-09T15:00:29.412406 #8114]  INFO -- : [d8770b79-1a5d-4f57-afbd-e907bf103adb]   Parameters: {"id"=>"4821"}
I, [2019-09-09T15:00:29.420350 #17065]  INFO -- : [326af020-1e9a-4921-9111-a0ed2e7ab132] Completed 200 OK in 10ms (Views: 0.2ms | ActiveRecord: 3.3ms)
I, [2019-09-09T15:00:29.421436 #17065]  INFO -- : [270a8dba-82d9-4e26-a4f3-11369eece122] Started GET "/developments/3769" for 104.207.192.42 at 2019-09-09 15:00:29 -0400
I, [2019-09-09T15:00:29.422153 #17065]  INFO -- : [270a8dba-82d9-4e26-a4f3-11369eece122] Processing by DevelopmentsController#show as JSONAPI
I, [2019-09-09T15:00:29.422224 #17065]  INFO -- : [270a8dba-82d9-4e26-a4f3-11369eece122]   Parameters: {"id"=>"3769"}
I, [2019-09-09T15:00:29.422589 #8114]  INFO -- : [d8770b79-1a5d-4f57-afbd-e907bf103adb] Completed 200 OK in 10ms (Views: 0.2ms | ActiveRecord: 3.3ms)
I, [2019-09-09T15:00:29.423438 #8114]  INFO -- : [98204ac3-3461-4776-97a9-bd42fc3ad86f] Started GET "/developments/3098" for 104.207.192.42 at 2019-09-09 15:00:29 -0400
I, [2019-09-09T15:00:29.423881 #8114]  INFO -- : [98204ac3-3461-4776-97a9-bd42fc3ad86f] Processing by DevelopmentsController#show as JSONAPI
I, [2019-09-09T15:00:29.423971 #8114]  INFO -- : [98204ac3-3461-4776-97a9-bd42fc3ad86f]   Parameters: {"id"=>"3098"}
I, [2019-09-09T15:00:29.432258 #17065]  INFO -- : [270a8dba-82d9-4e26-a4f3-11369eece122] Completed 200 OK in 10ms (Views: 0.3ms | ActiveRecord: 3.1ms)
I, [2019-09-09T15:00:29.433274 #17065]  INFO -- : [bfb7fdb9-4723-4bf9-8e24-ee764f8afe44] Started GET "/developments/1965" for 104.207.192.42 at 2019-09-09 15:00:29 -0400
I, [2019-09-09T15:00:29.433776 #17065]  INFO -- : [bfb7fdb9-4723-4bf9-8e24-ee764f8afe44] Processing by DevelopmentsController#show as JSONAPI
I, [2019-09-09T15:00:29.433839 #17065]  INFO -- : [bfb7fdb9-4723-4bf9-8e24-ee764f8afe44]   Parameters: {"id"=>"1965"}
I, [2019-09-09T15:00:29.434447 #8114]  INFO -- : [98204ac3-3461-4776-97a9-bd42fc3ad86f] Completed 200 OK in 10ms (Views: 0.3ms | ActiveRecord: 3.7ms)
I, [2019-09-09T15:00:29.435163 #8114]  INFO -- : [3136a1f1-e0a8-4076-879c-cf3e8821451f] Started GET "/developments/4828" for 104.207.192.42 at 2019-09-09 15:00:29 -0400
I, [2019-09-09T15:00:29.435646 #8114]  INFO -- : [3136a1f1-e0a8-4076-879c-cf3e8821451f] Processing by DevelopmentsController#show as JSONAPI
I, [2019-09-09T15:00:29.435711 #8114]  INFO -- : [3136a1f1-e0a8-4076-879c-cf3e8821451f]   Parameters: {"id"=>"4828"}
I, [2019-09-09T15:00:29.444097 #17065]  INFO -- : [bfb7fdb9-4723-4bf9-8e24-ee764f8afe44] Completed 200 OK in 10ms (Views: 0.2ms | ActiveRecord: 3.3ms)
I, [2019-09-09T15:00:29.444862 #17065]  INFO -- : [e697b39e-7222-44cb-914b-a2b0f71d1969] Started GET "/developments/3200" for 104.207.192.42 at 2019-09-09 15:00:29 -0400
I, [2019-09-09T15:00:29.445406 #17065]  INFO -- : [e697b39e-7222-44cb-914b-a2b0f71d1969] Processing by DevelopmentsController#show as JSONAPI
I, [2019-09-09T15:00:29.445472 #17065]  INFO -- : [e697b39e-7222-44cb-914b-a2b0f71d1969]   Parameters: {"id"=>"3200"}
I, [2019-09-09T15:00:29.446324 #8114]  INFO -- : [3136a1f1-e0a8-4076-879c-cf3e8821451f] Completed 200 OK in 11ms (Views: 0.1ms | ActiveRecord: 3.7ms)
I, [2019-09-09T15:00:29.447103 #8114]  INFO -- : [cc2cf191-b630-49d3-be99-7a101ed857d0] Started GET "/developments/3651" for 104.207.192.42 at 2019-09-09 15:00:29 -0400
I, [2019-09-09T15:00:29.447509 #8114]  INFO -- : [cc2cf191-b630-49d3-be99-7a101ed857d0] Processing by DevelopmentsController#show as JSONAPI
I, [2019-09-09T15:00:29.447554 #8114]  INFO -- : [cc2cf191-b630-49d3-be99-7a101ed857d0]   Parameters: {"id"=>"3651"}
I, [2019-09-09T15:00:29.461139 #8114]  INFO -- : [cc2cf191-b630-49d3-be99-7a101ed857d0] Completed 200 OK in 13ms (Views: 0.2ms | ActiveRecord: 3.2ms)
I, [2019-09-09T15:00:29.462174 #8114]  INFO -- : [54140c9e-5609-4969-8185-ab6bfac88740] Started GET "/developments/611" for 104.207.192.42 at 2019-09-09 15:00:29 -0400
I, [2019-09-09T15:00:29.462733 #8114]  INFO -- : [54140c9e-5609-4969-8185-ab6bfac88740] Processing by DevelopmentsController#show as JSONAPI
I, [2019-09-09T15:00:29.462798 #8114]  INFO -- : [54140c9e-5609-4969-8185-ab6bfac88740]   Parameters: {"id"=>"611"}
I, [2019-09-09T15:00:29.463284 #17065]  INFO -- : [e697b39e-7222-44cb-914b-a2b0f71d1969] Completed 200 OK in 18ms (Views: 0.2ms | ActiveRecord: 4.9ms)
I, [2019-09-09T15:00:29.464264 #17065]  INFO -- : [1df390cf-31a6-44db-afdd-c2e72d1dfa7c] Started GET "/developments/4823" for 104.207.192.42 at 2019-09-09 15:00:29 -0400
I, [2019-09-09T15:00:29.464807 #17065]  INFO -- : [1df390cf-31a6-44db-afdd-c2e72d1dfa7c] Processing by DevelopmentsController#show as JSONAPI
I, [2019-09-09T15:00:29.464873 #17065]  INFO -- : [1df390cf-31a6-44db-afdd-c2e72d1dfa7c]   Parameters: {"id"=>"4823"}
I, [2019-09-09T15:00:29.472412 #8114]  INFO -- : [54140c9e-5609-4969-8185-ab6bfac88740] Completed 200 OK in 10ms (Views: 0.2ms | ActiveRecord: 3.3ms)
I, [2019-09-09T15:00:29.473420 #8114]  INFO -- : [2c66d16a-1c6a-445f-add8-5503b993e98f] Started GET "/developments/235" for 104.207.192.42 at 2019-09-09 15:00:29 -0400
I, [2019-09-09T15:00:29.473971 #8114]  INFO -- : [2c66d16a-1c6a-445f-add8-5503b993e98f] Processing by DevelopmentsController#show as JSONAPI
I, [2019-09-09T15:00:29.474053 #8114]  INFO -- : [2c66d16a-1c6a-445f-add8-5503b993e98f]   Parameters: {"id"=>"235"}
I, [2019-09-09T15:00:29.474818 #17065]  INFO -- : [1df390cf-31a6-44db-afdd-c2e72d1dfa7c] Completed 200 OK in 10ms (Views: 0.1ms | ActiveRecord: 3.3ms)
I, [2019-09-09T15:00:29.475924 #17065]  INFO -- : [4f36a49c-bf97-47ac-ba37-a986e36cc1e7] Started GET "/developments/4822" for 104.207.192.42 at 2019-09-09 15:00:29 -0400
I, [2019-09-09T15:00:29.476532 #17065]  INFO -- : [4f36a49c-bf97-47ac-ba37-a986e36cc1e7] Processing by DevelopmentsController#show as JSONAPI
I, [2019-09-09T15:00:29.476598 #17065]  INFO -- : [4f36a49c-bf97-47ac-ba37-a986e36cc1e7]   Parameters: {"id"=>"4822"}
I, [2019-09-09T15:00:29.485964 #8114]  INFO -- : [2c66d16a-1c6a-445f-add8-5503b993e98f] Completed 200 OK in 12ms (Views: 0.2ms | ActiveRecord: 5.1ms)
I, [2019-09-09T15:00:29.488191 #17065]  INFO -- : [4f36a49c-bf97-47ac-ba37-a986e36cc1e7] Completed 200 OK in 11ms (Views: 0.2ms | ActiveRecord: 4.8ms)
I, [2019-09-09T15:00:29.489316 #17065]  INFO -- : [ad9fad96-4745-488a-9f1c-d5da01b37ef8] Started GET "/developments/1945" for 104.207.192.42 at 2019-09-09 15:00:29 -0400
I, [2019-09-09T15:00:29.489827 #8114]  INFO -- : [578bc4da-6e01-4346-b0c2-1192b50108bd] Started GET "/developments/2094" for 104.207.192.42 at 2019-09-09 15:00:29 -0400
I, [2019-09-09T15:00:29.489856 #17065]  INFO -- : [ad9fad96-4745-488a-9f1c-d5da01b37ef8] Processing by DevelopmentsController#show as JSONAPI
I, [2019-09-09T15:00:29.489922 #17065]  INFO -- : [ad9fad96-4745-488a-9f1c-d5da01b37ef8]   Parameters: {"id"=>"1945"}
I, [2019-09-09T15:00:29.490358 #8114]  INFO -- : [578bc4da-6e01-4346-b0c2-1192b50108bd] Processing by DevelopmentsController#show as JSONAPI
I, [2019-09-09T15:00:29.490406 #8114]  INFO -- : [578bc4da-6e01-4346-b0c2-1192b50108bd]   Parameters: {"id"=>"2094"}
I, [2019-09-09T15:00:29.499390 #17065]  INFO -- : [ad9fad96-4745-488a-9f1c-d5da01b37ef8] Completed 200 OK in 9ms (Views: 0.2ms | ActiveRecord: 3.4ms)
I, [2019-09-09T15:00:29.500606 #17065]  INFO -- : [b718e6c7-c37d-440d-9ed2-cff4df1f15eb] Started GET "/developments/3934" for 104.207.192.42 at 2019-09-09 15:00:29 -0400
I, [2019-09-09T15:00:29.501176 #17065]  INFO -- : [b718e6c7-c37d-440d-9ed2-cff4df1f15eb] Processing by DevelopmentsController#show as JSONAPI
I, [2019-09-09T15:00:29.501243 #17065]  INFO -- : [b718e6c7-c37d-440d-9ed2-cff4df1f15eb]   Parameters: {"id"=>"3934"}
I, [2019-09-09T15:00:29.501803 #8114]  INFO -- : [578bc4da-6e01-4346-b0c2-1192b50108bd] Completed 200 OK in 11ms (Views: 0.2ms | ActiveRecord: 4.4ms)
I, [2019-09-09T15:00:29.502873 #8114]  INFO -- : [5b429f04-54b4-4f91-96ef-23e43a39c39f] Started GET "/developments/4109" for 104.207.192.42 at 2019-09-09 15:00:29 -0400
I, [2019-09-09T15:00:29.503410 #8114]  INFO -- : [5b429f04-54b4-4f91-96ef-23e43a39c39f] Processing by DevelopmentsController#show as JSONAPI
I, [2019-09-09T15:00:29.503476 #8114]  INFO -- : [5b429f04-54b4-4f91-96ef-23e43a39c39f]   Parameters: {"id"=>"4109"}
I, [2019-09-09T15:00:29.510995 #17065]  INFO -- : [b718e6c7-c37d-440d-9ed2-cff4df1f15eb] Completed 200 OK in 10ms (Views: 0.2ms | ActiveRecord: 3.4ms)
I, [2019-09-09T15:00:29.512108 #17065]  INFO -- : [992dd458-95e2-4dba-a5ab-5a43bef4793b] Started GET "/developments/4109" for 104.207.192.42 at 2019-09-09 15:00:29 -0400
I, [2019-09-09T15:00:29.512665 #17065]  INFO -- : [992dd458-95e2-4dba-a5ab-5a43bef4793b] Processing by DevelopmentsController#show as JSONAPI
I, [2019-09-09T15:00:29.512729 #17065]  INFO -- : [992dd458-95e2-4dba-a5ab-5a43bef4793b]   Parameters: {"id"=>"4109"}
I, [2019-09-09T15:00:29.513596 #8114]  INFO -- : [5b429f04-54b4-4f91-96ef-23e43a39c39f] Completed 200 OK in 10ms (Views: 0.7ms | ActiveRecord: 3.2ms)
I, [2019-09-09T15:00:29.514310 #8114]  INFO -- : [44fda8a4-c12b-4edd-9653-1cbf9abf310d] Started GET "/developments/1953" for 104.207.192.42 at 2019-09-09 15:00:29 -0400
