I, [2019-09-05T10:01:07.193486 #13430]  INFO -- : [7169f46c-7956-40a4-8ff6-f3c2e3d84d8d]   Parameters: {"id"=>"4262"}
I, [2019-09-05T10:01:07.194379 #13411]  INFO -- : [6354db4c-0e50-4b87-b1d8-e376d72d2410] Completed 200 OK in 15ms (Views: 0.1ms | ActiveRecord: 8.5ms)
I, [2019-09-05T10:01:07.195630 #13411]  INFO -- : [2eeb21cb-01f6-4657-9fa4-876aea2bfc8b] Started GET "/developments/4807" for 104.207.192.42 at 2019-09-05 10:01:07 -0400
I, [2019-09-05T10:01:07.196155 #13411]  INFO -- : [2eeb21cb-01f6-4657-9fa4-876aea2bfc8b] Processing by DevelopmentsController#show as JSONAPI
I, [2019-09-05T10:01:07.196223 #13411]  INFO -- : [2eeb21cb-01f6-4657-9fa4-876aea2bfc8b]   Parameters: {"id"=>"4807"}
I, [2019-09-05T10:01:07.201520 #6632]  INFO -- : [56cee4d2-8e17-4d64-894e-5c6fb99d0798] Completed 200 OK in 14ms (Views: 0.2ms | ActiveRecord: 7.6ms)
I, [2019-09-05T10:01:07.202232 #6632]  INFO -- : [4ec30a98-be7d-494c-83cb-b3f024a1d9a0] Started GET "/developments/4443" for 104.207.192.42 at 2019-09-05 10:01:07 -0400
I, [2019-09-05T10:01:07.202743 #6632]  INFO -- : [4ec30a98-be7d-494c-83cb-b3f024a1d9a0] Processing by DevelopmentsController#show as JSONAPI
I, [2019-09-05T10:01:07.202793 #6632]  INFO -- : [4ec30a98-be7d-494c-83cb-b3f024a1d9a0]   Parameters: {"id"=>"4443"}
I, [2019-09-05T10:01:07.206943 #13430]  INFO -- : [7169f46c-7956-40a4-8ff6-f3c2e3d84d8d] Completed 200 OK in 13ms (Views: 0.2ms | ActiveRecord: 6.3ms)
I, [2019-09-05T10:01:07.207720 #13411]  INFO -- : [2eeb21cb-01f6-4657-9fa4-876aea2bfc8b] Completed 200 OK in 11ms (Views: 0.2ms | ActiveRecord: 3.7ms)
I, [2019-09-05T10:01:07.209100 #13411]  INFO -- : [b414995a-e97d-4564-83b5-aa9575baa219] Started GET "/developments/4810" for 104.207.192.42 at 2019-09-05 10:01:07 -0400
I, [2019-09-05T10:01:07.209578 #13430]  INFO -- : [36190010-1955-4427-8095-b8e02fcd6b79] Started GET "/developments/4809" for 104.207.192.42 at 2019-09-05 10:01:07 -0400
I, [2019-09-05T10:01:07.209662 #13411]  INFO -- : [b414995a-e97d-4564-83b5-aa9575baa219] Processing by DevelopmentsController#show as JSONAPI
I, [2019-09-05T10:01:07.209725 #13411]  INFO -- : [b414995a-e97d-4564-83b5-aa9575baa219]   Parameters: {"id"=>"4810"}
I, [2019-09-05T10:01:07.210113 #13430]  INFO -- : [36190010-1955-4427-8095-b8e02fcd6b79] Processing by DevelopmentsController#show as JSONAPI
I, [2019-09-05T10:01:07.210161 #13430]  INFO -- : [36190010-1955-4427-8095-b8e02fcd6b79]   Parameters: {"id"=>"4809"}
I, [2019-09-05T10:01:07.216860 #6632]  INFO -- : [4ec30a98-be7d-494c-83cb-b3f024a1d9a0] Completed 200 OK in 14ms (Views: 0.1ms | ActiveRecord: 8.0ms)
I, [2019-09-05T10:01:07.218513 #6632]  INFO -- : [447e89e9-b30d-47e8-b3b1-f167e8230c23] Started GET "/developments/4776" for 104.207.192.42 at 2019-09-05 10:01:07 -0400
I, [2019-09-05T10:01:07.218884 #6632]  INFO -- : [447e89e9-b30d-47e8-b3b1-f167e8230c23] Processing by DevelopmentsController#show as JSONAPI
I, [2019-09-05T10:01:07.218932 #6632]  INFO -- : [447e89e9-b30d-47e8-b3b1-f167e8230c23]   Parameters: {"id"=>"4776"}
I, [2019-09-05T10:01:07.221102 #13430]  INFO -- : [36190010-1955-4427-8095-b8e02fcd6b79] Completed 200 OK in 11ms (Views: 0.2ms | ActiveRecord: 4.8ms)
I, [2019-09-05T10:01:07.221578 #13411]  INFO -- : [b414995a-e97d-4564-83b5-aa9575baa219] Completed 200 OK in 12ms (Views: 0.2ms | ActiveRecord: 5.6ms)
I, [2019-09-05T10:01:07.222714 #13430]  INFO -- : [53b9a535-7c3c-462d-b2e6-4b9eeda18162] Started GET "/developments/4777" for 104.207.192.42 at 2019-09-05 10:01:07 -0400
I, [2019-09-05T10:01:07.223238 #13430]  INFO -- : [53b9a535-7c3c-462d-b2e6-4b9eeda18162] Processing by DevelopmentsController#show as JSONAPI
I, [2019-09-05T10:01:07.223302 #13430]  INFO -- : [53b9a535-7c3c-462d-b2e6-4b9eeda18162]   Parameters: {"id"=>"4777"}
I, [2019-09-05T10:01:07.223688 #13411]  INFO -- : [1d2afe03-2ffd-4358-accb-514601f63e2c] Started GET "/developments/4778" for 104.207.192.42 at 2019-09-05 10:01:07 -0400
I, [2019-09-05T10:01:07.224312 #13411]  INFO -- : [1d2afe03-2ffd-4358-accb-514601f63e2c] Processing by DevelopmentsController#show as JSONAPI
I, [2019-09-05T10:01:07.224362 #13411]  INFO -- : [1d2afe03-2ffd-4358-accb-514601f63e2c]   Parameters: {"id"=>"4778"}
I, [2019-09-05T10:01:07.232486 #6632]  INFO -- : [447e89e9-b30d-47e8-b3b1-f167e8230c23] Completed 200 OK in 13ms (Views: 0.2ms | ActiveRecord: 4.8ms)
I, [2019-09-05T10:01:07.234225 #13430]  INFO -- : [53b9a535-7c3c-462d-b2e6-4b9eeda18162] Completed 200 OK in 11ms (Views: 0.4ms | ActiveRecord: 3.7ms)
I, [2019-09-05T10:01:07.236054 #13430]  INFO -- : [d6d913ca-846b-4b45-9852-36cd5d8368c2] Started GET "/developments/4454" for 104.207.192.42 at 2019-09-05 10:01:07 -0400
I, [2019-09-05T10:01:07.236764 #13430]  INFO -- : [d6d913ca-846b-4b45-9852-36cd5d8368c2] Processing by DevelopmentsController#show as JSONAPI
I, [2019-09-05T10:01:07.236832 #13430]  INFO -- : [d6d913ca-846b-4b45-9852-36cd5d8368c2]   Parameters: {"id"=>"4454"}
I, [2019-09-05T10:01:07.236893 #6632]  INFO -- : [16b0e11b-3f9b-438c-a32e-4c7926fee5d1] Started GET "/developments/4817" for 104.207.192.42 at 2019-09-05 10:01:07 -0400
I, [2019-09-05T10:01:07.237544 #6632]  INFO -- : [16b0e11b-3f9b-438c-a32e-4c7926fee5d1] Processing by DevelopmentsController#show as JSONAPI
I, [2019-09-05T10:01:07.237611 #6632]  INFO -- : [16b0e11b-3f9b-438c-a32e-4c7926fee5d1]   Parameters: {"id"=>"4817"}
I, [2019-09-05T10:01:07.239374 #13411]  INFO -- : [1d2afe03-2ffd-4358-accb-514601f63e2c] Completed 200 OK in 15ms (Views: 0.2ms | ActiveRecord: 7.4ms)
I, [2019-09-05T10:01:07.241120 #13411]  INFO -- : [17ca5116-1d77-43ae-a484-85ab1beb0c0e] Started GET "/developments/3341" for 104.207.192.42 at 2019-09-05 10:01:07 -0400
I, [2019-09-05T10:01:07.241669 #13411]  INFO -- : [17ca5116-1d77-43ae-a484-85ab1beb0c0e] Processing by DevelopmentsController#show as JSONAPI
I, [2019-09-05T10:01:07.241731 #13411]  INFO -- : [17ca5116-1d77-43ae-a484-85ab1beb0c0e]   Parameters: {"id"=>"3341"}
I, [2019-09-05T10:01:07.248171 #13430]  INFO -- : [d6d913ca-846b-4b45-9852-36cd5d8368c2] Completed 200 OK in 11ms (Views: 0.2ms | ActiveRecord: 4.4ms)
I, [2019-09-05T10:01:07.249049 #13430]  INFO -- : [29354122-3497-4e0f-b562-9ca89c913aba] Started GET "/developments/2533" for 104.207.192.42 at 2019-09-05 10:01:07 -0400
I, [2019-09-05T10:01:07.249577 #13430]  INFO -- : [29354122-3497-4e0f-b562-9ca89c913aba] Processing by DevelopmentsController#show as JSONAPI
I, [2019-09-05T10:01:07.249627 #13430]  INFO -- : [29354122-3497-4e0f-b562-9ca89c913aba]   Parameters: {"id"=>"2533"}
I, [2019-09-05T10:01:07.252163 #6632]  INFO -- : [16b0e11b-3f9b-438c-a32e-4c7926fee5d1] Completed 200 OK in 14ms (Views: 0.2ms | ActiveRecord: 6.6ms)
I, [2019-09-05T10:01:07.254891 #13411]  INFO -- : [17ca5116-1d77-43ae-a484-85ab1beb0c0e] Completed 200 OK in 13ms (Views: 0.2ms | ActiveRecord: 6.5ms)
I, [2019-09-05T10:01:07.256325 #6632]  INFO -- : [ab1ab541-a919-4972-9f84-2c5375ee3a5e] Started GET "/developments/974" for 104.207.192.42 at 2019-09-05 10:01:07 -0400
I, [2019-09-05T10:01:07.256701 #6632]  INFO -- : [ab1ab541-a919-4972-9f84-2c5375ee3a5e] Processing by DevelopmentsController#show as JSONAPI
I, [2019-09-05T10:01:07.256745 #6632]  INFO -- : [ab1ab541-a919-4972-9f84-2c5375ee3a5e]   Parameters: {"id"=>"974"}
I, [2019-09-05T10:01:07.261565 #13430]  INFO -- : [29354122-3497-4e0f-b562-9ca89c913aba] Completed 200 OK in 12ms (Views: 0.2ms | ActiveRecord: 5.4ms)
I, [2019-09-05T10:01:07.262575 #13430]  INFO -- : [86bcdcf5-39ff-40bf-aa3c-40d92e2c92c3] Started GET "/developments/1582" for 104.207.192.42 at 2019-09-05 10:01:07 -0400
I, [2019-09-05T10:01:07.262620 #13411]  INFO -- : [eb731e0f-9680-466b-a7fb-8fc973e9f559] Started GET "/developments/2743" for 104.207.192.42 at 2019-09-05 10:01:07 -0400
I, [2019-09-05T10:01:07.263073 #13430]  INFO -- : [86bcdcf5-39ff-40bf-aa3c-40d92e2c92c3] Processing by DevelopmentsController#show as JSONAPI
I, [2019-09-05T10:01:07.263099 #13411]  INFO -- : [eb731e0f-9680-466b-a7fb-8fc973e9f559] Processing by DevelopmentsController#show as JSONAPI
I, [2019-09-05T10:01:07.263134 #13430]  INFO -- : [86bcdcf5-39ff-40bf-aa3c-40d92e2c92c3]   Parameters: {"id"=>"1582"}
I, [2019-09-05T10:01:07.263149 #13411]  INFO -- : [eb731e0f-9680-466b-a7fb-8fc973e9f559]   Parameters: {"id"=>"2743"}
I, [2019-09-05T10:01:07.268507 #6632]  INFO -- : [ab1ab541-a919-4972-9f84-2c5375ee3a5e] Completed 200 OK in 12ms (Views: 0.1ms | ActiveRecord: 5.7ms)
I, [2019-09-05T10:01:07.270843 #6632]  INFO -- : [5d1377bb-7b6b-4ae5-9a81-c6f5b73bd7f6] Started GET "/developments/4818" for 104.207.192.42 at 2019-09-05 10:01:07 -0400
I, [2019-09-05T10:01:07.271369 #6632]  INFO -- : [5d1377bb-7b6b-4ae5-9a81-c6f5b73bd7f6] Processing by DevelopmentsController#show as JSONAPI
I, [2019-09-05T10:01:07.271435 #6632]  INFO -- : [5d1377bb-7b6b-4ae5-9a81-c6f5b73bd7f6]   Parameters: {"id"=>"4818"}
I, [2019-09-05T10:01:07.272952 #13430]  INFO -- : [86bcdcf5-39ff-40bf-aa3c-40d92e2c92c3] Completed 200 OK in 10ms (Views: 0.1ms | ActiveRecord: 3.5ms)
I, [2019-09-05T10:01:07.273917 #13430]  INFO -- : [a21b3869-f416-40d0-9e14-59fc28b637e7] Started GET "/developments/4786" for 104.207.192.42 at 2019-09-05 10:01:07 -0400
I, [2019-09-05T10:01:07.274438 #13430]  INFO -- : [a21b3869-f416-40d0-9e14-59fc28b637e7] Processing by DevelopmentsController#show as JSONAPI
I, [2019-09-05T10:01:07.274502 #13430]  INFO -- : [a21b3869-f416-40d0-9e14-59fc28b637e7]   Parameters: {"id"=>"4786"}
I, [2019-09-05T10:01:07.277633 #13411]  INFO -- : [eb731e0f-9680-466b-a7fb-8fc973e9f559] Completed 200 OK in 14ms (Views: 0.1ms | ActiveRecord: 6.8ms)
I, [2019-09-05T10:01:07.279156 #13411]  INFO -- : [b8a721dd-8628-4a29-8906-af0dc25d455e] Started GET "/developments/3859" for 104.207.192.42 at 2019-09-05 10:01:07 -0400
I, [2019-09-05T10:01:07.279687 #13411]  INFO -- : [b8a721dd-8628-4a29-8906-af0dc25d455e] Processing by DevelopmentsController#show as JSONAPI
I, [2019-09-05T10:01:07.279752 #13411]  INFO -- : [b8a721dd-8628-4a29-8906-af0dc25d455e]   Parameters: {"id"=>"3859"}
I, [2019-09-05T10:01:07.284100 #6632]  INFO -- : [5d1377bb-7b6b-4ae5-9a81-c6f5b73bd7f6] Completed 200 OK in 13ms (Views: 0.2ms | ActiveRecord: 4.4ms)
I, [2019-09-05T10:01:07.285790 #6632]  INFO -- : [a0717c75-9246-440a-bdb9-3bb0fd788cf0] Started GET "/developments/4814" for 104.207.192.42 at 2019-09-05 10:01:07 -0400
I, [2019-09-05T10:01:07.286381 #6632]  INFO -- : [a0717c75-9246-440a-bdb9-3bb0fd788cf0] Processing by DevelopmentsController#show as JSONAPI
I, [2019-09-05T10:01:07.286451 #6632]  INFO -- : [a0717c75-9246-440a-bdb9-3bb0fd788cf0]   Parameters: {"id"=>"4814"}
I, [2019-09-05T10:01:07.288367 #13430]  INFO -- : [a21b3869-f416-40d0-9e14-59fc28b637e7] Completed 200 OK in 14ms (Views: 0.2ms | ActiveRecord: 7.8ms)
I, [2019-09-05T10:01:07.290249 #13430]  INFO -- : [2f6c8ed1-2aef-4140-92cd-1c3f1b085cc2] Started GET "/developments/4872" for 104.207.192.42 at 2019-09-05 10:01:07 -0400
I, [2019-09-05T10:01:07.290771 #13430]  INFO -- : [2f6c8ed1-2aef-4140-92cd-1c3f1b085cc2] Processing by DevelopmentsController#show as JSONAPI
I, [2019-09-05T10:01:07.290835 #13430]  INFO -- : [2f6c8ed1-2aef-4140-92cd-1c3f1b085cc2]   Parameters: {"id"=>"4872"}
I, [2019-09-05T10:01:07.291368 #13411]  INFO -- : [b8a721dd-8628-4a29-8906-af0dc25d455e] Completed 200 OK in 11ms (Views: 0.2ms | ActiveRecord: 3.9ms)
I, [2019-09-05T10:01:07.292710 #13411]  INFO -- : [fd001df1-6bb9-4a99-902d-eb31732a48c4] Started GET "/developments/4887" for 104.207.192.42 at 2019-09-05 10:01:07 -0400
I, [2019-09-05T10:01:07.293248 #13411]  INFO -- : [fd001df1-6bb9-4a99-902d-eb31732a48c4] Processing by DevelopmentsController#show as JSONAPI
I, [2019-09-05T10:01:07.293330 #13411]  INFO -- : [fd001df1-6bb9-4a99-902d-eb31732a48c4]   Parameters: {"id"=>"4887"}
I, [2019-09-05T10:01:07.300226 #6632]  INFO -- : [a0717c75-9246-440a-bdb9-3bb0fd788cf0] Completed 200 OK in 14ms (Views: 0.2ms | ActiveRecord: 6.9ms)
I, [2019-09-05T10:01:07.301634 #6632]  INFO -- : [dedfda04-8813-4a0a-8e30-c341c78f8d7d] Started GET "/developments/4308" for 104.207.192.42 at 2019-09-05 10:01:07 -0400
I, [2019-09-05T10:01:07.302158 #6632]  INFO -- : [dedfda04-8813-4a0a-8e30-c341c78f8d7d] Processing by DevelopmentsController#show as JSONAPI
I, [2019-09-05T10:01:07.302226 #6632]  INFO -- : [dedfda04-8813-4a0a-8e30-c341c78f8d7d]   Parameters: {"id"=>"4308"}
I, [2019-09-05T10:01:07.302972 #13430]  INFO -- : [2f6c8ed1-2aef-4140-92cd-1c3f1b085cc2] Completed 200 OK in 12ms (Views: 0.2ms | ActiveRecord: 3.7ms)
I, [2019-09-05T10:01:07.304645 #13430]  INFO -- : [966be96a-cf60-4f50-b7d6-5cca3660e7c0] Started GET "/developments/19" for 104.207.192.42 at 2019-09-05 10:01:07 -0400
I, [2019-09-05T10:01:07.305119 #13430]  INFO -- : [966be96a-cf60-4f50-b7d6-5cca3660e7c0] Processing by DevelopmentsController#show as JSONAPI
I, [2019-09-05T10:01:07.305182 #13430]  INFO -- : [966be96a-cf60-4f50-b7d6-5cca3660e7c0]   Parameters: {"id"=>"19"}
I, [2019-09-05T10:01:07.306797 #13411]  INFO -- : [fd001df1-6bb9-4a99-902d-eb31732a48c4] Completed 200 OK in 13ms (Views: 0.1ms | ActiveRecord: 6.5ms)
I, [2019-09-05T10:01:07.309026 #13411]  INFO -- : [f1ef8b49-200d-4f60-a31e-9909da6c964c] Started GET "/developments/2019" for 104.207.192.42 at 2019-09-05 10:01:07 -0400
I, [2019-09-05T10:01:07.309566 #13411]  INFO -- : [f1ef8b49-200d-4f60-a31e-9909da6c964c] Processing by DevelopmentsController#show as JSONAPI
I, [2019-09-05T10:01:07.309630 #13411]  INFO -- : [f1ef8b49-200d-4f60-a31e-9909da6c964c]   Parameters: {"id"=>"2019"}
I, [2019-09-05T10:01:07.316416 #13430]  INFO -- : [966be96a-cf60-4f50-b7d6-5cca3660e7c0] Completed 200 OK in 11ms (Views: 0.2ms | ActiveRecord: 4.1ms)
I, [2019-09-05T10:01:07.318749 #13430]  INFO -- : [a52d17c5-e936-4ad7-8d00-a9241634ab30] Started GET "/developments/2376" for 104.207.192.42 at 2019-09-05 10:01:07 -0400
I, [2019-09-05T10:01:07.319305 #13430]  INFO -- : [a52d17c5-e936-4ad7-8d00-a9241634ab30] Processing by DevelopmentsController#show as JSONAPI
I, [2019-09-05T10:01:07.319374 #13430]  INFO -- : [a52d17c5-e936-4ad7-8d00-a9241634ab30]   Parameters: {"id"=>"2376"}
I, [2019-09-05T10:01:07.320462 #6632]  INFO -- : [dedfda04-8813-4a0a-8e30-c341c78f8d7d] Completed 200 OK in 18ms (Views: 0.2ms | ActiveRecord: 8.2ms)
I, [2019-09-05T10:01:07.321802 #6632]  INFO -- : [811f86ff-9f55-4bd9-8359-bea87936375f] Started GET "/developments/589" for 104.207.192.42 at 2019-09-05 10:01:07 -0400
I, [2019-09-05T10:01:07.322311 #13411]  INFO -- : [f1ef8b49-200d-4f60-a31e-9909da6c964c] Completed 200 OK in 13ms (Views: 0.2ms | ActiveRecord: 6.3ms)
I, [2019-09-05T10:01:07.322344 #6632]  INFO -- : [811f86ff-9f55-4bd9-8359-bea87936375f] Processing by DevelopmentsController#show as JSONAPI
I, [2019-09-05T10:01:07.322409 #6632]  INFO -- : [811f86ff-9f55-4bd9-8359-bea87936375f]   Parameters: {"id"=>"589"}
I, [2019-09-05T10:01:07.323177 #13411]  INFO -- : [c66a340f-7884-48bf-931b-8591b690e458] Started GET "/developments/3741" for 104.207.192.42 at 2019-09-05 10:01:07 -0400
I, [2019-09-05T10:01:07.323738 #13411]  INFO -- : [c66a340f-7884-48bf-931b-8591b690e458] Processing by DevelopmentsController#show as JSONAPI
I, [2019-09-05T10:01:07.323806 #13411]  INFO -- : [c66a340f-7884-48bf-931b-8591b690e458]   Parameters: {"id"=>"3741"}
I, [2019-09-05T10:01:07.333405 #13430]  INFO -- : [a52d17c5-e936-4ad7-8d00-a9241634ab30] Completed 200 OK in 14ms (Views: 0.2ms | ActiveRecord: 6.6ms)
I, [2019-09-05T10:01:07.334524 #13430]  INFO -- : [79ab307d-b954-4b35-bedb-f59d8e428096] Started GET "/developments/2926" for 104.207.192.42 at 2019-09-05 10:01:07 -0400
I, [2019-09-05T10:01:07.335157 #13430]  INFO -- : [79ab307d-b954-4b35-bedb-f59d8e428096] Processing by DevelopmentsController#show as JSONAPI
I, [2019-09-05T10:01:07.335223 #13430]  INFO -- : [79ab307d-b954-4b35-bedb-f59d8e428096]   Parameters: {"id"=>"2926"}
I, [2019-09-05T10:01:07.338183 #13411]  INFO -- : [c66a340f-7884-48bf-931b-8591b690e458] Completed 200 OK in 14ms (Views: 0.3ms | ActiveRecord: 6.8ms)
I, [2019-09-05T10:01:07.338826 #6632]  INFO -- : [811f86ff-9f55-4bd9-8359-bea87936375f] Completed 200 OK in 16ms (Views: 0.3ms | ActiveRecord: 6.9ms)
I, [2019-09-05T10:01:07.340700 #13411]  INFO -- : [36f6bd1f-1fab-471d-a278-ad26a1602e4d] Started GET "/developments/2545" for 104.207.192.42 at 2019-09-05 10:01:07 -0400
I, [2019-09-05T10:01:07.341395 #13411]  INFO -- : [36f6bd1f-1fab-471d-a278-ad26a1602e4d] Processing by DevelopmentsController#show as JSONAPI
I, [2019-09-05T10:01:07.341457 #13411]  INFO -- : [36f6bd1f-1fab-471d-a278-ad26a1602e4d]   Parameters: {"id"=>"2545"}
I, [2019-09-05T10:01:07.342458 #6632]  INFO -- : [5107c991-901b-44e5-89fd-8b25c0d732d4] Started GET "/developments/4399" for 104.207.192.42 at 2019-09-05 10:01:07 -0400
I, [2019-09-05T10:01:07.343169 #6632]  INFO -- : [5107c991-901b-44e5-89fd-8b25c0d732d4] Processing by DevelopmentsController#show as JSONAPI
I, [2019-09-05T10:01:07.343234 #6632]  INFO -- : [5107c991-901b-44e5-89fd-8b25c0d732d4]   Parameters: {"id"=>"4399"}
I, [2019-09-05T10:01:07.353643 #13411]  INFO -- : [36f6bd1f-1fab-471d-a278-ad26a1602e4d] Completed 200 OK in 12ms (Views: 0.2ms | ActiveRecord: 3.6ms)
I, [2019-09-05T10:01:07.354642 #13411]  INFO -- : [405dc60c-35d0-4e10-9961-9511f7c127db] Started GET "/developments/1341" for 104.207.192.42 at 2019-09-05 10:01:07 -0400
I, [2019-09-05T10:01:07.355176 #13411]  INFO -- : [405dc60c-35d0-4e10-9961-9511f7c127db] Processing by DevelopmentsController#show as JSONAPI
I, [2019-09-05T10:01:07.355239 #13411]  INFO -- : [405dc60c-35d0-4e10-9961-9511f7c127db]   Parameters: {"id"=>"1341"}
I, [2019-09-05T10:01:07.355320 #13430]  INFO -- : [79ab307d-b954-4b35-bedb-f59d8e428096] Completed 200 OK in 20ms (Views: 0.3ms | ActiveRecord: 11.9ms)
I, [2019-09-05T10:01:07.356434 #13430]  INFO -- : [929422bc-65d3-4b25-affa-a33c496c8f9e] Started GET "/developments/337" for 104.207.192.42 at 2019-09-05 10:01:07 -0400
I, [2019-09-05T10:01:07.357049 #13430]  INFO -- : [929422bc-65d3-4b25-affa-a33c496c8f9e] Processing by DevelopmentsController#show as JSONAPI
I, [2019-09-05T10:01:07.357145 #13430]  INFO -- : [929422bc-65d3-4b25-affa-a33c496c8f9e]   Parameters: {"id"=>"337"}
I, [2019-09-05T10:01:07.359529 #6632]  INFO -- : [5107c991-901b-44e5-89fd-8b25c0d732d4] Completed 200 OK in 16ms (Views: 0.2ms | ActiveRecord: 9.0ms)
I, [2019-09-05T10:01:07.360649 #6632]  INFO -- : [87ccab53-dde4-4811-8989-063b1d05a14a] Started GET "/developments/2347" for 104.207.192.42 at 2019-09-05 10:01:07 -0400
I, [2019-09-05T10:01:07.361035 #6632]  INFO -- : [87ccab53-dde4-4811-8989-063b1d05a14a] Processing by DevelopmentsController#show as JSONAPI
I, [2019-09-05T10:01:07.361080 #6632]  INFO -- : [87ccab53-dde4-4811-8989-063b1d05a14a]   Parameters: {"id"=>"2347"}
I, [2019-09-05T10:01:07.365298 #13411]  INFO -- : [405dc60c-35d0-4e10-9961-9511f7c127db] Completed 200 OK in 10ms (Views: 0.2ms | ActiveRecord: 3.4ms)
I, [2019-09-05T10:01:07.366233 #13411]  INFO -- : [43385d02-e212-42f0-90e5-41e94d7195fc] Started GET "/developments/2790" for 104.207.192.42 at 2019-09-05 10:01:07 -0400
I, [2019-09-05T10:01:07.366597 #13411]  INFO -- : [43385d02-e212-42f0-90e5-41e94d7195fc] Processing by DevelopmentsController#show as JSONAPI
I, [2019-09-05T10:01:07.366674 #13411]  INFO -- : [43385d02-e212-42f0-90e5-41e94d7195fc]   Parameters: {"id"=>"2790"}
I, [2019-09-05T10:01:07.375683 #6632]  INFO -- : [87ccab53-dde4-4811-8989-063b1d05a14a] Completed 200 OK in 15ms (Views: 0.2ms | ActiveRecord: 4.3ms)
I, [2019-09-05T10:01:07.376190 #13430]  INFO -- : [929422bc-65d3-4b25-affa-a33c496c8f9e] Completed 200 OK in 19ms (Views: 0.2ms | ActiveRecord: 9.7ms)
I, [2019-09-05T10:01:07.376853 #6632]  INFO -- : [0aa37b44-6459-487e-ba9f-494ad4063c04] Started GET "/developments/4360" for 104.207.192.42 at 2019-09-05 10:01:07 -0400
I, [2019-09-05T10:01:07.377390 #6632]  INFO -- : [0aa37b44-6459-487e-ba9f-494ad4063c04] Processing by DevelopmentsController#show as JSONAPI
I, [2019-09-05T10:01:07.377457 #6632]  INFO -- : [0aa37b44-6459-487e-ba9f-494ad4063c04]   Parameters: {"id"=>"4360"}
I, [2019-09-05T10:01:07.378218 #13430]  INFO -- : [5960357b-2487-4d7a-890c-83808b26708a] Started GET "/developments/2631" for 104.207.192.42 at 2019-09-05 10:01:07 -0400
I, [2019-09-05T10:01:07.378801 #13430]  INFO -- : [5960357b-2487-4d7a-890c-83808b26708a] Processing by DevelopmentsController#show as JSONAPI
I, [2019-09-05T10:01:07.378865 #13430]  INFO -- : [5960357b-2487-4d7a-890c-83808b26708a]   Parameters: {"id"=>"2631"}
I, [2019-09-05T10:01:07.380448 #13411]  INFO -- : [43385d02-e212-42f0-90e5-41e94d7195fc] Completed 200 OK in 14ms (Views: 0.2ms | ActiveRecord: 7.3ms)
I, [2019-09-05T10:01:07.381470 #13411]  INFO -- : [6bed4f92-32e9-44bd-9cc1-a5da774ab757] Started GET "/developments/4579" for 104.207.192.42 at 2019-09-05 10:01:07 -0400
I, [2019-09-05T10:01:07.382028 #13411]  INFO -- : [6bed4f92-32e9-44bd-9cc1-a5da774ab757] Processing by DevelopmentsController#show as JSONAPI
I, [2019-09-05T10:01:07.382091 #13411]  INFO -- : [6bed4f92-32e9-44bd-9cc1-a5da774ab757]   Parameters: {"id"=>"4579"}
I, [2019-09-05T10:01:07.393780 #6632]  INFO -- : [0aa37b44-6459-487e-ba9f-494ad4063c04] Completed 200 OK in 16ms (Views: 0.2ms | ActiveRecord: 8.5ms)
I, [2019-09-05T10:01:07.394859 #6632]  INFO -- : [23929b36-4a63-45cb-8fd3-154aadcbbd51] Started GET "/developments/3392" for 104.207.192.42 at 2019-09-05 10:01:07 -0400
I, [2019-09-05T10:01:07.395405 #6632]  INFO -- : [23929b36-4a63-45cb-8fd3-154aadcbbd51] Processing by DevelopmentsController#show as JSONAPI
I, [2019-09-05T10:01:07.395473 #6632]  INFO -- : [23929b36-4a63-45cb-8fd3-154aadcbbd51]   Parameters: {"id"=>"3392"}
I, [2019-09-05T10:01:07.397838 #13430]  INFO -- : [5960357b-2487-4d7a-890c-83808b26708a] Completed 200 OK in 19ms (Views: 0.4ms | ActiveRecord: 11.0ms)
I, [2019-09-05T10:01:07.398275 #13411]  INFO -- : [6bed4f92-32e9-44bd-9cc1-a5da774ab757] Completed 200 OK in 16ms (Views: 0.2ms | ActiveRecord: 9.1ms)
I, [2019-09-05T10:01:07.399516 #13430]  INFO -- : [fc526bf7-0e47-428e-b626-71e98360d02e] Started GET "/developments/326" for 104.207.192.42 at 2019-09-05 10:01:07 -0400
I, [2019-09-05T10:01:07.400142 #13430]  INFO -- : [fc526bf7-0e47-428e-b626-71e98360d02e] Processing by DevelopmentsController#show as JSONAPI
I, [2019-09-05T10:01:07.400210 #13430]  INFO -- : [fc526bf7-0e47-428e-b626-71e98360d02e]   Parameters: {"id"=>"326"}
I, [2019-09-05T10:01:07.400316 #13411]  INFO -- : [72ca5dc4-514b-4ae3-9358-5ac9fb57ba5c] Started GET "/developments/2031" for 104.207.192.42 at 2019-09-05 10:01:07 -0400
I, [2019-09-05T10:01:07.401588 #13411]  INFO -- : [72ca5dc4-514b-4ae3-9358-5ac9fb57ba5c] Processing by DevelopmentsController#show as JSONAPI
I, [2019-09-05T10:01:07.401656 #13411]  INFO -- : [72ca5dc4-514b-4ae3-9358-5ac9fb57ba5c]   Parameters: {"id"=>"2031"}
I, [2019-09-05T10:01:07.407975 #6632]  INFO -- : [23929b36-4a63-45cb-8fd3-154aadcbbd51] Completed 200 OK in 12ms (Views: 0.2ms | ActiveRecord: 3.4ms)
I, [2019-09-05T10:01:07.408774 #6632]  INFO -- : [e9b3a567-288d-4871-a644-1762243c7f63] Started GET "/developments/2351" for 104.207.192.42 at 2019-09-05 10:01:07 -0400
I, [2019-09-05T10:01:07.409343 #6632]  INFO -- : [e9b3a567-288d-4871-a644-1762243c7f63] Processing by DevelopmentsController#show as JSONAPI
I, [2019-09-05T10:01:07.409411 #6632]  INFO -- : [e9b3a567-288d-4871-a644-1762243c7f63]   Parameters: {"id"=>"2351"}
I, [2019-09-05T10:01:07.412520 #13430]  INFO -- : [fc526bf7-0e47-428e-b626-71e98360d02e] Completed 200 OK in 12ms (Views: 0.2ms | ActiveRecord: 5.0ms)
I, [2019-09-05T10:01:07.412877 #13411]  INFO -- : [72ca5dc4-514b-4ae3-9358-5ac9fb57ba5c] Completed 200 OK in 11ms (Views: 0.2ms | ActiveRecord: 4.6ms)
I, [2019-09-05T10:01:07.414346 #13430]  INFO -- : [26da6606-9f0d-4d95-a393-92ea4f6d773f] Started GET "/developments/325" for 104.207.192.42 at 2019-09-05 10:01:07 -0400
I, [2019-09-05T10:01:07.414735 #13411]  INFO -- : [aba25159-b64a-4d3f-8cb2-7e20848e67ac] Started GET "/developments/4414" for 104.207.192.42 at 2019-09-05 10:01:07 -0400
I, [2019-09-05T10:01:07.414873 #13430]  INFO -- : [26da6606-9f0d-4d95-a393-92ea4f6d773f] Processing by DevelopmentsController#show as JSONAPI
I, [2019-09-05T10:01:07.414935 #13430]  INFO -- : [26da6606-9f0d-4d95-a393-92ea4f6d773f]   Parameters: {"id"=>"325"}
I, [2019-09-05T10:01:07.415237 #13411]  INFO -- : [aba25159-b64a-4d3f-8cb2-7e20848e67ac] Processing by DevelopmentsController#show as JSONAPI
I, [2019-09-05T10:01:07.415299 #13411]  INFO -- : [aba25159-b64a-4d3f-8cb2-7e20848e67ac]   Parameters: {"id"=>"4414"}
I, [2019-09-05T10:01:07.423472 #6632]  INFO -- : [e9b3a567-288d-4871-a644-1762243c7f63] Completed 200 OK in 14ms (Views: 0.2ms | ActiveRecord: 7.6ms)
I, [2019-09-05T10:01:07.425175 #6632]  INFO -- : [1365767c-6405-4b9c-9533-ad4e114781bc] Started GET "/developments/3617" for 104.207.192.42 at 2019-09-05 10:01:07 -0400
I, [2019-09-05T10:01:07.425771 #6632]  INFO -- : [1365767c-6405-4b9c-9533-ad4e114781bc] Processing by DevelopmentsController#show as JSONAPI
I, [2019-09-05T10:01:07.425839 #6632]  INFO -- : [1365767c-6405-4b9c-9533-ad4e114781bc]   Parameters: {"id"=>"3617"}
I, [2019-09-05T10:01:07.427367 #13411]  INFO -- : [aba25159-b64a-4d3f-8cb2-7e20848e67ac] Completed 200 OK in 12ms (Views: 0.2ms | ActiveRecord: 5.6ms)
I, [2019-09-05T10:01:07.428492 #13430]  INFO -- : [26da6606-9f0d-4d95-a393-92ea4f6d773f] Completed 200 OK in 13ms (Views: 0.2ms | ActiveRecord: 7.0ms)
I, [2019-09-05T10:01:07.429255 #13430]  INFO -- : [3d34e5a4-814f-4137-8307-b02d51764bbe] Started GET "/developments/2094" for 104.207.192.42 at 2019-09-05 10:01:07 -0400
I, [2019-09-05T10:01:07.429884 #13430]  INFO -- : [3d34e5a4-814f-4137-8307-b02d51764bbe] Processing by DevelopmentsController#show as JSONAPI
I, [2019-09-05T10:01:07.429949 #13430]  INFO -- : [3d34e5a4-814f-4137-8307-b02d51764bbe]   Parameters: {"id"=>"2094"}
I, [2019-09-05T10:01:07.429785 #13411]  INFO -- : [f7d97446-879a-407b-9950-5fe322aa245d] Started GET "/developments/1798" for 104.207.192.42 at 2019-09-05 10:01:07 -0400
I, [2019-09-05T10:01:07.430645 #13411]  INFO -- : [f7d97446-879a-407b-9950-5fe322aa245d] Processing by DevelopmentsController#show as JSONAPI
I, [2019-09-05T10:01:07.430711 #13411]  INFO -- : [f7d97446-879a-407b-9950-5fe322aa245d]   Parameters: {"id"=>"1798"}
I, [2019-09-05T10:01:07.440409 #6632]  INFO -- : [1365767c-6405-4b9c-9533-ad4e114781bc] Completed 200 OK in 14ms (Views: 0.2ms | ActiveRecord: 4.4ms)
I, [2019-09-05T10:01:07.442290 #6632]  INFO -- : [269a5ff9-5519-4687-a786-5b165eb195c8] Started GET "/developments/2169" for 104.207.192.42 at 2019-09-05 10:01:07 -0400
I, [2019-09-05T10:01:07.442633 #13430]  INFO -- : [3d34e5a4-814f-4137-8307-b02d51764bbe] Completed 200 OK in 13ms (Views: 0.2ms | ActiveRecord: 5.5ms)
I, [2019-09-05T10:01:07.442908 #6632]  INFO -- : [269a5ff9-5519-4687-a786-5b165eb195c8] Processing by DevelopmentsController#show as JSONAPI
I, [2019-09-05T10:01:07.442976 #6632]  INFO -- : [269a5ff9-5519-4687-a786-5b165eb195c8]   Parameters: {"id"=>"2169"}
I, [2019-09-05T10:01:07.444970 #13430]  INFO -- : [2838f2d7-e21f-41a7-af7d-a6402a4ac79b] Started GET "/developments/4825" for 104.207.192.42 at 2019-09-05 10:01:07 -0400
I, [2019-09-05T10:01:07.445502 #13411]  INFO -- : [f7d97446-879a-407b-9950-5fe322aa245d] Completed 200 OK in 15ms (Views: 0.2ms | ActiveRecord: 7.7ms)
I, [2019-09-05T10:01:07.445529 #13430]  INFO -- : [2838f2d7-e21f-41a7-af7d-a6402a4ac79b] Processing by DevelopmentsController#show as JSONAPI
I, [2019-09-05T10:01:07.445584 #13430]  INFO -- : [2838f2d7-e21f-41a7-af7d-a6402a4ac79b]   Parameters: {"id"=>"4825"}
I, [2019-09-05T10:01:07.447771 #13411]  INFO -- : [53d226f6-bb47-4aa0-8922-e2829b507b0c] Started GET "/developments/1046" for 104.207.192.42 at 2019-09-05 10:01:07 -0400
I, [2019-09-05T10:01:07.449722 #13411]  INFO -- : [53d226f6-bb47-4aa0-8922-e2829b507b0c] Processing by DevelopmentsController#show as JSONAPI
I, [2019-09-05T10:01:07.449794 #13411]  INFO -- : [53d226f6-bb47-4aa0-8922-e2829b507b0c]   Parameters: {"id"=>"1046"}
I, [2019-09-05T10:01:07.455774 #6632]  INFO -- : [269a5ff9-5519-4687-a786-5b165eb195c8] Completed 200 OK in 13ms (Views: 0.1ms | ActiveRecord: 4.5ms)
I, [2019-09-05T10:01:07.458312 #13430]  INFO -- : [2838f2d7-e21f-41a7-af7d-a6402a4ac79b] Completed 200 OK in 13ms (Views: 0.2ms | ActiveRecord: 4.8ms)
I, [2019-09-05T10:01:07.459128 #6632]  INFO -- : [c7043dae-c40a-498d-b255-51bd7df1ea0c] Started GET "/developments/3173" for 104.207.192.42 at 2019-09-05 10:01:07 -0400
I, [2019-09-05T10:01:07.459662 #6632]  INFO -- : [c7043dae-c40a-498d-b255-51bd7df1ea0c] Processing by DevelopmentsController#show as JSONAPI
I, [2019-09-05T10:01:07.459730 #6632]  INFO -- : [c7043dae-c40a-498d-b255-51bd7df1ea0c]   Parameters: {"id"=>"3173"}
I, [2019-09-05T10:01:07.460443 #13430]  INFO -- : [3b0e2e15-eb09-4ab5-bd37-472d22f53f2d] Started GET "/developments/446" for 104.207.192.42 at 2019-09-05 10:01:07 -0400
I, [2019-09-05T10:01:07.460776 #13411]  INFO -- : [53d226f6-bb47-4aa0-8922-e2829b507b0c] Completed 200 OK in 11ms (Views: 0.2ms | ActiveRecord: 3.6ms)
I, [2019-09-05T10:01:07.461038 #13430]  INFO -- : [3b0e2e15-eb09-4ab5-bd37-472d22f53f2d] Processing by DevelopmentsController#show as JSONAPI
I, [2019-09-05T10:01:07.461102 #13430]  INFO -- : [3b0e2e15-eb09-4ab5-bd37-472d22f53f2d]   Parameters: {"id"=>"446"}
I, [2019-09-05T10:01:07.462133 #13411]  INFO -- : [4ac020fd-f9e3-40c3-8a4a-1489ac5329aa] Started GET "/developments/1217" for 104.207.192.42 at 2019-09-05 10:01:07 -0400
I, [2019-09-05T10:01:07.462955 #13411]  INFO -- : [4ac020fd-f9e3-40c3-8a4a-1489ac5329aa] Processing by DevelopmentsController#show as JSONAPI
I, [2019-09-05T10:01:07.463313 #13411]  INFO -- : [4ac020fd-f9e3-40c3-8a4a-1489ac5329aa]   Parameters: {"id"=>"1217"}
I, [2019-09-05T10:01:07.470845 #6632]  INFO -- : [c7043dae-c40a-498d-b255-51bd7df1ea0c] Completed 200 OK in 11ms (Views: 0.2ms | ActiveRecord: 4.1ms)
I, [2019-09-05T10:01:07.472960 #6632]  INFO -- : [aab95910-0cfb-4389-8d7a-3365e499d110] Started GET "/developments/2033" for 104.207.192.42 at 2019-09-05 10:01:07 -0400
I, [2019-09-05T10:01:07.473502 #6632]  INFO -- : [aab95910-0cfb-4389-8d7a-3365e499d110] Processing by DevelopmentsController#show as JSONAPI
I, [2019-09-05T10:01:07.473568 #6632]  INFO -- : [aab95910-0cfb-4389-8d7a-3365e499d110]   Parameters: {"id"=>"2033"}
I, [2019-09-05T10:01:07.474111 #13430]  INFO -- : [3b0e2e15-eb09-4ab5-bd37-472d22f53f2d] Completed 200 OK in 13ms (Views: 0.1ms | ActiveRecord: 6.2ms)
I, [2019-09-05T10:01:07.478517 #13411]  INFO -- : [4ac020fd-f9e3-40c3-8a4a-1489ac5329aa] Completed 200 OK in 15ms (Views: 0.2ms | ActiveRecord: 7.0ms)
I, [2019-09-05T10:01:07.479190 #13430]  INFO -- : [626a4f03-21de-4a7b-85cd-cf2e506ce1a8] Started GET "/developments/1517" for 104.207.192.42 at 2019-09-05 10:01:07 -0400
I, [2019-09-05T10:01:07.479715 #13430]  INFO -- : [626a4f03-21de-4a7b-85cd-cf2e506ce1a8] Processing by DevelopmentsController#show as JSONAPI
I, [2019-09-05T10:01:07.479765 #13430]  INFO -- : [626a4f03-21de-4a7b-85cd-cf2e506ce1a8]   Parameters: {"id"=>"1517"}
I, [2019-09-05T10:01:07.480253 #13411]  INFO -- : [5f267c73-4c18-461b-a2b5-08728a22781a] Started GET "/developments/2442" for 104.207.192.42 at 2019-09-05 10:01:07 -0400
I, [2019-09-05T10:01:07.480769 #13411]  INFO -- : [5f267c73-4c18-461b-a2b5-08728a22781a] Processing by DevelopmentsController#show as JSONAPI
I, [2019-09-05T10:01:07.480838 #13411]  INFO -- : [5f267c73-4c18-461b-a2b5-08728a22781a]   Parameters: {"id"=>"2442"}
I, [2019-09-05T10:01:07.484426 #6632]  INFO -- : [aab95910-0cfb-4389-8d7a-3365e499d110] Completed 200 OK in 11ms (Views: 0.2ms | ActiveRecord: 3.9ms)
I, [2019-09-05T10:01:07.485727 #6632]  INFO -- : [b8d5dae9-dc3a-4f7a-a734-9aab289c0878] Started GET "/developments/4770" for 104.207.192.42 at 2019-09-05 10:01:07 -0400
I, [2019-09-05T10:01:07.486271 #6632]  INFO -- : [b8d5dae9-dc3a-4f7a-a734-9aab289c0878] Processing by DevelopmentsController#show as JSONAPI
I, [2019-09-05T10:01:07.486337 #6632]  INFO -- : [b8d5dae9-dc3a-4f7a-a734-9aab289c0878]   Parameters: {"id"=>"4770"}
I, [2019-09-05T10:01:07.493130 #13430]  INFO -- : [626a4f03-21de-4a7b-85cd-cf2e506ce1a8] Completed 200 OK in 13ms (Views: 0.2ms | ActiveRecord: 6.1ms)
I, [2019-09-05T10:01:07.494741 #13411]  INFO -- : [5f267c73-4c18-461b-a2b5-08728a22781a] Completed 200 OK in 14ms (Views: 0.2ms | ActiveRecord: 6.6ms)
I, [2019-09-05T10:01:07.496224 #13430]  INFO -- : [0417234e-4eee-400e-98a8-9f3dd335c397] Started GET "/developments/404" for 104.207.192.42 at 2019-09-05 10:01:07 -0400
I, [2019-09-05T10:01:07.496931 #13430]  INFO -- : [0417234e-4eee-400e-98a8-9f3dd335c397] Processing by DevelopmentsController#show as JSONAPI
I, [2019-09-05T10:01:07.496997 #13430]  INFO -- : [0417234e-4eee-400e-98a8-9f3dd335c397]   Parameters: {"id"=>"404"}
I, [2019-09-05T10:01:07.498971 #6632]  INFO -- : [b8d5dae9-dc3a-4f7a-a734-9aab289c0878] Completed 200 OK in 13ms (Views: 0.2ms | ActiveRecord: 6.9ms)
I, [2019-09-05T10:01:07.500115 #13411]  INFO -- : [39a80efc-cf94-40ad-ab08-588825e63307] Started GET "/developments/4822" for 104.207.192.42 at 2019-09-05 10:01:07 -0400
I, [2019-09-05T10:01:07.501415 #6632]  INFO -- : [4233a8ad-9c96-4e2d-94af-a000f25350a5] Started GET "/developments/2883" for 104.207.192.42 at 2019-09-05 10:01:07 -0400
I, [2019-09-05T10:01:07.501927 #6632]  INFO -- : [4233a8ad-9c96-4e2d-94af-a000f25350a5] Processing by DevelopmentsController#show as JSONAPI
I, [2019-09-05T10:01:07.501976 #6632]  INFO -- : [4233a8ad-9c96-4e2d-94af-a000f25350a5]   Parameters: {"id"=>"2883"}
I, [2019-09-05T10:01:07.502316 #13411]  INFO -- : [39a80efc-cf94-40ad-ab08-588825e63307] Processing by DevelopmentsController#show as JSONAPI
I, [2019-09-05T10:01:07.502407 #13411]  INFO -- : [39a80efc-cf94-40ad-ab08-588825e63307]   Parameters: {"id"=>"4822"}
I, [2019-09-05T10:01:07.508390 #13430]  INFO -- : [0417234e-4eee-400e-98a8-9f3dd335c397] Completed 200 OK in 11ms (Views: 0.1ms | ActiveRecord: 4.4ms)
I, [2019-09-05T10:01:07.509206 #13430]  INFO -- : [296e93d2-7232-4dd0-b9b1-9529def1313c] Started GET "/developments/4251" for 104.207.192.42 at 2019-09-05 10:01:07 -0400
I, [2019-09-05T10:01:07.509770 #13430]  INFO -- : [296e93d2-7232-4dd0-b9b1-9529def1313c] Processing by DevelopmentsController#show as JSONAPI
I, [2019-09-05T10:01:07.509836 #13430]  INFO -- : [296e93d2-7232-4dd0-b9b1-9529def1313c]   Parameters: {"id"=>"4251"}
I, [2019-09-05T10:01:07.512811 #6632]  INFO -- : [4233a8ad-9c96-4e2d-94af-a000f25350a5] Completed 200 OK in 11ms (Views: 0.2ms | ActiveRecord: 4.3ms)
I, [2019-09-05T10:01:07.516705 #13411]  INFO -- : [39a80efc-cf94-40ad-ab08-588825e63307] Completed 200 OK in 14ms (Views: 0.1ms | ActiveRecord: 8.4ms)
I, [2019-09-05T10:01:07.518552 #13411]  INFO -- : [b4e723ff-5bdc-4e58-9a6e-b08f2ab0d359] Started GET "/developments/3286" for 104.207.192.42 at 2019-09-05 10:01:07 -0400
I, [2019-09-05T10:01:07.519119 #13411]  INFO -- : [b4e723ff-5bdc-4e58-9a6e-b08f2ab0d359] Processing by DevelopmentsController#show as JSONAPI
I, [2019-09-05T10:01:07.519183 #13411]  INFO -- : [b4e723ff-5bdc-4e58-9a6e-b08f2ab0d359]   Parameters: {"id"=>"3286"}
I, [2019-09-05T10:01:07.520148 #6632]  INFO -- : [4cfb0450-b6bb-4082-a3d9-fecb45f22a90] Started GET "/developments/881" for 104.207.192.42 at 2019-09-05 10:01:07 -0400
I, [2019-09-05T10:01:07.520673 #6632]  INFO -- : [4cfb0450-b6bb-4082-a3d9-fecb45f22a90] Processing by DevelopmentsController#show as JSONAPI
I, [2019-09-05T10:01:07.520738 #6632]  INFO -- : [4cfb0450-b6bb-4082-a3d9-fecb45f22a90]   Parameters: {"id"=>"881"}
I, [2019-09-05T10:01:07.522094 #13430]  INFO -- : [296e93d2-7232-4dd0-b9b1-9529def1313c] Completed 200 OK in 12ms (Views: 0.2ms | ActiveRecord: 4.9ms)
I, [2019-09-05T10:01:07.523828 #13430]  INFO -- : [7c98ec8e-6db5-4649-8396-32ed0c66c05b] Started GET "/developments/3769" for 104.207.192.42 at 2019-09-05 10:01:07 -0400
I, [2019-09-05T10:01:07.524405 #13430]  INFO -- : [7c98ec8e-6db5-4649-8396-32ed0c66c05b] Processing by DevelopmentsController#show as JSONAPI
I, [2019-09-05T10:01:07.524471 #13430]  INFO -- : [7c98ec8e-6db5-4649-8396-32ed0c66c05b]   Parameters: {"id"=>"3769"}
I, [2019-09-05T10:01:07.532848 #13411]  INFO -- : [b4e723ff-5bdc-4e58-9a6e-b08f2ab0d359] Completed 200 OK in 14ms (Views: 0.2ms | ActiveRecord: 4.8ms)
I, [2019-09-05T10:01:07.533957 #13411]  INFO -- : [7dee13f2-31ea-4b32-91ac-54e00bedba59] Started GET "/developments/3347" for 104.207.192.42 at 2019-09-05 10:01:07 -0400
I, [2019-09-05T10:01:07.534555 #13411]  INFO -- : [7dee13f2-31ea-4b32-91ac-54e00bedba59] Processing by DevelopmentsController#show as JSONAPI
I, [2019-09-05T10:01:07.534619 #13411]  INFO -- : [7dee13f2-31ea-4b32-91ac-54e00bedba59]   Parameters: {"id"=>"3347"}
I, [2019-09-05T10:01:07.536984 #6632]  INFO -- : [4cfb0450-b6bb-4082-a3d9-fecb45f22a90] Completed 200 OK in 16ms (Views: 0.2ms | ActiveRecord: 9.2ms)
I, [2019-09-05T10:01:07.538373 #13430]  INFO -- : [7c98ec8e-6db5-4649-8396-32ed0c66c05b] Completed 200 OK in 14ms (Views: 0.3ms | ActiveRecord: 5.7ms)
I, [2019-09-05T10:01:07.539712 #13430]  INFO -- : [2d508757-7f79-4355-9c6a-1eda9a5344ee] Started GET "/developments/4074" for 104.207.192.42 at 2019-09-05 10:01:07 -0400
I, [2019-09-05T10:01:07.540223 #6632]  INFO -- : [eef489ef-1abc-4a8d-9cde-4ea3111d750e] Started GET "/developments/1063" for 104.207.192.42 at 2019-09-05 10:01:07 -0400
I, [2019-09-05T10:01:07.540309 #13430]  INFO -- : [2d508757-7f79-4355-9c6a-1eda9a5344ee] Processing by DevelopmentsController#show as JSONAPI
I, [2019-09-05T10:01:07.540378 #13430]  INFO -- : [2d508757-7f79-4355-9c6a-1eda9a5344ee]   Parameters: {"id"=>"4074"}
I, [2019-09-05T10:01:07.540769 #6632]  INFO -- : [eef489ef-1abc-4a8d-9cde-4ea3111d750e] Processing by DevelopmentsController#show as JSONAPI
I, [2019-09-05T10:01:07.540818 #6632]  INFO -- : [eef489ef-1abc-4a8d-9cde-4ea3111d750e]   Parameters: {"id"=>"1063"}
I, [2019-09-05T10:01:07.550114 #13411]  INFO -- : [7dee13f2-31ea-4b32-91ac-54e00bedba59] Completed 200 OK in 15ms (Views: 0.2ms | ActiveRecord: 6.4ms)
I, [2019-09-05T10:01:07.551608 #13411]  INFO -- : [8227a2a2-98cb-4957-a16d-ace2b374c6b1] Started GET "/developments/4588" for 104.207.192.42 at 2019-09-05 10:01:07 -0400
I, [2019-09-05T10:01:07.552213 #13411]  INFO -- : [8227a2a2-98cb-4957-a16d-ace2b374c6b1] Processing by DevelopmentsController#show as JSONAPI
I, [2019-09-05T10:01:07.552280 #13411]  INFO -- : [8227a2a2-98cb-4957-a16d-ace2b374c6b1]   Parameters: {"id"=>"4588"}
I, [2019-09-05T10:01:07.555768 #13430]  INFO -- : [2d508757-7f79-4355-9c6a-1eda9a5344ee] Completed 200 OK in 15ms (Views: 0.2ms | ActiveRecord: 4.8ms)
I, [2019-09-05T10:01:07.556780 #13430]  INFO -- : [2dd7ac98-9ccb-442c-8ab5-8d0a0fc1992a] Started GET "/developments/1997" for 104.207.192.42 at 2019-09-05 10:01:07 -0400
I, [2019-09-05T10:01:07.557366 #13430]  INFO -- : [2dd7ac98-9ccb-442c-8ab5-8d0a0fc1992a] Processing by DevelopmentsController#show as JSONAPI
I, [2019-09-05T10:01:07.557444 #13430]  INFO -- : [2dd7ac98-9ccb-442c-8ab5-8d0a0fc1992a]   Parameters: {"id"=>"1997"}
I, [2019-09-05T10:01:07.557805 #6632]  INFO -- : [eef489ef-1abc-4a8d-9cde-4ea3111d750e] Completed 200 OK in 17ms (Views: 0.2ms | ActiveRecord: 5.8ms)
I, [2019-09-05T10:01:07.558488 #6632]  INFO -- : [3ff3162b-5de3-482b-97ec-4af70d070d1e] Started GET "/developments/4821" for 104.207.192.42 at 2019-09-05 10:01:07 -0400
I, [2019-09-05T10:01:07.558913 #6632]  INFO -- : [3ff3162b-5de3-482b-97ec-4af70d070d1e] Processing by DevelopmentsController#show as JSONAPI
I, [2019-09-05T10:01:07.558960 #6632]  INFO -- : [3ff3162b-5de3-482b-97ec-4af70d070d1e]   Parameters: {"id"=>"4821"}
I, [2019-09-05T10:01:07.574736 #13430]  INFO -- : [2dd7ac98-9ccb-442c-8ab5-8d0a0fc1992a] Completed 200 OK in 17ms (Views: 0.2ms | ActiveRecord: 11.2ms)
I, [2019-09-05T10:01:07.576087 #13430]  INFO -- : [60b89ec3-deb3-4734-ac65-11f283a8faf8] Started GET "/developments/375" for 104.207.192.42 at 2019-09-05 10:01:07 -0400
I, [2019-09-05T10:01:07.576425 #13411]  INFO -- : [8227a2a2-98cb-4957-a16d-ace2b374c6b1] Completed 200 OK in 24ms (Views: 0.2ms | ActiveRecord: 15.9ms)
I, [2019-09-05T10:01:07.576631 #13430]  INFO -- : [60b89ec3-deb3-4734-ac65-11f283a8faf8] Processing by DevelopmentsController#show as JSONAPI
I, [2019-09-05T10:01:07.577734 #13411]  INFO -- : [aebeb6dc-0b04-4d69-a8c1-6d987b811005] Started GET "/developments/2158" for 104.207.192.42 at 2019-09-05 10:01:07 -0400
I, [2019-09-05T10:01:07.577760 #13430]  INFO -- : [60b89ec3-deb3-4734-ac65-11f283a8faf8]   Parameters: {"id"=>"375"}
I, [2019-09-05T10:01:07.578252 #13411]  INFO -- : [aebeb6dc-0b04-4d69-a8c1-6d987b811005] Processing by DevelopmentsController#show as JSONAPI
I, [2019-09-05T10:01:07.578318 #13411]  INFO -- : [aebeb6dc-0b04-4d69-a8c1-6d987b811005]   Parameters: {"id"=>"2158"}
I, [2019-09-05T10:01:07.581470 #6632]  INFO -- : [3ff3162b-5de3-482b-97ec-4af70d070d1e] Completed 200 OK in 22ms (Views: 0.2ms | ActiveRecord: 13.3ms)
I, [2019-09-05T10:01:07.583037 #6632]  INFO -- : [f781257c-b011-489c-8030-ff725b1712e6] Started GET "/developments/4428" for 104.207.192.42 at 2019-09-05 10:01:07 -0400
I, [2019-09-05T10:01:07.583576 #6632]  INFO -- : [f781257c-b011-489c-8030-ff725b1712e6] Processing by DevelopmentsController#show as JSONAPI
I, [2019-09-05T10:01:07.583663 #6632]  INFO -- : [f781257c-b011-489c-8030-ff725b1712e6]   Parameters: {"id"=>"4428"}
I, [2019-09-05T10:01:07.592436 #13430]  INFO -- : [60b89ec3-deb3-4734-ac65-11f283a8faf8] Completed 200 OK in 15ms (Views: 0.2ms | ActiveRecord: 7.0ms)
I, [2019-09-05T10:01:07.595245 #13411]  INFO -- : [aebeb6dc-0b04-4d69-a8c1-6d987b811005] Completed 200 OK in 17ms (Views: 0.3ms | ActiveRecord: 10.9ms)
I, [2019-09-05T10:01:07.596322 #13430]  INFO -- : [832a416f-4c8d-4344-9ee4-1d3d7b998a32] Started GET "/developments/4823" for 104.207.192.42 at 2019-09-05 10:01:07 -0400
I, [2019-09-05T10:01:07.596888 #13430]  INFO -- : [832a416f-4c8d-4344-9ee4-1d3d7b998a32] Processing by DevelopmentsController#show as JSONAPI
I, [2019-09-05T10:01:07.596955 #13430]  INFO -- : [832a416f-4c8d-4344-9ee4-1d3d7b998a32]   Parameters: {"id"=>"4823"}
I, [2019-09-05T10:01:07.597587 #13411]  INFO -- : [ff9aab93-5b5e-46e1-87e0-733d0eccf61e] Started GET "/developments/1216" for 104.207.192.42 at 2019-09-05 10:01:07 -0400
I, [2019-09-05T10:01:07.598086 #13411]  INFO -- : [ff9aab93-5b5e-46e1-87e0-733d0eccf61e] Processing by DevelopmentsController#show as JSONAPI
I, [2019-09-05T10:01:07.598160 #13411]  INFO -- : [ff9aab93-5b5e-46e1-87e0-733d0eccf61e]   Parameters: {"id"=>"1216"}
I, [2019-09-05T10:01:07.599487 #6632]  INFO -- : [f781257c-b011-489c-8030-ff725b1712e6] Completed 200 OK in 16ms (Views: 0.1ms | ActiveRecord: 4.4ms)
I, [2019-09-05T10:01:07.600177 #6632]  INFO -- : [9bfb656b-54f1-4501-879d-72c726ce1f1d] Started GET "/developments/2465" for 104.207.192.42 at 2019-09-05 10:01:07 -0400
I, [2019-09-05T10:01:07.600540 #6632]  INFO -- : [9bfb656b-54f1-4501-879d-72c726ce1f1d] Processing by DevelopmentsController#show as JSONAPI
I, [2019-09-05T10:01:07.600593 #6632]  INFO -- : [9bfb656b-54f1-4501-879d-72c726ce1f1d]   Parameters: {"id"=>"2465"}
I, [2019-09-05T10:01:07.614311 #13430]  INFO -- : [832a416f-4c8d-4344-9ee4-1d3d7b998a32] Completed 200 OK in 17ms (Views: 0.1ms | ActiveRecord: 9.8ms)
I, [2019-09-05T10:01:07.616911 #6632]  INFO -- : [9bfb656b-54f1-4501-879d-72c726ce1f1d] Completed 200 OK in 16ms (Views: 0.2ms | ActiveRecord: 8.5ms)
I, [2019-09-05T10:01:07.618466 #13430]  INFO -- : [937079e5-12f6-4042-81ea-ec76a5baa5ca] Started GET "/developments/4300" for 104.207.192.42 at 2019-09-05 10:01:07 -0400
I, [2019-09-05T10:01:07.619038 #13430]  INFO -- : [937079e5-12f6-4042-81ea-ec76a5baa5ca] Processing by DevelopmentsController#show as JSONAPI
I, [2019-09-05T10:01:07.619114 #13430]  INFO -- : [937079e5-12f6-4042-81ea-ec76a5baa5ca]   Parameters: {"id"=>"4300"}
I, [2019-09-05T10:01:07.619548 #6632]  INFO -- : [2799f85c-a054-44e9-b86d-d1cc439835e1] Started GET "/developments/263" for 104.207.192.42 at 2019-09-05 10:01:07 -0400
I, [2019-09-05T10:01:07.620049 #6632]  INFO -- : [2799f85c-a054-44e9-b86d-d1cc439835e1] Processing by DevelopmentsController#show as JSONAPI
I, [2019-09-05T10:01:07.620109 #6632]  INFO -- : [2799f85c-a054-44e9-b86d-d1cc439835e1]   Parameters: {"id"=>"263"}
I, [2019-09-05T10:01:07.626013 #13411]  INFO -- : [ff9aab93-5b5e-46e1-87e0-733d0eccf61e] Completed 200 OK in 28ms (Views: 0.1ms | ActiveRecord: 11.8ms)
I, [2019-09-05T10:01:07.627289 #13411]  INFO -- : [c3e4b1b2-db1d-4257-9337-c1d9f1cfc713] Started GET "/developments/1711" for 104.207.192.42 at 2019-09-05 10:01:07 -0400
I, [2019-09-05T10:01:07.627653 #13411]  INFO -- : [c3e4b1b2-db1d-4257-9337-c1d9f1cfc713] Processing by DevelopmentsController#show as JSONAPI
I, [2019-09-05T10:01:07.627698 #13411]  INFO -- : [c3e4b1b2-db1d-4257-9337-c1d9f1cfc713]   Parameters: {"id"=>"1711"}
I, [2019-09-05T10:01:07.638455 #13430]  INFO -- : [937079e5-12f6-4042-81ea-ec76a5baa5ca] Completed 200 OK in 19ms (Views: 0.2ms | ActiveRecord: 7.4ms)
I, [2019-09-05T10:01:07.639694 #13430]  INFO -- : [757c085e-9117-47da-b746-5e31a8c50699] Started GET "/developments/2435" for 104.207.192.42 at 2019-09-05 10:01:07 -0400
I, [2019-09-05T10:01:07.640390 #13430]  INFO -- : [757c085e-9117-47da-b746-5e31a8c50699] Processing by DevelopmentsController#show as JSONAPI
I, [2019-09-05T10:01:07.640474 #13430]  INFO -- : [757c085e-9117-47da-b746-5e31a8c50699]   Parameters: {"id"=>"2435"}
I, [2019-09-05T10:01:07.640689 #6632]  INFO -- : [2799f85c-a054-44e9-b86d-d1cc439835e1] Completed 200 OK in 20ms (Views: 0.2ms | ActiveRecord: 8.9ms)
I, [2019-09-05T10:01:07.643065 #6632]  INFO -- : [d2220239-7eba-4fef-96e5-e9adbe1d7746] Started GET "/developments/4455" for 104.207.192.42 at 2019-09-05 10:01:07 -0400
I, [2019-09-05T10:01:07.643590 #6632]  INFO -- : [d2220239-7eba-4fef-96e5-e9adbe1d7746] Processing by DevelopmentsController#show as JSONAPI
I, [2019-09-05T10:01:07.643667 #6632]  INFO -- : [d2220239-7eba-4fef-96e5-e9adbe1d7746]   Parameters: {"id"=>"4455"}
I, [2019-09-05T10:01:07.644055 #13411]  INFO -- : [c3e4b1b2-db1d-4257-9337-c1d9f1cfc713] Completed 200 OK in 16ms (Views: 0.2ms | ActiveRecord: 7.2ms)
I, [2019-09-05T10:01:07.645105 #13411]  INFO -- : [95577779-93ad-45c0-81ca-d2b45181cbf2] Started GET "/developments/2735" for 104.207.192.42 at 2019-09-05 10:01:07 -0400
I, [2019-09-05T10:01:07.645671 #13411]  INFO -- : [95577779-93ad-45c0-81ca-d2b45181cbf2] Processing by DevelopmentsController#show as JSONAPI
I, [2019-09-05T10:01:07.645736 #13411]  INFO -- : [95577779-93ad-45c0-81ca-d2b45181cbf2]   Parameters: {"id"=>"2735"}
I, [2019-09-05T10:01:07.654446 #13430]  INFO -- : [757c085e-9117-47da-b746-5e31a8c50699] Completed 200 OK in 14ms (Views: 0.2ms | ActiveRecord: 5.5ms)
I, [2019-09-05T10:01:07.655497 #13430]  INFO -- : [d79023fb-d9ed-47b9-9b2d-b6c81be7078d] Started GET "/developments/3360" for 104.207.192.42 at 2019-09-05 10:01:07 -0400
I, [2019-09-05T10:01:07.656107 #13430]  INFO -- : [d79023fb-d9ed-47b9-9b2d-b6c81be7078d] Processing by DevelopmentsController#show as JSONAPI
I, [2019-09-05T10:01:07.656162 #6632]  INFO -- : [d2220239-7eba-4fef-96e5-e9adbe1d7746] Completed 200 OK in 12ms (Views: 0.2ms | ActiveRecord: 5.3ms)
I, [2019-09-05T10:01:07.656186 #13430]  INFO -- : [d79023fb-d9ed-47b9-9b2d-b6c81be7078d]   Parameters: {"id"=>"3360"}
I, [2019-09-05T10:01:07.657214 #6632]  INFO -- : [a427177c-c2b4-440d-a1b3-4f5e8674f565] Started GET "/developments/3077" for 104.207.192.42 at 2019-09-05 10:01:07 -0400
I, [2019-09-05T10:01:07.657768 #6632]  INFO -- : [a427177c-c2b4-440d-a1b3-4f5e8674f565] Processing by DevelopmentsController#show as JSONAPI
I, [2019-09-05T10:01:07.657818 #6632]  INFO -- : [a427177c-c2b4-440d-a1b3-4f5e8674f565]   Parameters: {"id"=>"3077"}
I, [2019-09-05T10:01:07.660334 #13411]  INFO -- : [95577779-93ad-45c0-81ca-d2b45181cbf2] Completed 200 OK in 15ms (Views: 0.2ms | ActiveRecord: 8.5ms)
I, [2019-09-05T10:01:07.663255 #13411]  INFO -- : [254fa404-efc5-448c-9ed0-32ee6d920342] Started GET "/developments/476" for 104.207.192.42 at 2019-09-05 10:01:07 -0400
I, [2019-09-05T10:01:07.663912 #13411]  INFO -- : [254fa404-efc5-448c-9ed0-32ee6d920342] Processing by DevelopmentsController#show as JSONAPI
I, [2019-09-05T10:01:07.663999 #13411]  INFO -- : [254fa404-efc5-448c-9ed0-32ee6d920342]   Parameters: {"id"=>"476"}
I, [2019-09-05T10:01:07.672064 #13430]  INFO -- : [d79023fb-d9ed-47b9-9b2d-b6c81be7078d] Completed 200 OK in 16ms (Views: 0.2ms | ActiveRecord: 6.9ms)
I, [2019-09-05T10:01:07.673968 #13430]  INFO -- : [9ae97da9-72f6-480e-a778-32cbed9e9573] Started GET "/developments/4323" for 104.207.192.42 at 2019-09-05 10:01:07 -0400
I, [2019-09-05T10:01:07.674128 #6632]  INFO -- : [a427177c-c2b4-440d-a1b3-4f5e8674f565] Completed 200 OK in 16ms (Views: 0.2ms | ActiveRecord: 7.4ms)
I, [2019-09-05T10:01:07.674607 #13430]  INFO -- : [9ae97da9-72f6-480e-a778-32cbed9e9573] Processing by DevelopmentsController#show as JSONAPI
I, [2019-09-05T10:01:07.674675 #13430]  INFO -- : [9ae97da9-72f6-480e-a778-32cbed9e9573]   Parameters: {"id"=>"4323"}
I, [2019-09-05T10:01:07.675893 #6632]  INFO -- : [c6887f5c-b8b2-45ba-88d0-c59a33482721] Started GET "/developments/264" for 104.207.192.42 at 2019-09-05 10:01:07 -0400
I, [2019-09-05T10:01:07.676456 #6632]  INFO -- : [c6887f5c-b8b2-45ba-88d0-c59a33482721] Processing by DevelopmentsController#show as JSONAPI
I, [2019-09-05T10:01:07.676523 #6632]  INFO -- : [c6887f5c-b8b2-45ba-88d0-c59a33482721]   Parameters: {"id"=>"264"}
I, [2019-09-05T10:01:07.677107 #13411]  INFO -- : [254fa404-efc5-448c-9ed0-32ee6d920342] Completed 200 OK in 13ms (Views: 0.2ms | ActiveRecord: 6.9ms)
I, [2019-09-05T10:01:07.678261 #13411]  INFO -- : [548a89f2-5b28-4696-995b-d9aa6f219135] Started GET "/developments/1207" for 104.207.192.42 at 2019-09-05 10:01:07 -0400
I, [2019-09-05T10:01:07.678621 #13411]  INFO -- : [548a89f2-5b28-4696-995b-d9aa6f219135] Processing by DevelopmentsController#show as JSONAPI
I, [2019-09-05T10:01:07.678667 #13411]  INFO -- : [548a89f2-5b28-4696-995b-d9aa6f219135]   Parameters: {"id"=>"1207"}
