I, [2019-09-06T14:31:01.915898 #17183]  INFO -- : [253b588a-181e-417c-ab44-b867cf889d5a] Processing by DevelopmentsController#show as JSONAPI
I, [2019-09-06T14:31:01.915989 #17183]  INFO -- : [253b588a-181e-417c-ab44-b867cf889d5a]   Parameters: {"id"=>"4511"}
I, [2019-09-06T14:31:01.916774 #417]  INFO -- : [8e796699-0fbd-4fb8-9408-61ec0f5d9dac] Completed 200 OK in 13ms (Views: 0.3ms | ActiveRecord: 4.6ms)
I, [2019-09-06T14:31:01.918212 #417]  INFO -- : [60981a12-25a4-445b-9b39-36d786d82d74] Started GET "/developments/1382" for 104.207.192.42 at 2019-09-06 14:31:01 -0400
I, [2019-09-06T14:31:01.918878 #417]  INFO -- : [60981a12-25a4-445b-9b39-36d786d82d74] Processing by DevelopmentsController#show as JSONAPI
I, [2019-09-06T14:31:01.918940 #417]  INFO -- : [60981a12-25a4-445b-9b39-36d786d82d74]   Parameters: {"id"=>"1382"}
I, [2019-09-06T14:31:01.925732 #321]  INFO -- : [34a090d7-4699-47a8-99ed-c9bdc86faea5] Completed 200 OK in 15ms (Views: 0.2ms | ActiveRecord: 7.8ms)
I, [2019-09-06T14:31:01.927308 #321]  INFO -- : [03767bd5-d3b0-463e-916a-447ed7e955a7] Started GET "/developments/3164" for 104.207.192.42 at 2019-09-06 14:31:01 -0400
I, [2019-09-06T14:31:01.928016 #321]  INFO -- : [03767bd5-d3b0-463e-916a-447ed7e955a7] Processing by DevelopmentsController#show as JSONAPI
I, [2019-09-06T14:31:01.928082 #321]  INFO -- : [03767bd5-d3b0-463e-916a-447ed7e955a7]   Parameters: {"id"=>"3164"}
I, [2019-09-06T14:31:01.930767 #17183]  INFO -- : [253b588a-181e-417c-ab44-b867cf889d5a] Completed 200 OK in 15ms (Views: 0.3ms | ActiveRecord: 6.1ms)
I, [2019-09-06T14:31:01.933232 #417]  INFO -- : [60981a12-25a4-445b-9b39-36d786d82d74] Completed 200 OK in 14ms (Views: 0.3ms | ActiveRecord: 6.9ms)
I, [2019-09-06T14:31:01.934736 #417]  INFO -- : [f5492042-c06e-4535-9bc6-3cb0e4d739ef] Started GET "/developments/4431" for 104.207.192.42 at 2019-09-06 14:31:01 -0400
I, [2019-09-06T14:31:01.933293 #17183]  INFO -- : [6963d284-bd29-4c6b-bd0d-fbc700cd26fe] Started GET "/developments/2830" for 104.207.192.42 at 2019-09-06 14:31:01 -0400
I, [2019-09-06T14:31:01.935439 #417]  INFO -- : [f5492042-c06e-4535-9bc6-3cb0e4d739ef] Processing by DevelopmentsController#show as JSONAPI
I, [2019-09-06T14:31:01.935503 #417]  INFO -- : [f5492042-c06e-4535-9bc6-3cb0e4d739ef]   Parameters: {"id"=>"4431"}
I, [2019-09-06T14:31:01.936028 #17183]  INFO -- : [6963d284-bd29-4c6b-bd0d-fbc700cd26fe] Processing by DevelopmentsController#show as JSONAPI
I, [2019-09-06T14:31:01.936099 #17183]  INFO -- : [6963d284-bd29-4c6b-bd0d-fbc700cd26fe]   Parameters: {"id"=>"2830"}
I, [2019-09-06T14:31:01.943831 #321]  INFO -- : [03767bd5-d3b0-463e-916a-447ed7e955a7] Completed 200 OK in 16ms (Views: 0.3ms | ActiveRecord: 6.3ms)
I, [2019-09-06T14:31:01.945595 #321]  INFO -- : [bd3a3f83-b067-4858-8c81-472bb6b51ca5] Started GET "/developments/1419" for 104.207.192.42 at 2019-09-06 14:31:01 -0400
I, [2019-09-06T14:31:01.946322 #321]  INFO -- : [bd3a3f83-b067-4858-8c81-472bb6b51ca5] Processing by DevelopmentsController#show as JSONAPI
I, [2019-09-06T14:31:01.946386 #321]  INFO -- : [bd3a3f83-b067-4858-8c81-472bb6b51ca5]   Parameters: {"id"=>"1419"}
I, [2019-09-06T14:31:01.948105 #417]  INFO -- : [f5492042-c06e-4535-9bc6-3cb0e4d739ef] Completed 200 OK in 12ms (Views: 0.3ms | ActiveRecord: 5.2ms)
I, [2019-09-06T14:31:01.949557 #417]  INFO -- : [3843e468-8f1f-4d7e-93b5-3af9b53769df] Started GET "/developments/2555" for 104.207.192.42 at 2019-09-06 14:31:01 -0400
I, [2019-09-06T14:31:01.950205 #417]  INFO -- : [3843e468-8f1f-4d7e-93b5-3af9b53769df] Processing by DevelopmentsController#show as JSONAPI
I, [2019-09-06T14:31:01.950272 #417]  INFO -- : [3843e468-8f1f-4d7e-93b5-3af9b53769df]   Parameters: {"id"=>"2555"}
I, [2019-09-06T14:31:01.950292 #17183]  INFO -- : [6963d284-bd29-4c6b-bd0d-fbc700cd26fe] Completed 200 OK in 14ms (Views: 0.3ms | ActiveRecord: 5.6ms)
I, [2019-09-06T14:31:01.951732 #17183]  INFO -- : [3ec5c7cc-27fb-4959-80d0-317ba07b26d8] Started GET "/developments/3875" for 104.207.192.42 at 2019-09-06 14:31:01 -0400
I, [2019-09-06T14:31:01.952556 #17183]  INFO -- : [3ec5c7cc-27fb-4959-80d0-317ba07b26d8] Processing by DevelopmentsController#show as JSONAPI
I, [2019-09-06T14:31:01.952655 #17183]  INFO -- : [3ec5c7cc-27fb-4959-80d0-317ba07b26d8]   Parameters: {"id"=>"3875"}
I, [2019-09-06T14:31:01.961486 #321]  INFO -- : [bd3a3f83-b067-4858-8c81-472bb6b51ca5] Completed 200 OK in 15ms (Views: 0.2ms | ActiveRecord: 7.3ms)
I, [2019-09-06T14:31:01.963102 #321]  INFO -- : [26755690-37a0-4f18-8f7a-554a5242d46e] Started GET "/developments/373" for 104.207.192.42 at 2019-09-06 14:31:01 -0400
I, [2019-09-06T14:31:01.963638 #321]  INFO -- : [26755690-37a0-4f18-8f7a-554a5242d46e] Processing by DevelopmentsController#show as JSONAPI
I, [2019-09-06T14:31:01.963704 #321]  INFO -- : [26755690-37a0-4f18-8f7a-554a5242d46e]   Parameters: {"id"=>"373"}
I, [2019-09-06T14:31:01.965860 #417]  INFO -- : [3843e468-8f1f-4d7e-93b5-3af9b53769df] Completed 200 OK in 15ms (Views: 0.2ms | ActiveRecord: 7.7ms)
I, [2019-09-06T14:31:01.966755 #417]  INFO -- : [70c95203-6a43-4cac-a853-15f44a77c8b3] Started GET "/developments/3490" for 104.207.192.42 at 2019-09-06 14:31:01 -0400
I, [2019-09-06T14:31:01.967415 #417]  INFO -- : [70c95203-6a43-4cac-a853-15f44a77c8b3] Processing by DevelopmentsController#show as JSONAPI
I, [2019-09-06T14:31:01.967478 #417]  INFO -- : [70c95203-6a43-4cac-a853-15f44a77c8b3]   Parameters: {"id"=>"3490"}
I, [2019-09-06T14:31:01.970344 #17183]  INFO -- : [3ec5c7cc-27fb-4959-80d0-317ba07b26d8] Completed 200 OK in 18ms (Views: 0.2ms | ActiveRecord: 8.9ms)
I, [2019-09-06T14:31:01.971331 #17183]  INFO -- : [310ead23-4216-4009-bb27-ebb0f5cdc2a7] Started GET "/developments/4422" for 104.207.192.42 at 2019-09-06 14:31:01 -0400
I, [2019-09-06T14:31:01.972280 #17183]  INFO -- : [310ead23-4216-4009-bb27-ebb0f5cdc2a7] Processing by DevelopmentsController#show as JSONAPI
I, [2019-09-06T14:31:01.972349 #17183]  INFO -- : [310ead23-4216-4009-bb27-ebb0f5cdc2a7]   Parameters: {"id"=>"4422"}
I, [2019-09-06T14:31:01.975867 #321]  INFO -- : [26755690-37a0-4f18-8f7a-554a5242d46e] Completed 200 OK in 12ms (Views: 0.2ms | ActiveRecord: 4.5ms)
I, [2019-09-06T14:31:01.977411 #321]  INFO -- : [78cbdfdf-469d-4454-992f-1b54ccf5ed22] Started GET "/developments/3018" for 104.207.192.42 at 2019-09-06 14:31:01 -0400
I, [2019-09-06T14:31:01.978087 #321]  INFO -- : [78cbdfdf-469d-4454-992f-1b54ccf5ed22] Processing by DevelopmentsController#show as JSONAPI
I, [2019-09-06T14:31:01.978152 #321]  INFO -- : [78cbdfdf-469d-4454-992f-1b54ccf5ed22]   Parameters: {"id"=>"3018"}
I, [2019-09-06T14:31:01.983053 #417]  INFO -- : [70c95203-6a43-4cac-a853-15f44a77c8b3] Completed 200 OK in 15ms (Views: 0.2ms | ActiveRecord: 4.7ms)
I, [2019-09-06T14:31:01.984591 #417]  INFO -- : [482a8a30-dc9f-44b1-b587-731f7dc40e50] Started GET "/developments/2939" for 104.207.192.42 at 2019-09-06 14:31:01 -0400
I, [2019-09-06T14:31:01.985297 #417]  INFO -- : [482a8a30-dc9f-44b1-b587-731f7dc40e50] Processing by DevelopmentsController#show as JSONAPI
I, [2019-09-06T14:31:01.985361 #417]  INFO -- : [482a8a30-dc9f-44b1-b587-731f7dc40e50]   Parameters: {"id"=>"2939"}
I, [2019-09-06T14:31:01.987883 #17183]  INFO -- : [310ead23-4216-4009-bb27-ebb0f5cdc2a7] Completed 200 OK in 15ms (Views: 0.3ms | ActiveRecord: 6.3ms)
I, [2019-09-06T14:31:01.990076 #17183]  INFO -- : [be364fcf-ef5c-4e91-927f-ff10429c7316] Started GET "/developments/2475" for 104.207.192.42 at 2019-09-06 14:31:01 -0400
I, [2019-09-06T14:31:01.990347 #321]  INFO -- : [78cbdfdf-469d-4454-992f-1b54ccf5ed22] Completed 200 OK in 12ms (Views: 0.2ms | ActiveRecord: 4.5ms)
I, [2019-09-06T14:31:01.990949 #17183]  INFO -- : [be364fcf-ef5c-4e91-927f-ff10429c7316] Processing by DevelopmentsController#show as JSONAPI
I, [2019-09-06T14:31:01.991014 #17183]  INFO -- : [be364fcf-ef5c-4e91-927f-ff10429c7316]   Parameters: {"id"=>"2475"}
I, [2019-09-06T14:31:01.991841 #321]  INFO -- : [42c010b8-00d6-4603-905e-9949430941b9] Started GET "/developments/590" for 104.207.192.42 at 2019-09-06 14:31:01 -0400
I, [2019-09-06T14:31:01.992528 #321]  INFO -- : [42c010b8-00d6-4603-905e-9949430941b9] Processing by DevelopmentsController#show as JSONAPI
I, [2019-09-06T14:31:01.992592 #321]  INFO -- : [42c010b8-00d6-4603-905e-9949430941b9]   Parameters: {"id"=>"590"}
I, [2019-09-06T14:31:01.999244 #417]  INFO -- : [482a8a30-dc9f-44b1-b587-731f7dc40e50] Completed 200 OK in 14ms (Views: 0.3ms | ActiveRecord: 6.0ms)
I, [2019-09-06T14:31:02.000323 #417]  INFO -- : [89359125-cf69-4679-95e2-c1945c277da9] Started GET "/developments/3519" for 104.207.192.42 at 2019-09-06 14:31:02 -0400
I, [2019-09-06T14:31:02.001006 #417]  INFO -- : [89359125-cf69-4679-95e2-c1945c277da9] Processing by DevelopmentsController#show as JSONAPI
I, [2019-09-06T14:31:02.001071 #417]  INFO -- : [89359125-cf69-4679-95e2-c1945c277da9]   Parameters: {"id"=>"3519"}
I, [2019-09-06T14:31:02.006400 #17183]  INFO -- : [be364fcf-ef5c-4e91-927f-ff10429c7316] Completed 200 OK in 15ms (Views: 0.3ms | ActiveRecord: 4.8ms)
I, [2019-09-06T14:31:02.007413 #17183]  INFO -- : [fe0d2696-954a-4ac5-ab0d-3ac8b331e11d] Started GET "/developments/526" for 104.207.192.42 at 2019-09-06 14:31:02 -0400
I, [2019-09-06T14:31:02.008288 #17183]  INFO -- : [fe0d2696-954a-4ac5-ab0d-3ac8b331e11d] Processing by DevelopmentsController#show as JSONAPI
I, [2019-09-06T14:31:02.008341 #17183]  INFO -- : [fe0d2696-954a-4ac5-ab0d-3ac8b331e11d]   Parameters: {"id"=>"526"}
I, [2019-09-06T14:31:02.011096 #417]  INFO -- : [89359125-cf69-4679-95e2-c1945c277da9] Completed 200 OK in 10ms (Views: 0.2ms | ActiveRecord: 3.2ms)
I, [2019-09-06T14:31:02.011113 #321]  INFO -- : [42c010b8-00d6-4603-905e-9949430941b9] Completed 200 OK in 18ms (Views: 0.2ms | ActiveRecord: 11.2ms)
I, [2019-09-06T14:31:02.012499 #321]  INFO -- : [c0218f3d-dbb2-4272-bce6-81cef70cff2e] Started GET "/developments/1036" for 104.207.192.42 at 2019-09-06 14:31:02 -0400
I, [2019-09-06T14:31:02.012992 #417]  INFO -- : [02e6d2c1-ee69-462e-84d7-8cbdc04c443a] Started GET "/developments/3692" for 104.207.192.42 at 2019-09-06 14:31:02 -0400
I, [2019-09-06T14:31:02.013176 #321]  INFO -- : [c0218f3d-dbb2-4272-bce6-81cef70cff2e] Processing by DevelopmentsController#show as JSONAPI
I, [2019-09-06T14:31:02.013263 #321]  INFO -- : [c0218f3d-dbb2-4272-bce6-81cef70cff2e]   Parameters: {"id"=>"1036"}
I, [2019-09-06T14:31:02.013594 #417]  INFO -- : [02e6d2c1-ee69-462e-84d7-8cbdc04c443a] Processing by DevelopmentsController#show as JSONAPI
I, [2019-09-06T14:31:02.013674 #417]  INFO -- : [02e6d2c1-ee69-462e-84d7-8cbdc04c443a]   Parameters: {"id"=>"3692"}
I, [2019-09-06T14:31:02.024941 #17183]  INFO -- : [fe0d2696-954a-4ac5-ab0d-3ac8b331e11d] Completed 200 OK in 17ms (Views: 0.3ms | ActiveRecord: 6.0ms)
I, [2019-09-06T14:31:02.026556 #321]  INFO -- : [c0218f3d-dbb2-4272-bce6-81cef70cff2e] Completed 200 OK in 13ms (Views: 0.2ms | ActiveRecord: 5.6ms)
I, [2019-09-06T14:31:02.027169 #17183]  INFO -- : [cb640cc1-508d-456e-b341-353d81d96fcd] Started GET "/developments/1754" for 104.207.192.42 at 2019-09-06 14:31:02 -0400
I, [2019-09-06T14:31:02.027915 #321]  INFO -- : [f8fd183b-751b-46d3-93b0-46618ab65218] Started GET "/developments/193" for 104.207.192.42 at 2019-09-06 14:31:02 -0400
I, [2019-09-06T14:31:02.028090 #17183]  INFO -- : [cb640cc1-508d-456e-b341-353d81d96fcd] Processing by DevelopmentsController#show as JSONAPI
I, [2019-09-06T14:31:02.028157 #17183]  INFO -- : [cb640cc1-508d-456e-b341-353d81d96fcd]   Parameters: {"id"=>"1754"}
I, [2019-09-06T14:31:02.028589 #321]  INFO -- : [f8fd183b-751b-46d3-93b0-46618ab65218] Processing by DevelopmentsController#show as JSONAPI
I, [2019-09-06T14:31:02.028656 #321]  INFO -- : [f8fd183b-751b-46d3-93b0-46618ab65218]   Parameters: {"id"=>"193"}
I, [2019-09-06T14:31:02.030657 #417]  INFO -- : [02e6d2c1-ee69-462e-84d7-8cbdc04c443a] Completed 200 OK in 17ms (Views: 0.2ms | ActiveRecord: 9.9ms)
I, [2019-09-06T14:31:02.031516 #417]  INFO -- : [c3d3b32a-b734-4875-83fb-6961d3daff9c] Started GET "/developments/263" for 104.207.192.42 at 2019-09-06 14:31:02 -0400
I, [2019-09-06T14:31:02.032164 #417]  INFO -- : [c3d3b32a-b734-4875-83fb-6961d3daff9c] Processing by DevelopmentsController#show as JSONAPI
I, [2019-09-06T14:31:02.032243 #417]  INFO -- : [c3d3b32a-b734-4875-83fb-6961d3daff9c]   Parameters: {"id"=>"263"}
I, [2019-09-06T14:31:02.039644 #321]  INFO -- : [f8fd183b-751b-46d3-93b0-46618ab65218] Completed 200 OK in 11ms (Views: 0.2ms | ActiveRecord: 4.5ms)
I, [2019-09-06T14:31:02.040428 #321]  INFO -- : [82efc47f-c515-4e45-bccc-8f7ad42280b5] Started GET "/developments/2442" for 104.207.192.42 at 2019-09-06 14:31:02 -0400
I, [2019-09-06T14:31:02.041099 #321]  INFO -- : [82efc47f-c515-4e45-bccc-8f7ad42280b5] Processing by DevelopmentsController#show as JSONAPI
I, [2019-09-06T14:31:02.041190 #321]  INFO -- : [82efc47f-c515-4e45-bccc-8f7ad42280b5]   Parameters: {"id"=>"2442"}
I, [2019-09-06T14:31:02.042936 #17183]  INFO -- : [cb640cc1-508d-456e-b341-353d81d96fcd] Completed 200 OK in 15ms (Views: 0.2ms | ActiveRecord: 3.7ms)
I, [2019-09-06T14:31:02.044461 #17183]  INFO -- : [38565aa5-5d76-49f6-8f2f-8fd0f7fc8e0e] Started GET "/developments/264" for 104.207.192.42 at 2019-09-06 14:31:02 -0400
I, [2019-09-06T14:31:02.045178 #17183]  INFO -- : [38565aa5-5d76-49f6-8f2f-8fd0f7fc8e0e] Processing by DevelopmentsController#show as JSONAPI
I, [2019-09-06T14:31:02.045244 #17183]  INFO -- : [38565aa5-5d76-49f6-8f2f-8fd0f7fc8e0e]   Parameters: {"id"=>"264"}
I, [2019-09-06T14:31:02.046868 #417]  INFO -- : [c3d3b32a-b734-4875-83fb-6961d3daff9c] Completed 200 OK in 15ms (Views: 0.2ms | ActiveRecord: 8.2ms)
I, [2019-09-06T14:31:02.047670 #417]  INFO -- : [5dc2d7b1-b4e5-4378-9c78-e1d900f8460e] Started GET "/developments/2347" for 104.207.192.42 at 2019-09-06 14:31:02 -0400
I, [2019-09-06T14:31:02.048343 #417]  INFO -- : [5dc2d7b1-b4e5-4378-9c78-e1d900f8460e] Processing by DevelopmentsController#show as JSONAPI
I, [2019-09-06T14:31:02.048461 #417]  INFO -- : [5dc2d7b1-b4e5-4378-9c78-e1d900f8460e]   Parameters: {"id"=>"2347"}
I, [2019-09-06T14:31:02.056111 #17183]  INFO -- : [38565aa5-5d76-49f6-8f2f-8fd0f7fc8e0e] Completed 200 OK in 11ms (Views: 0.2ms | ActiveRecord: 3.3ms)
I, [2019-09-06T14:31:02.057537 #17183]  INFO -- : [da4c8459-11d4-42a0-87bb-acfcc2215d1e] Started GET "/developments/4556" for 104.207.192.42 at 2019-09-06 14:31:02 -0400
I, [2019-09-06T14:31:02.057867 #321]  INFO -- : [82efc47f-c515-4e45-bccc-8f7ad42280b5] Completed 200 OK in 17ms (Views: 0.2ms | ActiveRecord: 8.7ms)
I, [2019-09-06T14:31:02.058619 #17183]  INFO -- : [da4c8459-11d4-42a0-87bb-acfcc2215d1e] Processing by DevelopmentsController#show as JSONAPI
I, [2019-09-06T14:31:02.058662 #321]  INFO -- : [576c6d7f-5c6c-4d35-a362-72ada4710df2] Started GET "/developments/811" for 104.207.192.42 at 2019-09-06 14:31:02 -0400
I, [2019-09-06T14:31:02.058690 #17183]  INFO -- : [da4c8459-11d4-42a0-87bb-acfcc2215d1e]   Parameters: {"id"=>"4556"}
I, [2019-09-06T14:31:02.059212 #321]  INFO -- : [576c6d7f-5c6c-4d35-a362-72ada4710df2] Processing by DevelopmentsController#show as JSONAPI
I, [2019-09-06T14:31:02.059261 #321]  INFO -- : [576c6d7f-5c6c-4d35-a362-72ada4710df2]   Parameters: {"id"=>"811"}
I, [2019-09-06T14:31:02.063428 #417]  INFO -- : [5dc2d7b1-b4e5-4378-9c78-e1d900f8460e] Completed 200 OK in 15ms (Views: 0.2ms | ActiveRecord: 7.8ms)
I, [2019-09-06T14:31:02.064931 #417]  INFO -- : [b8777dbd-ab5f-4e0b-a398-179223c443f7] Started GET "/developments/1455" for 104.207.192.42 at 2019-09-06 14:31:02 -0400
I, [2019-09-06T14:31:02.065494 #417]  INFO -- : [b8777dbd-ab5f-4e0b-a398-179223c443f7] Processing by DevelopmentsController#show as JSONAPI
I, [2019-09-06T14:31:02.065581 #417]  INFO -- : [b8777dbd-ab5f-4e0b-a398-179223c443f7]   Parameters: {"id"=>"1455"}
I, [2019-09-06T14:31:02.070740 #17183]  INFO -- : [da4c8459-11d4-42a0-87bb-acfcc2215d1e] Completed 200 OK in 12ms (Views: 0.2ms | ActiveRecord: 5.1ms)
I, [2019-09-06T14:31:02.072313 #17183]  INFO -- : [5e76a4c1-7b74-4f99-ac9f-443b45d755aa] Started GET "/developments/262" for 104.207.192.42 at 2019-09-06 14:31:02 -0400
I, [2019-09-06T14:31:02.072826 #17183]  INFO -- : [5e76a4c1-7b74-4f99-ac9f-443b45d755aa] Processing by DevelopmentsController#show as JSONAPI
I, [2019-09-06T14:31:02.072953 #17183]  INFO -- : [5e76a4c1-7b74-4f99-ac9f-443b45d755aa]   Parameters: {"id"=>"262"}
I, [2019-09-06T14:31:02.074749 #321]  INFO -- : [576c6d7f-5c6c-4d35-a362-72ada4710df2] Completed 200 OK in 15ms (Views: 0.2ms | ActiveRecord: 6.0ms)
I, [2019-09-06T14:31:02.076339 #321]  INFO -- : [304b9b54-6aa6-4880-bc21-22de9e949aae] Started GET "/developments/3286" for 104.207.192.42 at 2019-09-06 14:31:02 -0400
I, [2019-09-06T14:31:02.076986 #321]  INFO -- : [304b9b54-6aa6-4880-bc21-22de9e949aae] Processing by DevelopmentsController#show as JSONAPI
I, [2019-09-06T14:31:02.077053 #321]  INFO -- : [304b9b54-6aa6-4880-bc21-22de9e949aae]   Parameters: {"id"=>"3286"}
I, [2019-09-06T14:31:02.080478 #417]  INFO -- : [b8777dbd-ab5f-4e0b-a398-179223c443f7] Completed 200 OK in 15ms (Views: 0.2ms | ActiveRecord: 8.2ms)
I, [2019-09-06T14:31:02.081298 #417]  INFO -- : [445e631f-a810-4273-aa25-1de5b1fe7af5] Started GET "/developments/1563" for 104.207.192.42 at 2019-09-06 14:31:02 -0400
I, [2019-09-06T14:31:02.081875 #417]  INFO -- : [445e631f-a810-4273-aa25-1de5b1fe7af5] Processing by DevelopmentsController#show as JSONAPI
I, [2019-09-06T14:31:02.081924 #417]  INFO -- : [445e631f-a810-4273-aa25-1de5b1fe7af5]   Parameters: {"id"=>"1563"}
I, [2019-09-06T14:31:02.089016 #17183]  INFO -- : [5e76a4c1-7b74-4f99-ac9f-443b45d755aa] Completed 200 OK in 16ms (Views: 0.3ms | ActiveRecord: 7.7ms)
I, [2019-09-06T14:31:02.090500 #321]  INFO -- : [304b9b54-6aa6-4880-bc21-22de9e949aae] Completed 200 OK in 13ms (Views: 0.2ms | ActiveRecord: 6.0ms)
I, [2019-09-06T14:31:02.090660 #17183]  INFO -- : [56f12987-ab21-40d3-b991-9afbfa0fc4d4] Started GET "/developments/226" for 104.207.192.42 at 2019-09-06 14:31:02 -0400
I, [2019-09-06T14:31:02.091481 #321]  INFO -- : [351b20e0-cc29-4677-a95f-dc2435081239] Started GET "/developments/1995" for 104.207.192.42 at 2019-09-06 14:31:02 -0400
I, [2019-09-06T14:31:02.091881 #17183]  INFO -- : [56f12987-ab21-40d3-b991-9afbfa0fc4d4] Processing by DevelopmentsController#show as JSONAPI
I, [2019-09-06T14:31:02.092019 #17183]  INFO -- : [56f12987-ab21-40d3-b991-9afbfa0fc4d4]   Parameters: {"id"=>"226"}
I, [2019-09-06T14:31:02.092239 #321]  INFO -- : [351b20e0-cc29-4677-a95f-dc2435081239] Processing by DevelopmentsController#show as JSONAPI
I, [2019-09-06T14:31:02.092305 #321]  INFO -- : [351b20e0-cc29-4677-a95f-dc2435081239]   Parameters: {"id"=>"1995"}
I, [2019-09-06T14:31:02.096885 #417]  INFO -- : [445e631f-a810-4273-aa25-1de5b1fe7af5] Completed 200 OK in 15ms (Views: 0.2ms | ActiveRecord: 7.7ms)
I, [2019-09-06T14:31:02.098352 #417]  INFO -- : [59fc4f73-9369-4428-943f-c97e54838a13] Started GET "/developments/4563" for 104.207.192.42 at 2019-09-06 14:31:02 -0400
I, [2019-09-06T14:31:02.099080 #417]  INFO -- : [59fc4f73-9369-4428-943f-c97e54838a13] Processing by DevelopmentsController#show as JSONAPI
I, [2019-09-06T14:31:02.099144 #417]  INFO -- : [59fc4f73-9369-4428-943f-c97e54838a13]   Parameters: {"id"=>"4563"}
I, [2019-09-06T14:31:02.105784 #321]  INFO -- : [351b20e0-cc29-4677-a95f-dc2435081239] Completed 200 OK in 13ms (Views: 0.2ms | ActiveRecord: 6.1ms)
I, [2019-09-06T14:31:02.107181 #321]  INFO -- : [2db7a0ca-2243-4dcc-b506-96530629af28] Started GET "/developments/3769" for 104.207.192.42 at 2019-09-06 14:31:02 -0400
I, [2019-09-06T14:31:02.107550 #17183]  INFO -- : [56f12987-ab21-40d3-b991-9afbfa0fc4d4] Completed 200 OK in 15ms (Views: 0.3ms | ActiveRecord: 5.4ms)
I, [2019-09-06T14:31:02.107855 #321]  INFO -- : [2db7a0ca-2243-4dcc-b506-96530629af28] Processing by DevelopmentsController#show as JSONAPI
I, [2019-09-06T14:31:02.108352 #321]  INFO -- : [2db7a0ca-2243-4dcc-b506-96530629af28]   Parameters: {"id"=>"3769"}
I, [2019-09-06T14:31:02.109632 #17183]  INFO -- : [80fe5e66-e942-4c9d-a28a-4429276d129a] Started GET "/developments/4564" for 104.207.192.42 at 2019-09-06 14:31:02 -0400
I, [2019-09-06T14:31:02.112136 #417]  INFO -- : [59fc4f73-9369-4428-943f-c97e54838a13] Completed 200 OK in 13ms (Views: 0.2ms | ActiveRecord: 6.4ms)
I, [2019-09-06T14:31:02.112968 #417]  INFO -- : [c843bc81-eebd-4e23-b183-c99de0d99cf8] Started GET "/developments/1069" for 104.207.192.42 at 2019-09-06 14:31:02 -0400
I, [2019-09-06T14:31:02.113502 #417]  INFO -- : [c843bc81-eebd-4e23-b183-c99de0d99cf8] Processing by DevelopmentsController#show as JSONAPI
I, [2019-09-06T14:31:02.113568 #417]  INFO -- : [c843bc81-eebd-4e23-b183-c99de0d99cf8]   Parameters: {"id"=>"1069"}
I, [2019-09-06T14:31:02.114565 #17183]  INFO -- : [80fe5e66-e942-4c9d-a28a-4429276d129a] Processing by DevelopmentsController#show as JSONAPI
I, [2019-09-06T14:31:02.114618 #17183]  INFO -- : [80fe5e66-e942-4c9d-a28a-4429276d129a]   Parameters: {"id"=>"4564"}
I, [2019-09-06T14:31:02.118768 #321]  INFO -- : [2db7a0ca-2243-4dcc-b506-96530629af28] Completed 200 OK in 10ms (Views: 0.2ms | ActiveRecord: 3.9ms)
I, [2019-09-06T14:31:02.119484 #321]  INFO -- : [d12fc310-7251-4117-998e-072e3f5e37b6] Started GET "/developments/3000" for 104.207.192.42 at 2019-09-06 14:31:02 -0400
I, [2019-09-06T14:31:02.119904 #321]  INFO -- : [d12fc310-7251-4117-998e-072e3f5e37b6] Processing by DevelopmentsController#show as JSONAPI
I, [2019-09-06T14:31:02.119985 #321]  INFO -- : [d12fc310-7251-4117-998e-072e3f5e37b6]   Parameters: {"id"=>"3000"}
I, [2019-09-06T14:31:02.125896 #417]  INFO -- : [c843bc81-eebd-4e23-b183-c99de0d99cf8] Completed 200 OK in 12ms (Views: 0.2ms | ActiveRecord: 6.7ms)
I, [2019-09-06T14:31:02.126696 #417]  INFO -- : [188bad5f-add4-4592-a1b7-92949a6aec71] Started GET "/developments/2227" for 104.207.192.42 at 2019-09-06 14:31:02 -0400
I, [2019-09-06T14:31:02.127277 #417]  INFO -- : [188bad5f-add4-4592-a1b7-92949a6aec71] Processing by DevelopmentsController#show as JSONAPI
I, [2019-09-06T14:31:02.127343 #417]  INFO -- : [188bad5f-add4-4592-a1b7-92949a6aec71]   Parameters: {"id"=>"2227"}
I, [2019-09-06T14:31:02.133908 #321]  INFO -- : [d12fc310-7251-4117-998e-072e3f5e37b6] Completed 200 OK in 14ms (Views: 0.2ms | ActiveRecord: 6.9ms)
I, [2019-09-06T14:31:02.135070 #321]  INFO -- : [b0791b32-2fcd-499d-a3f1-be657f48774a] Started GET "/developments/4597" for 104.207.192.42 at 2019-09-06 14:31:02 -0400
I, [2019-09-06T14:31:02.135194 #17183]  INFO -- : [80fe5e66-e942-4c9d-a28a-4429276d129a] Completed 200 OK in 20ms (Views: 0.8ms | ActiveRecord: 6.3ms)
I, [2019-09-06T14:31:02.135736 #321]  INFO -- : [b0791b32-2fcd-499d-a3f1-be657f48774a] Processing by DevelopmentsController#show as JSONAPI
I, [2019-09-06T14:31:02.135802 #321]  INFO -- : [b0791b32-2fcd-499d-a3f1-be657f48774a]   Parameters: {"id"=>"4597"}
I, [2019-09-06T14:31:02.136824 #17183]  INFO -- : [e4ea7938-1c46-4330-9e5e-ef39af8bc11f] Started GET "/developments/2815" for 104.207.192.42 at 2019-09-06 14:31:02 -0400
I, [2019-09-06T14:31:02.137577 #17183]  INFO -- : [e4ea7938-1c46-4330-9e5e-ef39af8bc11f] Processing by DevelopmentsController#show as JSONAPI
I, [2019-09-06T14:31:02.137644 #17183]  INFO -- : [e4ea7938-1c46-4330-9e5e-ef39af8bc11f]   Parameters: {"id"=>"2815"}
I, [2019-09-06T14:31:02.151694 #417]  INFO -- : [188bad5f-add4-4592-a1b7-92949a6aec71] Completed 200 OK in 24ms (Views: 0.2ms | ActiveRecord: 15.8ms)
I, [2019-09-06T14:31:02.153306 #417]  INFO -- : [208b9c98-9867-4e86-893d-4887489edb1c] Started GET "/developments/4388" for 104.207.192.42 at 2019-09-06 14:31:02 -0400
I, [2019-09-06T14:31:02.154079 #417]  INFO -- : [208b9c98-9867-4e86-893d-4887489edb1c] Processing by DevelopmentsController#show as JSONAPI
I, [2019-09-06T14:31:02.154145 #417]  INFO -- : [208b9c98-9867-4e86-893d-4887489edb1c]   Parameters: {"id"=>"4388"}
I, [2019-09-06T14:31:02.157560 #17183]  INFO -- : [e4ea7938-1c46-4330-9e5e-ef39af8bc11f] Completed 200 OK in 20ms (Views: 0.3ms | ActiveRecord: 10.6ms)
I, [2019-09-06T14:31:02.158195 #321]  INFO -- : [b0791b32-2fcd-499d-a3f1-be657f48774a] Completed 200 OK in 22ms (Views: 0.2ms | ActiveRecord: 11.6ms)
I, [2019-09-06T14:31:02.159825 #321]  INFO -- : [37a52bc3-d472-4f1d-b5b9-5094bf99353f] Started GET "/developments/1956" for 104.207.192.42 at 2019-09-06 14:31:02 -0400
I, [2019-09-06T14:31:02.160098 #17183]  INFO -- : [d6658ef7-5f48-4894-952f-12fa0e58c3b2] Started GET "/developments/552" for 104.207.192.42 at 2019-09-06 14:31:02 -0400
I, [2019-09-06T14:31:02.160566 #321]  INFO -- : [37a52bc3-d472-4f1d-b5b9-5094bf99353f] Processing by DevelopmentsController#show as JSONAPI
I, [2019-09-06T14:31:02.160631 #321]  INFO -- : [37a52bc3-d472-4f1d-b5b9-5094bf99353f]   Parameters: {"id"=>"1956"}
I, [2019-09-06T14:31:02.160948 #17183]  INFO -- : [d6658ef7-5f48-4894-952f-12fa0e58c3b2] Processing by DevelopmentsController#show as JSONAPI
I, [2019-09-06T14:31:02.161035 #17183]  INFO -- : [d6658ef7-5f48-4894-952f-12fa0e58c3b2]   Parameters: {"id"=>"552"}
I, [2019-09-06T14:31:02.172446 #417]  INFO -- : [208b9c98-9867-4e86-893d-4887489edb1c] Completed 200 OK in 18ms (Views: 0.3ms | ActiveRecord: 10.9ms)
I, [2019-09-06T14:31:02.175141 #417]  INFO -- : [68ce578b-ec00-4008-9eab-68d6429996be] Started GET "/developments/555" for 104.207.192.42 at 2019-09-06 14:31:02 -0400
I, [2019-09-06T14:31:02.175803 #417]  INFO -- : [68ce578b-ec00-4008-9eab-68d6429996be] Processing by DevelopmentsController#show as JSONAPI
I, [2019-09-06T14:31:02.175869 #417]  INFO -- : [68ce578b-ec00-4008-9eab-68d6429996be]   Parameters: {"id"=>"555"}
I, [2019-09-06T14:31:02.176618 #321]  INFO -- : [37a52bc3-d472-4f1d-b5b9-5094bf99353f] Completed 200 OK in 16ms (Views: 0.3ms | ActiveRecord: 8.8ms)
I, [2019-09-06T14:31:02.177581 #321]  INFO -- : [cd378775-9c09-4130-b574-cb5d74cdcc17] Started GET "/developments/1586" for 104.207.192.42 at 2019-09-06 14:31:02 -0400
I, [2019-09-06T14:31:02.178243 #321]  INFO -- : [cd378775-9c09-4130-b574-cb5d74cdcc17] Processing by DevelopmentsController#show as JSONAPI
I, [2019-09-06T14:31:02.178308 #321]  INFO -- : [cd378775-9c09-4130-b574-cb5d74cdcc17]   Parameters: {"id"=>"1586"}
I, [2019-09-06T14:31:02.179672 #17183]  INFO -- : [d6658ef7-5f48-4894-952f-12fa0e58c3b2] Completed 200 OK in 19ms (Views: 0.3ms | ActiveRecord: 10.3ms)
I, [2019-09-06T14:31:02.181410 #17183]  INFO -- : [b66c76dc-0885-4bba-9234-13dd917bf94e] Started GET "/developments/4629" for 104.207.192.42 at 2019-09-06 14:31:02 -0400
I, [2019-09-06T14:31:02.182211 #17183]  INFO -- : [b66c76dc-0885-4bba-9234-13dd917bf94e] Processing by DevelopmentsController#show as JSONAPI
I, [2019-09-06T14:31:02.182278 #17183]  INFO -- : [b66c76dc-0885-4bba-9234-13dd917bf94e]   Parameters: {"id"=>"4629"}
I, [2019-09-06T14:31:02.188814 #417]  INFO -- : [68ce578b-ec00-4008-9eab-68d6429996be] Completed 200 OK in 13ms (Views: 0.2ms | ActiveRecord: 3.6ms)
I, [2019-09-06T14:31:02.189714 #417]  INFO -- : [5022f512-6deb-4644-a981-aeb558fbd86e] Started GET "/developments/2645" for 104.207.192.42 at 2019-09-06 14:31:02 -0400
I, [2019-09-06T14:31:02.190589 #417]  INFO -- : [5022f512-6deb-4644-a981-aeb558fbd86e] Processing by DevelopmentsController#show as JSONAPI
I, [2019-09-06T14:31:02.190657 #417]  INFO -- : [5022f512-6deb-4644-a981-aeb558fbd86e]   Parameters: {"id"=>"2645"}
I, [2019-09-06T14:31:02.198071 #321]  INFO -- : [cd378775-9c09-4130-b574-cb5d74cdcc17] Completed 200 OK in 20ms (Views: 0.3ms | ActiveRecord: 11.4ms)
I, [2019-09-06T14:31:02.199205 #321]  INFO -- : [884c5961-9369-47af-85e3-0b396fc1d7d5] Started GET "/developments/1320" for 104.207.192.42 at 2019-09-06 14:31:02 -0400
I, [2019-09-06T14:31:02.199917 #321]  INFO -- : [884c5961-9369-47af-85e3-0b396fc1d7d5] Processing by DevelopmentsController#show as JSONAPI
I, [2019-09-06T14:31:02.200007 #321]  INFO -- : [884c5961-9369-47af-85e3-0b396fc1d7d5]   Parameters: {"id"=>"1320"}
I, [2019-09-06T14:31:02.204190 #17183]  INFO -- : [b66c76dc-0885-4bba-9234-13dd917bf94e] Completed 200 OK in 22ms (Views: 0.3ms | ActiveRecord: 9.1ms)
I, [2019-09-06T14:31:02.205788 #17183]  INFO -- : [f4e28440-6052-4b1c-85d1-1746562b7504] Started GET "/developments/1740" for 104.207.192.42 at 2019-09-06 14:31:02 -0400
I, [2019-09-06T14:31:02.206608 #17183]  INFO -- : [f4e28440-6052-4b1c-85d1-1746562b7504] Processing by DevelopmentsController#show as JSONAPI
I, [2019-09-06T14:31:02.206677 #17183]  INFO -- : [f4e28440-6052-4b1c-85d1-1746562b7504]   Parameters: {"id"=>"1740"}
I, [2019-09-06T14:31:02.208508 #417]  INFO -- : [5022f512-6deb-4644-a981-aeb558fbd86e] Completed 200 OK in 18ms (Views: 0.2ms | ActiveRecord: 5.6ms)
I, [2019-09-06T14:31:02.209402 #417]  INFO -- : [1bbf5111-a905-4c9e-a849-b13266f30726] Started GET "/developments/3050" for 104.207.192.42 at 2019-09-06 14:31:02 -0400
I, [2019-09-06T14:31:02.209906 #417]  INFO -- : [1bbf5111-a905-4c9e-a849-b13266f30726] Processing by DevelopmentsController#show as JSONAPI
I, [2019-09-06T14:31:02.209967 #417]  INFO -- : [1bbf5111-a905-4c9e-a849-b13266f30726]   Parameters: {"id"=>"3050"}
I, [2019-09-06T14:31:02.219786 #321]  INFO -- : [884c5961-9369-47af-85e3-0b396fc1d7d5] Completed 200 OK in 20ms (Views: 0.3ms | ActiveRecord: 11.4ms)
I, [2019-09-06T14:31:02.221370 #321]  INFO -- : [bbb4b6ef-e1bd-40c7-af82-4b5943953e8f] Started GET "/developments/4824" for 104.207.192.42 at 2019-09-06 14:31:02 -0400
I, [2019-09-06T14:31:02.222045 #321]  INFO -- : [bbb4b6ef-e1bd-40c7-af82-4b5943953e8f] Processing by DevelopmentsController#show as JSONAPI
I, [2019-09-06T14:31:02.222111 #321]  INFO -- : [bbb4b6ef-e1bd-40c7-af82-4b5943953e8f]   Parameters: {"id"=>"4824"}
I, [2019-09-06T14:31:02.223977 #17183]  INFO -- : [f4e28440-6052-4b1c-85d1-1746562b7504] Completed 200 OK in 17ms (Views: 0.2ms | ActiveRecord: 7.3ms)
I, [2019-09-06T14:31:02.225121 #17183]  INFO -- : [03827f43-9a6c-4446-a152-f8699e706698] Started GET "/developments/4251" for 104.207.192.42 at 2019-09-06 14:31:02 -0400
I, [2019-09-06T14:31:02.226069 #17183]  INFO -- : [03827f43-9a6c-4446-a152-f8699e706698] Processing by DevelopmentsController#show as JSONAPI
I, [2019-09-06T14:31:02.226136 #17183]  INFO -- : [03827f43-9a6c-4446-a152-f8699e706698]   Parameters: {"id"=>"4251"}
I, [2019-09-06T14:31:02.229339 #417]  INFO -- : [1bbf5111-a905-4c9e-a849-b13266f30726] Completed 200 OK in 19ms (Views: 0.2ms | ActiveRecord: 7.9ms)
I, [2019-09-06T14:31:02.230788 #417]  INFO -- : [685bae82-5f7b-4e8d-b4a6-9bac86c5d33d] Started GET "/developments/4826" for 104.207.192.42 at 2019-09-06 14:31:02 -0400
I, [2019-09-06T14:31:02.231428 #417]  INFO -- : [685bae82-5f7b-4e8d-b4a6-9bac86c5d33d] Processing by DevelopmentsController#show as JSONAPI
I, [2019-09-06T14:31:02.231492 #417]  INFO -- : [685bae82-5f7b-4e8d-b4a6-9bac86c5d33d]   Parameters: {"id"=>"4826"}
I, [2019-09-06T14:31:02.239348 #321]  INFO -- : [bbb4b6ef-e1bd-40c7-af82-4b5943953e8f] Completed 200 OK in 17ms (Views: 0.2ms | ActiveRecord: 4.3ms)
I, [2019-09-06T14:31:02.242772 #17183]  INFO -- : [03827f43-9a6c-4446-a152-f8699e706698] Completed 200 OK in 17ms (Views: 0.2ms | ActiveRecord: 6.3ms)
I, [2019-09-06T14:31:02.240670 #321]  INFO -- : [77102701-a85b-4385-8427-f47eb55a45d7] Started GET "/developments/4280" for 104.207.192.42 at 2019-09-06 14:31:02 -0400
I, [2019-09-06T14:31:02.243733 #17183]  INFO -- : [f619a575-f8d5-458b-af8c-c307a0f27a40] Started GET "/developments/4408" for 104.207.192.42 at 2019-09-06 14:31:02 -0400
I, [2019-09-06T14:31:02.244031 #321]  INFO -- : [77102701-a85b-4385-8427-f47eb55a45d7] Processing by DevelopmentsController#show as JSONAPI
I, [2019-09-06T14:31:02.244098 #321]  INFO -- : [77102701-a85b-4385-8427-f47eb55a45d7]   Parameters: {"id"=>"4280"}
I, [2019-09-06T14:31:02.244433 #17183]  INFO -- : [f619a575-f8d5-458b-af8c-c307a0f27a40] Processing by DevelopmentsController#show as JSONAPI
I, [2019-09-06T14:31:02.244569 #17183]  INFO -- : [f619a575-f8d5-458b-af8c-c307a0f27a40]   Parameters: {"id"=>"4408"}
I, [2019-09-06T14:31:02.248715 #417]  INFO -- : [685bae82-5f7b-4e8d-b4a6-9bac86c5d33d] Completed 200 OK in 17ms (Views: 0.2ms | ActiveRecord: 9.2ms)
I, [2019-09-06T14:31:02.250810 #417]  INFO -- : [36aa613a-502d-49bf-b3bf-639983ef9b78] Started GET "/developments/4776" for 104.207.192.42 at 2019-09-06 14:31:02 -0400
I, [2019-09-06T14:31:02.251457 #417]  INFO -- : [36aa613a-502d-49bf-b3bf-639983ef9b78] Processing by DevelopmentsController#show as JSONAPI
I, [2019-09-06T14:31:02.251522 #417]  INFO -- : [36aa613a-502d-49bf-b3bf-639983ef9b78]   Parameters: {"id"=>"4776"}
I, [2019-09-06T14:31:02.260873 #321]  INFO -- : [77102701-a85b-4385-8427-f47eb55a45d7] Completed 200 OK in 17ms (Views: 0.2ms | ActiveRecord: 5.2ms)
I, [2019-09-06T14:31:02.262345 #321]  INFO -- : [20228b50-6515-4b24-9a66-ae14b02ebd35] Started GET "/developments/4815" for 104.207.192.42 at 2019-09-06 14:31:02 -0400
I, [2019-09-06T14:31:02.263729 #17183]  INFO -- : [f619a575-f8d5-458b-af8c-c307a0f27a40] Completed 200 OK in 19ms (Views: 0.4ms | ActiveRecord: 7.9ms)
I, [2019-09-06T14:31:02.265319 #321]  INFO -- : [20228b50-6515-4b24-9a66-ae14b02ebd35] Processing by DevelopmentsController#show as JSONAPI
I, [2019-09-06T14:31:02.265388 #321]  INFO -- : [20228b50-6515-4b24-9a66-ae14b02ebd35]   Parameters: {"id"=>"4815"}
I, [2019-09-06T14:31:02.265884 #17183]  INFO -- : [899a1ab5-8266-4ec6-9e47-74c6fc5cc790] Started GET "/developments/4443" for 104.207.192.42 at 2019-09-06 14:31:02 -0400
I, [2019-09-06T14:31:02.268310 #17183]  INFO -- : [899a1ab5-8266-4ec6-9e47-74c6fc5cc790] Processing by DevelopmentsController#show as JSONAPI
I, [2019-09-06T14:31:02.268363 #417]  INFO -- : [36aa613a-502d-49bf-b3bf-639983ef9b78] Completed 200 OK in 17ms (Views: 0.3ms | ActiveRecord: 9.9ms)
I, [2019-09-06T14:31:02.268379 #17183]  INFO -- : [899a1ab5-8266-4ec6-9e47-74c6fc5cc790]   Parameters: {"id"=>"4443"}
I, [2019-09-06T14:31:02.269398 #417]  INFO -- : [0ce4df60-5ceb-440d-a24a-e41e85f73398] Started GET "/developments/3289" for 104.207.192.42 at 2019-09-06 14:31:02 -0400
I, [2019-09-06T14:31:02.270040 #417]  INFO -- : [0ce4df60-5ceb-440d-a24a-e41e85f73398] Processing by DevelopmentsController#show as JSONAPI
I, [2019-09-06T14:31:02.270104 #417]  INFO -- : [0ce4df60-5ceb-440d-a24a-e41e85f73398]   Parameters: {"id"=>"3289"}
I, [2019-09-06T14:31:02.276885 #321]  INFO -- : [20228b50-6515-4b24-9a66-ae14b02ebd35] Completed 200 OK in 11ms (Views: 0.1ms | ActiveRecord: 4.9ms)
I, [2019-09-06T14:31:02.278162 #321]  INFO -- : [1a388127-3b14-464d-a7f3-f356c89bdc64] Started GET "/developments/4792" for 104.207.192.42 at 2019-09-06 14:31:02 -0400
I, [2019-09-06T14:31:02.278750 #321]  INFO -- : [1a388127-3b14-464d-a7f3-f356c89bdc64] Processing by DevelopmentsController#show as JSONAPI
I, [2019-09-06T14:31:02.278823 #321]  INFO -- : [1a388127-3b14-464d-a7f3-f356c89bdc64]   Parameters: {"id"=>"4792"}
I, [2019-09-06T14:31:02.280840 #17183]  INFO -- : [899a1ab5-8266-4ec6-9e47-74c6fc5cc790] Completed 200 OK in 12ms (Views: 0.2ms | ActiveRecord: 4.1ms)
I, [2019-09-06T14:31:02.281639 #17183]  INFO -- : [7b3f6a48-3f8c-4d77-926f-19929388cae1] Started GET "/developments/4278" for 104.207.192.42 at 2019-09-06 14:31:02 -0400
I, [2019-09-06T14:31:02.282113 #17183]  INFO -- : [7b3f6a48-3f8c-4d77-926f-19929388cae1] Processing by DevelopmentsController#show as JSONAPI
I, [2019-09-06T14:31:02.282214 #17183]  INFO -- : [7b3f6a48-3f8c-4d77-926f-19929388cae1]   Parameters: {"id"=>"4278"}
I, [2019-09-06T14:31:02.287960 #417]  INFO -- : [0ce4df60-5ceb-440d-a24a-e41e85f73398] Completed 200 OK in 18ms (Views: 0.2ms | ActiveRecord: 11.2ms)
I, [2019-09-06T14:31:02.289257 #417]  INFO -- : [889e631d-6481-4c2f-a62f-123b3528a670] Started GET "/developments/4829" for 104.207.192.42 at 2019-09-06 14:31:02 -0400
I, [2019-09-06T14:31:02.289839 #417]  INFO -- : [889e631d-6481-4c2f-a62f-123b3528a670] Processing by DevelopmentsController#show as JSONAPI
I, [2019-09-06T14:31:02.289889 #417]  INFO -- : [889e631d-6481-4c2f-a62f-123b3528a670]   Parameters: {"id"=>"4829"}
I, [2019-09-06T14:31:02.298607 #17183]  INFO -- : [7b3f6a48-3f8c-4d77-926f-19929388cae1] Completed 200 OK in 16ms (Views: 0.3ms | ActiveRecord: 7.9ms)
I, [2019-09-06T14:31:02.299720 #321]  INFO -- : [1a388127-3b14-464d-a7f3-f356c89bdc64] Completed 200 OK in 21ms (Views: 0.2ms | ActiveRecord: 7.6ms)
I, [2019-09-06T14:31:02.300807 #417]  INFO -- : [889e631d-6481-4c2f-a62f-123b3528a670] Completed 200 OK in 11ms (Views: 0.2ms | ActiveRecord: 3.8ms)
I, [2019-09-06T14:31:02.300980 #321]  INFO -- : [57025a72-2654-4d05-9e82-9cb6fb13cada] Started GET "/developments/4785" for 104.207.192.42 at 2019-09-06 14:31:02 -0400
I, [2019-09-06T14:31:02.301690 #321]  INFO -- : [57025a72-2654-4d05-9e82-9cb6fb13cada] Processing by DevelopmentsController#show as JSONAPI
I, [2019-09-06T14:31:02.301758 #321]  INFO -- : [57025a72-2654-4d05-9e82-9cb6fb13cada]   Parameters: {"id"=>"4785"}
I, [2019-09-06T14:31:02.302438 #417]  INFO -- : [bd726949-6a3b-43db-bc77-dbe448e37528] Started GET "/developments/4790" for 104.207.192.42 at 2019-09-06 14:31:02 -0400
I, [2019-09-06T14:31:02.302979 #17183]  INFO -- : [a3270698-870b-4a8f-b854-fdbd59828d9f] Started GET "/developments/4262" for 104.207.192.42 at 2019-09-06 14:31:02 -0400
I, [2019-09-06T14:31:02.303096 #417]  INFO -- : [bd726949-6a3b-43db-bc77-dbe448e37528] Processing by DevelopmentsController#show as JSONAPI
I, [2019-09-06T14:31:02.303160 #417]  INFO -- : [bd726949-6a3b-43db-bc77-dbe448e37528]   Parameters: {"id"=>"4790"}
I, [2019-09-06T14:31:02.303750 #17183]  INFO -- : [a3270698-870b-4a8f-b854-fdbd59828d9f] Processing by DevelopmentsController#show as JSONAPI
I, [2019-09-06T14:31:02.303846 #17183]  INFO -- : [a3270698-870b-4a8f-b854-fdbd59828d9f]   Parameters: {"id"=>"4262"}
I, [2019-09-06T14:31:02.314791 #417]  INFO -- : [bd726949-6a3b-43db-bc77-dbe448e37528] Completed 200 OK in 12ms (Views: 0.2ms | ActiveRecord: 4.8ms)
I, [2019-09-06T14:31:02.316517 #417]  INFO -- : [b2a62c35-b913-4f9e-b20d-9b93ae67aaf1] Started GET "/developments/4279" for 104.207.192.42 at 2019-09-06 14:31:02 -0400
I, [2019-09-06T14:31:02.317241 #417]  INFO -- : [b2a62c35-b913-4f9e-b20d-9b93ae67aaf1] Processing by DevelopmentsController#show as JSONAPI
I, [2019-09-06T14:31:02.317309 #417]  INFO -- : [b2a62c35-b913-4f9e-b20d-9b93ae67aaf1]   Parameters: {"id"=>"4279"}
I, [2019-09-06T14:31:02.318089 #321]  INFO -- : [57025a72-2654-4d05-9e82-9cb6fb13cada] Completed 200 OK in 16ms (Views: 0.3ms | ActiveRecord: 5.7ms)
I, [2019-09-06T14:31:02.319010 #321]  INFO -- : [9e2046dc-0c82-40c9-a671-3a1fa4db2638] Started GET "/developments/4475" for 104.207.192.42 at 2019-09-06 14:31:02 -0400
I, [2019-09-06T14:31:02.319698 #321]  INFO -- : [9e2046dc-0c82-40c9-a671-3a1fa4db2638] Processing by DevelopmentsController#show as JSONAPI
I, [2019-09-06T14:31:02.319794 #321]  INFO -- : [9e2046dc-0c82-40c9-a671-3a1fa4db2638]   Parameters: {"id"=>"4475"}
I, [2019-09-06T14:31:02.321303 #17183]  INFO -- : [a3270698-870b-4a8f-b854-fdbd59828d9f] Completed 200 OK in 17ms (Views: 0.3ms | ActiveRecord: 8.5ms)
I, [2019-09-06T14:31:02.322926 #17183]  INFO -- : [c36a10e8-0e0b-4d8d-a988-8d748e3d36a7] Started GET "/developments/4810" for 104.207.192.42 at 2019-09-06 14:31:02 -0400
I, [2019-09-06T14:31:02.323771 #17183]  INFO -- : [c36a10e8-0e0b-4d8d-a988-8d748e3d36a7] Processing by DevelopmentsController#show as JSONAPI
I, [2019-09-06T14:31:02.323838 #17183]  INFO -- : [c36a10e8-0e0b-4d8d-a988-8d748e3d36a7]   Parameters: {"id"=>"4810"}
I, [2019-09-06T14:31:02.333380 #417]  INFO -- : [b2a62c35-b913-4f9e-b20d-9b93ae67aaf1] Completed 200 OK in 16ms (Views: 0.3ms | ActiveRecord: 5.5ms)
I, [2019-09-06T14:31:02.334533 #417]  INFO -- : [908519b6-3d85-4c31-b39c-78f63c78ee58] Started GET "/developments/4808" for 104.207.192.42 at 2019-09-06 14:31:02 -0400
I, [2019-09-06T14:31:02.335380 #417]  INFO -- : [908519b6-3d85-4c31-b39c-78f63c78ee58] Processing by DevelopmentsController#show as JSONAPI
I, [2019-09-06T14:31:02.335468 #417]  INFO -- : [908519b6-3d85-4c31-b39c-78f63c78ee58]   Parameters: {"id"=>"4808"}
I, [2019-09-06T14:31:02.337028 #321]  INFO -- : [9e2046dc-0c82-40c9-a671-3a1fa4db2638] Completed 200 OK in 17ms (Views: 0.2ms | ActiveRecord: 7.4ms)
I, [2019-09-06T14:31:02.338092 #17183]  INFO -- : [c36a10e8-0e0b-4d8d-a988-8d748e3d36a7] Completed 200 OK in 14ms (Views: 0.3ms | ActiveRecord: 6.1ms)
I, [2019-09-06T14:31:02.338431 #321]  INFO -- : [7c38d9b8-479d-4074-8ec1-82f0c0f18de2] Started GET "/developments/4816" for 104.207.192.42 at 2019-09-06 14:31:02 -0400
I, [2019-09-06T14:31:02.339069 #17183]  INFO -- : [9b885c51-1ede-4964-a61b-07680f2ddf71] Started GET "/developments/4807" for 104.207.192.42 at 2019-09-06 14:31:02 -0400
I, [2019-09-06T14:31:02.339497 #321]  INFO -- : [7c38d9b8-479d-4074-8ec1-82f0c0f18de2] Processing by DevelopmentsController#show as JSONAPI
I, [2019-09-06T14:31:02.339564 #321]  INFO -- : [7c38d9b8-479d-4074-8ec1-82f0c0f18de2]   Parameters: {"id"=>"4816"}
I, [2019-09-06T14:31:02.339795 #17183]  INFO -- : [9b885c51-1ede-4964-a61b-07680f2ddf71] Processing by DevelopmentsController#show as JSONAPI
I, [2019-09-06T14:31:02.339860 #17183]  INFO -- : [9b885c51-1ede-4964-a61b-07680f2ddf71]   Parameters: {"id"=>"4807"}
I, [2019-09-06T14:31:02.350677 #417]  INFO -- : [908519b6-3d85-4c31-b39c-78f63c78ee58] Completed 200 OK in 15ms (Views: 0.2ms | ActiveRecord: 4.8ms)
I, [2019-09-06T14:31:02.351511 #321]  INFO -- : [7c38d9b8-479d-4074-8ec1-82f0c0f18de2] Completed 200 OK in 12ms (Views: 0.2ms | ActiveRecord: 5.3ms)
I, [2019-09-06T14:31:02.352650 #417]  INFO -- : [df2d7cef-13b6-4a32-a14d-9e7d5355c840] Started GET "/developments/4791" for 104.207.192.42 at 2019-09-06 14:31:02 -0400
I, [2019-09-06T14:31:02.353378 #417]  INFO -- : [df2d7cef-13b6-4a32-a14d-9e7d5355c840] Processing by DevelopmentsController#show as JSONAPI
I, [2019-09-06T14:31:02.353444 #417]  INFO -- : [df2d7cef-13b6-4a32-a14d-9e7d5355c840]   Parameters: {"id"=>"4791"}
I, [2019-09-06T14:31:02.353623 #321]  INFO -- : [4426c45d-313c-4d25-8a9d-2c32458803e7] Started GET "/developments/4277" for 104.207.192.42 at 2019-09-06 14:31:02 -0400
I, [2019-09-06T14:31:02.354185 #321]  INFO -- : [4426c45d-313c-4d25-8a9d-2c32458803e7] Processing by DevelopmentsController#show as JSONAPI
I, [2019-09-06T14:31:02.354282 #321]  INFO -- : [4426c45d-313c-4d25-8a9d-2c32458803e7]   Parameters: {"id"=>"4277"}
I, [2019-09-06T14:31:02.356756 #17183]  INFO -- : [9b885c51-1ede-4964-a61b-07680f2ddf71] Completed 200 OK in 17ms (Views: 0.2ms | ActiveRecord: 9.2ms)
I, [2019-09-06T14:31:02.360400 #17183]  INFO -- : [7e0056bc-f5b8-424a-ba94-d733471f0001] Started GET "/developments/4809" for 104.207.192.42 at 2019-09-06 14:31:02 -0400
I, [2019-09-06T14:31:02.361030 #17183]  INFO -- : [7e0056bc-f5b8-424a-ba94-d733471f0001] Processing by DevelopmentsController#show as JSONAPI
I, [2019-09-06T14:31:02.361078 #17183]  INFO -- : [7e0056bc-f5b8-424a-ba94-d733471f0001]   Parameters: {"id"=>"4809"}
I, [2019-09-06T14:31:02.377329 #321]  INFO -- : [4426c45d-313c-4d25-8a9d-2c32458803e7] Completed 200 OK in 23ms (Views: 0.2ms | ActiveRecord: 15.4ms)
I, [2019-09-06T14:31:02.378341 #321]  INFO -- : [20ef6003-feda-47b7-8ae8-facb56f2b81e] Started GET "/developments/4446" for 104.207.192.42 at 2019-09-06 14:31:02 -0400
I, [2019-09-06T14:31:02.379049 #321]  INFO -- : [20ef6003-feda-47b7-8ae8-facb56f2b81e] Processing by DevelopmentsController#show as JSONAPI
I, [2019-09-06T14:31:02.379111 #321]  INFO -- : [20ef6003-feda-47b7-8ae8-facb56f2b81e]   Parameters: {"id"=>"4446"}
I, [2019-09-06T14:31:02.380666 #417]  INFO -- : [df2d7cef-13b6-4a32-a14d-9e7d5355c840] Completed 200 OK in 27ms (Views: 0.2ms | ActiveRecord: 17.3ms)
I, [2019-09-06T14:31:02.382651 #17183]  INFO -- : [7e0056bc-f5b8-424a-ba94-d733471f0001] Completed 200 OK in 21ms (Views: 0.3ms | ActiveRecord: 12.3ms)
I, [2019-09-06T14:31:02.383909 #417]  INFO -- : [2742e1eb-1c87-4bf4-bcc5-b1ea9605712e] Started GET "/developments/4440" for 104.207.192.42 at 2019-09-06 14:31:02 -0400
I, [2019-09-06T14:31:02.384636 #417]  INFO -- : [2742e1eb-1c87-4bf4-bcc5-b1ea9605712e] Processing by DevelopmentsController#show as JSONAPI
I, [2019-09-06T14:31:02.384636 #17183]  INFO -- : [f0553a0a-3dac-42dc-ad17-cd9ce2bb4806] Started GET "/developments/4425" for 104.207.192.42 at 2019-09-06 14:31:02 -0400
I, [2019-09-06T14:31:02.384696 #417]  INFO -- : [2742e1eb-1c87-4bf4-bcc5-b1ea9605712e]   Parameters: {"id"=>"4440"}
I, [2019-09-06T14:31:02.385392 #17183]  INFO -- : [f0553a0a-3dac-42dc-ad17-cd9ce2bb4806] Processing by DevelopmentsController#show as JSONAPI
I, [2019-09-06T14:31:02.385458 #17183]  INFO -- : [f0553a0a-3dac-42dc-ad17-cd9ce2bb4806]   Parameters: {"id"=>"4425"}
I, [2019-09-06T14:31:02.393122 #321]  INFO -- : [20ef6003-feda-47b7-8ae8-facb56f2b81e] Completed 200 OK in 14ms (Views: 0.2ms | ActiveRecord: 5.7ms)
I, [2019-09-06T14:31:02.394508 #321]  INFO -- : [2e3765bd-c8df-40a1-b30c-765c39c7ceac] Started GET "/developments/4430" for 104.207.192.42 at 2019-09-06 14:31:02 -0400
I, [2019-09-06T14:31:02.395138 #321]  INFO -- : [2e3765bd-c8df-40a1-b30c-765c39c7ceac] Processing by DevelopmentsController#show as JSONAPI
I, [2019-09-06T14:31:02.395203 #321]  INFO -- : [2e3765bd-c8df-40a1-b30c-765c39c7ceac]   Parameters: {"id"=>"4430"}
I, [2019-09-06T14:31:02.397194 #417]  INFO -- : [2742e1eb-1c87-4bf4-bcc5-b1ea9605712e] Completed 200 OK in 12ms (Views: 0.2ms | ActiveRecord: 5.4ms)
I, [2019-09-06T14:31:02.398700 #17183]  INFO -- : [f0553a0a-3dac-42dc-ad17-cd9ce2bb4806] Completed 200 OK in 13ms (Views: 0.2ms | ActiveRecord: 4.9ms)
I, [2019-09-06T14:31:02.398281 #417]  INFO -- : [ef3894eb-fee8-4663-8330-c288bc896805] Started GET "/developments/4535" for 104.207.192.42 at 2019-09-06 14:31:02 -0400
I, [2019-09-06T14:31:02.400032 #417]  INFO -- : [ef3894eb-fee8-4663-8330-c288bc896805] Processing by DevelopmentsController#show as JSONAPI
I, [2019-09-06T14:31:02.400100 #417]  INFO -- : [ef3894eb-fee8-4663-8330-c288bc896805]   Parameters: {"id"=>"4535"}
I, [2019-09-06T14:31:02.400134 #17183]  INFO -- : [cf58d454-8bf9-4b6a-8159-f245c18c26e8] Started GET "/developments/4533" for 104.207.192.42 at 2019-09-06 14:31:02 -0400
I, [2019-09-06T14:31:02.400787 #17183]  INFO -- : [cf58d454-8bf9-4b6a-8159-f245c18c26e8] Processing by DevelopmentsController#show as JSONAPI
I, [2019-09-06T14:31:02.400854 #17183]  INFO -- : [cf58d454-8bf9-4b6a-8159-f245c18c26e8]   Parameters: {"id"=>"4533"}
I, [2019-09-06T14:31:02.409127 #321]  INFO -- : [2e3765bd-c8df-40a1-b30c-765c39c7ceac] Completed 200 OK in 14ms (Views: 0.2ms | ActiveRecord: 4.9ms)
I, [2019-09-06T14:31:02.410482 #321]  INFO -- : [bf33168e-f347-428d-b34c-0d09d573c868] Started GET "/developments/4442" for 104.207.192.42 at 2019-09-06 14:31:02 -0400
I, [2019-09-06T14:31:02.411021 #321]  INFO -- : [bf33168e-f347-428d-b34c-0d09d573c868] Processing by DevelopmentsController#show as JSONAPI
I, [2019-09-06T14:31:02.411106 #321]  INFO -- : [bf33168e-f347-428d-b34c-0d09d573c868]   Parameters: {"id"=>"4442"}
I, [2019-09-06T14:31:02.412249 #417]  INFO -- : [ef3894eb-fee8-4663-8330-c288bc896805] Completed 200 OK in 12ms (Views: 0.2ms | ActiveRecord: 4.7ms)
I, [2019-09-06T14:31:02.413324 #417]  INFO -- : [e931fab9-a911-489a-8d4f-03a9c829f896] Started GET "/developments/3805" for 104.207.192.42 at 2019-09-06 14:31:02 -0400
I, [2019-09-06T14:31:02.413990 #417]  INFO -- : [e931fab9-a911-489a-8d4f-03a9c829f896] Processing by DevelopmentsController#show as JSONAPI
I, [2019-09-06T14:31:02.414056 #417]  INFO -- : [e931fab9-a911-489a-8d4f-03a9c829f896]   Parameters: {"id"=>"3805"}
I, [2019-09-06T14:31:02.414503 #17183]  INFO -- : [cf58d454-8bf9-4b6a-8159-f245c18c26e8] Completed 200 OK in 14ms (Views: 0.2ms | ActiveRecord: 5.7ms)
I, [2019-09-06T14:31:02.416049 #17183]  INFO -- : [f763b352-f8ef-415b-bac4-114cee9a26b7] Started GET "/developments/2324" for 104.207.192.42 at 2019-09-06 14:31:02 -0400
I, [2019-09-06T14:31:02.416604 #17183]  INFO -- : [f763b352-f8ef-415b-bac4-114cee9a26b7] Processing by DevelopmentsController#show as JSONAPI
I, [2019-09-06T14:31:02.416669 #17183]  INFO -- : [f763b352-f8ef-415b-bac4-114cee9a26b7]   Parameters: {"id"=>"2324"}
I, [2019-09-06T14:31:02.422986 #321]  INFO -- : [bf33168e-f347-428d-b34c-0d09d573c868] Completed 200 OK in 12ms (Views: 0.1ms | ActiveRecord: 4.5ms)
I, [2019-09-06T14:31:02.424040 #321]  INFO -- : [4701b559-9750-4a2a-b73c-67033e9b2c65] Started GET "/developments/4424" for 104.207.192.42 at 2019-09-06 14:31:02 -0400
I, [2019-09-06T14:31:02.424584 #321]  INFO -- : [4701b559-9750-4a2a-b73c-67033e9b2c65] Processing by DevelopmentsController#show as JSONAPI
I, [2019-09-06T14:31:02.424649 #321]  INFO -- : [4701b559-9750-4a2a-b73c-67033e9b2c65]   Parameters: {"id"=>"4424"}
I, [2019-09-06T14:31:02.427402 #417]  INFO -- : [e931fab9-a911-489a-8d4f-03a9c829f896] Completed 200 OK in 13ms (Views: 0.2ms | ActiveRecord: 5.5ms)
I, [2019-09-06T14:31:02.432050 #417]  INFO -- : [82d20e35-b9f9-42ef-a555-867be33d2ace] Started GET "/developments/2063" for 104.207.192.42 at 2019-09-06 14:31:02 -0400
I, [2019-09-06T14:31:02.432087 #17183]  INFO -- : [f763b352-f8ef-415b-bac4-114cee9a26b7] Completed 200 OK in 15ms (Views: 0.3ms | ActiveRecord: 8.4ms)
I, [2019-09-06T14:31:02.433092 #417]  INFO -- : [82d20e35-b9f9-42ef-a555-867be33d2ace] Processing by DevelopmentsController#show as JSONAPI
I, [2019-09-06T14:31:02.433160 #417]  INFO -- : [82d20e35-b9f9-42ef-a555-867be33d2ace]   Parameters: {"id"=>"2063"}
I, [2019-09-06T14:31:02.433537 #17183]  INFO -- : [b09bcaa1-102e-41b0-856e-3f7a01bf653d] Started GET "/developments/4441" for 104.207.192.42 at 2019-09-06 14:31:02 -0400
I, [2019-09-06T14:31:02.434199 #17183]  INFO -- : [b09bcaa1-102e-41b0-856e-3f7a01bf653d] Processing by DevelopmentsController#show as JSONAPI
I, [2019-09-06T14:31:02.434249 #17183]  INFO -- : [b09bcaa1-102e-41b0-856e-3f7a01bf653d]   Parameters: {"id"=>"4441"}
I, [2019-09-06T14:31:02.439492 #321]  INFO -- : [4701b559-9750-4a2a-b73c-67033e9b2c65] Completed 200 OK in 15ms (Views: 0.2ms | ActiveRecord: 8.3ms)
