I, [2019-09-09T13:24:00.640694 #4313]  INFO -- : [94e6d73d-237c-44c4-8e35-32e51cedac76] Completed 200 OK in 11ms (Views: 0.1ms | ActiveRecord: 4.2ms)
I, [2019-09-09T13:24:00.642341 #4313]  INFO -- : [b02aabb2-ec2a-4f4c-ba28-30a5aad52721] Started GET "/developments/3173" for 104.207.192.42 at 2019-09-09 13:24:00 -0400
I, [2019-09-09T13:24:00.642839 #4313]  INFO -- : [b02aabb2-ec2a-4f4c-ba28-30a5aad52721] Processing by DevelopmentsController#show as JSONAPI
I, [2019-09-09T13:24:00.642902 #4313]  INFO -- : [b02aabb2-ec2a-4f4c-ba28-30a5aad52721]   Parameters: {"id"=>"3173"}
I, [2019-09-09T13:24:00.645432 #4289]  INFO -- : [c6b27c8f-a1aa-4cc3-a08d-7c701304318a] Completed 200 OK in 15ms (Views: 0.2ms | ActiveRecord: 7.4ms)
I, [2019-09-09T13:24:00.647030 #4289]  INFO -- : [aabc6fd6-a852-4a5f-ac3e-4459edd26b81] Started GET "/developments/3846" for 104.207.192.42 at 2019-09-09 13:24:00 -0400
I, [2019-09-09T13:24:00.647586 #4289]  INFO -- : [aabc6fd6-a852-4a5f-ac3e-4459edd26b81] Processing by DevelopmentsController#show as JSONAPI
I, [2019-09-09T13:24:00.647648 #4289]  INFO -- : [aabc6fd6-a852-4a5f-ac3e-4459edd26b81]   Parameters: {"id"=>"3846"}
I, [2019-09-09T13:24:00.652596 #17065]  INFO -- : [057cea14-427d-4843-be42-fc0d669ec500] Completed 200 OK in 13ms (Views: 0.2ms | ActiveRecord: 5.3ms)
I, [2019-09-09T13:24:00.653714 #17065]  INFO -- : [66e960bc-44bc-4ad3-811b-0784f039abea] Started GET "/developments/1462" for 104.207.192.42 at 2019-09-09 13:24:00 -0400
I, [2019-09-09T13:24:00.654250 #17065]  INFO -- : [66e960bc-44bc-4ad3-811b-0784f039abea] Processing by DevelopmentsController#show as JSONAPI
I, [2019-09-09T13:24:00.654300 #17065]  INFO -- : [66e960bc-44bc-4ad3-811b-0784f039abea]   Parameters: {"id"=>"1462"}
I, [2019-09-09T13:24:00.656581 #4313]  INFO -- : [b02aabb2-ec2a-4f4c-ba28-30a5aad52721] Completed 200 OK in 14ms (Views: 0.2ms | ActiveRecord: 5.5ms)
I, [2019-09-09T13:24:00.658425 #4289]  INFO -- : [aabc6fd6-a852-4a5f-ac3e-4459edd26b81] Completed 200 OK in 11ms (Views: 0.2ms | ActiveRecord: 4.0ms)
I, [2019-09-09T13:24:00.658609 #4313]  INFO -- : [7bc8e809-98b3-4421-8408-3424b5e1c80a] Started GET "/developments/4394" for 104.207.192.42 at 2019-09-09 13:24:00 -0400
I, [2019-09-09T13:24:00.659144 #4313]  INFO -- : [7bc8e809-98b3-4421-8408-3424b5e1c80a] Processing by DevelopmentsController#show as JSONAPI
I, [2019-09-09T13:24:00.659208 #4313]  INFO -- : [7bc8e809-98b3-4421-8408-3424b5e1c80a]   Parameters: {"id"=>"4394"}
I, [2019-09-09T13:24:00.659371 #4289]  INFO -- : [4b35bfaa-4556-4c0e-94b9-40c3da949f62] Started GET "/developments/3561" for 104.207.192.42 at 2019-09-09 13:24:00 -0400
I, [2019-09-09T13:24:00.659958 #4289]  INFO -- : [4b35bfaa-4556-4c0e-94b9-40c3da949f62] Processing by DevelopmentsController#show as JSONAPI
I, [2019-09-09T13:24:00.660025 #4289]  INFO -- : [4b35bfaa-4556-4c0e-94b9-40c3da949f62]   Parameters: {"id"=>"3561"}
I, [2019-09-09T13:24:00.667465 #17065]  INFO -- : [66e960bc-44bc-4ad3-811b-0784f039abea] Completed 200 OK in 13ms (Views: 0.2ms | ActiveRecord: 5.7ms)
I, [2019-09-09T13:24:00.668773 #17065]  INFO -- : [5edd72d8-aac3-49b5-a870-1d7260774cc4] Started GET "/developments/1230" for 104.207.192.42 at 2019-09-09 13:24:00 -0400
I, [2019-09-09T13:24:00.669945 #4289]  INFO -- : [4b35bfaa-4556-4c0e-94b9-40c3da949f62] Completed 200 OK in 10ms (Views: 0.2ms | ActiveRecord: 3.4ms)
I, [2019-09-09T13:24:00.670426 #17065]  INFO -- : [5edd72d8-aac3-49b5-a870-1d7260774cc4] Processing by DevelopmentsController#show as JSONAPI
I, [2019-09-09T13:24:00.670490 #17065]  INFO -- : [5edd72d8-aac3-49b5-a870-1d7260774cc4]   Parameters: {"id"=>"1230"}
I, [2019-09-09T13:24:00.670930 #4289]  INFO -- : [f5eef3a1-4d9e-4b3f-a39c-f31d7072008d] Started GET "/developments/1490" for 104.207.192.42 at 2019-09-09 13:24:00 -0400
I, [2019-09-09T13:24:00.671434 #4289]  INFO -- : [f5eef3a1-4d9e-4b3f-a39c-f31d7072008d] Processing by DevelopmentsController#show as JSONAPI
I, [2019-09-09T13:24:00.671496 #4289]  INFO -- : [f5eef3a1-4d9e-4b3f-a39c-f31d7072008d]   Parameters: {"id"=>"1490"}
I, [2019-09-09T13:24:00.673170 #4313]  INFO -- : [7bc8e809-98b3-4421-8408-3424b5e1c80a] Completed 200 OK in 14ms (Views: 0.2ms | ActiveRecord: 6.6ms)
I, [2019-09-09T13:24:00.674151 #4313]  INFO -- : [1911510b-88e0-4d64-b4c8-dc47aef5188f] Started GET "/developments/3349" for 104.207.192.42 at 2019-09-09 13:24:00 -0400
I, [2019-09-09T13:24:00.674643 #4313]  INFO -- : [1911510b-88e0-4d64-b4c8-dc47aef5188f] Processing by DevelopmentsController#show as JSONAPI
I, [2019-09-09T13:24:00.674691 #4313]  INFO -- : [1911510b-88e0-4d64-b4c8-dc47aef5188f]   Parameters: {"id"=>"3349"}
I, [2019-09-09T13:24:00.682874 #17065]  INFO -- : [5edd72d8-aac3-49b5-a870-1d7260774cc4] Completed 200 OK in 12ms (Views: 0.2ms | ActiveRecord: 4.3ms)
I, [2019-09-09T13:24:00.684155 #17065]  INFO -- : [079ea72a-7139-4bf2-9a81-ef1ece0eb031] Started GET "/developments/4004" for 104.207.192.42 at 2019-09-09 13:24:00 -0400
I, [2019-09-09T13:24:00.685826 #17065]  INFO -- : [079ea72a-7139-4bf2-9a81-ef1ece0eb031] Processing by DevelopmentsController#show as JSONAPI
I, [2019-09-09T13:24:00.685925 #17065]  INFO -- : [079ea72a-7139-4bf2-9a81-ef1ece0eb031]   Parameters: {"id"=>"4004"}
I, [2019-09-09T13:24:00.686198 #4289]  INFO -- : [f5eef3a1-4d9e-4b3f-a39c-f31d7072008d] Completed 200 OK in 15ms (Views: 0.2ms | ActiveRecord: 6.8ms)
I, [2019-09-09T13:24:00.687201 #4289]  INFO -- : [340dfe20-0f05-4303-abdc-cb250c9f8888] Started GET "/developments/928" for 104.207.192.42 at 2019-09-09 13:24:00 -0400
I, [2019-09-09T13:24:00.687714 #4289]  INFO -- : [340dfe20-0f05-4303-abdc-cb250c9f8888] Processing by DevelopmentsController#show as JSONAPI
I, [2019-09-09T13:24:00.687775 #4289]  INFO -- : [340dfe20-0f05-4303-abdc-cb250c9f8888]   Parameters: {"id"=>"928"}
I, [2019-09-09T13:24:00.688589 #4313]  INFO -- : [1911510b-88e0-4d64-b4c8-dc47aef5188f] Completed 200 OK in 14ms (Views: 0.2ms | ActiveRecord: 6.2ms)
I, [2019-09-09T13:24:00.689530 #4313]  INFO -- : [84c2d82e-8bf2-464a-bf5c-13492aeac598] Started GET "/developments/648" for 104.207.192.42 at 2019-09-09 13:24:00 -0400
I, [2019-09-09T13:24:00.690076 #4313]  INFO -- : [84c2d82e-8bf2-464a-bf5c-13492aeac598] Processing by DevelopmentsController#show as JSONAPI
I, [2019-09-09T13:24:00.690126 #4313]  INFO -- : [84c2d82e-8bf2-464a-bf5c-13492aeac598]   Parameters: {"id"=>"648"}
I, [2019-09-09T13:24:00.697913 #4289]  INFO -- : [340dfe20-0f05-4303-abdc-cb250c9f8888] Completed 200 OK in 10ms (Views: 0.2ms | ActiveRecord: 3.4ms)
I, [2019-09-09T13:24:00.698925 #4289]  INFO -- : [e5fd6590-8813-47d6-bd8f-99c0e648e4ac] Started GET "/developments/4578" for 104.207.192.42 at 2019-09-09 13:24:00 -0400
I, [2019-09-09T13:24:00.699433 #4289]  INFO -- : [e5fd6590-8813-47d6-bd8f-99c0e648e4ac] Processing by DevelopmentsController#show as JSONAPI
I, [2019-09-09T13:24:00.699494 #4289]  INFO -- : [e5fd6590-8813-47d6-bd8f-99c0e648e4ac]   Parameters: {"id"=>"4578"}
I, [2019-09-09T13:24:00.701343 #17065]  INFO -- : [079ea72a-7139-4bf2-9a81-ef1ece0eb031] Completed 200 OK in 15ms (Views: 0.2ms | ActiveRecord: 6.2ms)
I, [2019-09-09T13:24:00.702228 #17065]  INFO -- : [f2cd26bf-98a0-4723-8f77-3a235438848f] Started GET "/developments/2734" for 104.207.192.42 at 2019-09-09 13:24:00 -0400
I, [2019-09-09T13:24:00.703246 #17065]  INFO -- : [f2cd26bf-98a0-4723-8f77-3a235438848f] Processing by DevelopmentsController#show as JSONAPI
I, [2019-09-09T13:24:00.703317 #17065]  INFO -- : [f2cd26bf-98a0-4723-8f77-3a235438848f]   Parameters: {"id"=>"2734"}
I, [2019-09-09T13:24:00.703891 #4313]  INFO -- : [84c2d82e-8bf2-464a-bf5c-13492aeac598] Completed 200 OK in 14ms (Views: 0.2ms | ActiveRecord: 7.0ms)
I, [2019-09-09T13:24:00.704938 #4313]  INFO -- : [25367659-5358-4229-90b3-426683bdfc8c] Started GET "/developments/4313" for 104.207.192.42 at 2019-09-09 13:24:00 -0400
I, [2019-09-09T13:24:00.705431 #4313]  INFO -- : [25367659-5358-4229-90b3-426683bdfc8c] Processing by DevelopmentsController#show as JSONAPI
I, [2019-09-09T13:24:00.705480 #4313]  INFO -- : [25367659-5358-4229-90b3-426683bdfc8c]   Parameters: {"id"=>"4313"}
I, [2019-09-09T13:24:00.714013 #4289]  INFO -- : [e5fd6590-8813-47d6-bd8f-99c0e648e4ac] Completed 200 OK in 14ms (Views: 0.2ms | ActiveRecord: 7.6ms)
I, [2019-09-09T13:24:00.714984 #4289]  INFO -- : [13b3e85c-918f-4fa8-aa76-82879d3fc9d2] Started GET "/developments/1988" for 104.207.192.42 at 2019-09-09 13:24:00 -0400
I, [2019-09-09T13:24:00.715095 #17065]  INFO -- : [f2cd26bf-98a0-4723-8f77-3a235438848f] Completed 200 OK in 12ms (Views: 0.2ms | ActiveRecord: 3.4ms)
I, [2019-09-09T13:24:00.715896 #4289]  INFO -- : [13b3e85c-918f-4fa8-aa76-82879d3fc9d2] Processing by DevelopmentsController#show as JSONAPI
I, [2019-09-09T13:24:00.715988 #4289]  INFO -- : [13b3e85c-918f-4fa8-aa76-82879d3fc9d2]   Parameters: {"id"=>"1988"}
I, [2019-09-09T13:24:00.717003 #17065]  INFO -- : [3bb819e6-0420-4528-808b-aa6cc0d47c96] Started GET "/developments/3217" for 104.207.192.42 at 2019-09-09 13:24:00 -0400
I, [2019-09-09T13:24:00.717512 #17065]  INFO -- : [3bb819e6-0420-4528-808b-aa6cc0d47c96] Processing by DevelopmentsController#show as JSONAPI
I, [2019-09-09T13:24:00.717583 #17065]  INFO -- : [3bb819e6-0420-4528-808b-aa6cc0d47c96]   Parameters: {"id"=>"3217"}
I, [2019-09-09T13:24:00.719917 #4313]  INFO -- : [25367659-5358-4229-90b3-426683bdfc8c] Completed 200 OK in 14ms (Views: 0.2ms | ActiveRecord: 7.4ms)
I, [2019-09-09T13:24:00.720806 #4313]  INFO -- : [1622ae3d-64d3-4dfb-a6e6-996b59b26cf3] Started GET "/developments/3339" for 104.207.192.42 at 2019-09-09 13:24:00 -0400
I, [2019-09-09T13:24:00.721366 #4313]  INFO -- : [1622ae3d-64d3-4dfb-a6e6-996b59b26cf3] Processing by DevelopmentsController#show as JSONAPI
I, [2019-09-09T13:24:00.721430 #4313]  INFO -- : [1622ae3d-64d3-4dfb-a6e6-996b59b26cf3]   Parameters: {"id"=>"3339"}
I, [2019-09-09T13:24:00.729459 #4289]  INFO -- : [13b3e85c-918f-4fa8-aa76-82879d3fc9d2] Completed 200 OK in 13ms (Views: 0.2ms | ActiveRecord: 6.5ms)
I, [2019-09-09T13:24:00.730615 #4289]  INFO -- : [7790d3cd-83b8-46db-9f75-b7abd79f68c4] Started GET "/developments/4455" for 104.207.192.42 at 2019-09-09 13:24:00 -0400
I, [2019-09-09T13:24:00.731117 #4289]  INFO -- : [7790d3cd-83b8-46db-9f75-b7abd79f68c4] Processing by DevelopmentsController#show as JSONAPI
I, [2019-09-09T13:24:00.731178 #4289]  INFO -- : [7790d3cd-83b8-46db-9f75-b7abd79f68c4]   Parameters: {"id"=>"4455"}
I, [2019-09-09T13:24:00.732633 #17065]  INFO -- : [3bb819e6-0420-4528-808b-aa6cc0d47c96] Completed 200 OK in 15ms (Views: 0.2ms | ActiveRecord: 4.1ms)
I, [2019-09-09T13:24:00.733631 #17065]  INFO -- : [792b3907-67fe-4739-91ee-0b739f4b7a10] Started GET "/developments/711" for 104.207.192.42 at 2019-09-09 13:24:00 -0400
I, [2019-09-09T13:24:00.734118 #4313]  INFO -- : [1622ae3d-64d3-4dfb-a6e6-996b59b26cf3] Completed 200 OK in 13ms (Views: 0.2ms | ActiveRecord: 5.4ms)
I, [2019-09-09T13:24:00.734205 #17065]  INFO -- : [792b3907-67fe-4739-91ee-0b739f4b7a10] Processing by DevelopmentsController#show as JSONAPI
I, [2019-09-09T13:24:00.734267 #17065]  INFO -- : [792b3907-67fe-4739-91ee-0b739f4b7a10]   Parameters: {"id"=>"711"}
I, [2019-09-09T13:24:00.735099 #4313]  INFO -- : [8e340f23-662f-435e-9beb-cc12b2d4d70f] Started GET "/developments/329" for 104.207.192.42 at 2019-09-09 13:24:00 -0400
I, [2019-09-09T13:24:00.735696 #4313]  INFO -- : [8e340f23-662f-435e-9beb-cc12b2d4d70f] Processing by DevelopmentsController#show as JSONAPI
I, [2019-09-09T13:24:00.735760 #4313]  INFO -- : [8e340f23-662f-435e-9beb-cc12b2d4d70f]   Parameters: {"id"=>"329"}
I, [2019-09-09T13:24:00.745159 #17065]  INFO -- : [792b3907-67fe-4739-91ee-0b739f4b7a10] Completed 200 OK in 11ms (Views: 0.2ms | ActiveRecord: 3.8ms)
I, [2019-09-09T13:24:00.746283 #17065]  INFO -- : [7d017645-181c-4966-a83e-239cea17aae4] Started GET "/developments/2753" for 104.207.192.42 at 2019-09-09 13:24:00 -0400
I, [2019-09-09T13:24:00.746777 #17065]  INFO -- : [7d017645-181c-4966-a83e-239cea17aae4] Processing by DevelopmentsController#show as JSONAPI
I, [2019-09-09T13:24:00.746825 #17065]  INFO -- : [7d017645-181c-4966-a83e-239cea17aae4]   Parameters: {"id"=>"2753"}
I, [2019-09-09T13:24:00.749157 #4313]  INFO -- : [8e340f23-662f-435e-9beb-cc12b2d4d70f] Completed 200 OK in 13ms (Views: 0.1ms | ActiveRecord: 7.1ms)
I, [2019-09-09T13:24:00.749177 #4289]  INFO -- : [7790d3cd-83b8-46db-9f75-b7abd79f68c4] Completed 200 OK in 18ms (Views: 0.2ms | ActiveRecord: 7.4ms)
I, [2019-09-09T13:24:00.750434 #4289]  INFO -- : [bf72356c-bfa4-4462-ba3f-55811cbc6664] Started GET "/developments/4370" for 104.207.192.42 at 2019-09-09 13:24:00 -0400
I, [2019-09-09T13:24:00.750464 #4313]  INFO -- : [68f4b7bc-a385-4e2e-b821-515956baafe4] Started GET "/developments/4294" for 104.207.192.42 at 2019-09-09 13:24:00 -0400
I, [2019-09-09T13:24:00.750949 #4313]  INFO -- : [68f4b7bc-a385-4e2e-b821-515956baafe4] Processing by DevelopmentsController#show as JSONAPI
I, [2019-09-09T13:24:00.750939 #4289]  INFO -- : [bf72356c-bfa4-4462-ba3f-55811cbc6664] Processing by DevelopmentsController#show as JSONAPI
I, [2019-09-09T13:24:00.750998 #4289]  INFO -- : [bf72356c-bfa4-4462-ba3f-55811cbc6664]   Parameters: {"id"=>"4370"}
I, [2019-09-09T13:24:00.750998 #4313]  INFO -- : [68f4b7bc-a385-4e2e-b821-515956baafe4]   Parameters: {"id"=>"4294"}
I, [2019-09-09T13:24:00.762074 #4289]  INFO -- : [bf72356c-bfa4-4462-ba3f-55811cbc6664] Completed 200 OK in 11ms (Views: 0.2ms | ActiveRecord: 4.9ms)
I, [2019-09-09T13:24:00.763353 #17065]  INFO -- : [7d017645-181c-4966-a83e-239cea17aae4] Completed 200 OK in 16ms (Views: 0.2ms | ActiveRecord: 5.2ms)
I, [2019-09-09T13:24:00.764355 #17065]  INFO -- : [7ce374e5-b9df-47eb-aef4-4dccd1839a44] Started GET "/developments/4334" for 104.207.192.42 at 2019-09-09 13:24:00 -0400
I, [2019-09-09T13:24:00.764946 #17065]  INFO -- : [7ce374e5-b9df-47eb-aef4-4dccd1839a44] Processing by DevelopmentsController#show as JSONAPI
I, [2019-09-09T13:24:00.765010 #17065]  INFO -- : [7ce374e5-b9df-47eb-aef4-4dccd1839a44]   Parameters: {"id"=>"4334"}
I, [2019-09-09T13:24:00.765906 #4289]  INFO -- : [177cd899-555a-49a5-b876-a241855f828f] Started GET "/developments/646" for 104.207.192.42 at 2019-09-09 13:24:00 -0400
I, [2019-09-09T13:24:00.766065 #4313]  INFO -- : [68f4b7bc-a385-4e2e-b821-515956baafe4] Completed 200 OK in 15ms (Views: 0.2ms | ActiveRecord: 7.3ms)
I, [2019-09-09T13:24:00.766438 #4289]  INFO -- : [177cd899-555a-49a5-b876-a241855f828f] Processing by DevelopmentsController#show as JSONAPI
I, [2019-09-09T13:24:00.766636 #4289]  INFO -- : [177cd899-555a-49a5-b876-a241855f828f]   Parameters: {"id"=>"646"}
I, [2019-09-09T13:24:00.767019 #4313]  INFO -- : [82e42cae-a1e0-43d9-96c9-1f6855d810fc] Started GET "/developments/647" for 104.207.192.42 at 2019-09-09 13:24:00 -0400
I, [2019-09-09T13:24:00.767532 #4313]  INFO -- : [82e42cae-a1e0-43d9-96c9-1f6855d810fc] Processing by DevelopmentsController#show as JSONAPI
I, [2019-09-09T13:24:00.767585 #4313]  INFO -- : [82e42cae-a1e0-43d9-96c9-1f6855d810fc]   Parameters: {"id"=>"647"}
I, [2019-09-09T13:24:00.776092 #4289]  INFO -- : [177cd899-555a-49a5-b876-a241855f828f] Completed 200 OK in 9ms (Views: 0.2ms | ActiveRecord: 3.4ms)
I, [2019-09-09T13:24:00.776979 #4289]  INFO -- : [7ce09113-65c4-4623-b9fb-a10e565d06b4] Started GET "/developments/3075" for 104.207.192.42 at 2019-09-09 13:24:00 -0400
I, [2019-09-09T13:24:00.777664 #4289]  INFO -- : [7ce09113-65c4-4623-b9fb-a10e565d06b4] Processing by DevelopmentsController#show as JSONAPI
I, [2019-09-09T13:24:00.777724 #4289]  INFO -- : [7ce09113-65c4-4623-b9fb-a10e565d06b4]   Parameters: {"id"=>"3075"}
I, [2019-09-09T13:24:00.781582 #17065]  INFO -- : [7ce374e5-b9df-47eb-aef4-4dccd1839a44] Completed 200 OK in 16ms (Views: 1.0ms | ActiveRecord: 5.1ms)
I, [2019-09-09T13:24:00.783757 #17065]  INFO -- : [2d693801-1e1f-48dd-9df3-31c042644a83] Started GET "/developments/1308" for 104.207.192.42 at 2019-09-09 13:24:00 -0400
I, [2019-09-09T13:24:00.784348 #17065]  INFO -- : [2d693801-1e1f-48dd-9df3-31c042644a83] Processing by DevelopmentsController#show as JSONAPI
I, [2019-09-09T13:24:00.784413 #17065]  INFO -- : [2d693801-1e1f-48dd-9df3-31c042644a83]   Parameters: {"id"=>"1308"}
I, [2019-09-09T13:24:00.786253 #4313]  INFO -- : [82e42cae-a1e0-43d9-96c9-1f6855d810fc] Completed 200 OK in 19ms (Views: 0.2ms | ActiveRecord: 6.6ms)
I, [2019-09-09T13:24:00.787924 #4313]  INFO -- : [29304aa4-36ea-4d92-a224-ff4538d78156] Started GET "/developments/4451" for 104.207.192.42 at 2019-09-09 13:24:00 -0400
I, [2019-09-09T13:24:00.788572 #4313]  INFO -- : [29304aa4-36ea-4d92-a224-ff4538d78156] Processing by DevelopmentsController#show as JSONAPI
I, [2019-09-09T13:24:00.788637 #4313]  INFO -- : [29304aa4-36ea-4d92-a224-ff4538d78156]   Parameters: {"id"=>"4451"}
I, [2019-09-09T13:24:00.791111 #4289]  INFO -- : [7ce09113-65c4-4623-b9fb-a10e565d06b4] Completed 200 OK in 13ms (Views: 0.2ms | ActiveRecord: 5.7ms)
I, [2019-09-09T13:24:00.792163 #4289]  INFO -- : [c80a97e5-8c89-4bfd-8cd4-470991b30c35] Started GET "/developments/4403" for 104.207.192.42 at 2019-09-09 13:24:00 -0400
I, [2019-09-09T13:24:00.792868 #4289]  INFO -- : [c80a97e5-8c89-4bfd-8cd4-470991b30c35] Processing by DevelopmentsController#show as JSONAPI
I, [2019-09-09T13:24:00.792931 #4289]  INFO -- : [c80a97e5-8c89-4bfd-8cd4-470991b30c35]   Parameters: {"id"=>"4403"}
I, [2019-09-09T13:24:00.796442 #17065]  INFO -- : [2d693801-1e1f-48dd-9df3-31c042644a83] Completed 200 OK in 12ms (Views: 0.2ms | ActiveRecord: 4.1ms)
I, [2019-09-09T13:24:00.797687 #17065]  INFO -- : [ed304a89-f3b1-4aed-98dd-fa4a1e73ac35] Started GET "/developments/3818" for 104.207.192.42 at 2019-09-09 13:24:00 -0400
I, [2019-09-09T13:24:00.798096 #17065]  INFO -- : [ed304a89-f3b1-4aed-98dd-fa4a1e73ac35] Processing by DevelopmentsController#show as JSONAPI
I, [2019-09-09T13:24:00.798141 #17065]  INFO -- : [ed304a89-f3b1-4aed-98dd-fa4a1e73ac35]   Parameters: {"id"=>"3818"}
I, [2019-09-09T13:24:00.802205 #4313]  INFO -- : [29304aa4-36ea-4d92-a224-ff4538d78156] Completed 200 OK in 13ms (Views: 0.2ms | ActiveRecord: 7.6ms)
I, [2019-09-09T13:24:00.804501 #4289]  INFO -- : [c80a97e5-8c89-4bfd-8cd4-470991b30c35] Completed 200 OK in 11ms (Views: 0.3ms | ActiveRecord: 4.6ms)
I, [2019-09-09T13:24:00.804702 #4313]  INFO -- : [4cb78857-c034-4a0c-883d-7314e3871b47] Started GET "/developments/3070" for 104.207.192.42 at 2019-09-09 13:24:00 -0400
I, [2019-09-09T13:24:00.805293 #4313]  INFO -- : [4cb78857-c034-4a0c-883d-7314e3871b47] Processing by DevelopmentsController#show as JSONAPI
I, [2019-09-09T13:24:00.805359 #4313]  INFO -- : [4cb78857-c034-4a0c-883d-7314e3871b47]   Parameters: {"id"=>"3070"}
I, [2019-09-09T13:24:00.805720 #4289]  INFO -- : [efde3a61-5cf6-408c-8985-0665cf1fad7a] Started GET "/developments/782" for 104.207.192.42 at 2019-09-09 13:24:00 -0400
I, [2019-09-09T13:24:00.806267 #4289]  INFO -- : [efde3a61-5cf6-408c-8985-0665cf1fad7a] Processing by DevelopmentsController#show as JSONAPI
I, [2019-09-09T13:24:00.806348 #4289]  INFO -- : [efde3a61-5cf6-408c-8985-0665cf1fad7a]   Parameters: {"id"=>"782"}
I, [2019-09-09T13:24:00.812224 #17065]  INFO -- : [ed304a89-f3b1-4aed-98dd-fa4a1e73ac35] Completed 200 OK in 14ms (Views: 0.1ms | ActiveRecord: 7.6ms)
I, [2019-09-09T13:24:00.813342 #17065]  INFO -- : [05e82bad-1848-4dc3-bb9b-5db7c956fc96] Started GET "/developments/3340" for 104.207.192.42 at 2019-09-09 13:24:00 -0400
I, [2019-09-09T13:24:00.813911 #17065]  INFO -- : [05e82bad-1848-4dc3-bb9b-5db7c956fc96] Processing by DevelopmentsController#show as JSONAPI
I, [2019-09-09T13:24:00.813975 #17065]  INFO -- : [05e82bad-1848-4dc3-bb9b-5db7c956fc96]   Parameters: {"id"=>"3340"}
I, [2019-09-09T13:24:00.815831 #4289]  INFO -- : [efde3a61-5cf6-408c-8985-0665cf1fad7a] Completed 200 OK in 9ms (Views: 0.2ms | ActiveRecord: 3.4ms)
I, [2019-09-09T13:24:00.817085 #4289]  INFO -- : [f5368fb7-dfa7-41e3-a01e-af224b8a667a] Started GET "/developments/4204" for 104.207.192.42 at 2019-09-09 13:24:00 -0400
I, [2019-09-09T13:24:00.817685 #4289]  INFO -- : [f5368fb7-dfa7-41e3-a01e-af224b8a667a] Processing by DevelopmentsController#show as JSONAPI
I, [2019-09-09T13:24:00.817767 #4289]  INFO -- : [f5368fb7-dfa7-41e3-a01e-af224b8a667a]   Parameters: {"id"=>"4204"}
I, [2019-09-09T13:24:00.820851 #4313]  INFO -- : [4cb78857-c034-4a0c-883d-7314e3871b47] Completed 200 OK in 15ms (Views: 0.2ms | ActiveRecord: 8.0ms)
I, [2019-09-09T13:24:00.822555 #4313]  INFO -- : [90a84ca0-8bfb-45c2-a603-bf0df08db4f3] Started GET "/developments/367" for 104.207.192.42 at 2019-09-09 13:24:00 -0400
I, [2019-09-09T13:24:00.823040 #4313]  INFO -- : [90a84ca0-8bfb-45c2-a603-bf0df08db4f3] Processing by DevelopmentsController#show as JSONAPI
I, [2019-09-09T13:24:00.823104 #4313]  INFO -- : [90a84ca0-8bfb-45c2-a603-bf0df08db4f3]   Parameters: {"id"=>"367"}
I, [2019-09-09T13:24:00.825670 #17065]  INFO -- : [05e82bad-1848-4dc3-bb9b-5db7c956fc96] Completed 200 OK in 12ms (Views: 0.2ms | ActiveRecord: 4.7ms)
I, [2019-09-09T13:24:00.827582 #17065]  INFO -- : [7a491bf9-ce14-488e-ab2c-a28f1df707df] Started GET "/developments/998" for 104.207.192.42 at 2019-09-09 13:24:00 -0400
I, [2019-09-09T13:24:00.828096 #17065]  INFO -- : [7a491bf9-ce14-488e-ab2c-a28f1df707df] Processing by DevelopmentsController#show as JSONAPI
I, [2019-09-09T13:24:00.828271 #17065]  INFO -- : [7a491bf9-ce14-488e-ab2c-a28f1df707df]   Parameters: {"id"=>"998"}
I, [2019-09-09T13:24:00.830580 #4289]  INFO -- : [f5368fb7-dfa7-41e3-a01e-af224b8a667a] Completed 200 OK in 13ms (Views: 0.2ms | ActiveRecord: 6.2ms)
I, [2019-09-09T13:24:00.831621 #4289]  INFO -- : [3c93e938-d07d-4b91-b5be-d71297db999e] Started GET "/developments/26" for 104.207.192.42 at 2019-09-09 13:24:00 -0400
I, [2019-09-09T13:24:00.832180 #4289]  INFO -- : [3c93e938-d07d-4b91-b5be-d71297db999e] Processing by DevelopmentsController#show as JSONAPI
I, [2019-09-09T13:24:00.832244 #4289]  INFO -- : [3c93e938-d07d-4b91-b5be-d71297db999e]   Parameters: {"id"=>"26"}
I, [2019-09-09T13:24:00.833707 #4313]  INFO -- : [90a84ca0-8bfb-45c2-a603-bf0df08db4f3] Completed 200 OK in 11ms (Views: 0.2ms | ActiveRecord: 3.8ms)
I, [2019-09-09T13:24:00.834487 #4313]  INFO -- : [71b83f18-d1c9-4348-bd1b-efb83716b0c8] Started GET "/developments/4011" for 104.207.192.42 at 2019-09-09 13:24:00 -0400
I, [2019-09-09T13:24:00.835019 #4313]  INFO -- : [71b83f18-d1c9-4348-bd1b-efb83716b0c8] Processing by DevelopmentsController#show as JSONAPI
I, [2019-09-09T13:24:00.835074 #4313]  INFO -- : [71b83f18-d1c9-4348-bd1b-efb83716b0c8]   Parameters: {"id"=>"4011"}
I, [2019-09-09T13:24:00.842465 #17065]  INFO -- : [7a491bf9-ce14-488e-ab2c-a28f1df707df] Completed 200 OK in 14ms (Views: 0.2ms | ActiveRecord: 7.6ms)
I, [2019-09-09T13:24:00.843522 #17065]  INFO -- : [835a8543-d8e7-4259-96d1-fa6382d31302] Started GET "/developments/305" for 104.207.192.42 at 2019-09-09 13:24:00 -0400
I, [2019-09-09T13:24:00.844167 #17065]  INFO -- : [835a8543-d8e7-4259-96d1-fa6382d31302] Processing by DevelopmentsController#show as JSONAPI
I, [2019-09-09T13:24:00.844234 #17065]  INFO -- : [835a8543-d8e7-4259-96d1-fa6382d31302]   Parameters: {"id"=>"305"}
I, [2019-09-09T13:24:00.845710 #4289]  INFO -- : [3c93e938-d07d-4b91-b5be-d71297db999e] Completed 200 OK in 13ms (Views: 0.1ms | ActiveRecord: 6.3ms)
I, [2019-09-09T13:24:00.847492 #4289]  INFO -- : [7d220744-19cc-499a-8d10-f381d01b7642] Started GET "/developments/999" for 104.207.192.42 at 2019-09-09 13:24:00 -0400
I, [2019-09-09T13:24:00.849748 #4313]  INFO -- : [71b83f18-d1c9-4348-bd1b-efb83716b0c8] Completed 200 OK in 15ms (Views: 0.1ms | ActiveRecord: 6.6ms)
I, [2019-09-09T13:24:00.850555 #4289]  INFO -- : [7d220744-19cc-499a-8d10-f381d01b7642] Processing by DevelopmentsController#show as JSONAPI
I, [2019-09-09T13:24:00.850604 #4289]  INFO -- : [7d220744-19cc-499a-8d10-f381d01b7642]   Parameters: {"id"=>"999"}
I, [2019-09-09T13:24:00.851085 #4313]  INFO -- : [03870bff-6a40-479e-8251-0af33a067adf] Started GET "/developments/4236" for 104.207.192.42 at 2019-09-09 13:24:00 -0400
I, [2019-09-09T13:24:00.851554 #4313]  INFO -- : [03870bff-6a40-479e-8251-0af33a067adf] Processing by DevelopmentsController#show as JSONAPI
I, [2019-09-09T13:24:00.851602 #4313]  INFO -- : [03870bff-6a40-479e-8251-0af33a067adf]   Parameters: {"id"=>"4236"}
I, [2019-09-09T13:24:00.856261 #17065]  INFO -- : [835a8543-d8e7-4259-96d1-fa6382d31302] Completed 200 OK in 12ms (Views: 0.2ms | ActiveRecord: 3.8ms)
I, [2019-09-09T13:24:00.857361 #17065]  INFO -- : [4ea07865-c955-4bc2-8484-8849e0ac60d3] Started GET "/developments/2886" for 104.207.192.42 at 2019-09-09 13:24:00 -0400
I, [2019-09-09T13:24:00.857963 #17065]  INFO -- : [4ea07865-c955-4bc2-8484-8849e0ac60d3] Processing by DevelopmentsController#show as JSONAPI
I, [2019-09-09T13:24:00.858028 #17065]  INFO -- : [4ea07865-c955-4bc2-8484-8849e0ac60d3]   Parameters: {"id"=>"2886"}
I, [2019-09-09T13:24:00.860557 #4289]  INFO -- : [7d220744-19cc-499a-8d10-f381d01b7642] Completed 200 OK in 10ms (Views: 0.2ms | ActiveRecord: 3.7ms)
I, [2019-09-09T13:24:00.861555 #4289]  INFO -- : [473c2709-c84e-444a-8b6b-49e33dbaf8cf] Started GET "/developments/171" for 104.207.192.42 at 2019-09-09 13:24:00 -0400
I, [2019-09-09T13:24:00.862094 #4289]  INFO -- : [473c2709-c84e-444a-8b6b-49e33dbaf8cf] Processing by DevelopmentsController#show as JSONAPI
I, [2019-09-09T13:24:00.862160 #4289]  INFO -- : [473c2709-c84e-444a-8b6b-49e33dbaf8cf]   Parameters: {"id"=>"171"}
I, [2019-09-09T13:24:00.868271 #4313]  INFO -- : [03870bff-6a40-479e-8251-0af33a067adf] Completed 200 OK in 17ms (Views: 0.2ms | ActiveRecord: 6.4ms)
I, [2019-09-09T13:24:00.869196 #4313]  INFO -- : [d7e748be-326e-4774-9c77-63d4d094051c] Started GET "/developments/3842" for 104.207.192.42 at 2019-09-09 13:24:00 -0400
I, [2019-09-09T13:24:00.869562 #4313]  INFO -- : [d7e748be-326e-4774-9c77-63d4d094051c] Processing by DevelopmentsController#show as JSONAPI
I, [2019-09-09T13:24:00.869605 #4313]  INFO -- : [d7e748be-326e-4774-9c77-63d4d094051c]   Parameters: {"id"=>"3842"}
I, [2019-09-09T13:24:00.872029 #17065]  INFO -- : [4ea07865-c955-4bc2-8484-8849e0ac60d3] Completed 200 OK in 14ms (Views: 0.1ms | ActiveRecord: 7.2ms)
I, [2019-09-09T13:24:00.872995 #17065]  INFO -- : [9ec94536-000f-40ec-9a00-d68d209b322a] Started GET "/developments/476" for 104.207.192.42 at 2019-09-09 13:24:00 -0400
I, [2019-09-09T13:24:00.873627 #17065]  INFO -- : [9ec94536-000f-40ec-9a00-d68d209b322a] Processing by DevelopmentsController#show as JSONAPI
I, [2019-09-09T13:24:00.873692 #17065]  INFO -- : [9ec94536-000f-40ec-9a00-d68d209b322a]   Parameters: {"id"=>"476"}
I, [2019-09-09T13:24:00.874361 #4289]  INFO -- : [473c2709-c84e-444a-8b6b-49e33dbaf8cf] Completed 200 OK in 12ms (Views: 0.1ms | ActiveRecord: 5.8ms)
I, [2019-09-09T13:24:00.875880 #4289]  INFO -- : [148da701-800a-4316-9e2f-563340826715] Started GET "/developments/4229" for 104.207.192.42 at 2019-09-09 13:24:00 -0400
I, [2019-09-09T13:24:00.876423 #4289]  INFO -- : [148da701-800a-4316-9e2f-563340826715] Processing by DevelopmentsController#show as JSONAPI
I, [2019-09-09T13:24:00.876487 #4289]  INFO -- : [148da701-800a-4316-9e2f-563340826715]   Parameters: {"id"=>"4229"}
I, [2019-09-09T13:24:00.883612 #4313]  INFO -- : [d7e748be-326e-4774-9c77-63d4d094051c] Completed 200 OK in 14ms (Views: 0.2ms | ActiveRecord: 6.3ms)
I, [2019-09-09T13:24:00.884683 #4313]  INFO -- : [eb5047f3-28ee-4747-9be3-1bd5f51b8dba] Started GET "/developments/4306" for 104.207.192.42 at 2019-09-09 13:24:00 -0400
I, [2019-09-09T13:24:00.885196 #4313]  INFO -- : [eb5047f3-28ee-4747-9be3-1bd5f51b8dba] Processing by DevelopmentsController#show as JSONAPI
I, [2019-09-09T13:24:00.885281 #4313]  INFO -- : [eb5047f3-28ee-4747-9be3-1bd5f51b8dba]   Parameters: {"id"=>"4306"}
I, [2019-09-09T13:24:00.886570 #17065]  INFO -- : [9ec94536-000f-40ec-9a00-d68d209b322a] Completed 200 OK in 13ms (Views: 0.1ms | ActiveRecord: 4.2ms)
I, [2019-09-09T13:24:00.888658 #17065]  INFO -- : [28c87582-def6-4214-8a29-fd33be01ec1c] Started GET "/developments/4581" for 104.207.192.42 at 2019-09-09 13:24:00 -0400
I, [2019-09-09T13:24:00.889239 #17065]  INFO -- : [28c87582-def6-4214-8a29-fd33be01ec1c] Processing by DevelopmentsController#show as JSONAPI
I, [2019-09-09T13:24:00.889302 #17065]  INFO -- : [28c87582-def6-4214-8a29-fd33be01ec1c]   Parameters: {"id"=>"4581"}
I, [2019-09-09T13:24:00.891921 #4289]  INFO -- : [148da701-800a-4316-9e2f-563340826715] Completed 200 OK in 15ms (Views: 0.2ms | ActiveRecord: 9.0ms)
I, [2019-09-09T13:24:00.892975 #4289]  INFO -- : [6baf3224-f6de-4d8e-b427-94354259c1e9] Started GET "/developments/1798" for 104.207.192.42 at 2019-09-09 13:24:00 -0400
I, [2019-09-09T13:24:00.893512 #4289]  INFO -- : [6baf3224-f6de-4d8e-b427-94354259c1e9] Processing by DevelopmentsController#show as JSONAPI
I, [2019-09-09T13:24:00.893576 #4289]  INFO -- : [6baf3224-f6de-4d8e-b427-94354259c1e9]   Parameters: {"id"=>"1798"}
I, [2019-09-09T13:24:00.896514 #4313]  INFO -- : [eb5047f3-28ee-4747-9be3-1bd5f51b8dba] Completed 200 OK in 11ms (Views: 0.2ms | ActiveRecord: 4.3ms)
I, [2019-09-09T13:24:00.898033 #4313]  INFO -- : [87013d3a-ba39-413a-a91a-d6071011b2f5] Started GET "/developments/639" for 104.207.192.42 at 2019-09-09 13:24:00 -0400
I, [2019-09-09T13:24:00.898607 #4313]  INFO -- : [87013d3a-ba39-413a-a91a-d6071011b2f5] Processing by DevelopmentsController#show as JSONAPI
I, [2019-09-09T13:24:00.898670 #4313]  INFO -- : [87013d3a-ba39-413a-a91a-d6071011b2f5]   Parameters: {"id"=>"639"}
I, [2019-09-09T13:24:00.901530 #17065]  INFO -- : [28c87582-def6-4214-8a29-fd33be01ec1c] Completed 200 OK in 12ms (Views: 0.2ms | ActiveRecord: 5.2ms)
I, [2019-09-09T13:24:00.902987 #17065]  INFO -- : [1288061f-eccf-4a64-8ee1-4b4418f9ef1c] Started GET "/developments/3834" for 104.207.192.42 at 2019-09-09 13:24:00 -0400
I, [2019-09-09T13:24:00.903578 #17065]  INFO -- : [1288061f-eccf-4a64-8ee1-4b4418f9ef1c] Processing by DevelopmentsController#show as JSONAPI
I, [2019-09-09T13:24:00.903682 #17065]  INFO -- : [1288061f-eccf-4a64-8ee1-4b4418f9ef1c]   Parameters: {"id"=>"3834"}
I, [2019-09-09T13:24:00.906549 #4289]  INFO -- : [6baf3224-f6de-4d8e-b427-94354259c1e9] Completed 200 OK in 13ms (Views: 0.2ms | ActiveRecord: 6.4ms)
I, [2019-09-09T13:24:00.907863 #4289]  INFO -- : [5a014488-cb7d-4f04-9237-b681cba421b5] Started GET "/developments/4336" for 104.207.192.42 at 2019-09-09 13:24:00 -0400
I, [2019-09-09T13:24:00.908410 #4289]  INFO -- : [5a014488-cb7d-4f04-9237-b681cba421b5] Processing by DevelopmentsController#show as JSONAPI
I, [2019-09-09T13:24:00.908473 #4289]  INFO -- : [5a014488-cb7d-4f04-9237-b681cba421b5]   Parameters: {"id"=>"4336"}
I, [2019-09-09T13:24:00.911468 #4313]  INFO -- : [87013d3a-ba39-413a-a91a-d6071011b2f5] Completed 200 OK in 13ms (Views: 0.2ms | ActiveRecord: 4.9ms)
I, [2019-09-09T13:24:00.913135 #4313]  INFO -- : [3a07d00f-c26d-4a76-bb08-8d82e71c15ff] Started GET "/developments/638" for 104.207.192.42 at 2019-09-09 13:24:00 -0400
I, [2019-09-09T13:24:00.913652 #4313]  INFO -- : [3a07d00f-c26d-4a76-bb08-8d82e71c15ff] Processing by DevelopmentsController#show as JSONAPI
I, [2019-09-09T13:24:00.913715 #4313]  INFO -- : [3a07d00f-c26d-4a76-bb08-8d82e71c15ff]   Parameters: {"id"=>"638"}
I, [2019-09-09T13:24:00.916084 #17065]  INFO -- : [1288061f-eccf-4a64-8ee1-4b4418f9ef1c] Completed 200 OK in 12ms (Views: 0.6ms | ActiveRecord: 3.6ms)
I, [2019-09-09T13:24:00.917678 #17065]  INFO -- : [eca9455f-02fa-4b01-9aba-8330ab6550d5] Started GET "/developments/1650" for 104.207.192.42 at 2019-09-09 13:24:00 -0400
I, [2019-09-09T13:24:00.918299 #17065]  INFO -- : [eca9455f-02fa-4b01-9aba-8330ab6550d5] Processing by DevelopmentsController#show as JSONAPI
I, [2019-09-09T13:24:00.918364 #17065]  INFO -- : [eca9455f-02fa-4b01-9aba-8330ab6550d5]   Parameters: {"id"=>"1650"}
I, [2019-09-09T13:24:00.923212 #4289]  INFO -- : [5a014488-cb7d-4f04-9237-b681cba421b5] Completed 200 OK in 15ms (Views: 0.2ms | ActiveRecord: 7.9ms)
I, [2019-09-09T13:24:00.924298 #4289]  INFO -- : [a7a76658-d2f1-4415-b25d-640189870ce5] Started GET "/developments/294" for 104.207.192.42 at 2019-09-09 13:24:00 -0400
I, [2019-09-09T13:24:00.924875 #4289]  INFO -- : [a7a76658-d2f1-4415-b25d-640189870ce5] Processing by DevelopmentsController#show as JSONAPI
I, [2019-09-09T13:24:00.924938 #4289]  INFO -- : [a7a76658-d2f1-4415-b25d-640189870ce5]   Parameters: {"id"=>"294"}
I, [2019-09-09T13:24:00.926375 #4313]  INFO -- : [3a07d00f-c26d-4a76-bb08-8d82e71c15ff] Completed 200 OK in 13ms (Views: 0.1ms | ActiveRecord: 4.4ms)
I, [2019-09-09T13:24:00.927063 #4313]  INFO -- : [ee907d1d-e18d-4d72-b066-30114c21fe72] Started GET "/developments/1046" for 104.207.192.42 at 2019-09-09 13:24:00 -0400
I, [2019-09-09T13:24:00.927573 #4313]  INFO -- : [ee907d1d-e18d-4d72-b066-30114c21fe72] Processing by DevelopmentsController#show as JSONAPI
I, [2019-09-09T13:24:00.927636 #4313]  INFO -- : [ee907d1d-e18d-4d72-b066-30114c21fe72]   Parameters: {"id"=>"1046"}
I, [2019-09-09T13:24:00.931548 #17065]  INFO -- : [eca9455f-02fa-4b01-9aba-8330ab6550d5] Completed 200 OK in 13ms (Views: 0.2ms | ActiveRecord: 6.8ms)
I, [2019-09-09T13:24:00.932398 #17065]  INFO -- : [ffb74085-e3d5-4039-a8cd-9b63e785df6d] Started GET "/developments/4372" for 104.207.192.42 at 2019-09-09 13:24:00 -0400
I, [2019-09-09T13:24:00.932944 #17065]  INFO -- : [ffb74085-e3d5-4039-a8cd-9b63e785df6d] Processing by DevelopmentsController#show as JSONAPI
I, [2019-09-09T13:24:00.932991 #17065]  INFO -- : [ffb74085-e3d5-4039-a8cd-9b63e785df6d]   Parameters: {"id"=>"4372"}
I, [2019-09-09T13:24:00.935448 #4289]  INFO -- : [a7a76658-d2f1-4415-b25d-640189870ce5] Completed 200 OK in 10ms (Views: 0.2ms | ActiveRecord: 3.2ms)
I, [2019-09-09T13:24:00.936492 #4289]  INFO -- : [ae67ebdd-e870-4b16-9c07-74d66dd7f898] Started GET "/developments/1830" for 104.207.192.42 at 2019-09-09 13:24:00 -0400
I, [2019-09-09T13:24:00.937366 #4289]  INFO -- : [ae67ebdd-e870-4b16-9c07-74d66dd7f898] Processing by DevelopmentsController#show as JSONAPI
I, [2019-09-09T13:24:00.937433 #4289]  INFO -- : [ae67ebdd-e870-4b16-9c07-74d66dd7f898]   Parameters: {"id"=>"1830"}
I, [2019-09-09T13:24:00.943757 #4313]  INFO -- : [ee907d1d-e18d-4d72-b066-30114c21fe72] Completed 200 OK in 16ms (Views: 0.2ms | ActiveRecord: 7.9ms)
I, [2019-09-09T13:24:00.944676 #4313]  INFO -- : [83254f8c-e9fc-4e25-8579-314aa3311649] Started GET "/developments/2097" for 104.207.192.42 at 2019-09-09 13:24:00 -0400
I, [2019-09-09T13:24:00.945216 #4313]  INFO -- : [83254f8c-e9fc-4e25-8579-314aa3311649] Processing by DevelopmentsController#show as JSONAPI
I, [2019-09-09T13:24:00.945279 #4313]  INFO -- : [83254f8c-e9fc-4e25-8579-314aa3311649]   Parameters: {"id"=>"2097"}
I, [2019-09-09T13:24:00.947042 #17065]  INFO -- : [ffb74085-e3d5-4039-a8cd-9b63e785df6d] Completed 200 OK in 14ms (Views: 0.2ms | ActiveRecord: 6.9ms)
I, [2019-09-09T13:24:00.947898 #17065]  INFO -- : [0bd002b6-1a8e-4d84-aea7-e2751a664d9d] Started GET "/developments/4367" for 104.207.192.42 at 2019-09-09 13:24:00 -0400
I, [2019-09-09T13:24:00.948501 #17065]  INFO -- : [0bd002b6-1a8e-4d84-aea7-e2751a664d9d] Processing by DevelopmentsController#show as JSONAPI
I, [2019-09-09T13:24:00.948567 #17065]  INFO -- : [0bd002b6-1a8e-4d84-aea7-e2751a664d9d]   Parameters: {"id"=>"4367"}
I, [2019-09-09T13:24:00.951855 #4289]  INFO -- : [ae67ebdd-e870-4b16-9c07-74d66dd7f898] Completed 200 OK in 14ms (Views: 0.2ms | ActiveRecord: 7.5ms)
I, [2019-09-09T13:24:00.953503 #4289]  INFO -- : [b0724d9d-4750-4a08-ab53-ec7733a3f12e] Started GET "/developments/1670" for 104.207.192.42 at 2019-09-09 13:24:00 -0400
I, [2019-09-09T13:24:00.954047 #4289]  INFO -- : [b0724d9d-4750-4a08-ab53-ec7733a3f12e] Processing by DevelopmentsController#show as JSONAPI
I, [2019-09-09T13:24:00.954112 #4289]  INFO -- : [b0724d9d-4750-4a08-ab53-ec7733a3f12e]   Parameters: {"id"=>"1670"}
I, [2019-09-09T13:24:00.957995 #4313]  INFO -- : [83254f8c-e9fc-4e25-8579-314aa3311649] Completed 200 OK in 13ms (Views: 0.2ms | ActiveRecord: 5.7ms)
I, [2019-09-09T13:24:00.958720 #4313]  INFO -- : [c5c38b9f-874c-4460-8f64-3b9f719e0563] Started GET "/developments/1451" for 104.207.192.42 at 2019-09-09 13:24:00 -0400
I, [2019-09-09T13:24:00.959286 #4313]  INFO -- : [c5c38b9f-874c-4460-8f64-3b9f719e0563] Processing by DevelopmentsController#show as JSONAPI
I, [2019-09-09T13:24:00.959348 #4313]  INFO -- : [c5c38b9f-874c-4460-8f64-3b9f719e0563]   Parameters: {"id"=>"1451"}
I, [2019-09-09T13:24:00.964356 #17065]  INFO -- : [0bd002b6-1a8e-4d84-aea7-e2751a664d9d] Completed 200 OK in 16ms (Views: 0.3ms | ActiveRecord: 8.1ms)
I, [2019-09-09T13:24:00.965709 #17065]  INFO -- : [8d056e5a-0416-4ea6-a4b0-11ad0360063e] Started GET "/developments/446" for 104.207.192.42 at 2019-09-09 13:24:00 -0400
I, [2019-09-09T13:24:00.966680 #4289]  INFO -- : [b0724d9d-4750-4a08-ab53-ec7733a3f12e] Completed 200 OK in 12ms (Views: 0.2ms | ActiveRecord: 4.8ms)
I, [2019-09-09T13:24:00.966762 #17065]  INFO -- : [8d056e5a-0416-4ea6-a4b0-11ad0360063e] Processing by DevelopmentsController#show as JSONAPI
I, [2019-09-09T13:24:00.966826 #17065]  INFO -- : [8d056e5a-0416-4ea6-a4b0-11ad0360063e]   Parameters: {"id"=>"446"}
I, [2019-09-09T13:24:00.967561 #4289]  INFO -- : [66df7a96-d049-4284-ba2d-9f28a57d242c] Started GET "/developments/23" for 104.207.192.42 at 2019-09-09 13:24:00 -0400
I, [2019-09-09T13:24:00.968136 #4289]  INFO -- : [66df7a96-d049-4284-ba2d-9f28a57d242c] Processing by DevelopmentsController#show as JSONAPI
I, [2019-09-09T13:24:00.968186 #4289]  INFO -- : [66df7a96-d049-4284-ba2d-9f28a57d242c]   Parameters: {"id"=>"23"}
I, [2019-09-09T13:24:00.977409 #4313]  INFO -- : [c5c38b9f-874c-4460-8f64-3b9f719e0563] Completed 200 OK in 18ms (Views: 0.8ms | ActiveRecord: 6.1ms)
I, [2019-09-09T13:24:00.978451 #4313]  INFO -- : [d0f3ebac-6d39-4bd1-86db-669ca8b92ca4] Started GET "/developments/4350" for 104.207.192.42 at 2019-09-09 13:24:00 -0400
I, [2019-09-09T13:24:00.979067 #4313]  INFO -- : [d0f3ebac-6d39-4bd1-86db-669ca8b92ca4] Processing by DevelopmentsController#show as JSONAPI
I, [2019-09-09T13:24:00.979131 #4313]  INFO -- : [d0f3ebac-6d39-4bd1-86db-669ca8b92ca4]   Parameters: {"id"=>"4350"}
I, [2019-09-09T13:24:00.981994 #17065]  INFO -- : [8d056e5a-0416-4ea6-a4b0-11ad0360063e] Completed 200 OK in 15ms (Views: 0.2ms | ActiveRecord: 6.5ms)
I, [2019-09-09T13:24:00.984559 #4289]  INFO -- : [66df7a96-d049-4284-ba2d-9f28a57d242c] Completed 200 OK in 16ms (Views: 0.1ms | ActiveRecord: 9.2ms)
I, [2019-09-09T13:24:00.985404 #17065]  INFO -- : [2bbfef20-eb81-44c6-8921-3d57cc033f23] Started GET "/developments/343" for 104.207.192.42 at 2019-09-09 13:24:00 -0400
I, [2019-09-09T13:24:00.985953 #17065]  INFO -- : [2bbfef20-eb81-44c6-8921-3d57cc033f23] Processing by DevelopmentsController#show as JSONAPI
I, [2019-09-09T13:24:00.985998 #17065]  INFO -- : [2bbfef20-eb81-44c6-8921-3d57cc033f23]   Parameters: {"id"=>"343"}
I, [2019-09-09T13:24:00.986565 #4289]  INFO -- : [79cd2603-f486-45c9-98f0-73884f006e5f] Started GET "/developments/4598" for 104.207.192.42 at 2019-09-09 13:24:00 -0400
I, [2019-09-09T13:24:00.987130 #4289]  INFO -- : [79cd2603-f486-45c9-98f0-73884f006e5f] Processing by DevelopmentsController#show as JSONAPI
I, [2019-09-09T13:24:00.987215 #4289]  INFO -- : [79cd2603-f486-45c9-98f0-73884f006e5f]   Parameters: {"id"=>"4598"}
I, [2019-09-09T13:24:00.990222 #4313]  INFO -- : [d0f3ebac-6d39-4bd1-86db-669ca8b92ca4] Completed 200 OK in 11ms (Views: 0.2ms | ActiveRecord: 3.5ms)
I, [2019-09-09T13:24:00.991648 #4313]  INFO -- : [2c3fed13-7b5e-4e68-ba48-dc4a2ce873ea] Started GET "/developments/1420" for 104.207.192.42 at 2019-09-09 13:24:00 -0400
I, [2019-09-09T13:24:00.992189 #4313]  INFO -- : [2c3fed13-7b5e-4e68-ba48-dc4a2ce873ea] Processing by DevelopmentsController#show as JSONAPI
I, [2019-09-09T13:24:00.992238 #4313]  INFO -- : [2c3fed13-7b5e-4e68-ba48-dc4a2ce873ea]   Parameters: {"id"=>"1420"}
I, [2019-09-09T13:24:00.999666 #17065]  INFO -- : [2bbfef20-eb81-44c6-8921-3d57cc033f23] Completed 200 OK in 14ms (Views: 0.3ms | ActiveRecord: 5.7ms)
I, [2019-09-09T13:24:01.000778 #4289]  INFO -- : [79cd2603-f486-45c9-98f0-73884f006e5f] Completed 200 OK in 13ms (Views: 0.2ms | ActiveRecord: 5.1ms)
I, [2019-09-09T13:24:01.001808 #17065]  INFO -- : [7ad9cf7a-e006-4a15-a8ad-df9b0c997c03] Started GET "/developments/1684" for 104.207.192.42 at 2019-09-09 13:24:01 -0400
I, [2019-09-09T13:24:01.001873 #4289]  INFO -- : [dbef9fc6-0366-4144-87b4-49d6ace1f7eb] Started GET "/developments/979" for 104.207.192.42 at 2019-09-09 13:24:01 -0400
I, [2019-09-09T13:24:01.002413 #17065]  INFO -- : [7ad9cf7a-e006-4a15-a8ad-df9b0c997c03] Processing by DevelopmentsController#show as JSONAPI
I, [2019-09-09T13:24:01.002453 #4289]  INFO -- : [dbef9fc6-0366-4144-87b4-49d6ace1f7eb] Processing by DevelopmentsController#show as JSONAPI
I, [2019-09-09T13:24:01.002479 #17065]  INFO -- : [7ad9cf7a-e006-4a15-a8ad-df9b0c997c03]   Parameters: {"id"=>"1684"}
I, [2019-09-09T13:24:01.002515 #4289]  INFO -- : [dbef9fc6-0366-4144-87b4-49d6ace1f7eb]   Parameters: {"id"=>"979"}
I, [2019-09-09T13:24:01.004823 #4313]  INFO -- : [2c3fed13-7b5e-4e68-ba48-dc4a2ce873ea] Completed 200 OK in 13ms (Views: 0.2ms | ActiveRecord: 6.2ms)
I, [2019-09-09T13:24:01.005875 #4313]  INFO -- : [22cfc82e-3894-441f-b343-6c6715e17c41] Started GET "/developments/4223" for 104.207.192.42 at 2019-09-09 13:24:01 -0400
I, [2019-09-09T13:24:01.006335 #4313]  INFO -- : [22cfc82e-3894-441f-b343-6c6715e17c41] Processing by DevelopmentsController#show as JSONAPI
I, [2019-09-09T13:24:01.006399 #4313]  INFO -- : [22cfc82e-3894-441f-b343-6c6715e17c41]   Parameters: {"id"=>"4223"}
I, [2019-09-09T13:24:01.015168 #17065]  INFO -- : [7ad9cf7a-e006-4a15-a8ad-df9b0c997c03] Completed 200 OK in 13ms (Views: 0.2ms | ActiveRecord: 5.3ms)
I, [2019-09-09T13:24:01.016419 #17065]  INFO -- : [140f5b94-3e51-492f-aa43-ced5c65f7c71] Started GET "/developments/3741" for 104.207.192.42 at 2019-09-09 13:24:01 -0400
I, [2019-09-09T13:24:01.017084 #17065]  INFO -- : [140f5b94-3e51-492f-aa43-ced5c65f7c71] Processing by DevelopmentsController#show as JSONAPI
I, [2019-09-09T13:24:01.017150 #17065]  INFO -- : [140f5b94-3e51-492f-aa43-ced5c65f7c71]   Parameters: {"id"=>"3741"}
I, [2019-09-09T13:24:01.018264 #4289]  INFO -- : [dbef9fc6-0366-4144-87b4-49d6ace1f7eb] Completed 200 OK in 16ms (Views: 0.2ms | ActiveRecord: 6.2ms)
I, [2019-09-09T13:24:01.020301 #4289]  INFO -- : [1e8b9af9-a403-41de-bc90-99688309d8a2] Started GET "/developments/252" for 104.207.192.42 at 2019-09-09 13:24:01 -0400
I, [2019-09-09T13:24:01.020837 #4289]  INFO -- : [1e8b9af9-a403-41de-bc90-99688309d8a2] Processing by DevelopmentsController#show as JSONAPI
I, [2019-09-09T13:24:01.020854 #4313]  INFO -- : [22cfc82e-3894-441f-b343-6c6715e17c41] Completed 200 OK in 14ms (Views: 0.2ms | ActiveRecord: 7.3ms)
I, [2019-09-09T13:24:01.020898 #4289]  INFO -- : [1e8b9af9-a403-41de-bc90-99688309d8a2]   Parameters: {"id"=>"252"}
I, [2019-09-09T13:24:01.023168 #4313]  INFO -- : [24398a3e-9351-47fb-8bc1-5e5d7476540f] Started GET "/developments/3775" for 104.207.192.42 at 2019-09-09 13:24:01 -0400
I, [2019-09-09T13:24:01.023730 #4313]  INFO -- : [24398a3e-9351-47fb-8bc1-5e5d7476540f] Processing by DevelopmentsController#show as JSONAPI
I, [2019-09-09T13:24:01.023838 #4313]  INFO -- : [24398a3e-9351-47fb-8bc1-5e5d7476540f]   Parameters: {"id"=>"3775"}
I, [2019-09-09T13:24:01.031317 #17065]  INFO -- : [140f5b94-3e51-492f-aa43-ced5c65f7c71] Completed 200 OK in 14ms (Views: 0.2ms | ActiveRecord: 6.5ms)
I, [2019-09-09T13:24:01.032824 #17065]  INFO -- : [e4f6b610-e561-4dfc-bd76-a844bc567b8f] Started GET "/developments/2368" for 104.207.192.42 at 2019-09-09 13:24:01 -0400
I, [2019-09-09T13:24:01.032935 #4289]  INFO -- : [1e8b9af9-a403-41de-bc90-99688309d8a2] Completed 200 OK in 12ms (Views: 0.2ms | ActiveRecord: 5.3ms)
I, [2019-09-09T13:24:01.033681 #4289]  INFO -- : [70c2c248-7a9e-444c-9847-d005e7329516] Started GET "/developments/2070" for 104.207.192.42 at 2019-09-09 13:24:01 -0400
I, [2019-09-09T13:24:01.033693 #17065]  INFO -- : [e4f6b610-e561-4dfc-bd76-a844bc567b8f] Processing by DevelopmentsController#show as JSONAPI
I, [2019-09-09T13:24:01.033753 #17065]  INFO -- : [e4f6b610-e561-4dfc-bd76-a844bc567b8f]   Parameters: {"id"=>"2368"}
I, [2019-09-09T13:24:01.034223 #4289]  INFO -- : [70c2c248-7a9e-444c-9847-d005e7329516] Processing by DevelopmentsController#show as JSONAPI
I, [2019-09-09T13:24:01.034277 #4289]  INFO -- : [70c2c248-7a9e-444c-9847-d005e7329516]   Parameters: {"id"=>"2070"}
I, [2019-09-09T13:24:01.038534 #4313]  INFO -- : [24398a3e-9351-47fb-8bc1-5e5d7476540f] Completed 200 OK in 15ms (Views: 0.2ms | ActiveRecord: 7.5ms)
I, [2019-09-09T13:24:01.040373 #4313]  INFO -- : [0afbcd6a-3c49-4a30-989b-f88aad1739ef] Started GET "/developments/1347" for 104.207.192.42 at 2019-09-09 13:24:01 -0400
I, [2019-09-09T13:24:01.040793 #4313]  INFO -- : [0afbcd6a-3c49-4a30-989b-f88aad1739ef] Processing by DevelopmentsController#show as JSONAPI
I, [2019-09-09T13:24:01.040838 #4313]  INFO -- : [0afbcd6a-3c49-4a30-989b-f88aad1739ef]   Parameters: {"id"=>"1347"}
I, [2019-09-09T13:24:01.045114 #17065]  INFO -- : [e4f6b610-e561-4dfc-bd76-a844bc567b8f] Completed 200 OK in 11ms (Views: 0.1ms | ActiveRecord: 4.7ms)
I, [2019-09-09T13:24:01.045982 #17065]  INFO -- : [410a518b-decb-4b56-bcb0-9b58fca2ac1b] Started GET "/developments/1428" for 104.207.192.42 at 2019-09-09 13:24:01 -0400
I, [2019-09-09T13:24:01.046576 #17065]  INFO -- : [410a518b-decb-4b56-bcb0-9b58fca2ac1b] Processing by DevelopmentsController#show as JSONAPI
I, [2019-09-09T13:24:01.046641 #17065]  INFO -- : [410a518b-decb-4b56-bcb0-9b58fca2ac1b]   Parameters: {"id"=>"1428"}
I, [2019-09-09T13:24:01.048492 #4289]  INFO -- : [70c2c248-7a9e-444c-9847-d005e7329516] Completed 200 OK in 14ms (Views: 0.2ms | ActiveRecord: 5.8ms)
I, [2019-09-09T13:24:01.049431 #4289]  INFO -- : [6b7795a5-769a-46ba-84c5-2c9d249fe226] Started GET "/developments/1440" for 104.207.192.42 at 2019-09-09 13:24:01 -0400
I, [2019-09-09T13:24:01.050006 #4289]  INFO -- : [6b7795a5-769a-46ba-84c5-2c9d249fe226] Processing by DevelopmentsController#show as JSONAPI
I, [2019-09-09T13:24:01.050066 #4289]  INFO -- : [6b7795a5-769a-46ba-84c5-2c9d249fe226]   Parameters: {"id"=>"1440"}
I, [2019-09-09T13:24:01.054983 #4313]  INFO -- : [0afbcd6a-3c49-4a30-989b-f88aad1739ef] Completed 200 OK in 14ms (Views: 0.1ms | ActiveRecord: 7.0ms)
I, [2019-09-09T13:24:01.055815 #4313]  INFO -- : [60044714-7d5e-4f1c-8740-c5e86ffa3179] Started GET "/developments/3693" for 104.207.192.42 at 2019-09-09 13:24:01 -0400
I, [2019-09-09T13:24:01.056413 #4313]  INFO -- : [60044714-7d5e-4f1c-8740-c5e86ffa3179] Processing by DevelopmentsController#show as JSONAPI
I, [2019-09-09T13:24:01.056475 #4313]  INFO -- : [60044714-7d5e-4f1c-8740-c5e86ffa3179]   Parameters: {"id"=>"3693"}
I, [2019-09-09T13:24:01.062327 #17065]  INFO -- : [410a518b-decb-4b56-bcb0-9b58fca2ac1b] Completed 200 OK in 16ms (Views: 0.2ms | ActiveRecord: 5.8ms)
I, [2019-09-09T13:24:01.064572 #17065]  INFO -- : [bffbd959-527e-4c04-a325-86c8273a8207] Started GET "/developments/2435" for 104.207.192.42 at 2019-09-09 13:24:01 -0400
I, [2019-09-09T13:24:01.064958 #4289]  INFO -- : [6b7795a5-769a-46ba-84c5-2c9d249fe226] Completed 200 OK in 15ms (Views: 0.2ms | ActiveRecord: 8.0ms)
I, [2019-09-09T13:24:01.065200 #17065]  INFO -- : [bffbd959-527e-4c04-a325-86c8273a8207] Processing by DevelopmentsController#show as JSONAPI
I, [2019-09-09T13:24:01.065263 #17065]  INFO -- : [bffbd959-527e-4c04-a325-86c8273a8207]   Parameters: {"id"=>"2435"}
I, [2019-09-09T13:24:01.066060 #4289]  INFO -- : [0c9117a1-442e-4990-b14e-9dc8d3d6856c] Started GET "/developments/1419" for 104.207.192.42 at 2019-09-09 13:24:01 -0400
I, [2019-09-09T13:24:01.066604 #4289]  INFO -- : [0c9117a1-442e-4990-b14e-9dc8d3d6856c] Processing by DevelopmentsController#show as JSONAPI
I, [2019-09-09T13:24:01.066665 #4289]  INFO -- : [0c9117a1-442e-4990-b14e-9dc8d3d6856c]   Parameters: {"id"=>"1419"}
I, [2019-09-09T13:24:01.067718 #4313]  INFO -- : [60044714-7d5e-4f1c-8740-c5e86ffa3179] Completed 200 OK in 11ms (Views: 0.2ms | ActiveRecord: 4.4ms)
I, [2019-09-09T13:24:01.068522 #4313]  INFO -- : [5f4b0851-12f7-49ae-a945-05c04cb78ddc] Started GET "/developments/226" for 104.207.192.42 at 2019-09-09 13:24:01 -0400
I, [2019-09-09T13:24:01.069082 #4313]  INFO -- : [5f4b0851-12f7-49ae-a945-05c04cb78ddc] Processing by DevelopmentsController#show as JSONAPI
I, [2019-09-09T13:24:01.069143 #4313]  INFO -- : [5f4b0851-12f7-49ae-a945-05c04cb78ddc]   Parameters: {"id"=>"226"}
I, [2019-09-09T13:24:01.076998 #4289]  INFO -- : [0c9117a1-442e-4990-b14e-9dc8d3d6856c] Completed 200 OK in 10ms (Views: 0.2ms | ActiveRecord: 3.3ms)
I, [2019-09-09T13:24:01.078325 #4289]  INFO -- : [9b168ca6-c41e-41cf-927b-e0edd35a08b6] Started GET "/developments/590" for 104.207.192.42 at 2019-09-09 13:24:01 -0400
I, [2019-09-09T13:24:01.079167 #4289]  INFO -- : [9b168ca6-c41e-41cf-927b-e0edd35a08b6] Processing by DevelopmentsController#show as JSONAPI
I, [2019-09-09T13:24:01.079233 #4289]  INFO -- : [9b168ca6-c41e-41cf-927b-e0edd35a08b6]   Parameters: {"id"=>"590"}
I, [2019-09-09T13:24:01.080501 #17065]  INFO -- : [bffbd959-527e-4c04-a325-86c8273a8207] Completed 200 OK in 15ms (Views: 0.2ms | ActiveRecord: 4.8ms)
I, [2019-09-09T13:24:01.081533 #17065]  INFO -- : [f4566c84-792c-4be9-874a-3f572d7b2648] Started GET "/developments/2483" for 104.207.192.42 at 2019-09-09 13:24:01 -0400
I, [2019-09-09T13:24:01.082185 #17065]  INFO -- : [f4566c84-792c-4be9-874a-3f572d7b2648] Processing by DevelopmentsController#show as JSONAPI
I, [2019-09-09T13:24:01.082233 #17065]  INFO -- : [f4566c84-792c-4be9-874a-3f572d7b2648]   Parameters: {"id"=>"2483"}
I, [2019-09-09T13:24:01.086365 #4313]  INFO -- : [5f4b0851-12f7-49ae-a945-05c04cb78ddc] Completed 200 OK in 17ms (Views: 0.2ms | ActiveRecord: 10.9ms)
I, [2019-09-09T13:24:01.087039 #4313]  INFO -- : [7c12c001-0662-4f1a-a3b8-1adc6b60e55e] Started GET "/developments/4590" for 104.207.192.42 at 2019-09-09 13:24:01 -0400
